round: 0, dev_data: ('defeat', 'It was a narrow defeat .', "The army 's only defeat ."), dev_label: True
[array(['business', 'A racially integrated business concern .',
       'Show me where the business was today .'], dtype='<U190'), array(['grip', 'They kept a firm grip on the two top priorities .',
       'It was an old briefcase but it still had a good grip .'],
      dtype='<U190'), array(['trust', 'We can not trust anyone who deceives us .',
       'In God We Trust - written on denominations of US currency .'],
      dtype='<U190'), array(['wear', "Wear one 's hair in a certain way .",
       'He always wears a smile .'], dtype='<U190'), array(['buy', "I 'm not going to buy your stupid excuses anymore !",
       'Carmen bought a dress for $ 50 .'], dtype='<U190')] ['False', 'False', 'True', 'False', 'False']
prediction: True
1 0 0 0
round: 1, dev_data: ('groom', 'Groom the dogs .', 'Sheila groomed the horse .'), dev_label: True
[array(['sale', 'I got some great bargains at their annual sale .',
       'They held a sale to reduce their inventory .'], dtype='<U190'), array(['beat', "Beat one 's breast .", 'This sure beats work !'],
      dtype='<U190'), array(['head', 'They shot 20 head of quail .',
       '200 head of cattle and 50 head of horses .'], dtype='<U190'), array(['center', 'He hit the ball to deep center .',
       'His stories made him the center of the party .'], dtype='<U190'), array(['product', 'Skill is the product of hours of practice .',
       'His reaction was the product of hunger and fatigue .'],
      dtype='<U190')] ['True', 'False', 'True', 'False', 'True']
prediction: True
2 0 0 0
round: 2, dev_data: ('penetration', 'The penetration of upper management by women .', 'Any penetration , however slight , is sufficient to complete the offense .'), dev_label: True
[array(['volume', 'The gas expanded to twice its original volume .',
       'The volume of ticket sales decreased this week .'], dtype='<U190'), array(['stand', 'We stand on common ground .',
       'Paris stands on the Seine .'], dtype='<U190'), array(['washout',
       'It was several days after the storm before they could repair the washout and open the road .',
       'From the house they watched the washout of their newly seeded lawn by the water .'],
      dtype='<U190'), array(['damage', 'How much is the damage ?',
       "What 's the damage ? he asked the waiter ."], dtype='<U190'), array(['heart', 'He drew a heart and called it a valentine .',
       'He had a change of heart .'], dtype='<U190')] ['True', 'True', 'False', 'True', 'False']
prediction: False
2 0 1 0
round: 3, dev_data: ('hit', 'We hit Detroit at one in the morning but kept driving through the night .', 'An interesting idea hit her .'), dev_label: False
[array(['satisfaction',
       'The chef tasted the sauce with great satisfaction .',
       "He enjoyed the dish with great satisfaction . He 'll order it again the next time he arrives ."],
      dtype='<U190'), array(['find',
       'These aspects of civilization do not find expression or receive an interpretation .',
       'Find the product of two numbers .'], dtype='<U190'), array(['grocery', 'The grocery store included a meat market .',
       'She carried a sack of groceries in from the car and set it on the kitchen table .'],
      dtype='<U190'), array(['time',
       'The judge leniently granted a sentence with no hard time .',
       'He is doing time in the county jail .'], dtype='<U190'), array(['keep', 'Keep my job for me while I give birth .',
       'The students keep me on my toes .'], dtype='<U190')] ['False', 'False', 'True', 'True', 'False']
prediction: False
2 0 1 1
round: 4, dev_data: ('deliberation', 'He was a man of judicial deliberation .', 'A little deliberation would have deterred them .'), dev_label: False
[array(['drill', "Do n't drill here , there 's a gas pipe .",
       'Drill a small hole to start the screw in the right direction .'],
      dtype='<U190'), array(['streak', 'Had a streak of bad luck .',
       'I hope I can keep up this streak of accomplishments .'],
      dtype='<U190'), array(['go', 'We should go farther in this matter .',
       'She went through a lot of trouble .'], dtype='<U190'), array(['head', '12 head of big cattle and 14 head of branded calves .',
       'At five years of age this head of cattle is worth perhaps $ 40 .'],
      dtype='<U190'), array(['get', "I just do n't get him .", 'Where did she get these news ?'],
      dtype='<U190')] ['True', 'True', 'True', 'True', 'False']
prediction: True
2 1 1 1
round: 5, dev_data: ('navel', 'They argued whether or not Adam had a navel .', 'You were not supposed to show your navel on television .'), dev_label: True
[array(['find', 'Find the product of two numbers .',
       'Water is found to be a compound substance .'], dtype='<U190'), array(['seize', 'To seize a ship after libeling .',
       'The terrorists seized the politicians .'], dtype='<U190'), array(['be', 'When will the meeting be ?',
       'I shall be writing to you soon .'], dtype='<U190'), array(['hit', 'Where am I going to get my next hit ?',
       'After three misses she finally got a hit .'], dtype='<U190'), array(['difference',
       'You need to learn to be more tolerant of difference .',
       "It just wo n't make much of a difference to anyone ."],
      dtype='<U190')] ['True', 'False', 'True', 'False', 'False']
prediction: True
3 1 1 1
round: 6, dev_data: ('afforest', 'After we leave the quarry , we intend to afforest the land and turn it into a nature reserve .', 'Afforest the mountains .'), dev_label: True
[array(['catch', "I have to catch a train at 7 o'clock .",
       "I have some free time tonight so I think I 'll catch a movie ."],
      dtype='<U190'), array(['believe', 'Why did I ever believe you ?',
       'She believes in spirits .'], dtype='<U190'), array(['brim', 'Brim a cup to good fellowship .',
       'The room brimmed with people .'], dtype='<U190'), array(['identity',
       'Geneticists only recently discovered the identity of the gene that causes it .',
       'It was too dark to determine his identity .'], dtype='<U190'), array(['admit', 'We can not admit non-members into our club building .',
       'She admitted us .'], dtype='<U190')] ['False', 'True', 'False', 'True', 'True']
prediction: True
4 1 1 1
round: 7, dev_data: ('solve', 'Solve an old debt .', 'Did you solve the problem ?'), dev_label: False
[array(['beat', 'Beat the cream .', 'Beat the egg whites .'], dtype='<U190'), array(['name', 'Halt in the name of the law .',
       'He had no sons and there was no one to carry on his name .'],
      dtype='<U190'), array(['work', 'Do you want to work after the age of 60 ?',
       'Is your husband working again ?'], dtype='<U190'), array(['light', "I 'm really seeing you in a different light today .",
       'The light of my life .'], dtype='<U190'), array(['play', 'Play cards .', 'He plays on three teams .'], dtype='<U190')] ['True', 'False', 'True', 'True', 'True']
prediction: True
4 2 1 1
round: 8, dev_data: ('purchase', 'They offer a free hamburger with the purchase of a drink .', 'They closed the purchase with a handshake .'), dev_label: True
[array(['leave', 'She was granted leave to speak .',
       'Might I beg leave to accompany you ?'], dtype='<U190'), array(['come', 'Come down here !', 'Come with me to the Casbah .'],
      dtype='<U190'), array(['hand', 'Give him a hand .', 'The hired hand fixed the railing .'],
      dtype='<U190'), array(['year', 'In the year 1920 .', 'I was born in the year 1950 .'],
      dtype='<U190'), array(['support', 'They called for artillery support .',
       'He applied to the state for support .'], dtype='<U190')] ['True', 'True', 'False', 'True', 'False']
prediction: True
5 2 1 1
round: 9, dev_data: ('software', 'Did you test the software package to ensure completeness ?', 'The market for software is expected to expand .'), dev_label: True
[array(['check', 'He paid all his bills by check .',
       'I was not carrying cash , so I wrote a check for the amount .'],
      dtype='<U190'), array(['number', 'Every number has a unique position in the sequence .',
       'He has an unlisted number .'], dtype='<U190'), array(['degree',
       "She has two bachelor 's degrees and is studying towards a master 's degree .",
       '90 degrees Fahrenheit is equivalent to 32.2 degrees Celsius .'],
      dtype='<U190'), array(['point', 'To fall off a point .',
       'They sailed south around the point .'], dtype='<U190'), array(['level',
       'You can level the table by turning the pads that screw into the feet .',
       'The building was levelled .'], dtype='<U190')] ['True', 'False', 'False', 'False', 'True']
prediction: True
6 2 1 1
round: 10, dev_data: ('push', 'Some details got lost in the push to get the project done .', 'The army made a push toward the sea .'), dev_label: True
[array(['trail', 'There as a trail of blood .',
       'The trail led straight to the perpetrator .'], dtype='<U190'), array(['flap', 'He wrote on the flap of the envelope .',
       'The flap of a wing .'], dtype='<U190'), array(['be', 'When will the meeting be ?',
       'I shall be writing to you soon .'], dtype='<U190'), array(['air', 'Open a window and let in some air .',
       'As he waited he could feel the air on his neck .'], dtype='<U190'), array(['shed', 'Shed your clothes .',
       'He shed his image as a pushy boss .'], dtype='<U190')] ['False', 'True', 'True', 'False', 'True']
prediction: False
6 2 2 1
round: 11, dev_data: ('bake', 'Idaho potatoes bake beautifully .', 'This oven bakes potatoes .'), dev_label: True
[array(['excuse', 'A poor excuse for an automobile .',
       'He had to get his mother to write an excuse for him .'],
      dtype='<U190'), array(['drill', 'Drill a hole into the wall .',
       'Drill a small hole to start the screw in the right direction .'],
      dtype='<U190'), array(['protection',
       'He made trade protection a plank in the party platform .',
       'Insurance provided protection against loss of wages due to illness .'],
      dtype='<U190'), array(['quality', 'The quality of students has risen .',
       'A peasant is not allowed to fall in love with a lady of quality .'],
      dtype='<U190'), array(['course', 'The government took a firm course .',
       'He took a course in basket weaving .'], dtype='<U190')] ['False', 'True', 'False', 'False', 'False']
prediction: True
7 2 2 1
round: 12, dev_data: ('relieve', 'Relieve the pressure and the stress .', 'This pill will relieve your headaches .'), dev_label: False
[array(['space', 'They tested his ability to locate objects in space .',
       'Functional analysis is best approached through a sound knowledge of Hilbert space theory .'],
      dtype='<U190'), array(['spot',
       'For our anniversary we went back to the same spot where we first met .',
       'A bald spot .'], dtype='<U190'), array(['element', 'Water is the element of fishes .', 'In your element .'],
      dtype='<U190'), array(['pull', 'Pull a sled .',
       "You 'll be sent home if you pull another stunt like that ."],
      dtype='<U190'), array(['blip', 'Renewed jitters in the wake of a blip in retail sales .',
       'The market had one bad blip today .'], dtype='<U190')] ['True', 'False', 'False', 'False', 'True']
prediction: True
7 3 2 1
round: 13, dev_data: ('style', 'In the characteristic New York style .', 'This style of shoe is in demand .'), dev_label: False
[array(['air', 'Open a window and let in some air .',
       'I need some fresh air .'], dtype='<U190'), array(['play', 'Play sports .', "Who 's playing now ?"], dtype='<U190'), array(['throw', 'Throw the car into reverse .',
       'She threw a beautiful teapot .'], dtype='<U190'), array(['compass', 'Within the compass of an encircling wall .',
       'Within the compass of education .'], dtype='<U190'), array(['tell', 'He could tell that she was unhappy .',
       'Ellen told Helen about the situation .'], dtype='<U190')] ['True', 'True', 'False', 'True', 'False']
prediction: True
7 4 2 1
round: 14, dev_data: ('crumb', 'Crumb the table .', 'Crumb a cutlet .'), dev_label: False
[array(['stick', 'Stick your thumb in the crack .',
       'Stick some feathers in the turkey before you serve it .'],
      dtype='<U190'), array(['tap', "Tap one 's memory .", 'Tap a source of money .'],
      dtype='<U190'), array(['rest', 'The ocean was finally at rest .',
       'A body will continue in a state of rest until acted upon .'],
      dtype='<U190'), array(['solution', 'The solution took three hours .',
       'They were trying to find a peaceful solution .'], dtype='<U190'), array(['role',
       'The role of women has changed significantly in the last century .',
       'What is your role on the team ?'], dtype='<U190')] ['False', 'True', 'True', 'False', 'True']
prediction: False
7 4 2 2
round: 15, dev_data: ('include', 'I include you in the list of culprits .', 'The list includes the names of many famous writers .'), dev_label: False
[array(['melt',
       'When the weather is warm , the snowman will disappear ; he will melt .',
       'The wax melted in the sun .'], dtype='<U190'), array(['convert', 'Convert lead into gold .',
       'He converted his garden into a tennis court .'], dtype='<U190'), array(['product', 'His reaction was the product of hunger and fatigue .',
       'Skill is the product of hours of practice .'], dtype='<U190'), array(['ability',
       'This wood has the ability to fight off insects , fungus , and mold for a considerable time .',
       'This phone has the ability to have its software upgraded wirelessly .'],
      dtype='<U190'), array(['cut', 'Cut a Ping-Pong ball .', 'Cut paper dolls .'],
      dtype='<U190')] ['True', 'True', 'True', 'True', 'False']
prediction: True
7 5 2 2
round: 16, dev_data: ('companion', 'His dog has been his trusted companion for the last five years .', 'Drinking companions .'), dev_label: True
[array(['face', 'The face of the city is changing .',
       'He washed his face .'], dtype='<U190'), array(['fish', 'The shark is a large fish .',
       'In the living room there was a tank of colorful fish .'],
      dtype='<U190'), array(['back', 'I back you all the way .', 'Back this enterprise .'],
      dtype='<U190'), array(['keep', 'Keep your cool .', 'He keeps bees .'], dtype='<U190'), array(['discover', 'The story is false , so far as I can discover .',
       'I discovered how to do it .'], dtype='<U190')] ['False', 'True', 'True', 'False', 'True']
prediction: False
7 5 3 2
round: 17, dev_data: ('reveal', "The actress wo n't reveal how old she is .", 'He revealed the children found .'), dev_label: True
[array(['touch', 'The two buildings touch .',
       "Are you all right ? You 've hardly touched your lunch ."],
      dtype='<U190'), array(['control', 'Measures for the control of disease .',
       'The control condition was inappropriate for the conclusions he wished to draw .'],
      dtype='<U190'), array(['calendar', 'The club has a busy calendar this year .',
       'I have you on my calendar for next Monday .'], dtype='<U190'), array(['see', 'You have to be a good observer to see all the details .',
       'I saw their laughing and joking .'], dtype='<U190'), array(['facelift', 'Give your home a facelift .',
       'More than a facelift , the new model marks a fundamental change of direction .'],
      dtype='<U190')] ['False', 'False', 'True', 'True', 'True']
prediction: False
7 5 4 2
round: 18, dev_data: ('presence', "I 'm convinced that there was a presence in that building that I ca n't explain , which led to my heroic actions .", 'She blushed in his presence .'), dev_label: False
[array(['take', "I 'll take the blue plates .",
       'Take any one of these cards .'], dtype='<U190'), array(['go', 'Messages must go through diplomatic channels .',
       'The speech has to go through several more drafts .'],
      dtype='<U190'), array(['folk', "They 're just country folk .",
       'Lots of folks like to travel during the holidays .'],
      dtype='<U190'), array(['time', 'This time he succeeded .', 'He called four times .'],
      dtype='<U190'), array(['drop', 'Drop him from the Republican ticket .',
       'The cow dropped her calf this morning .'], dtype='<U190')] ['True', 'False', 'True', 'True', 'False']
prediction: True
7 6 4 2
round: 19, dev_data: ('relax', "Do n't relax your efforts now .", 'The rules relaxed after the new director arrived .'), dev_label: False
[array(['round', 'He ordered a second round .',
       'They brought us a round of drinks about every thirty minutes .'],
      dtype='<U190'), array(['party', 'The party of the first part .',
       'The green party took 12 % of the vote .'], dtype='<U190'), array(['fatigue', 'He was hospitalized for extreme fatigue .',
       'He was suffering from museum fatigue .'], dtype='<U190'), array(['mechanism', 'The mechanism of the ear .',
       'The mechanism of infection .'], dtype='<U190'), array(['sex', 'They had sex in the back seat .',
       'We had sex in the back seat .'], dtype='<U190')] ['True', 'False', 'False', 'True', 'True']
prediction: False
7 6 4 3
round: 20, dev_data: ('parity', 'Parity is often used to check the integrity of transmitted data .', 'The parity of the mother must be considered .'), dev_label: False
[array(['key', 'Some students had stolen the key to the final exam .',
       'He spoke in a low key .'], dtype='<U190'), array(['burn', 'To burn the mouth with pepper .',
       'She was burning with anger .'], dtype='<U190'), array(['side', 'He is on the purchasing side of the business .',
       'Look on the bright side .'], dtype='<U190'), array(['separation', 'The separation of wheat from chaff .',
       'He hid in the separation between walls .'], dtype='<U190'), array(['opening', 'There was a small opening between the trees .',
       'A salamander darted out of an opening in the rocks .'],
      dtype='<U190')] ['False', 'False', 'True', 'False', 'True']
prediction: False
7 6 4 4
round: 21, dev_data: ('raise', 'To raise a wall , or a heap of stones .', 'Raise a barn .'), dev_label: True
[array(['set', 'Set the table .', 'To set glass in a sash .'],
      dtype='<U190'), array(['disk', "The moon 's disk hung in a cloudless sky .",
       "Venus ' disk cut off light from the Sun ."], dtype='<U190'), array(['empathize', 'You really have to empathize .',
       'You really have to empathize with them .'], dtype='<U190'), array(['now', 'It worked up to right now .', 'Now is the right time .'],
      dtype='<U190'), array(['optimization',
       'The simultaneous optimization of growth and profitability .',
       'To promote the optimization and diversification of agricultural products .'],
      dtype='<U190')] ['False', 'True', 'True', 'True', 'True']
prediction: True
8 6 4 4
round: 22, dev_data: ('suspend', 'Suspend the particles .', 'The prison sentence was suspended .'), dev_label: False
[array(['take', 'Take an opportunity .',
       'The escaped convict took to the hills .'], dtype='<U190'), array(['life', 'The oceans are teeming with life .',
       'Having experienced both , the vampire decided that he preferred (un)death to life .'],
      dtype='<U190'), array(['drink', "No thanks , I do n't drink .",
       "You 've been drinking , have n't you ?"], dtype='<U190'), array(['sophisticate', 'To sophisticate the understanding . — Southey .',
       'To sophisticate wine . — Howell .'], dtype='<U190'), array(['permit', 'This will permit the rain to run off .',
       'This permits the water to rush in .'], dtype='<U190')] ['False', 'False', 'True', 'False', 'True']
prediction: False
8 6 4 5
round: 23, dev_data: ('amass', 'To amass a treasure or a fortune .', 'She is amassing a lot of data for her thesis .'), dev_label: True
[array(['footage',
       'They had stock footage of lightning , tornados , and hurricanes .',
       'He edited the news footage .'], dtype='<U190'), array(['hold', 'She can hold an audience spellbound .',
       'Hold this bowl for a moment , please .'], dtype='<U190'), array(['set', 'To set glass in a sash .',
       'To set a precious stone in a border of metal .'], dtype='<U190'), array(['ride', 'She loves to ride her new motorcycle through town .',
       "The child rode on his mother 's hips ."], dtype='<U190'), array(['beauty', 'Brigitte Bardot was a renowned beauty .',
       'His roses were beauties .'], dtype='<U190')] ['True', 'False', 'True', 'False', 'False']
prediction: True
9 6 4 5
round: 24, dev_data: ('term', 'A healthy baby born at full term .', 'He learned many medical terms .'), dev_label: False
[array(['force', 'A force out was recorded on the scorecard .',
       'Force equals mass times acceleration .'], dtype='<U190'), array(['club', 'To club exertions .', 'The two men clubbed together .'],
      dtype='<U190'), array(['voice', 'The voice of experience .',
       'The wee small voice of conscience .'], dtype='<U190'), array(['start', 'I start at eight in the morning .',
       'The rain started at 9:00 .'], dtype='<U190'), array(['raise', 'We visited a farm where they raise chickens .',
       'A few important questions were raised after the attack .'],
      dtype='<U190')] ['False', 'True', 'True', 'False', 'False']
prediction: False
9 6 4 6
round: 25, dev_data: ('leash', "He 's always gotten a long leash .", 'Kept a tight leash on his emotions .'), dev_label: True
[array(['hit', 'We were hit by really bad weather .',
       'He hit a home run .'], dtype='<U190'), array(['analyze', 'Analyze a sentence .', 'Analyze a chemical compound .'],
      dtype='<U190'), array(['effect',
       'The new law will come into effect on the first day of next year .',
       'The law is still in effect .'], dtype='<U190'), array(['formation', 'The formation of sentences .',
       'A defensive formation .'], dtype='<U190'), array(['memorability', 'True memorability of phrase .',
       'Continuous change results in lack of memorability .'],
      dtype='<U190')] ['False', 'True', 'True', 'False', 'True']
prediction: True
10 6 4 6

----------------------------



round: 26, dev_data: ('conversion', 'The conversion of equations .', 'His conversion to the Catholic faith .'), dev_label: False
[array(['head', 'She gave great head .', 'They say he gives good head .'],
      dtype='<U190'), array(['plundering', 'The plundering of the Parthenon .',
       'His plundering of the great authors .'], dtype='<U190'), array(['connect', 'This computer will connect well to the network .',
       'Our computers connected .'], dtype='<U190'), array(['way', "They did n't have much in the way of clothing .",
       'They are on the way .'], dtype='<U190'), array(['use', 'Use the plastic bags to store the food .',
       'We can use this mathematical formula to solve the problem .'],
      dtype='<U190')] ['True', 'True', 'True', 'False', 'True']
prediction: False
0 0 0 1
round: 27, dev_data: ('making', 'The making of measurements .', 'It was already in the making .'), dev_label: True
[array(['floor', 'The fire spared the forest floor .',
       'The room has a wooden floor .'], dtype='<U190'), array(['check', 'Place a check by the things you have done .',
       'Put a check mark in the box corresponding to the correct answer .'],
      dtype='<U190'), array(['culture',
       'The reason that the agency is doomed to inaction has something to do with the FBI culture .',
       'The developing drug culture .'], dtype='<U190'), array(['property', 'Charm is his most endearing property .',
       'A study of the physical properties of atomic particles .'],
      dtype='<U190'), array(['raise', 'Raise my salary .', 'Raise the question of promotions .'],
      dtype='<U190')] ['False', 'True', 'True', 'True', 'False']
prediction: True
1 0 0 1
round: 28, dev_data: ('set', 'Before the set of sun .', 'They played two sets of tennis after dinner .'), dev_label: False
[array(['flash',
       'A flash sewn on his sleeve indicated the unit he belonged to .',
       'Red flashes adorned the airplane .'], dtype='<U190'), array(['travel', 'He enjoyed selling but he hated the travel .',
       'Space travel .'], dtype='<U190'), array(['cover', "There 's a $ 15 cover tonight .",
       'Artillery provided cover fire for the withdrawal .'],
      dtype='<U190'), array(['monopoly', 'A monopoly on silver .',
       'When you have a monopoly you can ask any price you like .'],
      dtype='<U190'), array(['house', 'The house gets a percentage of every bet .',
       'He has a house on Cape Cod .'], dtype='<U190')] ['True', 'True', 'False', 'True', 'False']
prediction: False
1 0 0 2
round: 29, dev_data: ('mate', 'He lost the mate to his shoe .', 'Camels hate leaving their mates .'), dev_label: False
[array(['head', 'Under the head of minor Roman poets .',
       'They tracked him back toward the head of the stream .'],
      dtype='<U190'), array(['sectarianism', 'He condemned religious sectarianism .',
       'They were discussing sectarianism between Shias and Sunnis .'],
      dtype='<U190'), array(['piece', 'It was a nice piece of work .',
       'It is down the road a piece .'], dtype='<U190'), array(['piece', 'It is not known who created this piece .',
       'I need to rest for a piece .'], dtype='<U190'), array(['light', 'It brought the scandal to light .',
       'Put that light out !'], dtype='<U190')] ['False', 'True', 'False', 'False', 'False']
prediction: True
1 1 0 2
round: 30, dev_data: ('expression', 'They stared at the newcomer with a puzzled expression .', 'His manner of expression showed how much he cared .'), dev_label: False
[array(['see', 'How nice to see you again !',
       "I 'll probably see you at the meeting ."], dtype='<U190'), array(['origin', 'Mineral origin .', 'Origin in sensation .'],
      dtype='<U190'), array(['fire', 'Put the kettle on the fire .',
       'Barbecue over an open fire .'], dtype='<U190'), array(['call', 'He placed a phone call to London .',
       'She reported several anonymous calls .'], dtype='<U190'), array(['point', 'Get to the point .', 'At that point I had to leave .'],
      dtype='<U190')] ['True', 'True', 'True', 'True', 'False']
prediction: True
1 2 0 2
round: 31, dev_data: ('rim', 'Rim a hat .', 'Sugar rimmed the dessert plate .'), dev_label: False
[array(['bear', 'I can not bear his constant criticism .',
       'Bearing orders .'], dtype='<U190'), array(['do', 'What makes her do this way ?', 'Do my room in blue .'],
      dtype='<U190'), array(['assume',
       'Mr. Jones will assume the position of a lifeguard until a proper replacement is found .',
       'The queen assumed the stately robes .'], dtype='<U190'), array(['drink', 'He jumped into the drink and had to be rescued .',
       "If he does n't pay off the mafia , he 'll wear cement shoes to the bottom of the drink !"],
      dtype='<U190'), array(['window',
       'You have a two-hour window of clear weather to finish working on the lawn .',
       'Window of opportunity .'], dtype='<U190')] ['False', 'False', 'False', 'True', 'True']
prediction: True
1 3 0 2
round: 32, dev_data: ('cure', 'Cure meats .', 'Cure hay .'), dev_label: True
[array(['go', 'Can I go now ?', "It 's your turn ; go ."], dtype='<U190'), array(['year', 'This Chinese year is the year of the Rooster .',
       'She is 4 years old .'], dtype='<U190'), array(['snow', 'It started to snow .', 'It is snowing .'], dtype='<U190'), array(['assemble', 'Assemble your colleagues .',
       'The parents assembled in the school hall .'], dtype='<U190'), array(['run', 'Run rogue .', 'Run to the store !'], dtype='<U190')] ['True', 'True', 'True', 'True', 'False']
prediction: False
1 3 1 2
round: 33, dev_data: ('rift', "My marriage is in trouble , the fight created a rift between us and we ca n't reconnect .", "The Grand Canyon is a rift in the Earth 's surface , but is smaller than some of the undersea ones ."), dev_label: True
[array(['fail',
       'We must not fail his obligation to the victims of the Holocaust .',
       'She failed in her obligations as a good daughter-in-law .'],
      dtype='<U190'), array(['corner', 'A corner on the silver market .',
       'A piano was in one corner of the room .'], dtype='<U190'), array(['extend', 'Extend the casserole with a little rice .',
       'Extend the TV antenna .'], dtype='<U190'), array(['offset', 'To offset one charge against another .',
       'Offset deposits and withdrawals .'], dtype='<U190'), array(['level', 'The pictures were at the same level .',
       'Park the car on the level .'], dtype='<U190')] ['True', 'False', 'False', 'True', 'False']
prediction: False
1 3 2 2
round: 34, dev_data: ('swim', 'We had to swim for 20 minutes to reach the shore .', 'A big fish was swimming in the tank .'), dev_label: True
[array(['strangle', 'He tried to strangle his opponent .',
       'He strangled his wife and dissolved the body in acid .'],
      dtype='<U190'), array(['break', 'Break an alibi .', 'The dam broke .'], dtype='<U190'), array(['piece',
       'The children acted out a comic piece to amuse the guests .',
       'It is not known who created this piece .'], dtype='<U190'), array(['space', 'They tested his ability to locate objects in space .',
       'Write your name in the space provided .'], dtype='<U190'), array(['reason', 'The reason that war was declared .',
       'There is reason to believe he is lying .'], dtype='<U190')] ['True', 'False', 'False', 'False', 'False']
prediction: True
2 3 2 2
round: 35, dev_data: ('quiet', 'The teacher did her best to quiet the children down .', 'When you quiet , we can start talking .'), dev_label: False
[array(['shower', 'The game was interrupted by a brief shower .',
       'He took a shower after the game .'], dtype='<U190'), array(['ditch', 'Ditch a plane .', 'Ditch a car .'], dtype='<U190'), array(['see', 'I want to see results .', 'Could you see about lunch ?'],
      dtype='<U190'), array(['come', 'Your wish will come true .',
       'Next came the student from France .'], dtype='<U190'), array(['world', 'People are dying of starvation all over the world .',
       'All the world loves a lover .'], dtype='<U190')] ['False', 'True', 'False', 'False', 'True']
prediction: True
2 4 2 2
round: 36, dev_data: ('top', 'At the top of his profession .', "To be at the top of one 's class , or at the top of the school ."), dev_label: True
[array(['vermin', "He examined the child 's head for vermin .",
       'Bring these gypsy vermin to the Palace of Justice .'],
      dtype='<U190'), array(['step', 'To step to one of the neighbors .',
       'Step off ten yards .'], dtype='<U190'), array(['hold', 'I hold with those who say life is sacred .',
       'The bridge held .'], dtype='<U190'), array(['civilization',
       'He is remembered for his generosity and civilization .',
       'Early Mayan civilization .'], dtype='<U190'), array(['scrap', 'There was not a scrap left .',
       'She jotted it on a scrap of paper .'], dtype='<U190')] ['False', 'False', 'False', 'False', 'True']
prediction: True
3 4 2 2
round: 37, dev_data: ('consultation', 'A consultation of several medical specialists .', 'Frequent consultations with his lawyer .'), dev_label: True
[array(['accept', 'Accept students for graduate study .',
       'I can not accept your invitation .'], dtype='<U190'), array(['suffer', "I 've been suffering your insults for years .",
       'He suffered the penalty .'], dtype='<U190'), array(['mouth', 'He rode into the mouth of the canyon .',
       'They built a fire at the mouth of the cave .'], dtype='<U190'), array(['be', 'I shall be writing to you soon .',
       'She is our resident philosopher .'], dtype='<U190'), array(['look', "You do n't look your age !", 'This project looks fishy .'],
      dtype='<U190')] ['False', 'True', 'True', 'False', 'False']
prediction: True
4 4 2 2
round: 38, dev_data: ('chiromance', 'She refused to chiromance my fate .', 'The Gypsies chiromanced .'), dev_label: True
[array(['be', 'I shall be writing to you soon .',
       'This building is three hundred years old .'], dtype='<U190'), array(['age', 'It was replaced because of its age .',
       "We 've known each other for ages ."], dtype='<U190'), array(['absence', 'He was surprised by the absence of any explanation .',
       'Absence makes the heart grow fonder .'], dtype='<U190'), array(['work', 'She knows how to work the system .',
       "This old radio does n't work anymore ."], dtype='<U190'), array(['have',
       "The only girl who would have him was the miller 's daughter .",
       'Have a lover .'], dtype='<U190')] ['True', 'False', 'True', 'False', 'False']
prediction: True
5 4 2 2
round: 39, dev_data: ('bank', 'Bank on your good education .', 'The pilot had to bank the aircraft .'), dev_label: False
[array(['bear', 'She agreed to bear the responsibility .',
       'Bearing orders .'], dtype='<U190'), array(['attendance',
       "John 's attendance for the conventions was not good .",
       'Attendance was up by 50 per cent .'], dtype='<U190'), array(['case', 'It may rain in which case the picnic will be canceled .',
       'A door case .'], dtype='<U190'), array(['support', 'They called for artillery support .',
       'He applied to the state for support .'], dtype='<U190'), array(['interest', 'Victorian furniture is an interest of mine .',
       'He counts reading among his interests .'], dtype='<U190')] ['False', 'False', 'False', 'False', 'True']
prediction: False
5 4 2 3
round: 40, dev_data: ('rag', 'Rag that old tune .', 'Rag ore .'), dev_label: False
[array(['keep', 'Keep open the possibility of a merger .',
       'Keep my job for me while I give birth .'], dtype='<U190'), array(['refine', 'Refine paper stock .', 'Refine pig iron .'],
      dtype='<U190'), array(['call', 'Call a football game .',
       'I tried to call you all night .'], dtype='<U190'), array(['create',
       'You can create the color orange by mixing yellow and red .',
       'He created a new movement in painting .'], dtype='<U190'), array(['join',
       'I will join you watching the football game as soon as I have finished my work .',
       'She joined him for a drink .'], dtype='<U190')] ['True', 'True', 'False', 'True', 'True']
prediction: False
5 4 2 4
round: 41, dev_data: ('work', 'Work equals force times distance .', 'Work is done against friction to drag a bag along the ground .'), dev_label: True
[array(['confidence', 'I have confidence in our team .',
       'Everyone trusted him with their confidences .'], dtype='<U190'), array(['make', 'They hope to make a bigger profit .',
       'She made ten points in that game .'], dtype='<U190'), array(['competition',
       'The newspaper is featuring a competition to win a car .',
       'The new stain remover was ten times more effective than the competition .'],
      dtype='<U190'), array(['scratch', 'Scratch that remark .',
       "Do n't scratch your insect bites !"], dtype='<U190'), array(['sex', 'They had sex in the back seat .',
       'We had sex in the back seat .'], dtype='<U190')] ['False', 'True', 'False', 'False', 'True']
prediction: True
6 4 2 4
round: 42, dev_data: ('allowance', 'He objected to the allowance of smoking in the dining room .', "A child 's allowance should not be too generous ."), dev_label: False
[array(['line', 'He got out of line .', 'Toe the line .'], dtype='<U190'), array(['create',
       'You can create the color orange by mixing yellow and red .',
       'He created a new movement in painting .'], dtype='<U190'), array(['take', 'I take aspirin every day to thin my blood .',
       'Hitler took the Baltic Republics .'], dtype='<U190'), array(['admit',
       "We 'll have to vote on whether or not to admit a new member .",
       'He admitted his guilt .'], dtype='<U190'), array(['skin', 'Your skin is the largest organ of your body .',
       'He is so disgusting he makes my skin crawl .'], dtype='<U190')] ['True', 'True', 'False', 'False', 'True']
prediction: False
6 4 2 5
round: 43, dev_data: ('contact', 'Litmus paper turns red on contact with an acid .', 'He used his business contacts to get an introduction to the governor .'), dev_label: False
[array(['come', 'Your wish will come true .', 'The shoes came untied .'],
      dtype='<U190'), array(['system', 'A system generating hydrogen peroxide .',
       'In a static system oil can not be replaced by water on a surface .'],
      dtype='<U190'), array(['begin', 'Begin a cigar .',
       'My property begins with the three maple trees .'], dtype='<U190'), array(['make', 'Make water into wine .', 'Make lead into gold .'],
      dtype='<U190'), array(['melt', 'Melt butter .', 'The wax melted in the sun .'],
      dtype='<U190')] ['True', 'True', 'False', 'True', 'True']
prediction: False
6 4 2 6
round: 44, dev_data: ('virus', 'The virus of jealousy is latent in everyone .', 'He caught a virus and had to stay home from school .'), dev_label: False
[array(['stress',
       'Some people put the stress on the first syllable of “ controversy ” ; others put it on the second .',
       "Go easy on him , he 's been under a lot of stress lately ."],
      dtype='<U190'), array(['gravitation',
       'The gravitation between two bodies is proportional to the product of their masses and inversely proportional to the square of the distance between them .',
       'Gravitation can not be held responsible for people falling in love "-- Albert Einstein .'],
      dtype='<U190'), array(['read', "The gauge read ` empty ' .",
       'This dictionary can be read by the computer .'], dtype='<U190'), array(['hold', 'I hold with those who say life is sacred .',
       'She can hold an audience spellbound .'], dtype='<U190'), array(['drop', 'Drop him from the Republican ticket .',
       'The cow dropped her calf this morning .'], dtype='<U190')] ['False', 'True', 'False', 'False', 'False']
prediction: False
6 4 2 7
round: 45, dev_data: ('humour', 'The sensitive subject was treated with humour , but in such way that no one was offended .', 'She has a great sense of humour , and I always laugh a lot whenever we get together .'), dev_label: True
[array(['embody',
       'As the car salesman approached , wearing a plaid suit and slicked-back hair , he seemed to embody sleaze .',
       'This painting embodies the feelings of the Romantic period .'],
      dtype='<U190'), array(['pop', 'Pop the pizza into the microwave oven .',
       'The man charged with murder popped a valium to calm his nerves .'],
      dtype='<U190'), array(['respect',
       "He went to law school out of respect for his father 's wishes .",
       'He inspires respect .'], dtype='<U190'), array(['trial', 'He had a fair trial and the jury found him guilty .',
       'The trials for the semifinals began yesterday .'], dtype='<U190'), array(['floor', 'The fire spared the forest floor .',
       'The room has a wooden floor .'], dtype='<U190')] ['True', 'False', 'False', 'False', 'False']
prediction: True
7 4 2 7
round: 46, dev_data: ('neighbor', 'What is the closest neighbor to the Earth ?', 'Fort Worth is a neighbor of Dallas .'), dev_label: True
[array(['neighborhood', 'My neighborhood voted for Bush .',
       'It is a friendly neighborhood .'], dtype='<U190'), array(['wallah', 'The book wallah .', 'A kitchen wallah .'], dtype='<U190'), array(['concoction',
       'She has no peer in the concoction of mystery stories .',
       'His testimony was a concoction .'], dtype='<U190'), array(['permit', 'This will permit the rain to run off .',
       'This permits the water to rush in .'], dtype='<U190'), array(['sleep', 'He felt better after a little sleep .',
       'They had to put their family pet to sleep .'], dtype='<U190')] ['True', 'True', 'True', 'True', 'False']
prediction: True
8 4 2 7
round: 47, dev_data: ('sinking', 'He could not control the sinking of his legs .', 'After several hours of sinking an unexpected rally rescued the market .'), dev_label: True
[array(['loss', 'The match ended in their first loss of the season .',
       'The company operated at a loss last year .'], dtype='<U190'), array(['rock', "While we 're in Brighton , let 's get a stick of rock !",
       'He threw a rock at me .'], dtype='<U190'), array(['click', 'Xhosa speakers click .', 'Click ! The door opened .'],
      dtype='<U190'), array(['mother', 'The lioness was a mother of four cubs .',
       'Necessity is the mother of invention .'], dtype='<U190'), array(['empathize', 'You really have to empathize .',
       "You 've really got to empathize with what they want ."],
      dtype='<U190')] ['False', 'False', 'False', 'False', 'True']
prediction: False
8 4 3 7
round: 48, dev_data: ('sneak', 'Sneak a look .', 'Sneak a cigarette .'), dev_label: True
[array(['line', 'A shared line .',
       'Please speak up , the line is very faint .'], dtype='<U190'), array(['put', 'He put all his efforts into this job .',
       'The teacher put an interesting twist to the interpretation of the story .'],
      dtype='<U190'), array(['case', 'It may rain in which case the picnic will be canceled .',
       'A door case .'], dtype='<U190'), array(['receptiveness',
       'This receptiveness is the key feature in oestral behavior , enabling natural mating to occur .',
       "He was testing the government 's receptiveness to reform ."],
      dtype='<U190'), array(['mouth', 'She wiped lipstick from her mouth .',
       'The jar had a wide mouth .'], dtype='<U190')] ['True', 'True', 'False', 'True', 'False']
prediction: True
9 4 3 7
round: 49, dev_data: ('fix', 'Fix your eyes on this spot .', 'Fix a race .'), dev_label: False
[array(['leave', 'At what time does your train leave ?',
       'His good luck finally left him .'], dtype='<U190'), array(['smile', "She 's got a perfect smile .",
       'He has a sinister smile .'], dtype='<U190'), array(['pack', 'Such odd-shaped items do not pack well .',
       'She packs a gun when she goes into the mountains .'],
      dtype='<U190'), array(['air',
       'There was a tension in the air which made me suspect an approaching storm .',
       'A smell of chemicals in the air .'], dtype='<U190'), array(['doubt', 'I doubt these reports .',
       'He doubted that was really what you meant .'], dtype='<U190')] ['False', 'True', 'False', 'True', 'True']
prediction: False
9 4 3 8
round: 50, dev_data: ('impulse', 'The impulse knocked him over .', 'The total impulse from the impact will depend on the kinetic energy of the bullet .'), dev_label: False
[array(['break', 'Break into tears .', 'The blade broke her skin .'],
      dtype='<U190'), array(['end', 'She knotted the end of the thread .',
       'The ends justify the means .'], dtype='<U190'), array(['film', 'The table was covered with a film of dust .',
       'The film was shot on location .'], dtype='<U190'), array(['size', "That 's the size of the situation .",
       'A wolf is about the size of a large dog .'], dtype='<U190'), array(['check', 'Place a check by the things you have done .',
       'Put a check mark in the box corresponding to the correct answer .'],
      dtype='<U190')] ['False', 'False', 'False', 'False', 'True']
prediction: True
9 5 3 8
round: 51, dev_data: ('fetish', 'I know a guy who has a foot fetish .', 'Common male fetishes are breasts , legs , hair , shoes , and underwear .'), dev_label: True
[array(['path', 'The path of a meteor , of a caravan , or of a storm .',
       'Genius usually follows a revolutionary path .'], dtype='<U190'), array(['foot', 'Curled up on the foot of the bed .',
       'The foot of the page .'], dtype='<U190'), array(['trade', 'As they say in the trade .',
       'They are accused of conspiring to constrain trade .'],
      dtype='<U190'), array(['touch', 'The two buildings touch .', 'Their hands touched .'],
      dtype='<U190'), array(['communication',
       'How many lines of communication can there be among four people ?',
       'A round archway at the far end of the hallway provided communication to the main chamber .'],
      dtype='<U190')] ['False', 'True', 'False', 'True', 'True']
prediction: True
10 5 3 8
round: 52, dev_data: ('seizure', 'The seizure of a thief , a property , a throne , etc .', 'The search warrant permitted the seizure of evidence .'), dev_label: True
[array(['make', 'This invention will make you a millionaire .',
       'He made a fool of himself at the meeting .'], dtype='<U190'), array(['dress', 'Dress a turkey .', 'Dress the surface smooth .'],
      dtype='<U190'), array(['impression', 'He did a funny impression of a politician .',
       'The dentist took an impression for use in preparing an inlay .'],
      dtype='<U190'), array(['tab', 'The collar has a tab with a button hole .',
       'The filing cards were organized by cards having indexed tabs .'],
      dtype='<U190'), array(['point', 'He stuck the point of the knife into a tree .',
       'A row of points .'], dtype='<U190')] ['True', 'False', 'False', 'True', 'False']
prediction: True
11 5 3 8
round: 53, dev_data: ('pattern', 'The American constitution has provided a pattern for many republics .', 'They changed their dietary pattern .'), dev_label: False
[array(['fall', 'Fall into a trap .', 'Fall in love .'], dtype='<U190'), array(['point', 'Life has lost its point .',
       'He broke the point of his pencil .'], dtype='<U190'), array(['see', 'I see that you have been promoted .',
       'Did you know that she is seeing an older man ?'], dtype='<U190'), array(['sale', 'He celebrated after the sale of company .',
       'They held a sale to reduce their inventory .'], dtype='<U190'), array(['offset', "I 'll offset the time difference locally .",
       'Offset deposits and withdrawals .'], dtype='<U190')] ['True', 'False', 'False', 'False', 'True']
prediction: True
11 6 3 8
round: 54, dev_data: ('conscience', 'A person of unflagging conscience .', 'He has no conscience about his cruelty .'), dev_label: False
[array(['start', 'Start a new job .',
       'I start my day with a good breakfast .'], dtype='<U190'), array(['be', 'I shall be writing to you soon .',
       'I have been to Spain many times .'], dtype='<U190'), array(['performance', 'They admired his performance under stress .',
       'They listened to ten different performances .'], dtype='<U190'), array(['business',
       'They did nearly a million dollars of business over the long weekend .',
       'Business has been slow lately .'], dtype='<U190'), array(['check',
       "Katie 's sick , so I need to check up on her and see if she needs anything .",
       'Check whether this page has a watermark .'], dtype='<U190')] ['False', 'True', 'False', 'True', 'True']
prediction: True
11 7 3 8
round: 55, dev_data: ('demystify', 'The article was written to demystify the mechanics of the internal combustion engine .', "Let 's demystify the event by explaining what it is all about ."), dev_label: True
[array(['drop', 'A drop of each sample was analyzed .',
       'They expected the drop would be successful .'], dtype='<U190'), array(['check', 'Check the time of the class .',
       'Check the oil in your car once a month .'], dtype='<U190'), array(['make', 'Make an effort .', 'Make love , not war .'], dtype='<U190'), array(['bed', 'We added a new rosebush to our rose bed .',
       'The gardener planted a bed of roses .'], dtype='<U190'), array(['call',
       "He heard the phone ringing but did n't want to take the call .",
       'I received several calls today .'], dtype='<U190')] ['False', 'False', 'True', 'True', 'True']
prediction: True
12 7 3 8
round: 56, dev_data: ('team', 'We need more volunteers for the netball team .', 'The IT manager leads a team of three software developers .'), dev_label: True
[array(['pocket', 'The trapped miners found a pocket of air .',
       'The battle was won except for cleaning up pockets of resistance .'],
      dtype='<U190'), array(['miracle',
       'An example of a miracle associated with Muhammad is the splitting of the moon .',
       'Many religious beliefs are based on miracles .'], dtype='<U190'), array(['theater',
       'His grandfather was in the Pacific theater during the war .',
       'He served in the Vietnam theater for three years .'],
      dtype='<U190'), array(['drop', "New Englanders drop their post-vocalic r 's .",
       'She dropped acid when she was a teenager .'], dtype='<U190'), array(['point', 'Cut the skin with the point of the knife .',
       'He broke the point of his pencil .'], dtype='<U190')] ['False', 'True', 'True', 'False', 'False']
error
round: 56, dev_data: ('team', 'We need more volunteers for the netball team .', 'The IT manager leads a team of three software developers .'), dev_label: True
[array(['detach', 'Detach a regiment .',
       'His retina detached and he had to be rushed into surgery .'],
      dtype='<U190'), array(['give', "I 'm going to give my wife a necklace for her birthday .",
       'Give a course .'], dtype='<U190'), array(['run', 'The sale will run for ten days .',
       'The contract runs through 2008 .'], dtype='<U190'), array(['summer', 'We like to summer in the Mediterranean .',
       'My family always summered at the seashore .'], dtype='<U190'), array(['feeling', 'She had a feeling of euphoria .',
       'The house gave me a feeling of dread .'], dtype='<U190')] ['False', 'False', 'True', 'True', 'True']
prediction: True
13 7 3 8
round: 57, dev_data: ('conduct', 'You can not conduct business like this .', 'To conduct the affairs of a kingdom .'), dev_label: True
[array(['run', 'Run a subject .', "I 'm not ready to run a marathon ."],
      dtype='<U190'), array(['trust',
       'He needs to regain her trust if he is ever going to win her back .',
       'He betrayed their trust .'], dtype='<U190'), array(['origin', 'Mineral origin .', 'Origin in sensation .'],
      dtype='<U190'), array(['touch', 'He longed for the touch of her hand .',
       "This room needs a woman 's touch ."], dtype='<U190'), array(['train', 'A train of thought .',
       "Unfortunately , the leading bridesmaid stepped on the bride 's train as they were walking down the aisle ."],
      dtype='<U190')] ['False', 'False', 'True', 'False', 'False']
prediction: False
13 7 4 8
round: 58, dev_data: ('administer', 'Administer critical remarks to everyone present .', 'She administers the funds .'), dev_label: False
[array(['disturbance',
       'He looked around for the source of the disturbance .',
       'There was a disturbance of neural function .'], dtype='<U190'), array(['ball', 'He played with his rubber ball in the bathtub .',
       'He threw nine straight balls before the manager yanked him .'],
      dtype='<U190'), array(['shock', 'Whole fields of wheat in shock .',
       'It came as a shock to learn that he was injured .'], dtype='<U190'), array(['window',
       'They had a window of less than an hour when an attack would have succeeded .',
       'Window of opportunity .'], dtype='<U190'), array(['ball', 'The children were playing ball in the garden .',
       'He played with his rubber ball in the bathtub .'], dtype='<U190')] ['True', 'False', 'False', 'True', 'False']
prediction: True
13 8 4 8
round: 59, dev_data: ('abort', 'I wasted a year of my life working on an abort .', 'He sent a short message requesting an abort due to extreme winds in the area .'), dev_label: True
[array(['break', 'Break the code .', 'Break a branch from a tree .'],
      dtype='<U190'), array(['rub', 'Rub my hands .', 'Rub oil into her skin .'], dtype='<U190'), array(['cut', 'Cut recording tape .', 'Cut from one scene to another .'],
      dtype='<U190'), array(['stuff', 'What is all that stuff on your bedroom floor ?',
       "He did n't want his pockets to bulge so he was walking around with all his stuff in his hands ."],
      dtype='<U190'), array(['day', 'My day began early this morning .',
       'She called it a day and went to bed .'], dtype='<U190')] ['False', 'True', 'False', 'True', 'True']
prediction: False
13 8 5 8
round: 60, dev_data: ('glass', 'She collected old glass .', 'We collected art glass .'), dev_label: True
[array(['finance', 'Can we finance the addition to our home ?',
       'He financed his home purchase through a local credit union .'],
      dtype='<U190'), array(['lead', 'A good lead for a job .',
       "They did n't follow our lead ."], dtype='<U190'), array(['origin', 'The rumor had its origin in idle gossip .',
       'Vegetable origins .'], dtype='<U190'), array(['stone',
       'People wanted to stone the woman who had a child out of wedlock .',
       'She got stoned to death after they found her .'], dtype='<U190'), array(['define', 'The camera could define the smallest object .',
       'The tree was clearly defined by the light .'], dtype='<U190')] ['True', 'False', 'True', 'True', 'True']
prediction: True
14 8 5 8
round: 61, dev_data: ('oppose', 'The senator said he would oppose the bill .', 'The board opposed his motion .'), dev_label: False
[array(['point', '10.5 ( " ten point five " ; = ten and a half ) .',
       'He stuck the point of the knife into a tree .'], dtype='<U190'), array(['cut', 'Cut grain .', 'Cut a disk .'], dtype='<U190'), array(['air', 'Open a window and let in some air .', 'Air pollution .'],
      dtype='<U190'), array(['leak', 'He had to clean up the leak .', 'A leak in a boat .'],
      dtype='<U190'), array(['engagement',
       "We are enjoying a long engagement , but have n't yet set a date .",
       "The teacher tried to increase his students ' engagement in class activities ."],
      dtype='<U190')] ['False', 'False', 'True', 'True', 'False']
prediction: True
14 9 5 8
round: 62, dev_data: ('married', "My plan is to wait to have sex until i 'm married .", 'We invited several young marrieds .'), dev_label: True
[array(['write', 'How many books did Georges Simenon write ?',
       'Please write to me every week .'], dtype='<U190'), array(['doubt', 'I doubt these reports .',
       'He doubted that was really what you meant .'], dtype='<U190'), array(['nonprofit',
       "If it was n't subsidized , the nonprofit would be bankrupt .",
       'Employees of a nonprofit rarely make as much as greedy counterparts in the commercial world .'],
      dtype='<U190'), array(['compare', "You ca n't compare my problems and yours .",
       "John compared his haircut to his friend 's ."], dtype='<U190'), array(['shuffle', "You shuffle , I 'll deal .",
       'He shuffled his funds among different accounts in various countries so as to avoid the IRS .'],
      dtype='<U190')] ['False', 'True', 'True', 'True', 'False']
prediction: True
15 9 5 8
round: 63, dev_data: ('utility', 'A computer system provides utility programs to perform the tasks needed by most users .', "I 've bought a new disk utility that can recover deleted files ."), dev_label: True
[array(['master', 'A master of the violin .', 'One of the old masters .'],
      dtype='<U190'), array(['base', 'The base of the lamp .', 'The base of the skull .'],
      dtype='<U190'), array(['meet', 'The company agrees to meet the cost of any repairs .',
       'This proposal meets my requirements .'], dtype='<U190'), array(['realization', 'A growing realization of the risk involved .',
       "The victory was the realization of a whole year 's work ."],
      dtype='<U190'), array(['work', 'I will work hard to improve my grades .',
       'They worked on the task .'], dtype='<U190')] ['True', 'False', 'True', 'False', 'True']
prediction: True
16 9 5 8
round: 64, dev_data: ('passive', "` The ball was thrown by the boy ' uses the passive voice .", "` The ball was thrown ' is an abbreviated passive ."), dev_label: True
[array(['pack', 'You had better pack your swollen ankle with ice .',
       'Pack the books into the boxes .'], dtype='<U190'), array(['wall', 'A wall of water .', 'The south wall had a small window .'],
      dtype='<U190'), array(['cry', 'That sad movie always makes me cry .',
       'She cried bitterly when she heard the news of his death .'],
      dtype='<U190'), array(['draw', 'Draw a conclusion .', 'I draw a line here .'],
      dtype='<U190'), array(['confidence', 'Confidence is always borrowed , never owned .',
       'Everyone trusted him with their confidences .'], dtype='<U190')] ['False', 'False', 'True', 'True', 'False']
prediction: True
17 9 5 8
round: 65, dev_data: ('hold', 'Hold in place .', 'She always held herself as a lady .'), dev_label: True
[array(['stake', 'I will stake my good reputation for this .',
       'Stake your goat .'], dtype='<U190'), array(['fall', 'Fall asleep .',
       'She fell to pieces after she lost her work .'], dtype='<U190'), array(['sign', 'Those clouds show little sign of raining soon .',
       'He showed signs of strain .'], dtype='<U190'), array(['head', 'He stuck his head out the window .',
       'Be careful when you pet that dog on the head ; it may bite .'],
      dtype='<U190'), array(['remember', 'Can you remember her phone number ?',
       "I ca n't remember saying any such thing ."], dtype='<U190')] ['False', 'True', 'True', 'True', 'True']
prediction: False
17 9 6 8
round: 66, dev_data: ('bit', 'A bit of paper .', 'A bit of rock caught him in the eye .'), dev_label: False
[array(['life', 'He could no longer cope with the complexities of life .',
       'Get a life .'], dtype='<U190'), array(['now', 'It worked up to right now .',
       'Now is a good time to do it .'], dtype='<U190'), array(['block', 'Block an attack .',
       "He blocked the basketball player 's shot ."], dtype='<U190'), array(['time', 'The time of year for planting .',
       'He waited a long time .'], dtype='<U190'), array(['sale', 'Laws limit the sale of handguns .',
       'They tried to boost sales .'], dtype='<U190')] ['False', 'True', 'True', 'True', 'True']
prediction: True
17 10 6 8
round: 67, dev_data: ('induce', 'Induce a crisis .', 'The ads induced me to buy a VCR .'), dev_label: False
[array(['approach', 'To approach the city .',
       'He was an admirable poet , and thought even to have approached Homer . -- Sir William Temple .'],
      dtype='<U190'), array(['light', 'There was a light at every corner .',
       'They played as long as it was light .'], dtype='<U190'), array(['consummate', 'Consummate a marriage .',
       'After the reception , he escorted her to the honeymoon suite to consummate their marriage .'],
      dtype='<U190'), array(['breath', 'He took a deep breath and dived into the pool .',
       "I could feel the runner 's breath on my shoulder ."],
      dtype='<U190'), array(['quality', 'The quality of students has risen .',
       'Quality of life is usually determined by health , education , and income .'],
      dtype='<U190')] ['True', 'False', 'True', 'False', 'True']
prediction: True
17 11 6 8


---------------------------


round: 68, dev_data: ('center', 'Convention center .', 'They received messages from several centers .'), dev_label: True
[array(['finish', 'Booze will be the finish of him .',
       'Almost an inspiration which gives to all work that finish which is almost art "-- Joseph Conrad .'],
      dtype='<U190'), array(['lob', 'Lob the tennis ball .',
       'The tennis player lobbed the ball , which was a costly mistake .'],
      dtype='<U190'), array(['drill', 'Drill a hole into the wall .', 'Drill for oil .'],
      dtype='<U190'), array(['flux',
       'It is important to use flux when soldering or oxides on the metal will prevent a good bond .',
       'His opinions are in flux .'], dtype='<U190'), array(['admit', 'The French doors admit onto the yard .',
       'He admitted his errors .'], dtype='<U190')] ['False', 'True', 'True', 'False', 'False']
prediction: True
1 0 0 0
round: 69, dev_data: ('morale', "Morale is an important quality in soldiers . With good morale they 'll charge into a hail of bullets ; without it they wo n't even cross a street .", 'After the layoffs morale was at an all time low , they were so dispirited nothing was getting done .'), dev_label: True
[array(['score', 'Settling a score .', 'The score was 7 to 0 .'],
      dtype='<U190'), array(['bed', 'The track bed had washed away .',
       'Sea bed , river bed , lake bed .'], dtype='<U190'), array(['fly', 'Fly a kite .',
       'Lindbergh was the first to fly the Atlantic .'], dtype='<U190'), array(['third', 'Jones came in third .', 'A distant third .'],
      dtype='<U190'), array(['fabric', 'It is part of the fabric of society .',
       'The fabric of the universe .'], dtype='<U190')] ['False', 'False', 'False', 'True', 'True']
prediction: True
2 0 0 0
round: 70, dev_data: ('security', 'Military security has been stepped up since the recent uprising .', 'The head of security was a former policeman .'), dev_label: False
[array(['vehicle',
       'His editorials provided a vehicle for his political views .',
       'The play was just a vehicle to display her talents .'],
      dtype='<U190'), array(['support', 'They developed a scheme of mutual support .',
       'The government provides support to the arts in several ways .'],
      dtype='<U190'), array(['point', 'Life has lost its point .',
       'What is the point of discussing it ?'], dtype='<U190'), array(['history', 'A history of France .',
       "A critical time in the school 's history ."], dtype='<U190'), array(['air', "If you 've time to spare go by air .",
       'I need some fresh air .'], dtype='<U190')] ['True', 'True', 'False', 'False', 'False']
prediction: True
2 1 0 0
round: 71, dev_data: ('picture', 'The author gives a depressing picture of life in Poland .', 'Too often the narrative was interrupted by long word pictures .'), dev_label: True
[array(['beg', "I beg your pardon . I did n't mean to cause offence .",
       'I begged for her to do it .'], dtype='<U190'), array(['miracle',
       'An example of a miracle associated with Muhammad is the splitting of the moon .',
       'Many religious beliefs are based on miracles .'], dtype='<U190'), array(['set', 'To set glass in a sash .',
       'To set a precious stone in a border of metal .'], dtype='<U190'), array(['feel', 'I made the students feel different about themselves .',
       'He felt his flesh crawl .'], dtype='<U190'), array(['break', 'The book dealer would not break the set .',
       'Break off the negotiations .'], dtype='<U190')] ['True', 'True', 'True', 'False', 'False']
prediction: False
2 1 1 0
round: 72, dev_data: ('judge', "I judge a man 's character by the cut of his suit .", 'I can not judge some works of modern art .'), dev_label: True
[array(['fall', 'Payments fall on the 1st of the month .',
       'The onus fell on us .'], dtype='<U190'), array(['stay', 'I can only stay for an hour .',
       'The smell stayed in the room .'], dtype='<U190'), array(['respect', 'She lost all respect for him .',
       'Be sure to give my respects to the dean .'], dtype='<U190'), array(['block', 'Block a plate for printing .',
       'Block the wheels of a car .'], dtype='<U190'), array(['remember', 'Can you remember her phone number ?',
       "I ca n't remember saying any such thing ."], dtype='<U190')] ['False', 'False', 'False', 'True', 'True']
prediction: True
3 1 1 0
round: 73, dev_data: ('cast', 'The cast would need a great deal of machining to become a recognizable finished part .', 'The cast was praised for a fine performance .'), dev_label: False
[array(['throw', 'Football tickets are expensive at fifty bucks a throw .',
       "He could n't afford $ 50 a throw ."], dtype='<U190'), array(['heat', 'Heat the water on the stove .',
       'The sun heats the oceans .'], dtype='<U190'), array(['extend', 'Extend the casserole with a little rice .',
       'Extend the TV antenna .'], dtype='<U190'), array(['dress', 'Dress the windows .', "Dress the victim 's wounds ."],
      dtype='<U190'), array(['waste',
       'Much of the waste material is carried off in the sewers .',
       'They collect the waste once a week .'], dtype='<U190')] ['True', 'True', 'False', 'False', 'True']
prediction: False
3 1 1 1
round: 74, dev_data: ('fire', "Do n't fire until you see the whites of their eyes .", 'The gun fired .'), dev_label: True
[array(['invitation', 'She threw the invitation away .',
       'She was an invitation to trouble .'], dtype='<U190'), array(['play', "They gave full play to the artist 's talent .",
       'We saw a two-act play in the theatre .'], dtype='<U190'), array(['state', 'In a weak financial state .',
       'The current state of knowledge .'], dtype='<U190'), array(['bear', 'I can not bear his constant criticism .',
       'He bore himself with dignity .'], dtype='<U190'), array(['stick', 'The policy so far is all stick and no carrot .',
       'Fever left him weak on his sticks .'], dtype='<U190')] ['False', 'False', 'True', 'False', 'False']
prediction: True
4 1 1 1
round: 75, dev_data: ('grab', 'This story will grab you .', 'Grab power .'), dev_label: False
[array(['throw', 'Throw a javelin .', 'She threw herself forwards .'],
      dtype='<U190'), array(['corner', 'The chimney corner was full of cobwebs .',
       'A piano was in one corner of the room .'], dtype='<U190'), array(['unit', 'A unit of wheat is a bushel .',
       'The dollar is the United States unit of currency .'],
      dtype='<U190'), array(['persuasion', 'I am not of your persuasion .',
       'It is his persuasion that abortion should never be condoned .'],
      dtype='<U190'), array(['keep', "There 's little to earn and many to keep .",
       'His snoring kept me from falling asleep .'], dtype='<U190')] ['False', 'False', 'True', 'True', 'False']
prediction: False
4 1 1 2
round: 76, dev_data: ('passion', 'We share a passion for books .', 'He has a passion for cock fighting .'), dev_label: False
[array(['break',
       'The newsman wanted to break a big story , something that would make him famous .',
       'News of her death broke in the morning .'], dtype='<U190'), array(['reenactment',
       "They 're going to the Civil War battle reenactment this weekend .",
       'The reenactment of the battle of Princeton .'], dtype='<U190'), array(['turn', 'Turn your face to the wall .',
       'She is turning 50 this year .'], dtype='<U190'), array(['fall', 'Fall prey to an imposter .',
       'The curtain fell on the diva .'], dtype='<U190'), array(['approach', 'Approach a new project .', 'Approach a task .'],
      dtype='<U190')] ['True', 'True', 'False', 'False', 'True']
prediction: True
4 2 1 2
round: 77, dev_data: ('read', 'Can you read Greek ?', "The gauge read ` empty ' ."), dev_label: False
[array(['weakness',
       'The weakness of the span was overlooked until it collapsed .',
       'His weakness increased as he became older .'], dtype='<U190'), array(['heart', "You have n't got the heart for baseball .",
       'Hearts were trumps .'], dtype='<U190'), array(['hold', 'He can hold his liquor .',
       "The auditorium ca n't hold more than 500 people ."], dtype='<U190'), array(['talk', 'They sat down to talk business .',
       "Although I do n't speak Chinese I managed to talk with the villagers using signs and gestures ."],
      dtype='<U190'), array(['waste',
       'Much of the waste material is carried off in the sewers .',
       'The trackless wastes of the desert .'], dtype='<U190')] ['True', 'False', 'False', 'True', 'False']
prediction: True
4 3 1 2
round: 78, dev_data: ('roast', 'Roast the turkey .', 'To roast meat on a spit .'), dev_label: True
[array(['believe', 'Why did I ever believe you ?',
       'She believes in spirits .'], dtype='<U190'), array(['light', 'It brought the scandal to light .',
       'Put that light out !'], dtype='<U190'), array(['run', 'Run riot .', 'We ran the ad three times .'], dtype='<U190'), array(['raise', 'To raise somebody to office .',
       'Raise the specter of unemployment .'], dtype='<U190'), array(['draw', 'Draw pulp from the fruit .', 'Draw blood and pus .'],
      dtype='<U190')] ['True', 'False', 'False', 'False', 'False']
prediction: True
5 3 1 2
round: 79, dev_data: ('dress', 'He came to the party in formal dress .', 'Fastidious about his dress .'), dev_label: True
[array(['system',
       'In a static system oil can not be replaced by water on a surface .',
       'The system consists of a motor and a small computer .'],
      dtype='<U190'), array(['carry', 'These pipes carry waste water into the river .',
       'Amanda carried the package from home to New York .'],
      dtype='<U190'), array(['carry', 'He can not carry a tune .',
       'Amanda carried the package to New York .'], dtype='<U190'), array(['air', "If you 've time to spare go by air .",
       'I need some fresh air .'], dtype='<U190'), array(['vote', 'They allowed just one vote per person .',
       'The Supreme Court upheld the principle of one person , one vote .'],
      dtype='<U190')] ['False', 'True', 'False', 'False', 'True']
prediction: False
5 3 2 2
round: 80, dev_data: ('miss', 'How could I miss that typo ?', 'The workers on the conveyor belt miss one out of ten .'), dev_label: True
[array(['ulteriority', 'His stories were too susceptible to ulteriority .',
       'Their conversation was limited to ulteriorities .'], dtype='<U190'), array(['play', 'Play the casinos in Trouville .',
       'Play the stock market .'], dtype='<U190'), array(['lie', "Do n't lie to your parents .",
       'The book lies on the table .'], dtype='<U190'), array(['hand', "I did n't hold a good hand all evening .",
       'He kept trying to see my hand .'], dtype='<U190'), array(['make', 'They hope to make a bigger profit .',
       'You have to spend money to make money !'], dtype='<U190')] ['True', 'False', 'False', 'True', 'True']
prediction: True
6 3 2 2
round: 81, dev_data: ('rerun', 'We have to rerun the subjects -- they misunderstood the instructions .', 'Bush wants to rerun in 1996 .'), dev_label: False
[array(['thing', 'How could you do such a thing ?',
       'He has a thing about seafood .'], dtype='<U190'), array(['make', 'Make advances .', 'Make a phone call .'], dtype='<U190'), array(['drop', 'Drop a lawsuit .',
       'They dropped her after she had a child out of wedlock .'],
      dtype='<U190'), array(['point', 'Get to the point .', 'At that point I had to leave .'],
      dtype='<U190'), array(['death', 'The death of my grandmother saddened the whole family .',
       'She stayed until his death .'], dtype='<U190')] ['False', 'True', 'False', 'False', 'False']
prediction: True
6 4 2 2
round: 82, dev_data: ('chip', 'Be careful not to chip the paint .', 'Chip a tooth .'), dev_label: True
[array(['drop', 'Drop him from the Republican ticket .',
       'Shop til you drop .'], dtype='<U190'), array(['time', 'We had a wonderful time at the party .',
       'He had a time holding back the tears .'], dtype='<U190'), array(['spring', 'He will hold office until the spring of next year .',
       'You can visit me in the spring , when the weather is bearable .'],
      dtype='<U190'), array(['score', 'He studied the score of the sonata .',
       'A score were sent out but only one returned .'], dtype='<U190'), array(['feeling', 'She had a feeling of euphoria .',
       'The house gave me a feeling of dread .'], dtype='<U190')] ['False', 'True', 'True', 'False', 'True']
prediction: True
7 4 2 2
round: 83, dev_data: ('share', 'They share a language .', 'To share a shelter with another .'), dev_label: True
[array(['grip', 'It was an old briefcase but it still had a good grip .',
       'There are several good grips on the northern face of this rock .'],
      dtype='<U190'), array(['raise', 'Raise a siege .',
       'The President raised several million dollars for his college .'],
      dtype='<U190'), array(['get', 'What do you get when you add up these numbers ?',
       'My children finally got me to buy a computer .'], dtype='<U190'), array(['liver',
       "You could fry up some chicken livers for a tasty treat . — Nah , I do n't like chicken liver .",
       "I 'd like some goose liver pate ."], dtype='<U190'), array(['cut', 'Cut the songs .',
       'She cut all of her major titles again .'], dtype='<U190')] ['True', 'False', 'False', 'True', 'True']
prediction: True
8 4 2 2
round: 84, dev_data: ('stone', 'A heavy chap who must have weighed more than twenty stone .', 'She had jewels made of all the rarest stones .'), dev_label: False
[array(['fair', 'Book fair .', 'World fair .'], dtype='<U190'), array(['cover', 'Does my policy cover accidental loss ?',
       'Cover the meat with a lot of gravy .'], dtype='<U190'), array(['drink', 'Can I buy you a drink ?',
       'He jumped into the drink and had to be rescued .'], dtype='<U190'), array(['approach', "Do n't approach that house .",
       'We were approaching our destination .'], dtype='<U190'), array(['coverage',
       "Do n't go to lunch if we do n't have enough coverage for the help-desk phones .",
       'There are overlapping coverages on your insurance policies .'],
      dtype='<U190')] ['True', 'False', 'False', 'True', 'True']
prediction: False
8 4 2 3
round: 85, dev_data: ('approach', 'Would counsel please approach the bench ? asked the judge .', 'He approached the age of manhood .'), dev_label: True
[array(['face', 'To face the front of a coat , or the bottom of a dress .',
       'Face the lapels of the jacket .'], dtype='<U190'), array(['position',
       'Atheists do not enjoy a favorable position in American life .',
       'Moved from third to fifth position .'], dtype='<U190'), array(['call', 'Call a runner out .', 'Call a football game .'],
      dtype='<U190'), array(['raise', 'Raise a sad cry .', 'Raise a protest .'], dtype='<U190'), array(['business', 'We do business all over the world .',
       "He 's such a poor cook , I ca n't believe he 's still in business !"],
      dtype='<U190')] ['True', 'False', 'False', 'True', 'True']
prediction: False
8 4 3 3
round: 86, dev_data: ('restore', 'Restore the emperor to the throne .', 'To restore harmony among those who are at variance .'), dev_label: True
[array(['head', 'He stuck his head out the window .',
       'They tracked him back toward the head of the stream .'],
      dtype='<U190'), array(['leave', 'Leave the flowers that you see in the park behind .',
       'Unfortunately , this cleaning product leaves behind a noticeable residue .'],
      dtype='<U190'), array(['discover', 'The story is false , so far as I can discover .',
       'I discovered how she did it .'], dtype='<U190'), array(['make', 'Make advances .', "She 'll make a fine president ."],
      dtype='<U190'), array(['snap', 'He gave his fingers a snap .',
       'Servants appeared at the snap of his fingers .'], dtype='<U190')] ['False', 'True', 'True', 'False', 'False']
prediction: True
9 4 3 3
round: 87, dev_data: ('election', 'The results of the election will be announced tonight .', 'They celebrated his election .'), dev_label: False
[array(['whisk',
       "The chef prepared to whisk the egg whites for the angel 's food cake .",
       'The President was whisked away in his limo .'], dtype='<U190'), array(['connect', 'Can you connect the two loudspeakers ?',
       'Our computers connected .'], dtype='<U190'), array(['hang', 'Hang a door .', 'The cloud of suspicion hangs over her .'],
      dtype='<U190'), array(['know', 'I want to know who is winning the game !',
       "I know it 's time ."], dtype='<U190'), array(['wash', 'The car is so dirty , we need to wash it .',
       'The swollen river washed away the footbridge .'], dtype='<U190')] ['False', 'True', 'False', 'True', 'False']
prediction: True
9 5 3 3
round: 88, dev_data: ('bell', 'Saved by the bell .', 'She heard the distant toll of church bells .'), dev_label: True
[array(['center',
       "It is a center 's responsibility to get the football to the quarterback .",
       'His stories made him the center of the party .'], dtype='<U190'), array(['year', 'In the year 1920 .',
       'A normal year has 365 full days , but there are 366 days in a leap year .'],
      dtype='<U190'), array(['bit', 'I gave him a bit of my mind .', 'A bit of lint .'],
      dtype='<U190'), array(['turn', 'Turn your face to the wall .',
       'Turn your dance partner around .'], dtype='<U190'), array(['leave', 'She was granted leave to speak .', 'He took his leave .'],
      dtype='<U190')] ['False', 'True', 'True', 'True', 'False']
prediction: False
9 5 4 3
round: 89, dev_data: ('logic', 'Economic logic requires it .', 'By the logic of war .'), dev_label: True
[array(['energy', 'Energy can take a wide variety of forms .',
       'Europeans often laugh at American energy .'], dtype='<U190'), array(['touch', 'He got in touch with his colleagues .',
       "This room needs a woman 's touch ."], dtype='<U190'), array(['shock', 'The armies met in the shock of battle .',
       'The train hit the buffers with a great shock .'], dtype='<U190'), array(['search', 'The outcome justified the search .',
       'A thorough search of the ledgers revealed nothing .'],
      dtype='<U190'), array(['application',
       'A novel application of electronics to medical diagnosis .',
       'December 31 is the deadline for applications .'], dtype='<U190')] ['False', 'False', 'False', 'True', 'False']
prediction: True
10 5 4 3
round: 90, dev_data: ('drip', 'After putting oil on the side of the salad , the chef should drip a little vinegar in the oil .', 'My broken pen dripped ink onto the table .'), dev_label: True
[array(['play', "They gave full play to the artist 's talent .",
       'We saw a two-act play in the theatre .'], dtype='<U190'), array(['grave', 'From cradle to grave .',
       'He went to his grave without forgiving me .'], dtype='<U190'), array(['treat',
       'I like to treat myself to a day at a spa when I am depressed .',
       'Grandmother always treated us to the circus .'], dtype='<U190'), array(['light', 'Can you shed light on this problem ?',
       'Put that light out !'], dtype='<U190'), array(['play', 'Play sports .', "Who 's playing now ?"], dtype='<U190')] ['False', 'True', 'True', 'False', 'True']
prediction: True
11 5 4 3
round: 91, dev_data: ('event', 'He acted very wise after the event .', 'In that event , the first possibility is excluded .'), dev_label: False
[array(['population',
       'The population of New Jersey will not stand for this !',
       'The African-American population of Salt Lake City has been increasing .'],
      dtype='<U190'), array(['cut', 'The coach cut two players from the team .',
       "We cut through the neighbor 's yard to get home sooner ."],
      dtype='<U190'), array(['constriction', 'Emotion caused a constriction of his throat .',
       'He felt a constriction in her chest .'], dtype='<U190'), array(['space', 'They tested his ability to locate objects in space .',
       'Functional analysis is best approached through a sound knowledge of Hilbert space theory .'],
      dtype='<U190'), array(['see', "I 'll probably see you at the meeting .",
       "They 're blind to the damage they do , but someday they 'll see ."],
      dtype='<U190')] ['False', 'False', 'True', 'True', 'True']
prediction: True
11 6 4 3
round: 92, dev_data: ('approval', 'He bought it on approval .', 'Although she fussed at them , she secretly viewed all her children with approval .'), dev_label: False
[array(['approach', 'Approach a new project .', 'Approach a task .'],
      dtype='<U190'), array(['pay', 'She had to pay the penalty for speaking out rashly .',
       'He paid her off the books and in kind where possible .'],
      dtype='<U190'), array(['drive', 'Drive the forest .', 'We drove the car to the garage .'],
      dtype='<U190'), array(['date', 'Do you know the date of the wedding ?',
       'I arranged a date with my Australian business partners .'],
      dtype='<U190'), array(['set', 'Set these words in italics .', 'Set the house afire .'],
      dtype='<U190')] ['True', 'False', 'False', 'False', 'False']
prediction: False
11 6 4 4
round: 93, dev_data: ('marmalade', 'Thick cut marmalade .', 'Lime marmalade .'), dev_label: True
[array(['rise', 'Rise to a challenge .', 'The building rose before them .'],
      dtype='<U190'), array(['carry', 'He can not carry a tune .',
       'Amanda carried the package to New York .'], dtype='<U190'), array(['number',
       'In English the subject and the verb must agree in number .',
       'I hope to become one of their number before I die .'],
      dtype='<U190'), array(['mode', 'Their nomadic mode of existence .',
       'Switched from keyboard to voice mode .'], dtype='<U190'), array(['take', 'Do you take me for a fool ?',
       'He was often taken to be a man of means .'], dtype='<U190')] ['False', 'False', 'False', 'False', 'True']
prediction: True
12 6 4 4
round: 94, dev_data: ('dress', 'Parents must feed and dress their child .', 'I rose and dressed before daybreak .'), dev_label: True
[array(['work', 'This dough does not work easily .',
       'My wife never worked .'], dtype='<U190'), array(['check', 'Check into the rumor .', 'Check the time of the class .'],
      dtype='<U190'), array(['time', 'This time he succeeded .',
       'Okay , but this is the last time . No more after that !'],
      dtype='<U190'), array(['stay', 'A four-month stay in bankruptcy court .',
       'A lengthy hospital stay .'], dtype='<U190'), array(['quarrel',
       'We got into a silly quarrel about what food to order .',
       'They had a quarrel .'], dtype='<U190')] ['False', 'True', 'True', 'True', 'True']
prediction: True
13 6 4 4
round: 95, dev_data: ('square', 'You can compute the area of a square if you know the length of its sides .', 'A checkerboard has 64 squares .'), dev_label: False
[array(['make', 'She may not make the grade .',
       'He made twenty bucks playing poker last night .'], dtype='<U190'), array(['fatigue', 'He was suffering from museum fatigue .',
       'The American public is experiencing scandal fatigue .'],
      dtype='<U190'), array(['ulteriority', 'A terrible feeling of ulteriority .',
       'Their conversation was limited to ulteriorities .'], dtype='<U190'), array(['round', 'Round off the amount .',
       "The total is $ 25,715 but to keep the figures simple , I 'll round it down to $ 25,000 ."],
      dtype='<U190'), array(['carry', 'These bonds carry warrants .',
       'This undertaking carries many dangers .'], dtype='<U190')] ['False', 'True', 'True', 'True', 'True']
prediction: False
13 6 4 5
round: 96, dev_data: ('trip', 'He took a trip to the shopping center .', 'We made a trip to the beach .'), dev_label: True
[array(['assume',
       'Mr. Jones will assume the position of a lifeguard until a proper replacement is found .',
       'The queen assumed the stately robes .'], dtype='<U190'), array(['care', "I do n't care .", 'We cared about the opera .'],
      dtype='<U190'), array(['come', 'Come out of the closet !',
       'He comes from humble origins .'], dtype='<U190'), array(['break', 'Break a circuit .',
       'Who broke into my account last night ?'], dtype='<U190'), array(['dozen', "There should n't be more than two dozens .",
       'Pack the shirts in dozens , please .'], dtype='<U190')] ['False', 'True', 'False', 'False', 'True']
prediction: True
14 6 4 5
round: 97, dev_data: ('restraint', 'He was a model of polite restraint .', 'The unlawful restraint of trade .'), dev_label: False
[array(['implement', 'Implement a procedure .',
       "It 's a good thought , but it will be a difficult thing to implement ."],
      dtype='<U190'), array(['life', 'He got life for killing the guard .', 'City life .'],
      dtype='<U190'), array(['fly', 'Fly a kite .',
       'Lindbergh was the first to fly the Atlantic .'], dtype='<U190'), array(['make', 'What do you make of his remarks ?',
       'How much do you make a month in your new job ?'], dtype='<U190'), array(['acknowledge',
       '* I acknowledge my transgressions . - Psalm 51:3 .',
       '* For ends generally acknowledged to be good . - Thomas Macaulay .'],
      dtype='<U190')] ['False', 'False', 'False', 'False', 'True']
prediction: False
14 6 4 6
round: 98, dev_data: ('seating', 'There is plenty of comfortable seating .', 'There is seating for 40 students in this classroom .'), dev_label: True
[array(['run', "Do n't run that software unless you have permission . ' .",
       'Run rogue .'], dtype='<U190'), array(['grain', 'He does not have a grain of sense .',
       'There was a grain of truth in what he said .'], dtype='<U190'), array(['rub', 'Rub oil into her skin .',
       'The cat rubbed itself against my leg .'], dtype='<U190'), array(['pack', 'Pack the books into the boxes .',
       'To pack goods in a box .'], dtype='<U190'), array(['know', 'I know that the President lied to the people .',
       'It is vital that he not know .'], dtype='<U190')] ['False', 'True', 'True', 'True', 'True']
prediction: True
15 6 4 6
round: 99, dev_data: ('irony', "The irony of Ireland 's copying the nation she most hated .", 'Irony is wasted on the stupid .'), dev_label: False
[array(['nick',
       "He 's just been released from Shadwell nick prison after doing ten years for attempted murder .",
       "He 's in the nick ."], dtype='<U190'), array(['rub', 'Rub my hands .', 'I rubbed my hands together for warmth .'],
      dtype='<U190'), array(['play', 'Play the stock market .', 'Play cards .'], dtype='<U190'), array(['tell', 'Tell me what is bothering you .',
       'Ellen told Helen how to avoid the crowd .'], dtype='<U190'), array(['peace',
       'Our lounge strives to maintain an environment of peace for the comfort of our customers .',
       'My boy , this peace is what all true warriors strive for .'],
      dtype='<U190')] ['True', 'True', 'False', 'True', 'False']
prediction: False
15 6 4 7
round: 100, dev_data: ('flare', 'The skirt had a wide flare .', 'She could not control her flare of rage .'), dev_label: False
[array(['authority', 'Respect my authority !',
       'She spoke with authority .'], dtype='<U190'), array(['run', "Do n't run that software unless you have permission . ' .",
       'Run rogue .'], dtype='<U190'), array(['piece', 'An important piece of the evidence .',
       'He wrote an interesting piece on Iran .'], dtype='<U190'), array(['unit', 'He was a member of a special police unit .',
       'The reduced the number of units and installations .'],
      dtype='<U190'), array(['charge', 'This cartridge has a powder charge of 50 grains .',
       'The battery needed a fresh charge .'], dtype='<U190')] ['False', 'False', 'False', 'True', 'False']
prediction: False
15 6 4 8
round: 101, dev_data: ('internationalize', 'Internationalize trade of certain drugs .', 'We internationalized the committee .'), dev_label: False
[array(['life', 'The oceans are teeming with life .',
       'Having experienced both , the vampire decided that he preferred (un)death to life .'],
      dtype='<U190'), array(['focus',
       "If you 're going to beat your competitors , you need to focus .",
       'We focused on reading the book .'], dtype='<U190'), array(['top', 'He stared as she buttoned her top .',
       'Put your books on top of the desk .'], dtype='<U190'), array(['mercy',
       'It was a mercy that we were not inside when the roof collapsed .',
       'He threw himself on the mercy of the court .'], dtype='<U190'), array(['extend', 'Extend the casserole with a little rice .',
       'Extend the TV antenna .'], dtype='<U190')] ['False', 'True', 'False', 'False', 'False']
prediction: True
15 7 4 8
round: 102, dev_data: ('favor', "She enjoyed the queen 's favor .", 'To fall out of favor .'), dev_label: True
[array(['flight', 'I took the noon flight to Chicago .',
       'Where is the departure gate for flight 747 ? / Go straight down and to the right .'],
      dtype='<U190'), array(['snap', 'To snap a whip .', 'Bullets snapped past us .'],
      dtype='<U190'), array(['direction',
       'Is the direction of the economy a function of government ?',
       "I could n't follow the direction of his thoughts ."],
      dtype='<U190'), array(['excitement',
       'He could hardly conceal his excitement when she agreed .',
       'His face was flushed with excitement and his hands trembled .'],
      dtype='<U190'), array(['drink', "No thanks , I do n't drink .",
       "You 've been drinking , have n't you ?"], dtype='<U190')] ['True', 'False', 'False', 'False', 'True']
prediction: False
15 7 5 8
round: 103, dev_data: ('sit', 'I asked him to sit .', 'She sat on the jury .'), dev_label: False
[array(['pay', 'Pay a visit .', 'Pay a call .'], dtype='<U190'), array(['separation', 'The separation of wheat from chaff .',
       'He hid in the separation between walls .'], dtype='<U190'), array(['block', 'Block the graphs so one can see the results clearly .',
       'Block a plate for printing .'], dtype='<U190'), array(['smoke', 'It was just smoke and mirrors .',
       'He showed batters nothing but smoke .'], dtype='<U190'), array(['give', 'What will you give her for her birthday ?',
       'She gave a pair of shoes to her husband for their anniversary .'],
      dtype='<U190')] ['True', 'False', 'False', 'False', 'True']
prediction: True
15 8 5 8
round: 104, dev_data: ('shore', 'Shore and buttress an old building .', 'The river was shored by trees .'), dev_label: False
[array(['place', 'He comes from a place near Chicago .',
       'He lost his place on the page .'], dtype='<U190'), array(['wall', 'A wall of water .', 'The south wall had a small window .'],
      dtype='<U190'), array(['make', 'How much do you make a month in your new job ?',
       'He made twenty bucks playing poker last night .'], dtype='<U190'), array(['interest', 'In the common interest .', 'An interest in music .'],
      dtype='<U190'), array(['frequency',
       'The frequency of modulation was 40 cycles per second .',
       'The frequency of his seizures increased as he grew older .'],
      dtype='<U190')] ['False', 'False', 'True', 'False', 'True']
prediction: False
15 8 5 9
round: 105, dev_data: ('snorter', "The storm was n't long but it was a snorter .", 'A snorter of a sermon .'), dev_label: True
[array(['drive', 'Drive a car or bus .',
       'She finally drove him to change jobs .'], dtype='<U190'), array(['raise', 'To raise somebody to office .',
       'Chew with your mouth shut — were you raised in a barn ?'],
      dtype='<U190'), array(['invasion', 'An invasion of bees .',
       'An invasion of mobile phones .'], dtype='<U190'), array(['carry', 'The airwaves carry the sound .',
       'Sound carries well over water .'], dtype='<U190'), array(['crystallize', 'He tried to crystallize his thoughts .',
       'My ideas crystallized overnight .'], dtype='<U190')] ['False', 'True', 'True', 'True', 'True']
prediction: True
16 8 5 9
round: 106, dev_data: ('government', 'Tyrannical government .', 'He had considerable experience of government .'), dev_label: False
[array(['ball', 'The ball rolled into the corner pocket .',
       'The ball travelled 90 mph on his serve .'], dtype='<U190'), array(['focus', 'Please focus on your studies and not on your hobbies .',
       'We focused on what to do .'], dtype='<U190'), array(['line',
       'The answer to the comprehension question can be found in the third line of the accompanying text .',
       'A nice line of shoes .'], dtype='<U190'), array(['mean', 'I mean no harm .',
       'I meant to take the car in for a smog check , but it slipped my mind .'],
      dtype='<U190'), array(['institution', 'The institution of marriage .',
       'He had become an institution in the theater .'], dtype='<U190')] ['True', 'True', 'False', 'True', 'True']
prediction: True
16 9 5 9
round: 107, dev_data: ('producer', 'Maine is a leading producer of potatoes .', 'This microorganism is a producer of disease .'), dev_label: True
[array(['head', 'A head of cauliflower .', 'A head of lettuce .'],
      dtype='<U190'), array(['eat', "I did n't eat yet , so I gladly accept your invitation .",
       'We did not eat until 10 P.M. because there were so many phone calls .'],
      dtype='<U190'), array(['ambition', 'My ambition is to own a helicopter .',
       'His ambition is to own his own business .'], dtype='<U190'), array(['feel', 'She has a feel for music .',
       'He has a feel for animals .'], dtype='<U190'), array(['play', "This speech did n't play well with the American public .",
       'Play football .'], dtype='<U190')] ['True', 'True', 'True', 'True', 'False']
prediction: False
16 9 6 9
round: 108, dev_data: ('step', 'The architect wants to step the terrace .', 'She is always stepping on others to get ahead .'), dev_label: False
[array(['part', 'He tried to sing the tenor part .',
       'His part was right in the middle .'], dtype='<U190'), array(['interest', 'In the common interest .', 'An interest in music .'],
      dtype='<U190'), array(['breath', 'I could hear the breath of the runner behind me .',
       'He was fighting to his last breath .'], dtype='<U190'), array(['center', 'His stories made him the center of the party .',
       'They had to reinforce the center .'], dtype='<U190'), array(['double',
       'His first job in Hollywood was as a double for Clark Gable .',
       'He hit a double to deep centerfield .'], dtype='<U190')] ['False', 'False', 'True', 'False', 'False']
prediction: False
16 9 6 10
round: 109, dev_data: ('lock', 'If you put the brakes on too hard , the wheels will lock .', 'She locked her jewels in the safe .'), dev_label: True
[array(['drag', 'He performed in drag .',
       'He went to the party dressed in drag .'], dtype='<U190'), array(['draw', 'Draw pulp from the fruit .',
       'To draw a memorial , a deed , or bill of exchange .'],
      dtype='<U190'), array(['air', 'The flock of birds took to the air .',
       'I need some fresh air .'], dtype='<U190'), array(['role',
       'The role of women has changed significantly in the last century .',
       'What is your role on the team ?'], dtype='<U190'), array(['give', 'Give thought to .', 'Give priority to .'], dtype='<U190')] ['True', 'False', 'True', 'True', 'True']
prediction: False
16 9 7 10
round: 110, dev_data: ('interview', 'The reporter gave the witness an interview .', 'My interviews with teenagers revealed a weakening of religious bonds .'), dev_label: True
[array(['touch',
       'With the lights out , she had to rely on touch to find her desk .',
       'Only sight and touch enable us to locate objects in the space around us .'],
      dtype='<U190'), array(['hold', 'Hold your breath .', "What 's holding that mirror ?"],
      dtype='<U190'), array(['opening', 'The opening received good critical reviews .',
       'The opening of his arms was the sign I was waiting for .'],
      dtype='<U190'), array(['have',
       "The only girl who would have him was the miller 's daughter .",
       'We had a hard year last year , with the locust swarms and all that .'],
      dtype='<U190'), array(['acknowledge',
       '* I acknowledge my transgressions . - Psalm 51:3 .',
       '* For ends generally acknowledged to be good . - Thomas Macaulay .'],
      dtype='<U190')] ['True', 'False', 'False', 'False', 'True']
prediction: True
17 9 7 10
round: 111, dev_data: ('estimation', 'In my estimation the boy is innocent .', 'They had a high estimation of his ability .'), dev_label: False
[array(['start', 'He awoke with a start .', 'He woke with a start .'],
      dtype='<U190'), array(['connect', 'Can you connect the two loudspeakers ?',
       'Our computers connected .'], dtype='<U190'), array(['question', 'His claim to the property has come under question .',
       'The question of seniority will be discussed at the meeting .'],
      dtype='<U190'), array(['par', 'Par for this course is 72 .',
       'He needs to make this shot for par .'], dtype='<U190'), array(['be', 'When will the meeting be ?',
       'The dog was drowned by the boy .'], dtype='<U190')] ['True', 'True', 'False', 'True', 'True']
prediction: False
17 9 7 11
round: 112, dev_data: ('backup', 'A traffic backup on the main street .', 'He discovered a backup in the toilet .'), dev_label: True
[array(['take', 'Can you take this bag , please .', 'Take a cookie !'],
      dtype='<U190'), array(['place', 'This is a nice place for a picnic .',
       'A place in my heart .'], dtype='<U190'), array(['school', 'A school of small glittering fish swam by .',
       'The divers encountered a huge school of mackerel .'],
      dtype='<U190'), array(['run', 'My computer is too old to run the new OS .',
       'Run the dishwasher .'], dtype='<U190'), array(['go', "This sofa wo n't go with the chairs .",
       'We should go farther in this matter .'], dtype='<U190')] ['True', 'False', 'True', 'True', 'False']
prediction: True
18 9 7 11
round: 113, dev_data: ('lubricate', 'Lubricate my car .', 'The liquid in this can lubricates well .'), dev_label: False
[array(['catch',
       'She managed to catch herself before telling her boss what was on her mind .',
       'He caught the allusion in her glance .'], dtype='<U190'), array(['grain', 'There was a grain of truth in what he said .',
       'We stored a thousand tons of grain for the winter .'],
      dtype='<U190'), array(['play', "This speech did n't play well with the American public .",
       'Play football .'], dtype='<U190'), array(['give', 'Give the orders .', 'Give him my best regards .'],
      dtype='<U190'), array(['train', 'They joined the wagon train for safety .',
       "Unfortunately , the leading bridesmaid stepped on the bride 's train as they were walking down the aisle ."],
      dtype='<U190')] ['False', 'False', 'False', 'True', 'False']
prediction: True
18 10 7 11
round: 114, dev_data: ('wash', 'Dishwashers wash dishes much more efficiently than most humans .', 'Wash the towels , please !'), dev_label: False
[array(['bum',
       'That guy keeps interrupting the concert . Throw the bum out !',
       "Fred is becoming a bum - he 's not even bothering to work more than once a month ."],
      dtype='<U190'), array(['reaction',
       'The announcement of the verdict brought a violent reaction .',
       'You were in the courtroom . What is your reaction ?'],
      dtype='<U190'), array(['range', 'Range of motion .',
       'The army maintains a missile range in the desert .'],
      dtype='<U190'), array(['foot', 'Armored from head to foot .',
       'His bare feet projected from his trousers .'], dtype='<U190'), array(['trial', 'He had a fair trial and the jury found him guilty .',
       'The trials for the semifinals began yesterday .'], dtype='<U190')] ['True', 'True', 'False', 'True', 'False']
prediction: True
18 11 7 11
round: 115, dev_data: ('nose', 'The hound has a good nose .', 'The nose of the rocket heated up on reentry .'), dev_label: False
[array(['show', 'He bet $ 2 on number six to show .',
       "The car 's dull finish showed years of neglect ."], dtype='<U190'), array(['drop', "New Englanders drop their post-vocalic r 's .",
       'She dropped acid when she was a teenager .'], dtype='<U190'), array(['area', 'The photo is a little dark in that area .',
       'The area of a rectangle .'], dtype='<U190'), array(['empathize', 'You really have to empathize .',
       'You really have to empathize with their doing it .'],
      dtype='<U190'), array(['cover',
       'When the pot comes to a boil , cover it and reduce the heat to medium .',
       'Cover the child with a blanket .'], dtype='<U190')] ['False', 'False', 'True', 'True', 'False']
prediction: False
18 11 7 12
round: 116, dev_data: ('presence', 'He felt the presence of an evil force .', 'He sensed the presence of danger .'), dev_label: False
[array(['note', 'There was a note of gaiety in her manner .',
       'His notes were appended at the end of the article .'],
      dtype='<U190'), array(['spread', 'A big oil spot spread across the water .',
       'She liked to spread butter on her toast while it was still hot .'],
      dtype='<U190'), array(['return', 'The return of spring .',
       'The average return was about 5 % .'], dtype='<U190'), array(['sign',
       "Their angry expressions were a clear sign they did n't want to talk .",
       'Signs of disease are objective , whereas symptoms are subjective .'],
      dtype='<U190'), array(['compare', "You ca n't compare my problems and yours .",
       'We compared notes after we had both seen the movie .'],
      dtype='<U190')] ['False', 'False', 'False', 'True', 'True']
prediction: True
18 12 7 12
round: 117, dev_data: ('ceiling', 'The dining room had an ornate ceiling .', 'He put a ceiling on the number of women who worked for him .'), dev_label: False
[array(['day', 'After that day she never trusted him again .',
       'These days it is not unusual .'], dtype='<U190'), array(['purchase', 'To purchase land , to purchase a house .',
       'Carmen purchased a dress for $ 50 .'], dtype='<U190'), array(['practice',
       'It is good practice to check each door and window before leaving .',
       'It is the usual practice of employees there to wear neckties only when meeting with customers .'],
      dtype='<U190'), array(['traffic',
       'Traffic on the internet is lightest during the night .',
       'Heavy traffic overloaded the trunk lines .'], dtype='<U190'), array(['reek', 'You reek of perfume .', 'Marshes reeking in the sun .'],
      dtype='<U190')] ['True', 'True', 'True', 'True', 'False']
prediction: False
18 12 7 13
round: 118, dev_data: ('ruin', 'You have brought ruin on this entire family .', 'They explored several Roman ruins .'), dev_label: False
[array(['charge', 'His charge was deliver a message .',
       'The charges against the estate .'], dtype='<U190'), array(['dissent', 'Dissent to the laws of the country .',
       'Several Republicans dissented .'], dtype='<U190'), array(['question', 'The question of disease merits serious discussion .',
       'There was a question of which material to use .'], dtype='<U190'), array(['love', "A mother 's love is not easily shaken .",
       'The theater was her first love .'], dtype='<U190'), array(['acquisition', 'The acquisition of one company by another .',
       'The acquisition of wealth .'], dtype='<U190')] ['False', 'False', 'True', 'False', 'True']
prediction: False
18 12 7 14
round: 119, dev_data: ('bandage', 'Bandage an incision .', 'The nurse bandaged a sprained ankle .'), dev_label: True
[array(['air', 'An air of mystery .',
       'The program was on the air from 9 til midnight .'], dtype='<U190'), array(['fair', 'World fair .', 'Trade fair .'], dtype='<U190'), array(['term', 'He left school before the end of term .',
       'He was sentenced to a term of six years in prison .'],
      dtype='<U190'), array(['song',
       'Thomas listened to his favorite song on the radio yesterday .',
       'With a shout and a song they marched up to the gates .'],
      dtype='<U190'), array(['train', 'They joined the wagon train for safety .',
       "The bride 's train was carried by her two young nephews ."],
      dtype='<U190')] ['False', 'True', 'True', 'False', 'False']
prediction: True
19 12 7 14
round: 120, dev_data: ('move', 'I was sitting on the sofa for a long time , I was too lazy to move .', 'We moved from our previous position .'), dev_label: True
[array(['make', "He did n't make the choir after his voice changed .",
       'He made twenty bucks playing poker last night .'], dtype='<U190'), array(['drive', 'He took the family for a drive in his new car .',
       'A variable speed drive permitted operation through a range of speeds .'],
      dtype='<U190'), array(['clearance', 'The plane was given clearance to land .',
       'The plane got clearance from air traffic control , and we were off .'],
      dtype='<U190'), array(['cost',
       'The average cost of a new house is twice as much as t was 20 years ago .',
       'The cost in human life was enormous .'], dtype='<U190'), array(['think', 'Just think -- you could be rich one day !',
       'Think what a scene it must have been !'], dtype='<U190')] ['True', 'False', 'True', 'False', 'True']
prediction: True
20 12 7 14
round: 121, dev_data: ('conflict', 'He noticed a conflict in the dates of the two meetings .', "This form of conflict is essential to Mann 's writing ."), dev_label: False
[array(['flood', 'Flood the market with tennis shoes .',
       'The images flooded his mind .'], dtype='<U190'), array(['use', "I ca n't use this tool .",
       'Use the plastic bags to store the food .'], dtype='<U190'), array(['include',
       'I will purchase the vacation package if you will include car rental .',
       'We must include this chemical element in the group .'],
      dtype='<U190'), array(['member', 'Canada is a member of the United Nations .',
       'Members of the opposite sex .'], dtype='<U190'), array(['beam', 'To beam forth light .',
       'The fire beamed on their faces .'], dtype='<U190')] ['False', 'True', 'True', 'False', 'True']
prediction: True
20 13 7 14
round: 122, dev_data: ('cookery', 'People are needed who have experience in cookery .', 'Henry was not very good at cookery and most of his meals ended up burned .'), dev_label: True
[array(['piece', 'He sacrificed a piece to get a strategic advantage .',
       'He needed a piece of granite .'], dtype='<U190'), array(['confidence', 'After that failure he lost his confidence .',
       'Everyone trusted him with their confidences .'], dtype='<U190'), array(['luck', 'Bad luck caused his downfall .',
       'Gilbert had some bad luck yesterday — he got pick - pocketed and lost fifty dollars .'],
      dtype='<U190'), array(['order', 'It was on the order of a mile .', 'Law and order .'],
      dtype='<U190'), array(['give', 'The French doors give onto a terrace .',
       'Give a course .'], dtype='<U190')] ['False', 'False', 'True', 'False', 'False']
prediction: True
21 13 7 14
round: 123, dev_data: ('image', 'A public image is as fragile as Humpty Dumpty .', 'A movie is a series of images projected so rapidly that the eye integrates them .'), dev_label: False
[array(['make', 'Make a cake .',
       'He made twenty bucks playing poker last night .'], dtype='<U190'), array(['make', 'Make enemies .',
       'He made a fool of himself at the meeting .'], dtype='<U190'), array(['inclination', 'The alkaline inclination of the local waters .',
       'Her inclination is for classical music .'], dtype='<U190'), array(['eat', "I did n't eat yet , so I gladly accept your invitation .",
       'We did not eat until 10 P.M. because there were so many phone calls .'],
      dtype='<U190'), array(['fast', 'Muslims fast during Ramadan .',
       'Catholics sometimes fast during Lent .'], dtype='<U190')] ['False', 'False', 'False', 'True', 'True']
prediction: False
21 13 7 15
round: 124, dev_data: ('beat', 'He heard the beat of a drum .', 'The conductor set the beat .'), dev_label: False
[array(['skinful',
       "I was n't thinking straight – I 'd had a skinful that night .",
       'Someone had to drive me home last night because I had a skinful .'],
      dtype='<U190'), array(['quality',
       'The quality of mercy is not strained "-- Shakespeare .',
       'One of the qualities of pure iron is that it does not rust easily .'],
      dtype='<U190'), array(['thing', "I could n't tell what the thing was .",
       'To say the same thing in other terms .'], dtype='<U190'), array(['stretch',
       'Cats stretch with equal ease and agility beyond the point that breaks a man on the rack .',
       'I always stretch my muscles before exercising .'], dtype='<U190'), array(['check', 'Check the brakes .', 'Check out the engine .'],
      dtype='<U190')] ['True', 'True', 'False', 'True', 'True']
prediction: True
21 14 7 15
round: 125, dev_data: ('pitch', 'Pitch a tent .', 'Pitch the tent over there .'), dev_label: True
[array(['sense', 'A sense of self .', 'A sense of happiness .'],
      dtype='<U190'), array(['baby', 'When is your baby due ?',
       'The baby of the Supreme Court .'], dtype='<U190'), array(['session', 'A training session .', 'A gossip session .'],
      dtype='<U190'), array(['term', 'He left school before the end of term .',
       'He was sentenced to a term of six years in prison .'],
      dtype='<U190'), array(['inventory',
       'An inventory may be necessary to see if anything is missing .',
       'They held an inventory every month .'], dtype='<U190')] ['True', 'False', 'True', 'True', 'True']
error
round: 125, dev_data: ('pitch', 'Pitch a tent .', 'Pitch the tent over there .'), dev_label: True
[array(['say', 'What does the law say ?',
       'The registrar says that I owe the school money .'], dtype='<U190'), array(['play', 'Play fair .', 'Play football .'], dtype='<U190'), array(['clear', 'The check will clear within 2 business days .',
       'The sky cleared after the storm .'], dtype='<U190'), array(['fit', 'How does this shirt fit ?',
       "The small shirt does n't fit me , so I 'll buy the medium size ."],
      dtype='<U190'), array(['system',
       'He tried to understand their system of classification .',
       'The system consists of a motor and a small computer .'],
      dtype='<U190')] ['False', 'False', 'False', 'True', 'False']
prediction: True
22 14 7 15
round: 126, dev_data: ('marginalization', 'The marginalization of the underclass .', 'The marginalization of literature .'), dev_label: True
[array(['touch', 'He could not touch the meaning of the poem .',
       'They stood next to each other , their shoulders touching .'],
      dtype='<U190'), array(['soften', 'This liquid will soften your laundry .',
       'Soften the butter before beating in the sugar .'], dtype='<U190'), array(['shelve', 'Shelve books .',
       'The library needs volunteers to help shelve books .'],
      dtype='<U190'), array(['give', "Give one 's opinion .", 'Give an excuse .'], dtype='<U190'), array(['impression', 'He made a good impression .',
       'I wanted to create an impression of success .'], dtype='<U190')] ['False', 'True', 'True', 'True', 'True']
prediction: True
23 14 7 15
round: 127, dev_data: ('plus', 'Two plus two equals four .', 'Four plus three equals seven .'), dev_label: True
[array(['run', "Do n't run that software unless you have permission . ' .",
       'The dogs are running deer .'], dtype='<U190'), array(['command', 'General Smith was placed in command .',
       'An admiral in command .'], dtype='<U190'), array(['field',
       'The set of rational numbers , \\mathbbQ , is the prototypical field .',
       'Field of view .'], dtype='<U190'), array(['box', 'An armed guard sat in the box with the driver .',
       'The flowchart contained many boxes .'], dtype='<U190'), array(['hold', 'To hold good .', 'The weather held .'], dtype='<U190')] ['False', 'True', 'False', 'False', 'True']
prediction: True
24 14 7 15
round: 128, dev_data: ('god', 'He was a god among men .', 'Money was his god .'), dev_label: False
[array(['product', 'Skill is the product of hours of practice .',
       'His reaction was the product of hunger and fatigue .'],
      dtype='<U190'), array(['sex', 'They had sex in the back seat .',
       '( The believers ... those ... ) who abstain from sex .'],
      dtype='<U190'), array(['business', 'Show me where the business was today .',
       'Business has been slow lately .'], dtype='<U190'), array(['price', 'The price of success is hard work .',
       'What price glory ?'], dtype='<U190'), array(['go', 'Ready , set , go !', 'I went on holiday and got malaria .'],
      dtype='<U190')] ['True', 'True', 'True', 'True', 'False']
prediction: False
24 14 7 16
round: 129, dev_data: ('defang', 'Defang the poisonous snake .', 'The snake was defanged .'), dev_label: True
[array(['strike', 'Strike coins .',
       'The thought struck terror in our minds .'], dtype='<U190'), array(['draw',
       "A ship 's sail is said to draw when it is filled with wind .",
       'The nurse drew blood .'], dtype='<U190'), array(['garage', "We do n't garage our car .",
       'We garaged the convertible during the monsoon months .'],
      dtype='<U190'), array(['work', 'Do you want to work after the age of 60 ?',
       'She never worked because she inherited a lot of money .'],
      dtype='<U190'), array(['fall', 'The hills around here fall towards the ocean .',
       'His eyes fell .'], dtype='<U190')] ['False', 'False', 'True', 'True', 'False']
prediction: True
25 14 7 16
round: 130, dev_data: ('school', 'The school was founded in 1900 .', 'When the school day was done we would walk home together .'), dev_label: False
[array(['gratification',
       'To my immense gratification he arrived on time .',
       'Dull repetitious work gives no gratification .'], dtype='<U190'), array(['quality',
       'This school is well-known for having teachers of high quality .',
       'The quality of students has risen .'], dtype='<U190'), array(['give', 'Give a course .', 'The draft gave me a cold .'],
      dtype='<U190'), array(['use', "I ca n't use this tool .",
       'Use the plastic bags to store the food .'], dtype='<U190'), array(['beat', 'Beat on the door .', 'The sun was beating down on us .'],
      dtype='<U190')] ['True', 'True', 'False', 'True', 'False']
prediction: True
25 15 7 16
round: 131, dev_data: ('enrich', 'Hobbies enrich lives .', 'The oil boom enriched a lot of local people .'), dev_label: False
[array(['discover', 'The story is false , so far as I can discover .',
       'I discovered how she did it .'], dtype='<U190'), array(['window',
       'The expanded window will give us time to catch the thieves .',
       'They had a window of less than an hour when an attack would have succeeded .'],
      dtype='<U190'), array(['ping', 'Ping your machine in the office .',
       'The bugs pinged the lamp shade .'], dtype='<U190'), array(['population',
       'The population of New Jersey will not stand for this !',
       'The African-American population of Salt Lake City has been increasing .'],
      dtype='<U190'), array(['ribbon', 'The lighted ribbon of traffic .',
       'A mere ribbon of land .'], dtype='<U190')] ['True', 'True', 'False', 'False', 'True']
prediction: True
25 16 7 16
round: 132, dev_data: ('visibility', 'A windshield with good visibility .', 'That candidate does not have sufficient visibility to win an election .'), dev_label: False
[array(['take', 'Take a scene .', 'Do you take sugar in your coffee ?'],
      dtype='<U190'), array(['repair', 'To repair a shattered fortune .',
       'To repair to sanctuary for safety .'], dtype='<U190'), array(['appointment',
       "I 'm leaving work early because I have a doctor 's appointment .",
       'They made an appointment to meet at six .'], dtype='<U190'), array(['appointment',
       "I 'm leaving work early because I have a doctor 's appointment .",
       'He erred by the appointment of unsuitable men .'], dtype='<U190'), array(['make', 'Make an estimate .', 'What do you make of his remarks ?'],
      dtype='<U190')] ['False', 'False', 'True', 'False', 'True']
prediction: False
25 16 7 17
round: 133, dev_data: ('post', 'Post a sign .', "I 'll post the news on the bulletin board ."), dev_label: False
[array(['answer', 'Answer the telephone .',
       'Nobody answered when I knocked on the door .'], dtype='<U190'), array(['side', 'Which side of the tray shall I put it on ?',
       'He is on the purchasing side of the business .'], dtype='<U190'), array(['strike', 'Strike a bargain .',
       'The Germans struck Poland on Sept. 1 , 1939 .'], dtype='<U190'), array(['treat',
       'I like to treat myself to a day at a spa when I am depressed .',
       'Grandmother always treated us to the circus .'], dtype='<U190'), array(['business', 'A racially integrated business concern .',
       'Show me where the business was today .'], dtype='<U190')] ['True', 'False', 'False', 'True', 'False']
prediction: True
25 17 7 17
round: 134, dev_data: ('adhesion', 'The adhesion of Seville was decisive .', 'A heated hydraulic press was required for adhesion .'), dev_label: False
[array(['strike', 'Strike coins .', 'Strike a pose .'], dtype='<U190'), array(['disposition', 'A swelling with a disposition to rupture .',
       'Salt has a disposition to dissolve in water .'], dtype='<U190'), array(['word', 'I give you my word that I will be there on time .',
       'He gave his word .'], dtype='<U190'), array(['wall', 'A wall of water .',
       'Negotiations ran into a brick wall .'], dtype='<U190'), array(['push', 'You need to push quite hard to get this door open .',
       'He pushed her to finish her doctorate .'], dtype='<U190')] ['False', 'False', 'True', 'True', 'False']
prediction: False
25 17 7 18
round: 135, dev_data: ('sister', 'My sister is always driving me crazy .', 'My sister married a musician .'), dev_label: True
[array(['memorability', 'True memorability of phrase .',
       'Continuous change results in lack of memorability .'],
      dtype='<U190'), array(['movement', 'The second movement is slow and melodic .',
       'It was an expensive watch with a diamond movement .'],
      dtype='<U190'), array(['bankruptcy', 'Moral bankruptcy .', 'Intellectual bankruptcy .'],
      dtype='<U190'), array(['softness',
       'He attributes the disappointing results to softness in the economy .',
       'Orders have recently picked up after a period of extreme softness .'],
      dtype='<U190'), array(['price', 'The price of gasoline .',
       'I paid a high price for my folly .'], dtype='<U190')] ['True', 'False', 'True', 'True', 'True']
prediction: True
26 17 7 18
round: 136, dev_data: ('expose', 'Expose the blanket to sunshine .', 'Expose your students to art .'), dev_label: True
[array(['point', 'At that point I had to leave .', 'To fall off a point .'],
      dtype='<U190'), array(['baron',
       'A “ robber baron ” or “ robber knight ” is an historic term and title of disdain .',
       'An oil baron .'], dtype='<U190'), array(['wall', 'A wall of water .', 'The south wall had a small window .'],
      dtype='<U190'), array(['face', 'The face of this company .', 'Why the sad face ?'],
      dtype='<U190'), array(['flatten',
       'As there was a lot of damage , we chose the heavy roller to flatten the pitch .',
       'Mary would flatten the dough before rolling it into pretzels .'],
      dtype='<U190')] ['False', 'True', 'False', 'False', 'True']
prediction: True
27 17 7 18
round: 137, dev_data: ('sound', 'The sound of rain on the roof .', 'The beautiful sound of music .'), dev_label: True
[array(['spill', 'Spill the milk .',
       'The former employee spilled all the details .'], dtype='<U190'), array(['identity',
       'Geneticists only recently discovered the identity of the gene that causes it .',
       'It was too dark to determine his identity .'], dtype='<U190'), array(['make', 'She may not make the grade .', 'Make a stir .'],
      dtype='<U190'), array(['catch', 'Ears open to catch every sound .',
       'I caught the aroma of coffee .'], dtype='<U190'), array(['case',
       'The teaching consists of theory lessons and case studies .',
       'A window case .'], dtype='<U190')] ['False', 'True', 'False', 'True', 'False']
prediction: True
28 17 7 18
round: 138, dev_data: ('jolt', 'The door closed with a jolt .', 'All the jars and jolts were smoothed out by the shock absorbers .'), dev_label: True
[array(['face', 'Why the sad face ?', 'He washed his face .'],
      dtype='<U190'), array(['catch',
       "I have some free time tonight so I think I 'll catch a movie .",
       'The fashion did not catch .'], dtype='<U190'), array(['bolt', "Do n't bolt your food !",
       'Seeing the snake , the horse bolted .'], dtype='<U190'), array(['crunch', 'A financial crunch .', 'An end-of-the year crunch .'],
      dtype='<U190'), array(['trade', 'They are accused of conspiring to constrain trade .',
       'Venice was an important center of trade with the East .'],
      dtype='<U190')] ['False', 'False', 'False', 'True', 'True']
prediction: False
28 17 8 18
round: 139, dev_data: ('sketch', 'Sketch the building .', 'Sketch the outline of the book .'), dev_label: False
[array(['break', 'Break a branch from a tree .',
       'The business partners broke over a tax question .'], dtype='<U190'), array(['point', 'He missed the point of the joke .',
       "The cannibal 's teeth were filed to sharp points ."],
      dtype='<U190'), array(['soften', 'This liquid will soften your laundry .',
       'Soften the butter before beating in the sugar .'], dtype='<U190'), array(['trust',
       'He is the beneficiary of a generous trust set up by his father .',
       'He betrayed their trust .'], dtype='<U190'), array(['baby', 'It was great to feel my baby moving about inside .',
       'I felt healthy and very feminine carrying the baby .'],
      dtype='<U190')] ['False', 'False', 'True', 'False', 'True']
prediction: True
28 18 8 18
round: 140, dev_data: ('fill', 'There was not enough fill for the trench .', 'The mixer returned to the plant for another fill .'), dev_label: True
[array(['spread', 'A big oil spot spread across the water .',
       'She liked to spread butter on her toast while it was still hot .'],
      dtype='<U190'), array(['pass', 'The plane turned to make a second pass .',
       'The media representatives had special passes .'], dtype='<U190'), array(['containment', 'The containment of the rebellion .',
       'The containment of the AIDS epidemic .'], dtype='<U190'), array(['spread', 'I spread the rice grains evenly over the floor .',
       'The rumor spread .'], dtype='<U190'), array(['product', 'His reaction was the product of hunger and fatigue .',
       'They improve their product every year .'], dtype='<U190')] ['False', 'False', 'True', 'False', 'False']
prediction: True
29 18 8 18
round: 141, dev_data: ('depth', 'The depth of the water .', 'Depth of a closet .'), dev_label: True
[array(['process',
       "This product of last month 's quality standards committee is quite good , even though the process was flawed .",
       'Events now in process .'], dtype='<U190'), array(['wrestle', 'They had a fierce wrestle .',
       'We watched his grappling and wrestling with the bully .'],
      dtype='<U190'), array(['delivery', 'She had a difficult delivery .',
       'His reluctant delivery of bad news .'], dtype='<U190'), array(['authority', 'Respect my authority !',
       'I have the authority to penalise the staff in my department , but not the authority to sack them .'],
      dtype='<U190'), array(['soften', 'This liquid will soften your laundry .',
       'Soften the butter before beating in the sugar .'], dtype='<U190')] ['True', 'True', 'False', 'True', 'True']
prediction: True
30 18 8 18
round: 142, dev_data: ('organize', 'Can you help me organize my files ?', 'Organize a strike .'), dev_label: False
[array(['search', 'The outcome justified the search .',
       'A thorough search of the ledgers revealed nothing .'],
      dtype='<U190'), array(['keep', 'Keep open the possibility of a merger .',
       'Keep my seat , please .'], dtype='<U190'), array(['furniture',
       'They had too much furniture for the small apartment .',
       'A chair is furniture . Sofas are also furniture .'], dtype='<U190'), array(['course', 'We offer seafood as the first course .',
       'He took a course in basket weaving .'], dtype='<U190'), array(['appear', 'He had to appear in court last month .',
       'A ship appeared .'], dtype='<U190')] ['True', 'True', 'True', 'False', 'False']
prediction: True
30 19 8 18
round: 143, dev_data: ('gas', 'He stepped on the gas .', 'The atmosphere is made up of a number of different gases .'), dev_label: False
[array(['meet', 'Does this paper meet the requirements for the degree ?',
       'This proposal meets my requirements .'], dtype='<U190'), array(['think', 'I think she is pretty , contrary to most people .',
       'I think he is very smart .'], dtype='<U190'), array(['catch', 'Catch the mood .',
       'The Rolls Royce caught us near the exit ramp .'], dtype='<U190'), array(['set', 'Set a record .', 'To set pear trees in an orchard .'],
      dtype='<U190'), array(['rest',
       'I need to get a good rest tonight ; I was up late last night .',
       'The gun was steadied on a special rest .'], dtype='<U190')] ['True', 'True', 'False', 'False', 'False']
prediction: False
30 19 8 19
round: 144, dev_data: ('nonproliferation', 'Nuclear disarmament and nonproliferation are closely related goals .', 'They protested that the nonproliferation treaty was just a plot to maintain the hegemony of those who already had nuclear weapons .'), dev_label: True
[array(['court', 'Players had to reserve a court in advance .',
       'Pay court to the emperor .'], dtype='<U190'), array(['turn', 'In Vermont , the leaves turn early .',
       'Ivory turns well .'], dtype='<U190'), array(['beat', 'Beat a path through the forest .', "Beat one 's breast ."],
      dtype='<U190'), array(['drop', 'A drop of each sample was analyzed .',
       'There was a drop in pressure in the pulmonary artery .'],
      dtype='<U190'), array(['work', 'Can you work an electric drill ?',
       'This pilot works the controls .'], dtype='<U190')] ['False', 'False', 'False', 'False', 'True']
prediction: True
31 19 8 19
round: 145, dev_data: ('rig', 'Rig a ship .', 'They rigged the bomb to the ignition .'), dev_label: False
[array(['draw', 'Draw a wagon .', 'She drew $ 2,000 from the account .'],
      dtype='<U190'), array(['admit', 'To admit evidence in the trial of a cause .',
       'This pipe admits air .'], dtype='<U190'), array(['lot', 'A lot of money .', 'He bought a lot on the lake .'],
      dtype='<U190'), array(['construction', 'He had worked in construction all his life .',
       'Their main business is home construction .'], dtype='<U190'), array(['bear', 'I can not bear his constant criticism .',
       'He bore himself with dignity .'], dtype='<U190')] ['False', 'True', 'False', 'True', 'False']
prediction: False
31 19 8 20
round: 146, dev_data: ('peace', 'The roommates lived in peace together .', 'Peace came on November 11th .'), dev_label: False
[array(['drift', "Do n't drift from the set course .",
       'The stock market drifted upward .'], dtype='<U190'), array(['strike', 'Strike a medal .',
       'The boxer struck the attacker dead .'], dtype='<U190'), array(['pay', 'Does she pay you for the work you are doing ?',
       'He paid off the loan three months early .'], dtype='<U190'), array(['make', 'To make like a deer caught in the headlights .',
       'They made nice together , as if their fight never happened .'],
      dtype='<U190'), array(['unit', 'A unit of wheat is a bushel .',
       'The word is a basic linguistic unit .'], dtype='<U190')] ['False', 'False', 'True', 'True', 'False']
prediction: True
31 20 8 20
round: 147, dev_data: ('drag', 'Too many laws are a drag on the use of new land .', 'Taxation is a drag on the economy .'), dev_label: True
[array(['take', 'Do you take sugar in your coffee ?',
       "A reading was taken of the earth 's tremors ."], dtype='<U190'), array(['connect', 'Can you connect the two loudspeakers ?',
       'Our computers connected together .'], dtype='<U190'), array(['copy', 'She made a copy of the designer dress .',
       'The clone was a copy of its ancestor .'], dtype='<U190'), array(['tumble', 'Wash in warm water and tumble dry .',
       'They tumbled the teams with no apparent pattern .'], dtype='<U190'), array(['picture', 'The very picture of a modern general .',
       'The political picture is favorable .'], dtype='<U190')] ['False', 'True', 'True', 'False', 'False']
prediction: True
32 20 8 20
round: 148, dev_data: ('introduce', 'Introduce the new neighbors to the community .', 'A new word processor was introduced .'), dev_label: False
[array(['draw', 'Draw steel .', 'Draw a line .'], dtype='<U190'), array(['turn', 'Turn the corner .', 'The water turned into ice .'],
      dtype='<U190'), array(['tension',
       'There is a tension between these approaches to understanding history .',
       'There is a tension created between narrative time and movie time .'],
      dtype='<U190'), array(['run', 'The ship made its run in record time .',
       'The bus on the Cherry Street run is always crowded .'],
      dtype='<U190'), array(['start', 'We simply could not start the engine .',
       'The rain started at 9:00 .'], dtype='<U190')] ['False', 'False', 'True', 'True', 'False']
prediction: False
32 20 8 21
round: 149, dev_data: ('shtik', 'Give him a shtik cake .', 'His shtik made us laugh .'), dev_label: False
[array(['fall', 'Fall prey to an imposter .',
       'The line of men fall forward .'], dtype='<U190'), array(['strike', 'Strike a medal .',
       'The boxer struck the attacker dead .'], dtype='<U190'), array(['look', 'He went out to have a look .',
       'His camera does his looking for him .'], dtype='<U190'), array(['shoot', 'Shoot craps .', 'Shoot a movie .'], dtype='<U190'), array(['camp', 'The houseguests had to camp in the living room .',
       'We camped there .'], dtype='<U190')] ['False', 'False', 'True', 'False', 'True']
prediction: False
32 20 8 22
round: 150, dev_data: ('history', 'All of human history .', 'History takes the long view .'), dev_label: False
[array(['pattern', 'They stayed in the pattern until the fog lifted .',
       "The traffic patterns around O'Hare are very crowded ."],
      dtype='<U190'), array(['side', 'He is on the purchasing side of the business .',
       'Look on the bright side .'], dtype='<U190'), array(['throw', 'The horse threw its rider .',
       'She threw herself forwards .'], dtype='<U190'), array(['drop', 'He had a drop too much to drink .',
       'A drop of 57 points on the Dow Jones index .'], dtype='<U190'), array(['strike', "We must strike the enemy 's oil fields .",
       'A hammer strikes against the bell of a clock .'], dtype='<U190')] ['True', 'True', 'False', 'False', 'False']
prediction: True
32 21 8 22
round: 151, dev_data: ('harness', 'Harness natural forces and resources .', 'Harness the horse .'), dev_label: False
[array(['foot', 'The foot of the mountain .', 'The foot of the page .'],
      dtype='<U190'), array(['cover',
       'When the pot comes to a boil , cover it and reduce the heat to medium .',
       'Cover the child with a blanket .'], dtype='<U190'), array(['be', 'I may be an hour .',
       'Where is my umbrella ? " " The toolshed is in the back .'],
      dtype='<U190'), array(['life', 'Get a life .', 'Social life .'], dtype='<U190'), array(['application', 'The application of maximum thrust .',
       'Massage has far-reaching medical applications .'], dtype='<U190')] ['True', 'False', 'False', 'True', 'True']
prediction: False
32 21 8 23
round: 152, dev_data: ('clatter', 'The clatter of iron wheels on cobblestones .', 'Clatter of shutters .'), dev_label: True
[array(['head', 'They say he gives good head .',
       '200 head of cattle and 50 head of horses .'], dtype='<U190'), array(['support', 'He does not support his natural children .',
       'The scholarship supported me when I was in college .'],
      dtype='<U190'), array(['floor',
       'The pit floor showed where a ring of post holes had been .',
       'Many sunken ships rest on the ocean floor .'], dtype='<U190'), array(['foot', 'The foot of the list .',
       'He stood at the foot of the tower .'], dtype='<U190'), array(['scrap', 'There was not a scrap left .',
       'She jotted it on a scrap of paper .'], dtype='<U190')] ['False', 'True', 'True', 'False', 'True']
prediction: False
32 21 9 23
round: 153, dev_data: ('religion', 'Islam is a major religion in parts of Asia and Africa .', 'Eckankar is a new religion but Zoroastrianism is an old religion .'), dev_label: True
[array(['get', 'What do you get when you add up these numbers ?',
       'I got a computer from my parents for my birthday .'],
      dtype='<U190'), array(['remove', 'Remove a threat .',
       'Remove the dirty dishes from the table .'], dtype='<U190'), array(['charge', 'Will you pay cash or charge the purchase ?',
       'Charge all weapons , shields , and banners .'], dtype='<U190'), array(['pull', 'Pull the string gently .', 'Pull the rope .'],
      dtype='<U190'), array(['head', '12 head of big cattle and 14 head of branded calves .',
       'A reduction in the assessment per head of sheep .'], dtype='<U190')] ['False', 'True', 'False', 'True', 'True']
prediction: True
33 21 9 23
round: 154, dev_data: ('squash', "We all managed to squash into Mum 's tiny car .", 'Somehow , she squashed all her books into her backpack , which was now too heavy to carry .'), dev_label: True
[array(['key', 'The key to solving this problem is persistence .',
       'The key to development is economic integration .'], dtype='<U190'), array(['kill', 'Kill a motion .', 'These new shoes are killing me !'],
      dtype='<U190'), array(['work', 'The soft metal works well .',
       'Start from the bottom and work towards the top .'], dtype='<U190'), array(['go', 'Go about the world in a certain manner .',
       "His knowledge does n't go very far ."], dtype='<U190'), array(['mire', 'Caught in the mire of poverty .',
       'The country is still trying to climb out of the mire left by its previous president .'],
      dtype='<U190')] ['True', 'False', 'False', 'False', 'True']
prediction: True
34 21 9 23
round: 155, dev_data: ('sex', "She did n't want to know the sex of the foetus .", 'Slime molds are sometimes erroneously said to have thirteen sexes .'), dev_label: True
[array(['call', 'Call a football game .',
       "She was called into the director 's office ."], dtype='<U190'), array(['perversion',
       'Perversion also shows up in kinky telephone cords .',
       'The tendrils of the plant exhibited perversion .'], dtype='<U190'), array(['hold', 'Hold your breath .', "What 's holding that mirror ?"],
      dtype='<U190'), array(['crush', 'Crush an aluminum can .',
       'She was crushed by his refusal of her invitation .'],
      dtype='<U190'), array(['spread',
       'The missionaries quickly spread their new message across the country .',
       'He spread fertilizer over the lawn .'], dtype='<U190')] ['False', 'True', 'False', 'False', 'False']
prediction: True
35 21 9 23
round: 156, dev_data: ('estimate', 'I estimate this chicken to weigh three pounds .', 'He estimated what would be likely .'), dev_label: True
[array(['time', 'He was a great actor in his time .',
       'He had a time holding back the tears .'], dtype='<U190'), array(['grip', 'It was an old briefcase but it still had a good grip .',
       'There are several good grips on the northern face of this rock .'],
      dtype='<U190'), array(['cut', 'Cut a movie scene .', 'Cut a Ping-Pong ball .'],
      dtype='<U190'), array(['follow', 'Can you follow her argument ?',
       'The police had been following him for weeks but they could not prove his involvement in the bombing .'],
      dtype='<U190'), array(['play',
       'The Democrats still have some cards to play before they will concede the electoral victory .',
       'This development played into her hands .'], dtype='<U190')] ['False', 'True', 'False', 'False', 'False']
prediction: False
35 21 10 23
round: 157, dev_data: ('burst', 'The bubble burst .', 'I blew the balloon up too much , and it burst .'), dev_label: True
[array(['make', 'Make a move .', 'They make a cute couple .'],
      dtype='<U190'), array(['break', 'Can you break a hundred-dollar bill for me ?',
       'The wholesaler broke the container loads into palettes and boxes for local retailers .'],
      dtype='<U190'), array(['carry', 'These bonds carry warrants .',
       'The restaurant carries an unusual name .'], dtype='<U190'), array(['hour', 'The job will take more than an hour .',
       'I spent an hour at lunch .'], dtype='<U190'), array(['charge', "Do n't forget to charge the drill .",
       'She was charged with supervising the creation of a concordance .'],
      dtype='<U190')] ['False', 'True', 'True', 'True', 'False']
prediction: True
36 21 10 23
round: 158, dev_data: ('relish', "I do n't relish the idea of going out tonight .", 'He relishes their time together .'), dev_label: True
[array(['follow', 'Please follow the guide through the museum .',
       'The ducklings followed their mother around the pond .'],
      dtype='<U190'), array(['strike', "We must strike the enemy 's oil fields .",
       'In the fifth inning , the Giants struck , sending three runners home to win the game 5 to 2 .'],
      dtype='<U190'), array(['cover', 'Cover the child with a blanket .',
       'Cover the grave with flowers .'], dtype='<U190'), array(['formation', 'The formation of sentences .',
       'A defensive formation .'], dtype='<U190'), array(['spell', 'The letters “ a ” , “ n ” and “ d ” spell “ and ” .',
       "I 'm afraid this spells trouble !"], dtype='<U190')] ['True', 'True', 'True', 'False', 'False']
prediction: True
37 21 10 23
round: 159, dev_data: ('twist', "Twist one 's head .", 'Twist the strips of dough .'), dev_label: False
[array(['accept', 'I can not accept your invitation .',
       'We accept the idea of universal health care .'], dtype='<U190'), array(['station', 'The train pulled into the station .',
       'He started looking for a gas station .'], dtype='<U190'), array(['way', "Come this way and I 'll show you a shortcut .",
       'Do you know the way to the airport ?'], dtype='<U190'), array(['pack', 'You had better pack your swollen ankle with ice .',
       'Pack the faucet .'], dtype='<U190'), array(['enemy', 'Rally together against a common enemy .',
       'The enemy attacked at dawn .'], dtype='<U190')] ['False', 'True', 'True', 'False', 'True']
prediction: False
37 21 10 24
round: 160, dev_data: ('yacht', "Would you like to go sailing on my uncle 's yacht ?", 'You are a true yachtsman ! Are you a member of the local yacht club ?'), dev_label: True
[array(['truck', 'Truck fresh vegetables across the mountains .',
       "Amanda trucked the package to her mother 's house from Philadelphia ."],
      dtype='<U190'), array(['range', 'He dreamed of a home on the range .',
       'They used to drive the cattle across the open range every spring .'],
      dtype='<U190'), array(['licking', 'Our football team took a licking last night .',
       'They suffered a convincing licking .'], dtype='<U190'), array(['move', "Come on guys , let 's move : there 's work to do !",
       'The horse moves a carriage .'], dtype='<U190'), array(['take', 'Tomorrow the doctor will take the cast off her arm .',
       'The test grader takes off a point for every misspelled word .'],
      dtype='<U190')] ['True', 'True', 'True', 'False', 'True']
prediction: False
37 21 11 24
round: 161, dev_data: ('poison', 'This mushrooms can poison .', 'Her husband poisoned her drink in order to kill her .'), dev_label: False
[array(['dozen',
       "There should n't be more than two dozen Christmas cards left to write .",
       'Can I have a dozen eggs , please ?'], dtype='<U190'), array(['find', 'I can not find my gloves !',
       'Physicists believe they found a new elementary particle .'],
      dtype='<U190'), array(['hold', "I 'll hold you by your promise .",
       "He 's held by a contract ."], dtype='<U190'), array(['movement', 'He had a bowel movement .',
       'It was an expensive watch with a diamond movement .'],
      dtype='<U190'), array(['lot', 'A lot of money .', 'He bought a lot on the lake .'],
      dtype='<U190')] ['True', 'False', 'True', 'False', 'False']
prediction: True
37 22 11 24
round: 162, dev_data: ('guard', 'The left guard was injured on the play .', 'Guards must be good blockers .'), dev_label: False
[array(['reenactment',
       "They 're going to the Civil War battle reenactment this weekend .",
       'The reenactment of the battle of Princeton .'], dtype='<U190'), array(['taste', 'She enjoyed her brief taste of independence .',
       'His cold deprived him of his sense of taste .'], dtype='<U190'), array(['shake', "I could n't shake the car that was following me .",
       'The bad news shook her hopes .'], dtype='<U190'), array(['unit', 'The word is a basic linguistic unit .',
       'The reduced the number of units and installations .'],
      dtype='<U190'), array(['clear', 'Clear a debt .', 'The sky cleared .'], dtype='<U190')] ['True', 'False', 'False', 'True', 'False']
prediction: True
37 23 11 24
round: 163, dev_data: ('unleash', 'Unleash the dogs in the park .', 'He unleashed his dog in the park .'), dev_label: True
[array(['perversion',
       'Perversion also shows up in kinky telephone cords .',
       'The tendrils of the plant exhibited perversion .'], dtype='<U190'), array(['song', 'The song of the wind .',
       'Thomas listened to his favorite song on the radio yesterday .'],
      dtype='<U190'), array(['translate',
       "Is there a need to translate the psychiatrist 's remarks ?",
       'Can you translate the instructions in this manual for a layman ?'],
      dtype='<U190'), array(['foulness', 'Mouths which speak such foulness must be cleansed .',
       'He understood the foulness of sin .'], dtype='<U190'), array(['foot', 'The foot of the list .',
       'He stood at the foot of the tower .'], dtype='<U190')] ['True', 'False', 'True', 'True', 'False']
prediction: True
38 23 11 24
round: 164, dev_data: ('glorify', "Glorify one 's spouse 's cooking .", 'You are glorifying a rather mediocre building .'), dev_label: False
[array(['stain',
       'People knew how to stain glass a beautiful blue in the middle ages .',
       'Stain this table a beautiful walnut color .'], dtype='<U190'), array(['excuse', "He 's a sorry excuse of a doctor .",
       'He had to get his mother to write an excuse for him .'],
      dtype='<U190'), array(['gravitation',
       'The gravitation between two bodies is proportional to the product of their masses and inversely proportional to the square of the distance between them .',
       'Gravitation är svagare än elektromagnetismen , men påverkar all materia och energi .'],
      dtype='<U190'), array(['term', 'A prison term .',
       'The term allowed to a debtor to discharge his debt .'],
      dtype='<U190'), array(['head', 'Tickets are $ 5 per head .',
       'He is two heads taller than his little sister .'], dtype='<U190')] ['True', 'False', 'True', 'True', 'False']
prediction: True
38 24 11 24
round: 165, dev_data: ('storage', 'I′d recommend backing up these files to storage before reinstalling the operating system .', "There 's a lot of storage space in the loft ."), dev_label: False
[array(['sake', 'For your sake .', 'Died for the sake of his country .'],
      dtype='<U190'), array(['head', 'She gave great head .', 'They say he gives good head .'],
      dtype='<U190'), array(['draw',
       'At the start of their turn , each player must draw a card .',
       'The session was drawn to a close .'], dtype='<U190'), array(['one', 'This is the one I ordered .', 'He is the best one .'],
      dtype='<U190'), array(['way', "Come this way and I 'll show you a shortcut .",
       'He said he was looking for the way out .'], dtype='<U190')] ['True', 'True', 'False', 'True', 'True']
prediction: True
38 25 11 24
round: 166, dev_data: ('region', 'Here we enter the region of opinion .', 'The equatorial regions .'), dev_label: False
[array(['reaction',
       'There was a chemical reaction of the lime with the ground water .',
       'His reaction to the news was to start planning what to do .'],
      dtype='<U190'), array(['window',
       'The expanded window will give us time to catch the thieves .',
       'They had a window of less than an hour when an attack would have succeeded .'],
      dtype='<U190'), array(['sectarianism', 'He condemned religious sectarianism .',
       'They were discussing sectarianism between Shias and Sunnis .'],
      dtype='<U190'), array(['pain', 'The pain of loneliness .',
       'That kid is a terrible pain .'], dtype='<U190'), array(['take', 'I used to take The Sunday Times .',
       'The hard work took its toll on her .'], dtype='<U190')] ['False', 'True', 'True', 'False', 'False']
prediction: False
38 25 11 25
round: 167, dev_data: ('rock', 'There were rocks all over the garden .', 'Thou art Peter , and upon this rock I will build my church -- Gospel According to Matthew .'), dev_label: True
[array(['keep', 'Keep potatoes fresh .',
       'I can not keep track of all my employees .'], dtype='<U190'), array(['thing', 'She has a thing about him .',
       'He has a thing about seafood .'], dtype='<U190'), array(['waste',
       'Much of the waste material is carried off in the sewers .',
       'The trackless wastes of the desert .'], dtype='<U190'), array(['charge', 'Charge all weapons , shields , and banners .',
       'He charged the director with indifference .'], dtype='<U190'), array(['brim', 'Brim a cup to good fellowship .',
       'The room brimmed with people .'], dtype='<U190')] ['False', 'True', 'False', 'False', 'False']
prediction: True
39 25 11 25
round: 168, dev_data: ('patch', 'A patch of bad weather .', "When ice skating , be sure to stay away from reeds , there 's always thin patches of ice there and you could fall through ."), dev_label: True
[array(['drive', 'Drive the game .', 'He drives a bread truck .'],
      dtype='<U190'), array(['support', 'He does not support his natural children .',
       'The government supports the arts in several ways .'],
      dtype='<U190'), array(['course', 'The course of the river .',
       'He took a course in basket weaving .'], dtype='<U190'), array(['element', 'Water is the element of fishes .', 'In your element .'],
      dtype='<U190'), array(['piece', 'It is not known who created this piece .',
       'I need to rest for a piece .'], dtype='<U190')] ['False', 'True', 'False', 'False', 'False']
prediction: True
40 25 11 25
round: 169, dev_data: ('zone', 'The white zone is for loading and unloading only .', 'There is a no-smoking zone that extends 25 feet outside of each entrance .'), dev_label: True
[array(['ride', 'Shorts that ride up .', 'Ship rides at anchor .'],
      dtype='<U190'), array(['quality',
       'The quality of mercy is not strained "-- Shakespeare .',
       'One of the qualities of pure iron is that it does not rust easily .'],
      dtype='<U190'), array(['howl', 'The howl of the wind made him restless .',
       'He gave a howl of pain .'], dtype='<U190'), array(['place', 'A place in my heart .',
       'He comes from a place near Chicago .'], dtype='<U190'), array(['develop', 'Please develop this roll of film for me .',
       'They developed a new technique .'], dtype='<U190')] ['False', 'True', 'False', 'False', 'False']
prediction: True
41 25 11 25
round: 170, dev_data: ('score', 'Score the SAT essays .', 'She scored high on the SAT .'), dev_label: False
[array(['strength',
       "The strength of the company 's stock in recent weeks .",
       'Fatigue sapped his strength .'], dtype='<U190'), array(['bake', 'Bake the potatoes .',
       "She 's been baking all day to prepare for the dinner ."],
      dtype='<U190'), array(['follow', 'Please follow the guide through the museum .',
       'She followed a guru for years .'], dtype='<U190'), array(['classify',
       'Should we classify " make up " as an idiom or as a phrasal verb ?',
       'How would you classify these pottery shards -- are they prehistoric ?'],
      dtype='<U190'), array(['trend', 'Not openly liberal but that is the trend of the book .',
       'The trend of the stock market .'], dtype='<U190')] ['False', 'True', 'False', 'True', 'False']
prediction: False
41 25 11 26
round: 171, dev_data: ('scopolamine', 'Transdermal scopolamine is used to treat motion sickness .', 'Someone sedated with scopolamine has difficulty lying .'), dev_label: True
[array(['compare', "You ca n't compare my problems and yours .",
       "John compared his haircut to his friend 's ."], dtype='<U190'), array(['integrity',
       'They admired his scrupulous professional integrity .',
       'He expects to find in us the common honesty and integrity of men of business .'],
      dtype='<U190'), array(['drive', 'We drive the turnpike to work .', 'Drive the forest .'],
      dtype='<U190'), array(['trim', 'Trim an airplane .', 'Trim the photograph .'],
      dtype='<U190'), array(['beat', 'The grandfather clock beat midnight .',
       "Beat one 's breast ."], dtype='<U190')] ['True', 'True', 'False', 'False', 'False']
prediction: True
42 25 11 26
round: 172, dev_data: ('rake', 'Rake leaves .', 'The enemy machine guns raked the roadway .'), dev_label: False
[array(['ball',
       'The ball was already emptying out before the fire alarm sounded .',
       'The ball rolled into the corner pocket .'], dtype='<U190'), array(['drink', "No thanks , I do n't drink .",
       'We were up drinking all night .'], dtype='<U190'), array(['heat', 'Heat the water on the stove .',
       'The sun heats the oceans .'], dtype='<U190'), array(['check', 'Check the brakes .', 'Check out the engine .'],
      dtype='<U190'), array(['give', 'Give a course .', 'The draft gave me a cold .'],
      dtype='<U190')] ['False', 'True', 'True', 'True', 'False']
prediction: False
42 25 11 27
round: 173, dev_data: ('emphasis', 'His emphasis on civil rights .', 'He used a yellow highlighter to indicate where to give emphasis in his speech .'), dev_label: False
[array(['give', "I 'm going to give my wife a necklace for her birthday .",
       'Give a course .'], dtype='<U190'), array(['exercise', 'Some parents exercise their infants .',
       'This puzzle will exercise your mind .'], dtype='<U190'), array(['unit', 'A unit of wheat is a bushel .',
       'He was a member of a special police unit .'], dtype='<U190'), array(['stand', 'Stand the test of time .', 'She stands 6 feet tall .'],
      dtype='<U190'), array(['set', 'Set these words in italics .', 'Set the tray down .'],
      dtype='<U190')] ['False', 'True', 'False', 'False', 'False']
prediction: True
42 26 11 27
round: 174, dev_data: ('explosion', 'The information explosion .', 'An explosion of laughter .'), dev_label: False
[array(['contact', 'Litmus paper turns red on contact with an acid .',
       'They forget to solder the contacts .'], dtype='<U190'), array(['have', 'I have two years left .',
       'He had an insulin shock after eating three candy bars .'],
      dtype='<U190'), array(['head', 'They shot 20 head of quail .',
       '200 head of cattle and 50 head of horses .'], dtype='<U190'), array(['communicate', 'Many deaf people communicate with sign language .',
       "He and his sons have n't communicated for years ."], dtype='<U190'), array(['shower', 'The game was interrupted by a brief shower .',
       'He took a shower after the game .'], dtype='<U190')] ['False', 'False', 'True', 'True', 'False']
prediction: False
42 26 11 28
round: 175, dev_data: ('assume', 'Mr. Jones will assume the position of a lifeguard until a proper replacement is found .', 'She assumed strange manners .'), dev_label: True
[array(['direction',
       'Is the direction of the economy a function of government ?',
       "I could n't follow the direction of his thoughts ."],
      dtype='<U190'), array(['knot', 'The saw buckled when it hit a knot .',
       'A small knot of women listened to his sermon .'], dtype='<U190'), array(['example', 'There is an example on page 10 .',
       'This patient provides a typical example of the syndrome .'],
      dtype='<U190'), array(['finish', 'Booze will be the finish of him .',
       'Almost an inspiration which gives to all work that finish which is almost art "-- Joseph Conrad .'],
      dtype='<U190'), array(['train', 'They joined the wagon train for safety .',
       "Unfortunately , the leading bridesmaid stepped on the bride 's train as they were walking down the aisle ."],
      dtype='<U190')] ['False', 'False', 'True', 'False', 'False']
prediction: False
42 26 12 28
round: 176, dev_data: ('nightclub', 'There are both gays and heteros in this nightclub .', 'The gossip columnist got his information by visiting nightclubs every night .'), dev_label: True
[array(['catch', 'Ears open to catch every sound .', 'Catch a glimpse .'],
      dtype='<U190'), array(['beat', 'I beat the traffic .', 'Beat the subway fare .'],
      dtype='<U190'), array(['deep', 'In the deep of winter .', 'In the deep of night .'],
      dtype='<U190'), array(['order', 'The machinery is out of order .',
       'IBM received an order for a hundred computers .'], dtype='<U190'), array(['draw', 'Draw a weapon .', 'Draw a wagon .'], dtype='<U190')] ['True', 'False', 'True', 'False', 'False']
prediction: True
43 26 12 28
round: 177, dev_data: ('flex', 'Flex your wrists .', 'Flex a muscle .'), dev_label: False
[array(['crash',
       'The crash occurred during a thunderstorm and the system has been down ever since .',
       'His crash through the window .'], dtype='<U190'), array(['cut', 'Cut trenches .', 'Cut a hole .'], dtype='<U190'), array(['date', 'I arranged a date with my Australian business partners .',
       'She asked how to avoid kissing at the end of a date .'],
      dtype='<U190'), array(['krona', 'Piecas kronas — five krona .',
       'Kronas kurss — the exchange rate of the krona .'], dtype='<U190'), array(['formation', 'A formation of planes .', 'A defensive formation .'],
      dtype='<U190')] ['False', 'True', 'True', 'True', 'True']
prediction: True
43 27 12 28



round: 177, dev_data: ('flex', 'Flex your wrists .', 'Flex a muscle .'), dev_label: False
[array(['crash',
       'The crash occurred during a thunderstorm and the system has been down ever since .',
       'His crash through the window .'], dtype='<U190'), array(['cut', 'Cut trenches .', 'Cut a hole .'], dtype='<U190'), array(['date', 'I arranged a date with my Australian business partners .',
       'She asked how to avoid kissing at the end of a date .'],
      dtype='<U190'), array(['krona', 'Piecas kronas — five krona .',
       'Kronas kurss — the exchange rate of the krona .'], dtype='<U190'), array(['formation', 'A formation of planes .', 'A defensive formation .'],
      dtype='<U190')] ['False', 'True', 'True', 'True', 'True']
prediction: True
43 27 12 28
round: 178, dev_data: ('nail', 'Nail the board onto the wall .', 'The chemists could not nail the identity of the chromosome .'), dev_label: False
[array(['sign', 'Those clouds show little sign of raining soon .',
       'Signs of disease are objective , whereas symptoms are subjective .'],
      dtype='<U190'), array(['find', 'Find the product of two numbers .',
       'She found the time and energy to take care of her aging parents .'],
      dtype='<U190'), array(['pull', 'Pull the cooked chicken into strips .',
       'A declining dollar pulled down the export figures for the last quarter .'],
      dtype='<U190'), array(['invasion', 'An invasion of bees .',
       'An invasion of mobile phones .'], dtype='<U190'), array(['waste',
       'Much of the waste material is carried off in the sewers .',
       'The trackless wastes of the desert .'], dtype='<U190')] ['True', 'False', 'False', 'True', 'False']
prediction: False
43 27 12 29
round: 179, dev_data: ('form', 'Social groups form everywhere .', 'They formed a company .'), dev_label: True
[array(['appointment',
       "I 'm leaving work early because I have a doctor 's appointment .",
       'He erred by the appointment of unsuitable men .'], dtype='<U190'), array(['system',
       'They had to devise a system that did not depend on cooperation .',
       'The body has a system of organs for digestion .'], dtype='<U190'), array(['start', 'We simply could not start the engine .',
       'The rain started at 9:00 .'], dtype='<U190'), array(['contact',
       'They claimed that they had been in contact with extraterrestrial beings .',
       'They forget to solder the contacts .'], dtype='<U190'), array(['humor', "She did n't appreciate my humor .",
       "You ca n't survive in the army without a sense of humor ."],
      dtype='<U190')] ['False', 'False', 'False', 'False', 'True']
prediction: True
44 27 12 29
round: 180, dev_data: ('hoist', 'Hoist the flags .', 'Hoist a sail .'), dev_label: True
[array(['do', 'We could do with a little more help around here .',
       'We did 6 miles on our hike every day .'], dtype='<U190'), array(['break', 'Did you two break the trolley by racing with it ?',
       'On the hottest day of the year the refrigerator broke .'],
      dtype='<U190'), array(['empty', 'To empty a well or a cistern .', 'Empty the water .'],
      dtype='<U190'), array(['stimulate', 'Stimulate my appetite .', 'This play stimulates .'],
      dtype='<U190'), array(['pull', 'The spaceship came under the pull of the gas giant .',
       'The pull of the moon .'], dtype='<U190')] ['False', 'True', 'True', 'False', 'True']
prediction: True
45 27 12 29
round: 181, dev_data: ('sacrifice', 'The general had to sacrifice several soldiers to save the regiment .', 'The animals were sacrificed after the experiment .'), dev_label: True
[array(['mean', 'I mean no harm .', 'I only meant to help you .'],
      dtype='<U190'), array(['time', 'Time stops for nobody .',
       'These times were erroneously converted between zones .'],
      dtype='<U190'), array(['fix', 'Fix a race .', "Let 's fix the picture to the frame ."],
      dtype='<U190'), array(['flap', 'He wrote on the flap of the envelope .',
       'The flap of a wing .'], dtype='<U190'), array(['difference', "It just wo n't make much difference to me .",
       'His support made a real difference .'], dtype='<U190')] ['True', 'False', 'False', 'True', 'True']
prediction: True
46 27 12 29
round: 182, dev_data: ('summon', 'Summon a lawyer .', 'Summon all your courage .'), dev_label: False
[array(['butt', 'He deserves a good kick in the butt .',
       'Get your butt to the car .'], dtype='<U190'), array(['application', 'The application of indexes to tables of data .',
       'Massage has far-reaching medical applications .'], dtype='<U190'), array(['shtik', 'He played a shtik Beethoven .',
       'Play it straight with no shtik .'], dtype='<U190'), array(['breathe', 'I can breathe better when the air is clean .',
       'Paul breathed a deep breath .'], dtype='<U190'), array(['channel',
       'A channel is typically what you rent from a telephone company .',
       'The English Channel lies between France and England .'],
      dtype='<U190')] ['True', 'True', 'False', 'True', 'False']
prediction: True
46 28 12 29
round: 183, dev_data: ('bond', 'A $ 10,000 bond was furnished by an alderman .', 'Organic chemistry primarily consists of the study of carbon bonds , in their many variations .'), dev_label: False
[array(['head', 'The head of the page .', 'The head of the list .'],
      dtype='<U190'), array(['rack', "Rack one 's brains .", 'Rack a camera .'], dtype='<U190'), array(['trend', 'The upward trend of stock-market prices .',
       'Not openly liberal but that is the trend of the book .'],
      dtype='<U190'), array(['bounce', 'Bounce a check .', 'The rubber ball bounced .'],
      dtype='<U190'), array(['break', 'Twigs break off of those branches easily .',
       'Break a promise .'], dtype='<U190')] ['True', 'False', 'False', 'False', 'False']
prediction: False
46 28 12 30
round: 184, dev_data: ('hem', 'It seeped along the hem of his jacket .', 'Let down the hem .'), dev_label: True
[array(['use',
       'We can use this mathematical formula to solve the problem .',
       "He does n't know how to use a computer ."], dtype='<U190'), array(['touch', 'He could not touch the meaning of the poem .',
       'Touch the stone for good luck .'], dtype='<U190'), array(['fit', 'A fit of coughing .', 'I admired the fit of her coat .'],
      dtype='<U190'), array(['care', "He does n't care about how / whether she comes .",
       "I do n't care what he does ."], dtype='<U190'), array(['feel', 'I feel that we need to try harder .',
       'It feels nice to be home again .'], dtype='<U190')] ['True', 'False', 'False', 'True', 'True']
prediction: False
46 28 13 30
round: 185, dev_data: ('right', "We 're on the side of right in this contest .", 'Mineral rights .'), dev_label: True
[array(['art', 'The art of conversation .', 'How great thou art !'],
      dtype='<U190'), array(['mouth', 'He rode into the mouth of the canyon .',
       'They built a fire at the mouth of the cave .'], dtype='<U190'), array(['tension',
       'The direction of maximum tension moves asymptotically toward the direction of the shear .',
       'There is a tension between these approaches to understanding history .'],
      dtype='<U190'), array(['avoid', 'I try to avoid the company of gamblers .',
       'We avoided the area .'], dtype='<U190'), array(['point', 'What is the point of discussing it ?',
       'He stuck the point of the knife into a tree .'], dtype='<U190')] ['True', 'True', 'False', 'True', 'False']
prediction: False
46 28 14 30
round: 186, dev_data: ('feel', 'I can feel the sadness in his poems .', 'The runner felt her pulse .'), dev_label: False
[array(['stick', 'A stick of wood .',
       'The recipe calls for half a stick of butter .'], dtype='<U190'), array(['faith', 'They broke faith with their investors .',
       'Keep the faith .'], dtype='<U190'), array(['influence', "Used her parents ' influence to get the job .",
       'She was the most important influence in my life .'], dtype='<U190'), array(['catch', 'Ears open to catch every sound .',
       "If he catches you on the chin , you 'll be on the mat ."],
      dtype='<U190'), array(['quibble', "Let 's not quibble over pennies .",
       'They are constantly quibbling over insignificant details .'],
      dtype='<U190')] ['False', 'True', 'False', 'False', 'True']
prediction: False
46 28 14 31
round: 187, dev_data: ('understand', 'She did not understand her husband .', 'I understand him to be a good doctor .'), dev_label: True
[array(['admit', 'To admit a serious thought into the mind .',
       'They were admitted into his house .'], dtype='<U190'), array(['beat', 'Beat the subway fare .', 'Beat the table with his shoe .'],
      dtype='<U190'), array(['piece', 'He sacrificed a piece to get a strategic advantage .',
       'He wrote an interesting piece on Iran .'], dtype='<U190'), array(['normalize', 'Normalize the spelling .',
       'Normalize the temperature .'], dtype='<U190'), array(['sale', 'Laws limit the sale of handguns .',
       'They tried to boost sales .'], dtype='<U190')] ['True', 'False', 'False', 'True', 'True']
prediction: True
47 28 14 31
round: 188, dev_data: ('have', 'I have a house and a car .', "I 've got a house in the country ."), dev_label: True
[array(['breath', 'I could hear the breath of the runner behind me .',
       'He was fighting to his last breath .'], dtype='<U190'), array(['work', 'She knows how to work the system .',
       'He works his parents for sympathy .'], dtype='<U190'), array(['optimization',
       'The simultaneous optimization of growth and profitability .',
       'To promote the optimization and diversification of agricultural products .'],
      dtype='<U190'), array(['form', 'He was at the top of his form .',
       'To apply for the position , complete the application form .'],
      dtype='<U190'), array(['face', 'Dew dripped from the face of the leaf .',
       'He looked out at a roomful of faces .'], dtype='<U190')] ['True', 'True', 'True', 'False', 'False']
prediction: True
48 28 14 31
round: 189, dev_data: ('chop', 'Chop a hole in the ground .', 'Chop meat .'), dev_label: False
[array(['poise', 'To poise the scales of a balance .',
       'I poised the crowbar in my hand , and waited .'], dtype='<U190'), array(['run', 'The assembly line was on a 12-hour run .',
       'He went to Las Vegas and spent all his money over a three-day run .'],
      dtype='<U190'), array(['number', 'The number of parameters is small .',
       'In English the subject and the verb must agree in number .'],
      dtype='<U190'), array(['finish',
       'When the finish is too thin it is difficult to apply evenly .',
       'He applied a coat of a clear finish .'], dtype='<U190'), array(['execute',
       'There are certain states where it is lawful to execute prisoners convicted of certain crimes .',
       'In some states , criminals are executed .'], dtype='<U190')] ['True', 'True', 'False', 'True', 'True']
prediction: False
48 28 14 32
round: 190, dev_data: ('massacre', "St. Valentine 's Day massacre .", "The massacre on St. Bartholomew 's Day ."), dev_label: True
[array(['ring', 'The distinctive ring of the church bell .',
       'The tintinnabulation that so voluminously swells from the ringing and the dinging of the bells "-- E. A. Poe .'],
      dtype='<U190'), array(['business', 'Show me where the business was today .',
       'Business is good today .'], dtype='<U190'), array(['part', 'They resisted every effort on his part .',
       'They analyzed the river into three parts .'], dtype='<U190'), array(['position', 'Moved from third to fifth position .',
       'Stand in this position , with your arms at your side .'],
      dtype='<U190'), array(['pay', 'Pay attention .',
       'He paid off the loan three months early .'], dtype='<U190')] ['True', 'True', 'False', 'False', 'False']
prediction: True
49 28 14 32
round: 191, dev_data: ('neck', 'The horse won by a neck .', 'He admired her long graceful neck .'), dev_label: True
[array(['readiness', 'Putting them in readiness .',
       'A happy readiness of conversation "-- Jane Austen .'],
      dtype='<U190'), array(['application', 'The application of indexes to tables of data .',
       'The application of maximum thrust .'], dtype='<U190'), array(['do', 'All you ever do is surf the Internet .',
       "A ' B ' grade does n't suffice to get me into medical school ."],
      dtype='<U190'), array(['break', 'If the vase falls to the floor , it might break .',
       'She broke the match .'], dtype='<U190'), array(['pull', 'Pull weeds .',
       'He pulled out his gun before she had a chance to scream .'],
      dtype='<U190')] ['False', 'True', 'False', 'True', 'True']
prediction: False
49 28 15 32
round: 192, dev_data: ('belt', 'Belt your trousers .', 'The rotund man had difficulty belting his pants , and generally wore suspenders to avoid the issue .'), dev_label: True
[array(['block', 'Block an attack .', 'Block the book cover .'],
      dtype='<U190'), array(['back', 'The horse refuses to back .', 'The wind backed .'],
      dtype='<U190'), array(['voice', 'The wee small voice of conscience .',
       'The incessant voices of the artillery .'], dtype='<U190'), array(['work', 'Do you want to work after the age of 60 ?',
       'My wife never worked .'], dtype='<U190'), array(['age', 'We live in a litigious age .',
       'The Bronze Age was followed by the Iron Age .'], dtype='<U190')] ['False', 'True', 'False', 'True', 'True']
prediction: True
50 28 15 32
round: 193, dev_data: ('nature', 'Matters of a personal nature .', 'The true nature of jealousy .'), dev_label: False
[array(['control',
       'The timing and control of his movements were unimpaired .',
       'He had lost control of his sphincters .'], dtype='<U190'), array(['credit',
       'He arrived five minutes late , but to his credit he did work an extra ten minutes at the end of his shift .',
       'Give her credit for trying .'], dtype='<U190'), array(['figure', 'He cut a fine figure .',
       'He cut a sorry figure standing there in the rain .'],
      dtype='<U190'), array(['life', "While there 's life there 's hope .",
       'I have known him all his life .'], dtype='<U190'), array(['get', 'Get nauseous .',
       "She did n't get to Chicago until after midnight ."], dtype='<U190')] ['True', 'True', 'True', 'False', 'False']
prediction: True
50 29 15 32
round: 194, dev_data: ('pedal', 'The pedal of a loom .', 'There are three pedals on manual cars , two on automatics .'), dev_label: True
[array(['grater',
       "I 'm making coleslaw ; do you know where the grater is ?",
       'Modern cheese graters have more than one side so the cheese can be sliced in different ways .'],
      dtype='<U190'), array(['call', "The salesman 's call on a customer .",
       'That sound is the distinctive call of the cuckoo bird .'],
      dtype='<U190'), array(['lyric', "The lyric in line 3 does n't rhyme .",
       'The lyrics were written by the composer .'], dtype='<U190'), array(['be', 'When will the meeting be ?',
       'The postman has been today , but my tickets have still not yet come .'],
      dtype='<U190'), array(['snorter', "The maths problem is a real snorter , is n't it ?",
       'The batsman succumbed to a snorter of short balls from the bowler and nicked a thin edge to the keeper .'],
      dtype='<U190')] ['True', 'False', 'True', 'True', 'False']
prediction: False
50 29 16 32
round: 195, dev_data: ('cinema', 'The cinema is right across the street from the restaurant .', 'This story would be good cinema .'), dev_label: False
[array(['pack', 'You had better pack your swollen ankle with ice .',
       'Pack the books into the boxes .'], dtype='<U190'), array(['come', 'Nothing good will come of this .',
       'His breath came hard .'], dtype='<U190'), array(['drag', 'Peeling potatoes is a drag .',
       'He took a drag on his cigarette and expelled the smoke slowly .'],
      dtype='<U190'), array(['cup', 'He wore a jock strap with a metal cup .',
       'Bees filled the waxen cups with honey .'], dtype='<U190'), array(['body', 'The body of the car was badly rusted .',
       'Penny was in the scullery , pressing the body of her new dress .'],
      dtype='<U190')] ['False', 'False', 'False', 'True', 'False']
prediction: True
50 30 16 32
round: 196, dev_data: ('stampede', 'She and her husband would join in the general stampede . -W. Black .', "When he shouted ` fire ' there was a stampede to the exits ."), dev_label: False
[array(['undergo', 'Undergo a strange sensation .',
       'The chemical undergoes a sudden change .'], dtype='<U190'), array(['think', 'I think that he is her boyfriend .',
       'I think he is very smart .'], dtype='<U190'), array(['spot', 'A bald spot .', "A leopard 's spots ."], dtype='<U190'), array(['touch', 'Can he reach ? " " The chair must not touch the wall .',
       "The local Mafia wo n't touch gambling ."], dtype='<U190'), array(['reach', 'Our advertisements reach millions .',
       'The sunlight reached the wall .'], dtype='<U190')] ['True', 'True', 'True', 'False', 'False']
prediction: True
50 31 16 32
round: 197, dev_data: ('blind', 'He spent hours reading to the blind .', 'They had just moved in and had not put up blinds yet .'), dev_label: False
[array(['breath', 'I could hear the breath of the runner behind me .',
       'He was fighting to his last breath .'], dtype='<U190'), array(['make', 'Make merry .', 'She makes like an actress .'],
      dtype='<U190'), array(['melt',
       'When the weather is warm , the snowman will disappear ; he will melt .',
       'Melt butter .'], dtype='<U190'), array(['enter', 'Enter a drug treatment program .',
       'Enter negotiations .'], dtype='<U190'), array(['day', 'He deserves his day in court .',
       'In the days of sailing ships .'], dtype='<U190')] ['True', 'False', 'True', 'True', 'False']
prediction: False
50 31 16 33
round: 198, dev_data: ('totality', 'Appalled by the totality of the destruction .', 'The totality of war and its consequences .'), dev_label: False
[array(['face', 'Face the lapels of the jacket .',
       'An enormous dilemma faces us .'], dtype='<U190'), array(['simplify', 'This move will simplify our lives .',
       'We had to simplify the instructions .'], dtype='<U190'), array(['consider', 'Consider the possibility of moving .',
       'Please consider your family .'], dtype='<U190'), array(['economy', 'Economy of effort .',
       'The Scots are famous for their economy .'], dtype='<U190'), array(['extend', 'Extend the loan .',
       'The war extended over five years .'], dtype='<U190')] ['False', 'True', 'False', 'False', 'False']
prediction: True
50 32 16 33
round: 199, dev_data: ('course', 'The course had only nine holes .', 'The course was less than a mile .'), dev_label: True
[array(['key', 'The key to winning a game .',
       'The key to development is economic integration .'], dtype='<U190'), array(['formation', 'A formation of planes .',
       'The formation of sentences .'], dtype='<U190'), array(['face', 'They climbed the north face of the mountain .',
       'She wanted to wipe him off the face of the earth .'],
      dtype='<U190'), array(['point', 'The main point on the agenda was taken up first .',
       'What is the point of discussing it ?'], dtype='<U190'), array(['think', "She did n't think to harm me .",
       'We thought to return early that night .'], dtype='<U190')] ['True', 'False', 'True', 'False', 'True']
prediction: True
51 32 16 33
round: 200, dev_data: ('offing', 'There was a wedding in the offing .', 'There was a ship in the offing .'), dev_label: False
[array(['appearance',
       'A person makes his appearance as an historian , an artist , or an orator .',
       'His sudden appearance surprised me .'], dtype='<U190'), array(['copy', 'She made a copy of the designer dress .',
       'Please bring me the copies of those reports .'], dtype='<U190'), array(['break', 'Break a branch from a tree .',
       'The business partners broke over a tax question .'], dtype='<U190'), array(['air', 'Air pollution .', 'Her hand stopped in mid air .'],
      dtype='<U190'), array(['quality',
       'The quality of mercy is not strained "-- Shakespeare .',
       'Security , stability , and efficiency are good qualities of an operating system .'],
      dtype='<U190')] ['False', 'True', 'False', 'False', 'True']
prediction: False
51 32 16 34
round: 201, dev_data: ('awareness', 'The crash intruded on his awareness .', 'I gradually passed from sleep to full awareness .'), dev_label: True
[array(['boy', 'Steve is a boy of 16 .',
       'She made the boy brush his teeth every night .'], dtype='<U190'), array(['catch', 'Ears open to catch every sound .',
       "If he catches you on the chin , you 'll be on the mat ."],
      dtype='<U190'), array(['force', 'May the force be with you .', 'The forces of evil .'],
      dtype='<U190'), array(['quarter', "It 's a quarter til 4 .",
       "A quarter after 4 o'clock ."], dtype='<U190'), array(['disturbance',
       'He looked around for the source of the disturbance .',
       'There was a disturbance of neural function .'], dtype='<U190')] ['True', 'False', 'True', 'True', 'True']
prediction: True
52 32 16 34
round: 202, dev_data: ('remove', 'Remove a case to another court .', 'He removed his children to the countryside .'), dev_label: True
[array(['hold', 'Hold your tongue .', 'He can hold his liquor .'],
      dtype='<U190'), array(['series',
       'The Post Office issued a series commemorating famous American entertainers .',
       'His coin collection included the complete series of Indian-head pennies .'],
      dtype='<U190'), array(['level', 'Take the elevator and get off at the promenade level .',
       'What level is the office on ?'], dtype='<U190'), array(['go', 'How fast does your new car go ?',
       'This door goes to the basement .'], dtype='<U190'), array(['charge', 'Will you pay cash or charge the purchase ?',
       'He charged his weapon at me .'], dtype='<U190')] ['False', 'True', 'True', 'False', 'False']
prediction: True
53 32 16 34
round: 203, dev_data: ('snap', 'If you bend it too much , it will snap .', 'He snapped his stick in anger .'), dev_label: True
[array(['check',
       "Katie 's sick , so I need to check up on her and see if she needs anything .",
       'Check the oil in your car once a month .'], dtype='<U190'), array(['get', "We 'll get them !", 'This time I got him .'], dtype='<U190'), array(['melt', 'Melt butter .', 'The wax melted in the sun .'],
      dtype='<U190'), array(['interpreter',
       'She was famous as an interpreter of Shakespearean roles .',
       'His paintings reveal a sensitive interpreter of nature .'],
      dtype='<U190'), array(['voice', 'The voice of the law .',
       'The noisy voice of the waterfall .'], dtype='<U190')] ['True', 'True', 'True', 'True', 'False']
prediction: True
54 32 16 34
round: 204, dev_data: ('style', 'Style the dress .', 'Style my hair .'), dev_label: True
[array(['shape', 'Shape the dough .', 'Shape a figure .'], dtype='<U190'), array(['make', 'Make clay into bricks .', 'Make lead into gold .'],
      dtype='<U190'), array(['sign', 'The hunters found deer sign at the end of the trail .',
       'He showed signs of strain .'], dtype='<U190'), array(['force', 'May the force be with you .', 'The forces of evil .'],
      dtype='<U190'), array(['mechanism', 'The mechanism of the ear .',
       'The mechanism of infection .'], dtype='<U190')] ['False', 'True', 'True', 'True', 'True']
prediction: False
54 32 17 34
round: 205, dev_data: ('dignity', 'It was beneath his dignity to cheat .', 'Showed his true dignity when under pressure .'), dev_label: True
[array(['size', 'The only city of any size in that area .',
       'He blanched when he saw the size of the bill .'], dtype='<U190'), array(['fall', 'Fall by the wayside .', 'We must stand or fall .'],
      dtype='<U190'), array(['question',
       'The question of seniority will be discussed at the meeting .',
       'There was a question of which material to use .'], dtype='<U190'), array(['feel', 'I can feel the sadness in his poems .',
       'She felt an object brushing her arm .'], dtype='<U190'), array(['image',
       'The image of f(x ) = x^2 is the set of all non-negative real numbers if the domain of the function is the set of all real numbers .',
       'The number 6 is the image of 3 under f that is defined as f(x ) = 2*x .'],
      dtype='<U190')] ['True', 'True', 'True', 'False', 'True']
prediction: True
55 32 17 34
round: 206, dev_data: ('constellate', 'The poets constellate in this town every summer .', 'Hills constellated with lights .'), dev_label: False
[array(['turn', 'Turn your palm this way .',
       'The company turned a good profit after a year .'], dtype='<U190'), array(['ball', 'The children were playing ball in the garden .',
       'He played with his rubber ball in the bathtub .'], dtype='<U190'), array(['plane',
       'Any line joining two points on a plane lies wholly on that plane .',
       'We will refer to the plane of the graph as the X-Y plane .'],
      dtype='<U190'), array(['floor', 'The floor of the cave .',
       'The pit floor showed where a ring of post holes had been .'],
      dtype='<U190'), array(['whole', 'The whole of American literature .',
       'Europe considered as a whole .'], dtype='<U190')] ['False', 'False', 'True', 'True', 'True']
prediction: True
55 33 17 34
round: 207, dev_data: ('roll', 'To roll a wheel , a ball , or a barrel .', 'The ball rolled .'), dev_label: True
[array(['development', 'The slow development of her skill as a writer .',
       'The development of his ideas took many years .'], dtype='<U190'), array(['voice', 'The Times is not the voice of New York .',
       'Conservatism has many voices .'], dtype='<U190'), array(['machine', 'The boxer was a magnificent fighting machine .',
       'The war machine .'], dtype='<U190'), array(['unit', 'A unit of wheat is a bushel .',
       'He was a member of a special police unit .'], dtype='<U190'), array(['motion', 'Police controlled the motion of the crowd .',
       'He made a motion to adjourn .'], dtype='<U190')] ['True', 'True', 'False', 'False', 'False']
prediction: True
56 33 17 34
round: 208, dev_data: ('footing', 'On a friendly footing .', 'They were on a friendly footing .'), dev_label: False
[array(['post', "I 'll post the news on the bulletin board .",
       'Post a sentinel in front of the door .'], dtype='<U190'), array(['extend',
       'The facts extend beyond a consideration of her personal assets .',
       'She extended her visit by another day .'], dtype='<U190'), array(['lift', 'Lift my spirits .', 'Lift his ego .'], dtype='<U190'), array(['normalize', 'Normalize the spelling .',
       'Normalize the temperature .'], dtype='<U190'), array(['remove', 'Remove a threat .',
       'Doug removed the smudges from the tabletop .'], dtype='<U190')] ['False', 'False', 'True', 'True', 'True']
prediction: True
56 34 17 34
round: 209, dev_data: ('conjecture', 'The physicist used his conjecture about subatomic particles to design an experiment .', 'I explained it , but it is pure conjecture whether he understood , or not .'), dev_label: False
[array(['see', 'Now I see !', 'Can you see the bird in that tree ?'],
      dtype='<U190'), array(['push', "` Now push hard , ' said the doctor to the woman .",
       'He pushed her to finish her doctorate .'], dtype='<U190'), array(['keep', 'I keep a small stock of painkillers for emergencies .',
       "There 's little to earn and many to keep ."], dtype='<U190'), array(['start', 'Start a new job .',
       'I start my day with a good breakfast .'], dtype='<U190'), array(['have', 'I have two sisters .',
       'The dog down the street has a lax owner .'], dtype='<U190')] ['False', 'False', 'False', 'False', 'True']
prediction: True
56 35 17 34
round: 210, dev_data: ('mark', 'I filled the bottle up to the 500ml mark .', 'His arrow hit the mark .'), dev_label: False
[array(['part', 'She played the part of Desdemona .',
       'We all have a part to play .'], dtype='<U190'), array(['tease', 'Tease wool .', 'The children teased the new teacher .'],
      dtype='<U190'), array(['tip', 'Remember to tip the waiter .', 'Tip the screen upward .'],
      dtype='<U190'), array(['work', 'How does your idea work in practice ?',
       "The voting process does n't work as well as people thought ."],
      dtype='<U190'), array(['set', 'The film is set in Africa .', 'Set the tray down .'],
      dtype='<U190')] ['True', 'False', 'False', 'True', 'False']
prediction: True
56 36 17 34
round: 211, dev_data: ('acknowledge', "It is important to acknowledge the work of others in one 's own writing .", 'The Crown Prince was acknowledged as the true heir to the throne .'), dev_label: False
[array(['come', 'Come into contact with a terrorist group .',
       'Your wish will come true .'], dtype='<U190'), array(['pull', 'Pull the oars .', 'Pull the trigger of the gun .'],
      dtype='<U190'), array(['make', 'Make an estimate .', 'What do you make of his remarks ?'],
      dtype='<U190'), array(['unit', 'The centimetre is a unit of length .',
       'The dollar is the United States unit of currency .'],
      dtype='<U190'), array(['absence', 'He was surprised by the absence of any explanation .',
       'Absence makes the heart grow fonder .'], dtype='<U190')] ['True', 'False', 'True', 'True', 'True']
prediction: True
56 37 17 34
round: 212, dev_data: ('fall', 'When that became known the price of their stock went into free fall .', 'In the fall of 1973 .'), dev_label: False
[array(['trade', 'As they say in the trade .',
       'They are accused of conspiring to constrain trade .'],
      dtype='<U190'), array(['place', 'Do you want to come over to my place later ?',
       'A political system with no place for the less prominent groups .'],
      dtype='<U190'), array(['come', 'Come into the room .', 'He came singing down the road .'],
      dtype='<U190'), array(['dent', 'It made a dent in my bank account .',
       'The crash produced a dent in the left side of the car .'],
      dtype='<U190'), array(['stretch', 'Stretch the imagination .',
       'I always stretch my muscles before exercising .'], dtype='<U190')] ['False', 'False', 'True', 'False', 'False']
prediction: False
56 37 17 35
round: 213, dev_data: ('pressure', 'She has felt pressure lately because her boss expects her to get the job done by the first .', 'The public brought pressure to bear on the government .'), dev_label: False
[array(['air', 'He threw the ball into the air .',
       'Her hand stopped in mid air .'], dtype='<U190'), array(['play', 'Play football .', 'Play cards .'], dtype='<U190'), array(['end', 'She knotted the end of the thread .',
       'They rode to the end of the line .'], dtype='<U190'), array(['start', 'I start at eight in the morning .',
       'I start my day with a good breakfast .'], dtype='<U190'), array(['block', 'Block the book cover .',
       'His brother blocked him at every turn .'], dtype='<U190')] ['True', 'True', 'True', 'False', 'False']
prediction: True
56 38 17 35
round: 214, dev_data: ('identity', 'The identity under numerical multiplication is 1 .', 'She guessed the identity of his lover .'), dev_label: False
[array(['give', "Do n't give the child this tough meat .",
       'Can I give you my keys while I go in the pool ?'], dtype='<U190'), array(['face', 'Why the sad face ?', 'He washed his face .'],
      dtype='<U190'), array(['shatter', 'A high-pitched voice that could shatter glass .',
       'The old oak tree has been shattered by lightning .'],
      dtype='<U190'), array(['scale', 'The scale of the map .', 'The scale of the model .'],
      dtype='<U190'), array(['space', 'They stopped at an open space in the jungle .',
       'It all happened in the space of 10 minutes .'], dtype='<U190')] ['False', 'False', 'True', 'True', 'False']
prediction: False
56 38 17 36
round: 215, dev_data: ('clear', 'Clear a debt .', 'Clear your desk .'), dev_label: False
[array(['see', 'What message do you see in this letter ?',
       'We had to see a psychiatrist .'], dtype='<U190'), array(['have', 'What do we have here ?',
       'He had an insulin shock after eating three candy bars .'],
      dtype='<U190'), array(['newspaper', 'He read his newspaper at breakfast .',
       'Murdoch owns many newspapers .'], dtype='<U190'), array(['turn', 'Turn your dance partner around .',
       'The alchemists tried to turn lead into gold .'], dtype='<U190'), array(['back', 'The train backed into the station .', 'The wind backed .'],
      dtype='<U190')] ['False', 'False', 'False', 'False', 'True']
prediction: False
56 38 17 37
round: 216, dev_data: ('tantrum', 'She threw a tantrum .', 'Many parents become embarrassed by their children throwing tantrums in public places .'), dev_label: True
[array(['burn', 'He watched the house burn .', 'Maple wood burns well .'],
      dtype='<U190'), array(['death', 'The death of my grandmother saddened the whole family .',
       'She stayed until his death .'], dtype='<U190'), array(['spend', 'I spend my pocket money in two days .',
       'I spent the time worrying about the future .'], dtype='<U190'), array(['top',
       'The title should be written at the top of the first page .',
       'He got a bright red top and string for his birthday .'],
      dtype='<U190'), array(['neighbour', 'My neighbour has an annoying cat .',
       'They ′re our neighbours across the street .'], dtype='<U190')] ['True', 'False', 'False', 'False', 'True']
prediction: True
57 38 17 37
round: 217, dev_data: ('theme', 'The theme is announced in the first measures .', "It was the usual ` boy gets girl ' theme ."), dev_label: False
[array(['stream', 'Stream of consciousness .',
       'A stream of people emptied from the terminal .'], dtype='<U190'), array(['check',
       "Katie 's sick , so I need to check up on her and see if she needs anything .",
       'Check whether this page has a watermark .'], dtype='<U190'), array(['origin', 'The rumor had its origin in idle gossip .',
       'Vegetable origins .'], dtype='<U190'), array(['record', 'The prostitute had a record a mile long .',
       'He ruled that the criminal record of the defendant could not be disclosed to the court .'],
      dtype='<U190'), array(['time', "The time is 10 o'clock .",
       'Do you know what time it is ?'], dtype='<U190')] ['False', 'True', 'True', 'True', 'True']
prediction: True
57 39 17 37
round: 218, dev_data: ('kettle', "There 's a hot kettle of soup on the stove .", 'To cook pasta , you first need to put the kettle on .'), dev_label: True
[array(['break', 'He finally got his big break .',
       'It was presented without commercial breaks .'], dtype='<U190'), array(['sex', 'We had sex in the back seat .',
       'All you ever think about is sex .'], dtype='<U190'), array(['make', "Do n't make this into a big deal .",
       'He made a fool of himself at the meeting .'], dtype='<U190'), array(['stroke', 'The pregnancy was a stroke of bad luck .',
       'She applied the paint in careful strokes .'], dtype='<U190'), array(['lift', 'Lift an embargo .', 'Lift potatoes .'], dtype='<U190')] ['False', 'True', 'True', 'False', 'False']
prediction: True
58 39 17 37
round: 219, dev_data: ('hedge', 'To hedge a field or garden .', 'Hedge the property .'), dev_label: True
[array(['variant', 'The word " kerosine " is a variant of “ kerosene ” .',
       'A variant of the same word .'], dtype='<U190'), array(['term', 'A prison term .',
       'The general term of an algebraic equation of the n-th degree .'],
      dtype='<U190'), array(['head', 'The beer had a large head of foam .',
       'Admission is three dollars a head .'], dtype='<U190'), array(['pipe', 'Pipe a tune .',
       'Pipe oil , water , and gas into the desert .'], dtype='<U190'), array(['back', 'He wrote the date on the back of the photograph .',
       'I hung the clothes on the back of the door .'], dtype='<U190')] ['True', 'False', 'False', 'False', 'True']
prediction: True
59 39 17 37
round: 220, dev_data: ('river', 'The river was navigable for 50 miles .', 'Occasionally rivers overflow their banks and cause floods .'), dev_label: True
[array(['side', 'He was on the heavy side .', 'A cube has six sides .'],
      dtype='<U190'), array(['purchase', "$ 50 wo n't even purchase a dress .",
       'To purchase land , to purchase a house .'], dtype='<U190'), array(['origin', 'The rumor had its origin in idle gossip .',
       'Vegetable origins .'], dtype='<U190'), array(['cup', 'The cup of her bra .',
       'He wore a jock strap with a metal cup .'], dtype='<U190'), array(['hearing', 'His hearing was impaired .',
       "My hearing is n't what it used to be , but I still heard that noise ."],
      dtype='<U190')] ['False', 'True', 'True', 'True', 'True']
prediction: True
60 39 17 37
round: 221, dev_data: ('ingenuity', 'Poverty is the mother of ingenuity .', 'Ingenuity is one of the characteristics of a beaver .'), dev_label: True
[array(['prise',
       '1919 : I think he must have been trying to prise open that box yonder when he was attacked . — Sax Rohmer , The Quest of the Sacred Slipper .',
       'C. 1925 : Come , force the gates with crowbars , prise them apart ! — Jack Lindsay , translation of Lysistrata .'],
      dtype='<U190'), array(['post', "There is an officer 's club on the post .",
       'This military post provides an important source of income for the town nearby .'],
      dtype='<U190'), array(['hit', 'We were hit by really bad weather .',
       'He hit .300 in the past season .'], dtype='<U190'), array(['hyponym', 'Dog is a hyponym of animal .',
       'British is a hyponym of European .'], dtype='<U190'), array(['point', 'What is the point of discussing it ?',
       'He stuck the point of the knife into a tree .'], dtype='<U190')] ['True', 'True', 'False', 'True', 'False']
prediction: True
61 39 17 37
round: 222, dev_data: ('suit', 'In bridge you must follow suit .', 'A flush is five cards in the same suit .'), dev_label: True
[array(['snap', 'Snap your fingers .', 'Bullets snapped past us .'],
      dtype='<U190'), array(['house', 'He has a house on Cape Cod .',
       "This is my house and my family 's ancestral home ."],
      dtype='<U190'), array(['shatter', 'A high-pitched voice that could shatter glass .',
       'The old oak tree has been shattered by lightning .'],
      dtype='<U190'), array(['birth', 'They divorced after the birth of the child .',
       'His election signaled the birth of a new age .'], dtype='<U190'), array(['say', "I can not say ` zip wire ' .",
       'Please say your name slowly and clearly .'], dtype='<U190')] ['False', 'True', 'True', 'True', 'True']
prediction: True
62 39 17 37
round: 223, dev_data: ('security', 'We support the armed services in the name of national security .', 'He held several valuable securities .'), dev_label: False
[array(['stretch', 'Stretch the fabric .',
       'I stretched the rubber band until it almost broke .'],
      dtype='<U190'), array(['gather', 'Gather some stones .',
       'Herman gathered the students together .'], dtype='<U190'), array(['connection',
       'The connection between church and state is inescapable .',
       'The connection between overeating and obesity .'], dtype='<U190'), array(['know', 'I know that the President lied to the people .',
       'It is vital that he not know .'], dtype='<U190'), array(['strike', 'Strike coins .',
       'The thought struck terror in our minds .'], dtype='<U190')] ['True', 'True', 'True', 'True', 'False']
prediction: False
62 39 17 38
round: 224, dev_data: ('preferment', 'Preferment of charges .', 'The preferment went to the younger candidate .'), dev_label: False
[array(['window',
       'The expanded window will give us time to catch the thieves .',
       'Launch window .'], dtype='<U190'), array(['cardinal',
       'The cardinal number " three " can be represented as " 3 " or " three " .',
       'The smallest cardinal numbers are 0 , 1 , 2 , and 3 .'],
      dtype='<U190'), array(['leak', 'A leak in a gas pipe .', 'He had to clean up the leak .'],
      dtype='<U190'), array(['stand', 'Here I stand , wondering what to do next .',
       'There stood on the corner a statue .'], dtype='<U190'), array(['stuff', 'What is all that stuff on your bedroom floor ?',
       "He did n't want his pockets to bulge so he was walking around with all his stuff in his hands ."],
      dtype='<U190')] ['True', 'True', 'True', 'False', 'True']
prediction: False
62 39 17 39
round: 225, dev_data: ('share', "I 'd like to share this idea with you .", 'We shared the cake .'), dev_label: False
[array(['shower', 'Her church group has planned an adoption shower .',
       'He took a shower after the game .'], dtype='<U190'), array(['play', 'Play safe .', 'Play fair .'], dtype='<U190'), array(['rotation',
       'Crop rotation makes a balanced demand on the fertility of the soil .',
       'The medical resident finished a two - week rotation in pediatrics and began one in orthopaedics .'],
      dtype='<U190'), array(['window',
       'They had a window of less than an hour when an attack would have succeeded .',
       'Launch window .'], dtype='<U190'), array(['ability',
       'This wood has the ability to fight off insects , fungus , and mold for a considerable time .',
       'This phone has the ability to have its software upgraded wirelessly .'],
      dtype='<U190')] ['False', 'True', 'True', 'True', 'True']
prediction: True
62 40 17 39
round: 226, dev_data: ('follow', 'These people still follow the laws of their ancient religion .', 'She followed dinner with a brandy .'), dev_label: False
[array(['line', "He has a smooth line but I did n't fall for it .",
       'Toe the line .'], dtype='<U190'), array(['language', 'He uttered harsh language .',
       'The English language .'], dtype='<U190'), array(['foot', 'Armored from head to foot .',
       'Curled up on the foot of the bed .'], dtype='<U190'), array(['develop', 'Please develop this roll of film for me .',
       'They developed a new technique .'], dtype='<U190'), array(['post', 'He occupied a post in the treasury .', 'Sent via post .'],
      dtype='<U190')] ['False', 'True', 'False', 'False', 'True']
prediction: False
62 40 17 40
round: 227, dev_data: ('close', 'Close a book .', 'Close a wound .'), dev_label: True
[array(['break', 'This play will either make or break the playwright .',
       'The figurine broke .'], dtype='<U190'), array(['range', 'He dreamed of a home on the range .',
       'They used to drive the cattle across the open range every spring .'],
      dtype='<U190'), array(['field', 'The home crowd cheered when Princeton took the field .',
       'There are several species of wild flowers growing in this field .'],
      dtype='<U190'), array(['book', 'They run things by the book around here .',
       'She opened the book to page 37 and began to read aloud .'],
      dtype='<U190'), array(['bum',
       'That guy keeps interrupting the concert . Throw the bum out !',
       "Fred is becoming a bum - he 's not even bothering to work more than once a month ."],
      dtype='<U190')] ['False', 'True', 'True', 'False', 'True']
prediction: True
63 40 17 40
round: 228, dev_data: ('override', 'Health considerations override financial concerns .', "The Congress promptly overrode the president 's veto , passing the bill into law ."), dev_label: False
[array(['lift', 'Lift the box onto the table .', 'I lifted the books .'],
      dtype='<U190'), array(['admit', 'The French doors admit onto the yard .',
       'This pipe admits air .'], dtype='<U190'), array(['raise', 'To raise your walking stick to defend yourself .',
       'Raise a shout .'], dtype='<U190'), array(['heart', 'In your heart you know it is true .',
       "You have n't got the heart for baseball ."], dtype='<U190'), array(['treat',
       'I like to treat myself to a day at a spa when I am depressed .',
       'Grandmother always treated us to the circus .'], dtype='<U190')] ['True', 'False', 'False', 'False', 'True']
prediction: False
63 40 17 41
round: 229, dev_data: ('bump', 'Bump and grind .', 'My car bumped into the tree .'), dev_label: False
[array(['home', 'Home is where the heart is .',
       'He grew up in a good Christian home .'], dtype='<U190'), array(['seize', 'To seize a ship after libeling .',
       'The terrorists seized the politicians .'], dtype='<U190'), array(['splash', 'I heard a splash when the rock landed in the pond .',
       'He made a great splash and then disappeared .'], dtype='<U190'), array(['business', 'We do business all over the world .',
       "He bought his brother 's business ."], dtype='<U190'), array(['return', "A return to one 's question .",
       'The return of spring .'], dtype='<U190')] ['True', 'False', 'False', 'False', 'False']
prediction: False
63 40 17 42
round: 230, dev_data: ('nest', 'A nest of thieves .', 'A nest of snipers .'), dev_label: False
[array(['turn', 'Turn the legs of the table .', 'Turn a somersault .'],
      dtype='<U190'), array(['doctrine',
       'The incarnation is a basic doctrine of classical Christianity .',
       'The four noble truths summarise the main doctrines of Buddhism .'],
      dtype='<U190'), array(['swing', 'The soccer player began to swing at the referee .',
       'He swung his left fist .'], dtype='<U190'), array(['cut', 'Cut a ticket .', 'Cut a check .'], dtype='<U190'), array(['pull', 'Pull a bank robbery .', 'The car pulls to the right .'],
      dtype='<U190')] ['False', 'True', 'False', 'True', 'False']
prediction: True
63 41 17 42
round: 231, dev_data: ('partition', 'Partition a room off .', 'The Arab peninsula was partitioned by the British .'), dev_label: False
[array(['performance', 'They admired his performance under stress .',
       'They listened to ten different performances .'], dtype='<U190'), array(['house', "This is my house and my family 's ancestral home .",
       'She felt she had to get out of the house .'], dtype='<U190'), array(['bear', 'I can not bear his constant criticism .',
       'She is bearing his child .'], dtype='<U190'), array(['home', 'The teacher asked how many people made up his home .',
       'Deliver the package to my home .'], dtype='<U190'), array(['field', 'He planted a field of wheat .',
       'There were some cows grazing in a field .'], dtype='<U190')] ['False', 'True', 'False', 'False', 'True']
prediction: False
63 41 17 43
round: 232, dev_data: ('degree', 'A second degree burn .', 'Murder in the second degree .'), dev_label: True
[array(['develop', 'Develop the rook .',
       'The country developed into a mighty superpower .'], dtype='<U190'), array(['sex', 'They had sex in the back seat .',
       '( The believers ... those ... ) who abstain from sex .'],
      dtype='<U190'), array(['support', 'He applied to the state for support .',
       'They developed a scheme of mutual support .'], dtype='<U190'), array(['keep', 'Keep my seat , please .',
       'Keep my job for me while I give birth .'], dtype='<U190'), array(['occur', 'Precious stones occur in a large area in Brazil .',
       'Sexism occurs in many workplaces .'], dtype='<U190')] ['False', 'True', 'False', 'True', 'True']
prediction: False
63 41 18 43
round: 233, dev_data: ('establishment', 'He quickly became recognized as a member of the establishment .', 'The firm celebrated twenty years since their establishment by updating their look .'), dev_label: True
[array(['sense', 'A sense of happiness .', 'A sense of security .'],
      dtype='<U190'), array(['hold', 'He has a hold over them .',
       'He ordered a hold in the action .'], dtype='<U190'), array(['have', 'I have a house and a car .', 'Have an assistant .'],
      dtype='<U190'), array(['connect',
       'The new railroad will connect the northern part of the state to the southern part .',
       'Herman connected the computers .'], dtype='<U190'), array(['air', 'The flock of birds took to the air .',
       'A smell of chemicals in the air .'], dtype='<U190')] ['True', 'False', 'False', 'True', 'True']
prediction: True
64 41 18 43
round: 234, dev_data: ('shock', 'Subjects received a small electric shock when they made the wrong response .', 'Corn is bound in small sheaves and several sheaves are set up together in shocks .'), dev_label: False
[array(['lob', 'Lob the tennis ball .',
       'The tennis player lobbed the ball , which was a costly mistake .'],
      dtype='<U190'), array(['foot', 'The swiftest of foot .', 'He followed on foot .'],
      dtype='<U190'), array(['leave', "She did n't leave until midnight .",
       'At what time does your train leave ?'], dtype='<U190'), array(['movement', 'A broad movement of the electorate to the right .',
       'He was a charter member of the movement .'], dtype='<U190'), array(['grate', 'Grate carrots and onions .', 'Grate nutmeg .'],
      dtype='<U190')] ['True', 'True', 'True', 'False', 'True']
prediction: False
64 41 18 44
round: 235, dev_data: ('march', 'The march of time .', 'The march of science .'), dev_label: True
[array(['electrify', 'To electrify a jar .',
       'This patriotic sentiment electrified the audience .'],
      dtype='<U190'), array(['mail', 'He works for the United States mail service .',
       'The mail handles billions of items every day .'], dtype='<U190'), array(['reason',
       "If you do n't give me a reason to go with you , I wo n't .",
       'The reason that war was declared .'], dtype='<U190'), array(['process', 'Process iron .', 'Process the applicants .'],
      dtype='<U190'), array(['back', 'He wrote the date on the back of the photograph .',
       'I hung the clothes on the back of the door .'], dtype='<U190')] ['False', 'True', 'True', 'False', 'True']
prediction: True
65 41 18 44
round: 236, dev_data: ('derivative', "The derivative of f : f(x ) = x^2 is f':f'(x ) = 2x .", "` electricity ' is a derivative of ` electric ' ."), dev_label: False
[array(['hand', 'The hired hand fixed the railing .', 'A ranch hand .'],
      dtype='<U190'), array(['cycle',
       'The " Ring of the Nibelung " is a cycle of four operas by Richard Wagner , the famous nineteenth-century German composer .',
       'A year constitutes a cycle of the seasons .'], dtype='<U190'), array(['see', 'He is blind -- he can not see .', 'I saw him laughing .'],
      dtype='<U190'), array(['spread',
       'She liked to spread butter on her toast while it was still hot .',
       'Spread cheese on a piece of bread .'], dtype='<U190'), array(['truck', 'Truck fresh vegetables across the mountains .',
       "Amanda trucked the package to her mother 's house from Philadelphia ."],
      dtype='<U190')] ['True', 'False', 'True', 'True', 'True']
prediction: False
65 41 18 45
round: 237, dev_data: ('reproach', 'Words of reproach .', 'He brought reproach upon his family .'), dev_label: False
[array(['keep', 'Keep open the possibility of a merger .',
       'Keep my seat , please .'], dtype='<U190'), array(['origin', 'Mineral origin .', 'Origin in sensation .'],
      dtype='<U190'), array(['answer', 'A few words would answer .', 'She answered the door .'],
      dtype='<U190'), array(['develop', 'We must develop more potential customers .',
       'The embryo develops into a fetus .'], dtype='<U190'), array(['cover', 'Cover your head !',
       'The President covered the fact that he bugged the offices in the White House .'],
      dtype='<U190')] ['True', 'True', 'False', 'False', 'False']
prediction: True
65 42 18 45
round: 238, dev_data: ('fortune', 'It was as if fortune guided his hand .', 'Whatever my fortune may be .'), dev_label: False
[array(['life', 'City life .', 'Get a life .'], dtype='<U190'), array(['play', "They gave full play to the artist 's talent .",
       'The coach drew up the plays for her team .'], dtype='<U190'), array(['faith', 'I have faith in the goodness of my fellow man .',
       'They broke faith with their investors .'], dtype='<U190'), array(['vermin', "He examined the child 's head for vermin .",
       'Bring these gypsy vermin to the Palace of Justice .'],
      dtype='<U190'), array(['credit', 'That engineer is a credit to the team .',
       'If you do not come to class , you will not get credit for the class , regardless of how well you do on the final .'],
      dtype='<U190')] ['True', 'False', 'False', 'False', 'False']
prediction: True
65 43 18 45
round: 239, dev_data: ('cascade', 'Separation of isotopes by a cascade of processes .', 'Progressing in severity as though a cascade of genetic damage was occurring .'), dev_label: True
[array(['key', 'The key to development is economic integration .',
       'They were carrying two keys of heroin .'], dtype='<U190'), array(['shade', 'It is much cooler in the shade .',
       "Close the shade , please : it 's too bright in here ."],
      dtype='<U190'), array(['beginning',
       'He was responsible for the beginning of negotiations .',
       'The beginning of the war .'], dtype='<U190'), array(['allow', 'To allow a servant his liberty .',
       'Mandela was allowed few visitors in prison .'], dtype='<U190'), array(['chain', 'A chain of mountains .',
       'The third link of the silver chain needs to be resoldered .'],
      dtype='<U190')] ['False', 'True', 'False', 'False', 'True']
prediction: False
65 43 19 45
round: 240, dev_data: ('enterprise', 'A micro enterprise is defined as a business having 5 or fewer employees and a low seed capital .', 'A growing enterprise must have a bold leader .'), dev_label: True
[array(['utility',
       'A computer system provides utility programs to perform the tasks needed by most users .',
       'The price of the house included all utilities .'], dtype='<U190'), array(['point', 'Point the letter .',
       'The dancers toes pointed outward .'], dtype='<U190'), array(['beat', "Beat one 's foot rhythmically .", 'I beat the traffic .'],
      dtype='<U190'), array(['go', 'Can I go now ?', "It 's your turn ; go ."], dtype='<U190'), array(['bite', 'The bite of satire .',
       "I 'll have a quick bite to quiet my stomach until dinner ."],
      dtype='<U190')] ['False', 'False', 'False', 'True', 'False']
prediction: True
66 43 19 45
round: 241, dev_data: ('entertain', 'Entertain interesting notions .', 'He entertained the notion of moving to South America .'), dev_label: False
[array(['distress', 'A ship in distress .',
       'She was the classic maiden in distress .'], dtype='<U190'), array(['look', "I do n't like the look of the new design .",
       "I do n't like the looks of this place ."], dtype='<U190'), array(['end', 'No one wanted to play end .',
       'They rode to the end of the line .'], dtype='<U190'), array(['light', 'He stepped into the light .',
       'It brought the scandal to light .'], dtype='<U190'), array(['make', 'Make love , not war .', 'Make revolution .'],
      dtype='<U190')] ['True', 'True', 'False', 'False', 'True']
prediction: True
66 44 19 45
round: 242, dev_data: ('exile', 'Men in exile dream of hope .', 'They chose exile rather than assimilation .'), dev_label: True
[array(['get', "She did n't get the joke .",
       'She got a bruise on her leg .'], dtype='<U190'), array(['head', 'Under the head of minor Roman poets .',
       'The head of the hammer .'], dtype='<U190'), array(['rebellion', 'His body was in rebellion against fatigue .',
       'Each generation must have its own rebellion .'], dtype='<U190'), array(['sack', 'He got the sack for being late all the time .',
       'The boss is gon na give her the sack today .'], dtype='<U190'), array(['hit', 'Hit a ball .', 'He hit a home run .'], dtype='<U190')] ['False', 'False', 'True', 'True', 'False']
prediction: True
67 44 19 45
round: 243, dev_data: ('union', 'There is strength in union .', 'Lightning produced an unusual union of the metals .'), dev_label: False
[array(['trade', 'They are accused of conspiring to constrain trade .',
       'Venice was an important center of trade with the East .'],
      dtype='<U190'), array(['leave', 'Leave it as is .',
       'I left my keys inside the car and locked the doors .'],
      dtype='<U190'), array(['extension', 'The wire has an extension of 50 feet .',
       'Extension of the program to all in need .'], dtype='<U190'), array(['bear', 'I can not bear his constant criticism .',
       'He bore himself with dignity .'], dtype='<U190'), array(['application',
       'The iPhone application VR+ connects to major social networks .',
       'He has tried several different word processing applications .'],
      dtype='<U190')] ['True', 'False', 'False', 'False', 'True']
prediction: False
67 44 19 46
round: 244, dev_data: ('topic', 'It was a very sensitive topic .', 'He kept drifting off the topic .'), dev_label: False
[array(['fun', 'They began to fight like fun .',
       'She asked for money and then the fun began .'], dtype='<U190'), array(['line', 'A shared line .',
       'I tried to make a call , but the line was dead .'], dtype='<U190'), array(['unit', 'A unit of wheat is a bushel .',
       'The word is a basic linguistic unit .'], dtype='<U190'), array(['culture',
       'The reason that the agency is doomed to inaction has something to do with the FBI culture .',
       'The developing drug culture .'], dtype='<U190'), array(['use', 'Use your common sense .', "I ca n't use this tool ."],
      dtype='<U190')] ['True', 'True', 'False', 'True', 'False']
prediction: True
67 45 19 46
round: 245, dev_data: ('reading', 'Suggestions for further reading .', 'His main reading was detective stories .'), dev_label: True
[array(['stretch',
       'I was right in the middle of a stretch when the phone rang .',
       'A stretch of highway .'], dtype='<U190'), array(['encounter', 'There was a brief encounter in the hallway .',
       'Their encounter was a matter of chance .'], dtype='<U190'), array(['cut', 'She cut the deck for a long time .', 'Wayne cut .'],
      dtype='<U190'), array(['horizon', 'It is beyond the horizon of present knowledge .',
       'Some students take a gap year after finishing high school to broaden their horizons .'],
      dtype='<U190'), array(['be', 'I shall be writing to you soon .', 'Ignorance is bliss .'],
      dtype='<U190')] ['False', 'True', 'True', 'True', 'True']
prediction: True
68 45 19 46
round: 246, dev_data: ('comply', 'You must comply or else !', 'He complied with my instructions .'), dev_label: True
[array(['pull',
       "You 're going to have to pull harder to get that cork out of the bottle .",
       'He pulled out his gun before she had a chance to scream .'],
      dtype='<U190'), array(['run',
       'The crowd had to run away from the burning structure with only the clothes on their backs .',
       'If you see this man , run !'], dtype='<U190'), array(['appear', 'He had to appear in court last month .',
       'A ship appeared .'], dtype='<U190'), array(['office',
       'Being in office already gives a candidate a great advantage .',
       'The whole office was late the morning of the blizzard .'],
      dtype='<U190'), array(['charge', "Do n't forget to charge the drill .",
       'She was charged with supervising the creation of a concordance .'],
      dtype='<U190')] ['True', 'True', 'False', 'False', 'False']
prediction: True
69 45 19 46
round: 247, dev_data: ('immunity', 'The prosecutor offered the lieutenant immunity for all the crimes he would testify having known to be planned by the elusive drug baron .', 'He was granted immunity from prosecution .'), dev_label: True
[array(['trust', 'The doctor-patient relationship is based on trust .',
       'He betrayed their trust .'], dtype='<U190'), array(['rain', "We 've been having a lot of rain lately .",
       'The rains came late that year .'], dtype='<U190'), array(['check', 'Check the brakes .',
       'I will check up on the car tomorrow .'], dtype='<U190'), array(['head', 'They shot 20 head of quail .',
       '200 head of cattle and 50 head of horses .'], dtype='<U190'), array(['wear', "Wear one 's hair in a certain way .",
       'She wore a smile all day .'], dtype='<U190')] ['False', 'True', 'True', 'True', 'False']
prediction: True
70 45 19 46
round: 248, dev_data: ('cloud', 'He opened the door and was greeted by a cloud of bats .', 'Clouds of blossoms .'), dev_label: True
[array(['run', 'Run rogue .', 'She ran 10 miles that day .'], dtype='<U190'), array(['get', 'Get an idea .', 'Get nauseous .'], dtype='<U190'), array(['carry', 'I carry these thoughts in the back of my head .',
       'I will carry the secret to my grave .'], dtype='<U190'), array(['hand', 'The hired hand fixed the railing .', 'A ranch hand .'],
      dtype='<U190'), array(['produce', 'These chemicals produce a noxious vapor .',
       'This procedure produces a curious effect .'], dtype='<U190')] ['False', 'True', 'True', 'True', 'True']
prediction: False
70 45 20 46
round: 249, dev_data: ('marshal', 'Marshal the troops .', 'Marshal facts or arguments .'), dev_label: False
[array(['come', 'Come into contact with a terrorist group .',
       'Their anger came to a boil .'], dtype='<U190'), array(['bear', 'She agreed to bear the responsibility .',
       'Bearing orders .'], dtype='<U190'), array(['cardinal',
       'The cardinal number " three " can be represented as " 3 " or " three " .',
       'The smallest cardinal numbers are 0 , 1 , 2 , and 3 .'],
      dtype='<U190'), array(['head', '200 head of cattle .',
       '200 head of cattle and 50 head of horses .'], dtype='<U190'), array(['strike', 'Strike a bargain .',
       "We must strike the enemy 's oil fields ."], dtype='<U190')] ['True', 'False', 'True', 'True', 'False']
prediction: False
70 45 20 47
round: 250, dev_data: ('smokescreen', 'All that talk is just a smokescreen to disguise the fact that he has nothing to say .', 'Requesting new powers of surveillance is just a smokescreen to hide their failures .'), dev_label: True
[array(['shot', "His parting shot was ` drop dead ' .",
       'I caught him with a solid shot to the chin .'], dtype='<U190'), array(['approach', 'To approach the city .',
       "Do n't approach that house ."], dtype='<U190'), array(['make', 'A good review by this critic will make your play !',
       'She married into wealth and so has it made .'], dtype='<U190'), array(['catch', "Catch one 's breath .",
       'I caught the hem of my dress in the brambles .'], dtype='<U190'), array(['give', 'Give the orders .',
       'The French doors give onto a terrace .'], dtype='<U190')] ['False', 'True', 'True', 'False', 'False']
prediction: True
71 45 20 47
round: 251, dev_data: ('color', 'She used a different color for the trim .', 'Color has been a sensitive issue in many societies .'), dev_label: False
[array(['opinion', "Every man is a fool in some man 's opinion .",
       'His opinions appeared frequently on the editorial page .'],
      dtype='<U190'), array(['wall', 'A wall of prejudice .',
       "The container 's walls were blue ."], dtype='<U190'), array(['field',
       'He needs some time in the field before his judgment can be trusted .',
       'Field work traditionally distinguishes true archaeologists from armchair archaeologists .'],
      dtype='<U190'), array(['way', "Come this way and I 'll show you a shortcut .",
       'He said he was looking for the way out .'], dtype='<U190'), array(['cover', 'Does my policy cover accidental loss ?',
       'The female covers the eggs .'], dtype='<U190')] ['False', 'False', 'True', 'True', 'False']
error
round: 251, dev_data: ('color', 'She used a different color for the trim .', 'Color has been a sensitive issue in many societies .'), dev_label: False
[array(['raise', 'We visited a farm where they raise chickens .',
       'To raise somebody to office .'], dtype='<U190'), array(['run', 'She got a run in her stocking .',
       'I have a run in my stocking .'], dtype='<U190'), array(['cut', 'She could not cut the long days in the office .',
       'The glass from the shattered windshield cut into her forehead .'],
      dtype='<U190'), array(['throw', 'Throw accusations at someone .',
       'She threw a beautiful teapot .'], dtype='<U190'), array(['mail', 'He works for the United States mail service .',
       'The mail handles billions of items every day .'], dtype='<U190')] ['True', 'True', 'False', 'False', 'True']
prediction: False
71 45 20 48
round: 252, dev_data: ('channel', "Poison is released through a channel in the snake 's fangs .", 'Gutters carried off the rainwater into a series of channels under the street .'), dev_label: False
[array(['turn', 'People turn to mysticism at the turn of a millennium .',
       'The pedophile turned to boys for satisfaction .'], dtype='<U190'), array(['boy', 'The boys were playing kickball in the mud .',
       'She made the boy brush his teeth every night .'], dtype='<U190'), array(['divinity',
       'Ancient Egyptians believed in the divinity of the Pharaohs .',
       'Harvard Divinity School has been teaching theology since 1636 .'],
      dtype='<U190'), array(['part',
       'He wanted to feel a part of something bigger than himself .',
       'The rear part of the house .'], dtype='<U190'), array(['loss', 'A serious loss of business .', 'Weight loss .'],
      dtype='<U190')] ['True', 'True', 'False', 'False', 'True']
prediction: True
71 46 20 48
round: 253, dev_data: ('climax', 'The deathbed scene is the climax of the play .', "The climax of the artist 's career ."), dev_label: False
[array(['connect', 'Can you connect the two loudspeakers ?',
       'Our computers connected together .'], dtype='<U190'), array(['application',
       'A novel application of electronics to medical diagnosis .',
       'He has tried several different word processing applications .'],
      dtype='<U190'), array(['volume', 'The letter " G " was found in volume 4 .',
       'Please turn down the volume on the stereo .'], dtype='<U190'), array(['press', 'This guy can press 300 pounds .',
       'She is pressing her opponent but will eventually lose .'],
      dtype='<U190'), array(['bed', 'The track bed had washed away .',
       'Sea bed , river bed , lake bed .'], dtype='<U190')] ['True', 'False', 'False', 'False', 'False']
prediction: False
71 46 20 49
round: 254, dev_data: ('marry', 'A justice of the peace will marry Jones and Smith .', 'The minister married us on Saturday .'), dev_label: True
[array(['melt',
       'When the weather is warm , the snowman will disappear ; he will melt .',
       'The wax melted in the sun .'], dtype='<U190'), array(['have', 'They have two more years before they retire .',
       'I have two years left .'], dtype='<U190'), array(['go', 'Messages must go through diplomatic channels .',
       'We should go farther in this matter .'], dtype='<U190'), array(['stand', 'We had to stand for the entire performance !',
       'They stood the statue on the pedestal .'], dtype='<U190'), array(['body', 'They found the body in the lake .', 'Heavenly body .'],
      dtype='<U190')] ['True', 'True', 'True', 'True', 'False']
prediction: True
72 46 20 49
round: 255, dev_data: ('penetrate', 'The hikers did not manage to penetrate the dense forest .', 'She was penetrated with sorrow .'), dev_label: False
[array(['take', 'How should I take this message ?',
       "You ca n't take credit for this !"], dtype='<U190'), array(['smoke', 'It was just smoke and mirrors .',
       'His dreams all turned to smoke .'], dtype='<U190'), array(['language',
       'Language sets homo sapiens apart from all other animals .',
       'The language introduced is standard throughout the text .'],
      dtype='<U190'), array(['catch',
       "I have some free time tonight so I think I 'll catch a movie .",
       'The fashion did not catch .'], dtype='<U190'), array(['yes', 'I was hoping for a yes .', 'Was that a yes ?'],
      dtype='<U190')] ['True', 'True', 'False', 'False', 'True']
prediction: False
72 46 20 50
round: 256, dev_data: ('darkness', 'He moved off into the darkness .', 'His lectures dispelled the darkness .'), dev_label: False
[array(['bring', 'Waiter , please bring me a single malt whiskey .',
       'This brings me to the main point .'], dtype='<U190'), array(['family', "He 's family .",
       'His family has lived in Massachusetts since the Mayflower .'],
      dtype='<U190'), array(['place', 'If you were in my place what would you do ?',
       'A political system with no place for the less prominent groups .'],
      dtype='<U190'), array(['body', 'They found the body in the lake .', 'Heavenly body .'],
      dtype='<U190'), array(['make', "Make one 's way into the forest .",
       'Make yourself clear .'], dtype='<U190')] ['True', 'False', 'False', 'False', 'False']
prediction: False
72 46 20 51
round: 257, dev_data: ('legitimation', 'He has filial rights because he obtained letters of legitimation from the king .', "His parents ' subsequent marriage resulted in his legitimation ."), dev_label: True
[array(['patch', 'A cabbage patch .',
       "Does n't that patch of clouds looks like a bunny ?"],
      dtype='<U190'), array(['see', 'Now I see !', 'Can you see the bird in that tree ?'],
      dtype='<U190'), array(['set', 'To set glass in a sash .',
       'To set a precious stone in a border of metal .'], dtype='<U190'), array(['authority', 'He is an authority on corporate law .',
       'I have the authority to penalise the staff in my department , but not the authority to sack them .'],
      dtype='<U190'), array(['draw', 'Draw pulp from the fruit .',
       'A ship draws ten feet of water .'], dtype='<U190')] ['False', 'False', 'True', 'False', 'False']
prediction: True
73 46 20 51
round: 258, dev_data: ('sex', 'He wanted a better sex life .', 'The film contained no sex or violence .'), dev_label: True
[array(['communicate',
       "I feel I hardly know him ; I just wish he 'd communicate with me a little more .",
       "He and his sons have n't communicated for years ."], dtype='<U190'), array(['point', 'At that point I had to leave .', 'A row of points .'],
      dtype='<U190'), array(['change',
       'The change of government had no impact on the economy .',
       'He inspected several changes before selecting one .'],
      dtype='<U190'), array(['hit', 'We hit Detroit by noon .',
       'I have to hit the MAC machine before the weekend starts .'],
      dtype='<U190'), array(['fall', 'Fall into a trap .', 'The barometer is falling .'],
      dtype='<U190')] ['True', 'False', 'False', 'True', 'False']
prediction: True
74 46 20 51
round: 259, dev_data: ('theology', 'Jewish theology .', 'He studied theology at Oxford .'), dev_label: False
[array(['lot', 'They were an angry lot .', 'Lots of people think so .'],
      dtype='<U190'), array(['look', "I do n't like the look of the new design .",
       "She got her mother 's looks ."], dtype='<U190'), array(['practice',
       'It is the usual practice of employees there to wear neckties only when meeting with customers .',
       'It is their practice to give annual raises .'], dtype='<U190'), array(['interest', 'He has a lot of interest in vintage cars .',
       'Victorian furniture is an interest of mine .'], dtype='<U190'), array(['set', 'Set fire to a building .',
       "The moon sets at eight o'clock tonight ."], dtype='<U190')] ['False', 'True', 'True', 'False', 'False']
prediction: True
74 47 20 51
round: 260, dev_data: ('production', 'They export most of their agricultural production .', 'The widget making machine is being used for production now .'), dev_label: False
[array(['tell', 'Tell me what is bothering you .',
       'Ellen told Helen how to avoid the crowd .'], dtype='<U190'), array(['lift', 'Some actresses have more than one face lift .',
       'Take the lift to the fourth floor .'], dtype='<U190'), array(['patch', 'A cabbage patch .',
       "Does n't that patch of clouds looks like a bunny ?"],
      dtype='<U190'), array(['stay', 'I had to stay at home and watch the children .',
       'After the trial period , she was asked to stay on and work full-time .'],
      dtype='<U190'), array(['light', 'Do you have a light ?', 'The light of my life .'],
      dtype='<U190')] ['True', 'False', 'False', 'False', 'False']
prediction: True
74 48 20 51
round: 261, dev_data: ('void', 'Void a plea .', 'He voided the check and returned it .'), dev_label: True
[array(['trial', 'A trial of progesterone failed to relieve the pain .',
       'Candidates must compete in a trial of skill .'], dtype='<U190'), array(['language',
       'The language introduced is standard throughout the text .',
       'The gift of language .'], dtype='<U190'), array(['key', 'He spoke in a low key .',
       'Some students cheated by using the answer key .'], dtype='<U190'), array(['treat',
       'I like to treat myself to a day at a spa when I am depressed .',
       'Treat the infection with antibiotics .'], dtype='<U190'), array(['history', 'A history of France .',
       "A critical time in the school 's history ."], dtype='<U190')] ['False', 'True', 'False', 'False', 'False']
prediction: False
74 48 21 51
round: 262, dev_data: ('question', 'There is no question about the validity of the enterprise .', 'There was a question about my training .'), dev_label: False
[array(['deference', 'His deference to her wishes was very flattering .',
       'In deference to your wishes .'], dtype='<U190'), array(['go', 'These ugly billboards have to go !',
       'These luxuries all had to go under the Khmer Rouge .'],
      dtype='<U190'), array(['carry', 'You must carry your camping gear .',
       'Carry the suitcases to the car .'], dtype='<U190'), array(['part', 'He tried to sing the tenor part .',
       'His part was right in the middle .'], dtype='<U190'), array(['reaction',
       "He was pleased by the audience 's reaction to his performance .",
       "John feared his mother 's reaction when she saw the broken lamp ."],
      dtype='<U190')] ['False', 'True', 'True', 'False', 'True']
prediction: True
74 49 21 51
round: 263, dev_data: ('fault', 'The fault lies with you .', "It was John 's fault ."), dev_label: True
[array(['control', 'Measures for the control of disease .',
       'The control condition was inappropriate for the conclusions he wished to draw .'],
      dtype='<U190'), array(['gather', 'Gather some stones .',
       'The teacher gathered the kids together .'], dtype='<U190'), array(['go', 'How fast does your new car go ?',
       'These luxuries all had to go under the Khmer Rouge .'],
      dtype='<U190'), array(['eat', 'What do whales eat ?',
       "This dog does n't eat certain kinds of meat ."], dtype='<U190'), array(['course', 'The ship changed its course 15 degrees towards south .',
       'The river takes a southern course .'], dtype='<U190')] ['False', 'True', 'False', 'True', 'False']
prediction: True
75 49 21 51
round: 264, dev_data: ('rounding', 'Taxes are rounded off to the nearest dollar but the rounding error is surprisingly small .', 'The error in the calculation was attributable to rounding .'), dev_label: True
[array(['carry', "I carry her image in my mind 's eye .",
       'I carry a lot of life insurance .'], dtype='<U190'), array(['care', "He does n't care about how / whether she comes .",
       "I do n't care ."], dtype='<U190'), array(['baby', 'Stop being a baby !',
       "Stand up for yourself - do n't be such a baby !"], dtype='<U190'), array(['number', 'She refused to give them her Social Security number .',
       'She preferred the black nylon number .'], dtype='<U190'), array(['take', 'Do you take me for a fool ?',
       'He was often taken to be a man of means .'], dtype='<U190')] ['True', 'True', 'True', 'False', 'True']
prediction: True
76 49 21 51
round: 265, dev_data: ('devotee', 'A devotee of classical music .', 'He was a devotee of Arnold Schwarzenegger .'), dev_label: True
[array(['mean', 'I mean to go to Baddeck this summer .',
       'I meant to take the car in for a smog check , but it slipped my mind .'],
      dtype='<U190'), array(['make', 'How much do you make a month in your new job ?',
       'You have to spend money to make money !'], dtype='<U190'), array(['grain', 'Saw the board across the grain .', 'A grain of salt .'],
      dtype='<U190'), array(['time', 'He was a great actor in his time .',
       'The time of year for planting .'], dtype='<U190'), array(['significance', 'The significance of a gesture .',
       'The significance of his remark became clear only later .'],
      dtype='<U190')] ['True', 'True', 'False', 'True', 'True']
prediction: True
77 49 21 51
round: 266, dev_data: ('cancel', 'Cancel cheques or tickets .', 'The corrective feedback mechanism cancels out the noise .'), dev_label: False
[array(['beat', 'The boat beat in the strong wind .',
       'I beat the traffic .'], dtype='<U190'), array(['top', 'He removed the top of the carton .',
       'The mower cuts off the tops of the grass .'], dtype='<U190'), array(['sweep', 'Please sweep the floor .',
       'They were swept up by the events .'], dtype='<U190'), array(['feel', "I feel that he does n't like me .",
       'I felt my way cautiously through the dangerous business maneuver .'],
      dtype='<U190'), array(['reading', 'A reading of the current situation .',
       'He was famous for his reading of Mozart .'], dtype='<U190')] ['False', 'False', 'False', 'False', 'True']
prediction: False
77 49 21 52
round: 267, dev_data: ('captain', 'A captain of industry .', 'John Henry said to the captain , " A man ai n\'t nothing but a man . " .'), dev_label: True
[array(['care', 'I really care about my work .', "I do n't care ."],
      dtype='<U190'), array(['lift', 'Take the lift to the fourth floor .',
       'He responded with a lift of his eyebrow .'], dtype='<U190'), array(['dress', 'We had to dress quickly .',
       'Can the child dress by herself ?'], dtype='<U190'), array(['do', 'What makes her do this way ?',
       "A ' B ' grade does n't suffice to get me into medical school ."],
      dtype='<U190'), array(['coordinate', 'Coordinate our efforts .',
       'Coordinate his actions with that of his colleagues .'],
      dtype='<U190')] ['True', 'False', 'True', 'False', 'True']
prediction: False
77 49 22 52
round: 268, dev_data: ('signage', 'The signage in the airport is designed to point the way clearly to important locations .', 'The poor signage at Heathrow is only in English .'), dev_label: True
[array(['check', 'Check the time of the class .',
       'Check the oil in your car once a month .'], dtype='<U190'), array(['check', 'Check the brakes .',
       'Check whether this page has a watermark .'], dtype='<U190'), array(['head', 'His horse won by a head .',
       'He is two heads taller than his little sister .'], dtype='<U190'), array(['shape', 'Shape the dough .', 'Shape a figure .'], dtype='<U190'), array(['strike', "Strike ` z ' on the keyboard .",
       'Her comments struck a sour note .'], dtype='<U190')] ['False', 'True', 'True', 'False', 'True']
prediction: True
78 49 22 52
round: 269, dev_data: ('despair', 'He turned around in despair , aware that he was not going to survive .', 'One harsh word would send her into the depths of despair .'), dev_label: False
[array(['stand', 'They took a firm stand against copyright infringement .',
       'They cut down a stand of trees .'], dtype='<U190'), array(['break', 'Break down a proof .', 'Break an alibi .'], dtype='<U190'), array(['shopping',
       "Women carrying home shopping did n't give me a second glance .",
       'On Saturdays we usually do the shopping .'], dtype='<U190'), array(['vaccinate', 'We vaccinate against scarlet fever .',
       'The nurse vaccinated the children in the school .'], dtype='<U190'), array(['pull', 'The pull of the current .',
       'Iron fillings drawn by the pull of a magnet .'], dtype='<U190')] ['False', 'True', 'False', 'True', 'True']
prediction: True
78 50 22 52
round: 270, dev_data: ('air', "If you 've time to spare go by air .", 'Air travel involves too much waiting in airports .'), dev_label: True
[array(['body', 'The body of the car was badly rusted .',
       'Penny was in the scullery , pressing the body of her new dress .'],
      dtype='<U190'), array(['spring', 'The emerging buds were a sure sign of spring .',
       'You can visit me in the spring , when the weather is bearable .'],
      dtype='<U190'), array(['get', "I ca n't get these boots off ( or on ) .",
       "She did n't get the joke ."], dtype='<U190'), array(['costume', 'He won the prize for best costume .',
       'We wore gorilla costumes to the party .'], dtype='<U190'), array(['go', "The washing machine wo n't go unless it 's plugged in .",
       'The policemen went from door to door looking for the suspect .'],
      dtype='<U190')] ['False', 'True', 'False', 'True', 'False']
prediction: True
79 50 22 52
round: 271, dev_data: ('excursion', 'While driving home I took an excursion and saw some deer .', 'Many summer excursions to the shore .'), dev_label: True
[array(['number', 'I hope to become one of their number before I die .',
       'The equation e^i\\pi+1=0 includes the most important numbers : 1 , 0 , \\pi , i , and e.'],
      dtype='<U190'), array(['vote', 'They allowed just one vote per person .',
       'The Supreme Court upheld the principle of one person , one vote .'],
      dtype='<U190'), array(['make', 'One swallow does not a summer make .',
       'Clothes make the man .'], dtype='<U190'), array(['slip', "He 's a mere slip of a lad .",
       "She could n't hurt a fly , young slip of a girl that she is ."],
      dtype='<U190'), array(['stay', 'We stayed in Hawaii for a week .',
       'The judge stayed the execution order .'], dtype='<U190')] ['False', 'True', 'True', 'True', 'False']
prediction: True
80 50 22 52
round: 272, dev_data: ('scan', 'You could see the tumor in the CAT scan .', 'He made a thorough scan of the beach with his binoculars .'), dev_label: False
[array(['floor', 'The floor of the pelvis .', 'He is a floor trader .'],
      dtype='<U190'), array(['beauty', 'Brigitte Bardot was a renowned beauty .',
       'His roses were beauties .'], dtype='<U190'), array(['come', 'Come down here !', 'Come with me to the Casbah .'],
      dtype='<U190'), array(['stick', 'Stick your thumb in the crack .',
       'She sticks to her principles .'], dtype='<U190'), array(['make', 'How much do you make a month in your new job ?',
       'She made ten points in that game .'], dtype='<U190')] ['False', 'False', 'True', 'False', 'True']
prediction: False
80 50 22 53
round: 273, dev_data: ('distress', "Originally distress was a landlord 's remedy against a tenant for unpaid rents or property damage but now the landlord is given a landlord 's lien .", 'The patient appeared to be in distress .'), dev_label: False
[array(['agonist', 'When bending the elbow the biceps are the agonist .',
       'Acetylcholine is an agonist at the a cholinergic receptor .'],
      dtype='<U190'), array(['space', 'It all happened in the space of 10 minutes .',
       'The architect left space in front of the building .'],
      dtype='<U190'), array(['costume', 'He won the prize for best costume .',
       'We wore gorilla costumes to the party .'], dtype='<U190'), array(['start', 'He awoke with a start .', 'He woke with a start .'],
      dtype='<U190'), array(['see', 'Can you see the bird in that tree ?',
       'I saw him laughing .'], dtype='<U190')] ['False', 'False', 'True', 'True', 'True']
prediction: False
80 50 22 54
round: 274, dev_data: ('suppress', 'The rescue team managed to suppress the flow of oil by blasting the drilling hole .', 'This drug can suppress the hemorrhage .'), dev_label: True
[array(['note', 'It ended on a sour note .',
       'He detected a note of sarcasm .'], dtype='<U190'), array(['door', 'Education is the door to success .',
       "I knocked on the vice president 's door ."], dtype='<U190'), array(['appearance',
       'A person makes his appearance as an historian , an artist , or an orator .',
       'His sudden appearance surprised me .'], dtype='<U190'), array(['strike', 'Strike an arc .', 'They were struck with fear .'],
      dtype='<U190'), array(['account',
       'He gave an inaccurate account of the plot to kill the president .',
       'He asked to see the executive who handled his account .'],
      dtype='<U190')] ['True', 'False', 'False', 'False', 'False']
prediction: True
81 50 22 54
round: 275, dev_data: ('leakiness', 'The leakiness of the roof .', 'The leakiness of the boat made it dangerous to use .'), dev_label: True
[array(['carry', 'I carry these thoughts in the back of my head .',
       'I will carry the secret to my grave .'], dtype='<U190'), array(['academy', 'A riding academy .', 'The French Academy .'],
      dtype='<U190'), array(['toy', 'Toy with an idea .',
       'Figo is toying with the English defence .'], dtype='<U190'), array(['check',
       "Katie 's sick , so I need to check up on her and see if she needs anything .",
       'The heat checked the paint .'], dtype='<U190'), array(['drop', 'Drop him from the Republican ticket .',
       'Shop til you drop .'], dtype='<U190')] ['True', 'False', 'True', 'False', 'False']
prediction: True
82 50 22 54
round: 276, dev_data: ('support', 'I support France in the World Cup .', 'She supported him during the illness .'), dev_label: True
[array(['seat', 'He dusted off the seat before sitting down .',
       'There are two hundred seats in this classroom .'], dtype='<U190'), array(['see',
       'I must see your passport before you can enter the country .',
       'See whether you can come tomorrow .'], dtype='<U190'), array(['catch', "I have to catch a train at 7 o'clock .",
       "I have some free time tonight so I think I 'll catch a movie ."],
      dtype='<U190'), array(['admit', 'The French doors admit onto the yard .',
       'A ticket admits one into a playhouse .'], dtype='<U190'), array(['verify', 'Verify a claim .',
       'Please verify that the doors are closed .'], dtype='<U190')] ['True', 'False', 'False', 'False', 'True']
prediction: False
82 50 23 54
round: 277, dev_data: ('meter', 'Meter the flow of water .', 'Meter the mail .'), dev_label: False
[array(['slit', 'He slit the bag open and the rice began pouring out .',
       'Slit the throat of the victim .'], dtype='<U190'), array(['return', 'They set out on their return to the base camp .',
       'I expect the house to be spotless upon my return .'],
      dtype='<U190'), array(['window',
       'You have a two-hour window of clear weather to finish working on the lawn .',
       'Window of opportunity .'], dtype='<U190'), array(['take', 'Take steps .', 'Take the gun from your pocket .'],
      dtype='<U190'), array(['hold', 'Hold your tongue .', 'He can hold his liquor .'],
      dtype='<U190')] ['True', 'True', 'True', 'False', 'False']
prediction: True
82 51 23 54
round: 278, dev_data: ('popularity', 'This gallant laboring to avoid popularity falls into a habit of affectation . — Ben Jonson .', 'His charm soon won him affection and popularity .'), dev_label: True
[array(['serve', 'This table would serve very well .',
       'They serve a restricted role on the bench .'], dtype='<U190'), array(['reduce', 'Reduce a problem to a single question .',
       "Reduce one 's standard of living ."], dtype='<U190'), array(['lift', 'You never lift a finger to help me !', 'Lift a load .'],
      dtype='<U190'), array(['part', 'The rear part of the house .',
       'Glue the two parts together .'], dtype='<U190'), array(['head', 'They say he gives good head .', 'The head of the list .'],
      dtype='<U190')] ['True', 'False', 'True', 'True', 'False']
prediction: True
83 51 23 54
round: 279, dev_data: ('face', 'An angry face .', 'When he returned to work he met many new faces .'), dev_label: False
[array(['entreaty', 'We need an entreaty to stop the hostilities .',
       'An entreaty to stop the fighting .'], dtype='<U190'), array(['extend', 'Extend a hand .',
       'My land extends over the hills on the horizon .'], dtype='<U190'), array(['grain', 'There was a grain of truth in what he said .',
       'We stored a thousand tons of grain for the winter .'],
      dtype='<U190'), array(['be', 'I shall be writing to you soon .',
       'There were two hundred people at his funeral .'], dtype='<U190'), array(['make', 'How much do you make a month in your new job ?',
       'You have to spend money to make money !'], dtype='<U190')] ['True', 'False', 'False', 'True', 'True']
prediction: False
83 51 23 55
round: 280, dev_data: ('upset', 'The biggest upset since David beat Goliath .', 'Everyone gets stomach upsets from time to time .'), dev_label: False
[array(['take', 'Take steps .', 'Take action .'], dtype='<U190'), array(['opening', 'He slipped through an opening in the crowd .',
       'There was a small opening between the trees .'], dtype='<U190'), array(['fall', 'Fall by the wayside .', 'We must stand or fall .'],
      dtype='<U190'), array(['hold', 'She can hold an audience spellbound .',
       'Hold this bowl for a moment , please .'], dtype='<U190'), array(['rub', 'Rub oil into her skin .',
       'The cat rubbed itself against my leg .'], dtype='<U190')] ['True', 'True', 'True', 'False', 'True']
prediction: False
83 51 23 56
round: 281, dev_data: ('shopping', 'Does her shopping at the mall rather than down town .', 'Went shopping for a reliable plumber .'), dev_label: True
[array(['end', 'The end of the year .',
       "One end of the box was marked ` This side up ' ."], dtype='<U190'), array(['develop', 'We must develop more potential customers .',
       'We develop the leaders for the future .'], dtype='<U190'), array(['leave', 'At what time does your train leave ?',
       'Her blood left a stain on the napkin .'], dtype='<U190'), array(['head', 'The head of the list .', "I 've got to go to the head ."],
      dtype='<U190'), array(['run', 'Run a new program on the Mac .',
       "They ran twenty blood tests on me and they still do n't know what 's wrong ."],
      dtype='<U190')] ['False', 'False', 'False', 'False', 'True']
prediction: True
84 51 23 56
round: 282, dev_data: ('wear', 'The tires showed uneven wear .', 'Maternity wear .'), dev_label: False
[array(['opinion', "Every man is a fool in some man 's opinion .",
       'His opinions appeared frequently on the editorial page .'],
      dtype='<U190'), array(['head', 'Under the head of minor Roman poets .',
       'They shot 20 head of quail .'], dtype='<U190'), array(['cover',
       'When the pot comes to a boil , cover it and reduce the heat to medium .',
       'Cover the meat with a lot of gravy .'], dtype='<U190'), array(['work', 'Do you want to work after the age of 60 ?',
       'My wife never worked .'], dtype='<U190'), array(['insulate', 'Ceramic can be used to insulate power lines .',
       'We had his bedroom insulated before winter came .'], dtype='<U190')] ['False', 'False', 'False', 'True', 'True']
prediction: False
84 51 23 57
round: 283, dev_data: ('substitute', 'They tend to substitute for more mundane things .', 'I had no shallots so I substituted onion .'), dev_label: True
[array(['know', 'I know Latin .', 'Adam knew Eve .'], dtype='<U190'), array(['pull', 'Pull the trigger of the gun .', 'Pull the rope .'],
      dtype='<U190'), array(['way', "Come this way and I 'll show you a shortcut .",
       'Do you know the way to the airport ?'], dtype='<U190'), array(['spin',
       "One of the planet 's moons has a slower spin than the others .",
       'He took the new car for a spin .'], dtype='<U190'), array(['keep', 'I keep my specimens under glass to protect them .',
       'Keep on working !'], dtype='<U190')] ['False', 'True', 'True', 'False', 'True']
prediction: True
85 51 23 57
round: 284, dev_data: ('occasion', 'At this point , she seized the occasion to make her own observation .', 'On the occasion of his 60th birthday .'), dev_label: True
[array(['catch', 'Did you catch that allusion ?',
       "If he catches you on the chin , you 'll be on the mat ."],
      dtype='<U190'), array(['bit', 'I gave him a bit of my mind .', 'A bit of lint .'],
      dtype='<U190'), array(['capital',
       "The Welsh government claims that Cardiff is Europe 's youngest capital .",
       'Washington D.C. is the capital of the United States of America .'],
      dtype='<U190'), array(['light', 'Can you shed light on this problem ?',
       'Do you have a light ?'], dtype='<U190'), array(['foot', 'Armored from head to foot .',
       'Curled up on the foot of the bed .'], dtype='<U190')] ['False', 'True', 'True', 'False', 'False']
prediction: True
86 51 23 57
round: 285, dev_data: ('gutter', 'Gutter the buildings .', 'The cooling lava continued to gutter toward lower ground .'), dev_label: False
[array(['see', 'I went to see my friend Mary the other day .',
       'This program will be seen all over the world .'], dtype='<U190'), array(['gratification',
       'To my immense gratification he arrived on time .',
       'Dull repetitious work gives no gratification .'], dtype='<U190'), array(['point', 'To fall off a point .',
       'They sailed south around the point .'], dtype='<U190'), array(['history', 'All of human history .',
       'The dawn of recorded history .'], dtype='<U190'), array(['rub', 'Rub oil into her skin .',
       'I rubbed my hands together for warmth .'], dtype='<U190')] ['False', 'True', 'False', 'False', 'True']
prediction: False
86 51 23 58
round: 286, dev_data: ('homer', 'The first baseman hit a homer to lead off the ninth .', 'Each of the pigeon fanciers released a homer at the same time .'), dev_label: False
[array(['pull', 'Pull the trigger of the gun .', 'Pull the rope .'],
      dtype='<U190'), array(['statement',
       'His tantrums are a statement of his need for attention .',
       'A Cadillac makes a statement about who you are .'], dtype='<U190'), array(['know', 'I know him under a different name .',
       'We know this movie .'], dtype='<U190'), array(['division', 'Magnolias belong to the division Magnoliophyta .',
       "The BBC 's engineering division ."], dtype='<U190'), array(['use', 'Use your common sense .', "I ca n't use this tool ."],
      dtype='<U190')] ['True', 'True', 'True', 'False', 'False']
prediction: False
86 51 23 59
round: 287, dev_data: ('break', 'Break a record .', "He broke the men 's 100-meter record ."), dev_label: True
[array(['reticulation', 'The reticulation of a leaf .',
       'The reticulation of a photographic emulsion .'], dtype='<U190'), array(['stock', 'The rifle had been fitted with a special stock .',
       'She made gravy with a base of beef stock .'], dtype='<U190'), array(['simplify', 'This move will simplify our lives .',
       'We had to simplify the instructions .'], dtype='<U190'), array(['drive', 'Drive the forest .', 'What are you driving at ?'],
      dtype='<U190'), array(['tell',
       'Can you tell whether those flowers are real or silk , from this distance ?',
       "No , there 's no way to tell ."], dtype='<U190')] ['True', 'False', 'True', 'False', 'False']
prediction: True
87 51 23 59
round: 288, dev_data: ('suit', 'The family brought suit against the landlord .', "If you take my advice , you 'll file suit against him immediately ."), dev_label: True
[array(['trust', 'We can not trust anyone who deceives us .',
       'In God We Trust - written on denominations of US currency .'],
      dtype='<U190'), array(['voice', 'The voice of experience .',
       'He said his voices told him to do it .'], dtype='<U190'), array(['shower',
       'Her friends organized a baby shower for her when she was expecting .',
       'He took a shower after the game .'], dtype='<U190'), array(['garage', "We do n't garage our car .",
       'We garaged the convertible during the monsoon months .'],
      dtype='<U190'), array(['repair', 'To repair a shattered fortune .',
       'To repair to sanctuary for safety .'], dtype='<U190')] ['True', 'True', 'False', 'True', 'False']
prediction: True
88 51 23 59
round: 289, dev_data: ('pretension', 'His pretension to the crown .', 'The town still puts forward pretensions as a famous resort .'), dev_label: True
[array(['product', 'This is a product of lime and nitric acid .',
       'Skill is the product of hours of practice .'], dtype='<U190'), array(['enter', 'Enter a drug treatment program .',
       'Enter negotiations .'], dtype='<U190'), array(['know', 'I know that I left the key on the table .',
       'Galileo knew that the earth moves around the sun .'],
      dtype='<U190'), array(['eat', 'What do whales eat ?',
       "This dog does n't eat certain kinds of meat ."], dtype='<U190'), array(['base', 'The base of the lamp .', 'The base of the skull .'],
      dtype='<U190')] ['False', 'True', 'True', 'True', 'False']
prediction: True
89 51 23 59
round: 290, dev_data: ('scream', 'He heard the scream of the brakes .', 'Her screaming attracted the neighbors .'), dev_label: False
[array(['head', 'He stuck his head out the window .',
       'Be careful when you pet that dog on the head ; it may bite .'],
      dtype='<U190'), array(['beg', "I beg your pardon . I did n't mean to cause offence .",
       'I begged to come .'], dtype='<U190'), array(['keep', 'Keep open the possibility of a merger .',
       'Keep my seat , please .'], dtype='<U190'), array(['clap',
       'If your dick has " the drip " you probably have the clap and need to go to the sex clinic .',
       'Off in the distance , he heard the clap of thunder .'],
      dtype='<U190'), array(['care', "I do n't care .", 'We cared about the opera .'],
      dtype='<U190')] ['True', 'True', 'True', 'False', 'True']
prediction: True
89 52 23 59
round: 291, dev_data: ('taker', 'She is known as quite a risk taker .', 'The study could not confirm the real percentage of drug takers in the country .'), dev_label: True
[array(['line', 'You must wait in a long line at the checkout counter .',
       "He has a smooth line but I did n't fall for it ."], dtype='<U190'), array(['window',
       'They had a window of less than an hour when an attack would have succeeded .',
       'Launch window .'], dtype='<U190'), array(['dwelling', 'He built a modest dwelling near the pond .',
       'I was doing dwelling in the cave .'], dtype='<U190'), array(['come', 'Come out of the closet !', 'He came through the door .'],
      dtype='<U190'), array(['drift', 'Drift the cattle herds westwards .',
       'The balloon was drifting in the breeze .'], dtype='<U190')] ['False', 'True', 'True', 'True', 'False']
prediction: False
89 52 24 59
round: 292, dev_data: ('corner', 'Standing on the corner watching all the girls go by .', 'The liquor store on the corner also sold lottery tickets .'), dev_label: True
[array(['stop', 'Soon the rain will stop .', 'The car stopped .'],
      dtype='<U190'), array(['hit', 'An interesting idea hit her .', 'He hit a home run .'],
      dtype='<U190'), array(['piece', 'He sacrificed a piece to get a strategic advantage .',
       'He needed a piece of granite .'], dtype='<U190'), array(['pay', 'Pay attention .',
       'He paid off the loan three months early .'], dtype='<U190'), array(['run', 'The sale will run for ten days .',
       'The meeting ran late .'], dtype='<U190')] ['False', 'False', 'False', 'False', 'True']
prediction: True
90 52 24 59
round: 293, dev_data: ('zero', 'The zero sign in American Sign Language is considered rude in some cultures .', 'The probability is 1 in 1,000,000,000,000,000 — a number having five ciphers of zeros .'), dev_label: True
[array(['picture', 'She was the picture of despair .',
       'The very picture of a modern general .'], dtype='<U190'), array(['extend', 'Extend the loan .',
       'The war extended over five years .'], dtype='<U190'), array(['language', 'The English language .',
       "He did n't have the language to express his feelings ."],
      dtype='<U190'), array(['cut', 'Cut a Ping-Pong ball .', 'Cut paper dolls .'],
      dtype='<U190'), array(['direction', 'Keep going in the same direction .',
       'He had no direction in his life .'], dtype='<U190')] ['True', 'False', 'False', 'False', 'False']
prediction: False
90 52 25 59
round: 294, dev_data: ('roominess', 'His unselfishness gave him great intellectual roominess .', 'Roominess in this size car is always a compromise .'), dev_label: False
[array(['course', 'He took a course in basket weaving .',
       'She prepared a three course meal .'], dtype='<U190'), array(['pay', "Do n't pay him any mind .", 'Pay attention .'],
      dtype='<U190'), array(['body', 'They found the body in the lake .', 'Heavenly body .'],
      dtype='<U190'), array(['pop', 'Pop the clutch .', 'The soldiers were popping .'],
      dtype='<U190'), array(['connect', 'This computer will connect well to the network .',
       'These computers connected well .'], dtype='<U190')] ['False', 'True', 'False', 'False', 'True']
prediction: True
90 53 25 59
round: 295, dev_data: ('jump', "The parachutist did n't want to jump .", 'Every year , hundreds of people jump off the Golden Gate bridge .'), dev_label: True
[array(['preparation',
       'The resolution of one dissonance is often the preparation for another dissonance .',
       'Preparations for the ceremony had begun .'], dtype='<U190'), array(['run', 'The sale will run for ten days .',
       'The meeting ran late .'], dtype='<U190'), array(['exclude', 'To exclude young animals from the womb or from eggs .',
       'The unruly student was excluded from the game .'], dtype='<U190'), array(['verify', 'Verify a claim .',
       'Please verify that the doors are closed .'], dtype='<U190'), array(['render', 'Render the brick walls in the den .', 'Render thanks .'],
      dtype='<U190')] ['False', 'True', 'True', 'True', 'False']
prediction: True
91 53 25 59
round: 296, dev_data: ('drive', 'Can you drive this four-wheel truck ?', 'He drives me mad .'), dev_label: False
[array(['get', 'What do you get when you add up these numbers ?',
       'My children finally got me to buy a computer .'], dtype='<U190'), array(['draw', 'Draw a conclusion .',
       'He spent the day drawing in the garden .'], dtype='<U190'), array(['top', 'Only the top side of the box was painted .',
       'He stared as she buttoned her top .'], dtype='<U190'), array(['bum',
       'That guy keeps interrupting the concert . Throw the bum out !',
       "Fred is becoming a bum - he 's not even bothering to work more than once a month ."],
      dtype='<U190'), array(['evil', 'Attempts to explain the origin of evil in the world .',
       "Do n't go giving me evils !"], dtype='<U190')] ['False', 'False', 'False', 'True', 'True']
prediction: False
91 53 25 60
round: 297, dev_data: ('consist', 'What does love consist in ?', 'The payment consists in food .'), dev_label: True
[array(['pull', 'Iron fillings drawn by the pull of a magnet .',
       'The spaceship came under the pull of the gas giant .'],
      dtype='<U190'), array(['drive', 'Drive the forest .',
       'She drove me to school every day .'], dtype='<U190'), array(['be', 'I shall be writing to you soon .',
       'I would drive you , were I to obtain a car .'], dtype='<U190'), array(['day', 'In the day of the dinosaurs .',
       'In the days of sailing ships .'], dtype='<U190'), array(['date', 'They are up to date .',
       "We have n't heard from them to date ."], dtype='<U190')] ['True', 'False', 'True', 'True', 'True']
prediction: True
92 53 25 60
round: 298, dev_data: ('bleed', 'Bleed the radiators .', 'I bled him .'), dev_label: False
[array(['loaf', 'Sugar loaf .', 'Meat loaf .'], dtype='<U190'), array(['question', 'His claim to the property has come under question .',
       'The question of seniority will be discussed at the meeting .'],
      dtype='<U190'), array(['double', "He could be Gingrich 's double .",
       'Saddam Hussein was rumored to have many doubles .'], dtype='<U190'), array(['surface', 'The facts had been brought to the surface .',
       "Three quarters of the Earth 's surface is covered by water ."],
      dtype='<U190'), array(['unit', 'The team is a unit .', 'A unit of wheat is a bushel .'],
      dtype='<U190')] ['True', 'False', 'True', 'False', 'False']
prediction: False
92 53 25 61
round: 299, dev_data: ('opinion', 'Truth , in matters of religion , is simply the opinion that has survived . - Oscar Wilde .', 'My opinion differs from yours .'), dev_label: True
[array(['fire',
       'In warfare , whoever opens fire first has a greater chance of victory .',
       'Surrender fires the cold skepticism .'], dtype='<U190'), array(['tea', 'Would you like some tea ?',
       'Would you be a dear and get me a cup of tea , please ?'],
      dtype='<U190'), array(['connect',
       'The new railroad will connect the northern part of the state to the southern part .',
       'My computer connected to his computer .'], dtype='<U190'), array(['line', 'Toe the line .', "They attacked the enemy 's line ."],
      dtype='<U190'), array(['case', 'A mental case .',
       'The musicians left their instrument cases backstage .'],
      dtype='<U190')] ['False', 'True', 'True', 'False', 'False']
prediction: True
93 53 25 61
round: 300, dev_data: ('blood', 'The ancients believed that blood was the seat of the emotions .', 'Blood carries oxygen and nutrients to the tissues and carries away waste products .'), dev_label: True
[array(['passing', 'The passing of winter .',
       'His future depended on his passing that test .'], dtype='<U190'), array(['buy', "I 'm not going to buy your stupid excuses anymore !",
       'Carmen bought a dress for $ 50 .'], dtype='<U190'), array(['make', "Do n't make this into a big deal .",
       'This invention will make you a millionaire .'], dtype='<U190'), array(['come', 'Your wish will come true .',
       'Which letter comes before Y ?'], dtype='<U190'), array(['dialect', 'The immigrants spoke an odd dialect of English .',
       'Dialects found in both Hangzhou and Shanghai belong to the Wu topolect .'],
      dtype='<U190')] ['False', 'False', 'True', 'True', 'True']
prediction: False
93 53 26 61
round: 301, dev_data: ('satisfaction', 'The satisfaction of their demand for better services .', 'The chef tasted the sauce with great satisfaction .'), dev_label: False
[array(['leave', "She did n't leave until midnight .",
       "The president 's remarks left us speechless ."], dtype='<U190'), array(['wall', 'Negotiations ran into a brick wall .',
       'A wall of smoke .'], dtype='<U190'), array(['remember', 'Remember me in your prayers .',
       'He remembered her in his will .'], dtype='<U190'), array(['snap', 'To snap a whip .', 'Snap your fingers .'], dtype='<U190'), array(['tea', 'Go to the supermarket and buy some tea .',
       'Would you like some tea ?'], dtype='<U190')] ['False', 'True', 'False', 'True', 'False']
prediction: True
93 54 26 61
round: 302, dev_data: ('adjoin', 'The living room and dining room adjoin each other .', "I adjoin a copy of your my lawyer 's letter ."), dev_label: False
[array(['spread', 'Spread information .', 'Spread your arms .'],
      dtype='<U190'), array(['count', 'Can you count the books on your shelf ?',
       'There are three apples ; count them .'], dtype='<U190'), array(['treat',
       'I like to treat myself to a day at a spa when I am depressed .',
       'Treat the infection with antibiotics .'], dtype='<U190'), array(['tip', 'Remember to tip the waiter .', 'Tip the screen upward .'],
      dtype='<U190'), array(['focus', 'Please focus on your studies and not on your hobbies .',
       'Focus on passing the test .'], dtype='<U190')] ['False', 'True', 'False', 'False', 'True']
prediction: False
93 54 26 62
round: 303, dev_data: ('element', 'Water is the element of fishes .', "To be in one 's own element ."), dev_label: False
[array(['take', "You ca n't take credit for this !",
       'He was often taken to be a man of means .'], dtype='<U190'), array(['give', 'Give a course .', 'The draft gave me a cold .'],
      dtype='<U190'), array(['put', 'He put all his efforts into this job .',
       'The teacher put an interesting twist to the interpretation of the story .'],
      dtype='<U190'), array(['make', 'Make a cake .', 'Make a dress .'], dtype='<U190'), array(['draw', 'Draw a conclusion .', 'Draw a line .'], dtype='<U190')] ['True', 'False', 'True', 'True', 'False']
prediction: False
93 54 26 63
round: 304, dev_data: ('bandwagon', 'The gaudy bandwagon led the circus parade .', 'When they saw how things were going everybody jumped on the bandwagon .'), dev_label: False
[array(['chance', 'You take a chance when you let her drive .',
       'We had the chance to meet the president last week .'],
      dtype='<U190'), array(['hyponym',
       'A is a hyponym of B means that " A is a type of B. " .',
       'British is a hyponym of European .'], dtype='<U190'), array(['take', 'Tomorrow the doctor will take the cast off her arm .',
       'Mother took our plates away and came back with some fruit for us to eat .'],
      dtype='<U190'), array(['keep', 'Keep food for a week in the pantry .',
       'I always keep batteries in the freezer .'], dtype='<U190'), array(['area', 'It was about 500 square feet in area .',
       'The photo is a little dark in that area .'], dtype='<U190')] ['False', 'True', 'True', 'True', 'True']
prediction: False
93 54 26 64
round: 305, dev_data: ('setter', 'She has a spaniel and a red setter .', 'Some crossword setters work for various newspapers under different pseudonyms .'), dev_label: False
[array(['mount', 'Mount a horse .', 'The rider mounted his horse .'],
      dtype='<U190'), array(['tell', 'Tell me what is bothering you .',
       'Ellen told Helen how to avoid the crowd .'], dtype='<U190'), array(['tap', 'Tap beer in a bar .',
       'Tap an M3 thread all the way through the hole .'], dtype='<U190'), array(['language',
       'The speed with which a program can be executed depends on the language in which it is written .',
       'The language introduced is standard throughout the text .'],
      dtype='<U190'), array(['floor',
       'The pit floor showed where a ring of post holes had been .',
       'Many sunken ships rest on the ocean floor .'], dtype='<U190')] ['True', 'True', 'False', 'True', 'True']
prediction: False
93 54 26 65
round: 306, dev_data: ('palpitate', 'When he just looks at me , my heart begins to palpitate with excitement .', 'His heart palpitated .'), dev_label: True
[array(['key', 'He spoke in a low key .',
       'Some students cheated by using the answer key .'], dtype='<U190'), array(['deal', "I believe it 's your deal .",
       "I did n't have a good deal all evening ."], dtype='<U190'), array(['work', 'I will work hard to improve my grades .',
       'They worked at finishing the task .'], dtype='<U190'), array(['line', 'You must wait in a long line at the checkout counter .',
       "He has a smooth line but I did n't fall for it ."], dtype='<U190'), array(['population',
       'The population of New Jersey will not stand for this !',
       'The African-American population of Salt Lake City has been increasing .'],
      dtype='<U190')] ['False', 'True', 'True', 'False', 'False']
prediction: True
94 54 26 65
round: 307, dev_data: ('cry', 'A cry of rage .', 'Animal cries filled the night .'), dev_label: False
[array(['drive', 'You drive nails into wood with a hammer .',
       'We drive the turnpike to work .'], dtype='<U190'), array(['course', 'If you persist in that course you will surely fail .',
       'Once a nation is embarked on a course of action it becomes extremely difficult for any retraction to take place .'],
      dtype='<U190'), array(['third', 'He was cut down on a close play at third .',
       'A simple harmony written in major thirds .'], dtype='<U190'), array(['demand', 'The automobile reduced the demand for buggywhips .',
       'His demands for attention were unceasing .'], dtype='<U190'), array(['move', 'To move in a matter .',
       'The soldiers moved towards the city in an attempt to take it before night fell .'],
      dtype='<U190')] ['False', 'True', 'False', 'False', 'False']
prediction: True
94 55 26 65
round: 308, dev_data: ('roll', 'Roll a cigarette .', 'They rolled their eyes at his words .'), dev_label: False
[array(['believe',
       'When you hear his sermons , you will be able to believe , too .',
       'After that night in the church , I believed .'], dtype='<U190'), array(['run', 'She got a run in her stocking .',
       'The ship made its run in record time .'], dtype='<U190'), array(['shower', 'The game was interrupted by a brief shower .',
       'He took a shower after the game .'], dtype='<U190'), array(['foot', 'Curled up on the foot of the bed .',
       'The foot of the page .'], dtype='<U190'), array(['competition',
       'The newspaper is featuring a competition to win a car .',
       'Business competition can be fiendish at times .'], dtype='<U190')] ['True', 'False', 'False', 'True', 'False']
prediction: False
94 55 26 66
round: 309, dev_data: ('wade', 'Can we wade across the river to the other side ?', 'Wade the pond .'), dev_label: True
[array(['focus', 'Please focus on your studies and not on your hobbies .',
       'We focused on what he wanted .'], dtype='<U190'), array(['action',
       'The action is no longer in technology stocks but in municipal bonds .',
       'Gawkers always try to get as close to the action as possible .'],
      dtype='<U190'), array(['lift', 'Some actresses have more than one face lift .',
       'Take the lift to the fourth floor .'], dtype='<U190'), array(['line', 'To line a copy book .', "Line one 's pockets ."],
      dtype='<U190'), array(['protection',
       'He made trade protection a plank in the party platform .',
       'Insurance provided protection against loss of wages due to illness .'],
      dtype='<U190')] ['True', 'True', 'False', 'False', 'False']
prediction: True
95 55 26 66
round: 310, dev_data: ('snap', 'He can hear the snap of a twig .', 'A cold snap in the middle of May .'), dev_label: False
[array(['back', 'His back was nicely tanned .',
       'He stood at the back of the stage .'], dtype='<U190'), array(['wash', 'The car is so dirty , we need to wash it .',
       'Can you wash away the spots on the windows ?'], dtype='<U190'), array(['port', 'Port a rifle .', 'Port arms !'], dtype='<U190'), array(['stream', 'Stream of consciousness .',
       'Two streams of development run through American history .'],
      dtype='<U190'), array(['pack', 'To pack goods in a box .', 'Crowds packed the stands .'],
      dtype='<U190')] ['False', 'True', 'True', 'True', 'True']
prediction: False
95 55 26 67
round: 311, dev_data: ('haul', 'Haul vegetables to the market .', 'Haul stones from the quarry in a truck .'), dev_label: True
[array(['be', 'I shall be writing to you soon .', 'Ignorance is bliss .'],
      dtype='<U190'), array(['grate', "Grate one 's teeth in anger .", 'To grate a window .'],
      dtype='<U190'), array(['feeling', 'The surface had a greasy feeling .',
       'The wool on my arm produced a strange feeling .'], dtype='<U190'), array(['tame', 'Tame the soil .',
       'The author finally tamed some of his potentially offensive statements .'],
      dtype='<U190'), array(['break', 'The break in the eighth frame cost him the match .',
       'They hoped to avoid a break in relations .'], dtype='<U190')] ['True', 'False', 'True', 'False', 'False']
prediction: True
96 55 26 67
round: 312, dev_data: ('keep', 'Keep boarders .', 'He is keeping three women in the guest cottage .'), dev_label: True
[array(['opinion', 'He asked for a poll of public opinion .',
       'His opinions appeared frequently on the editorial page .'],
      dtype='<U190'), array(['fondle', 'Mothers fondle their babies .',
       'They fondled in the back seat of the taxi .'], dtype='<U190'), array(['make', 'They make a cute couple .', 'Clothes make the man .'],
      dtype='<U190'), array(['pack', 'You had better pack your swollen ankle with ice .',
       'Pack the books into the boxes .'], dtype='<U190'), array(['conflict',
       'The conflict between the government and the rebels began three years ago .',
       'A conflict of loyalties .'], dtype='<U190')] ['False', 'True', 'True', 'False', 'False']
prediction: False
96 55 27 67
round: 313, dev_data: ('running', 'He has responsibility for the running of two companies at the same time .', 'The running of the engine is smooth .'), dev_label: False
[array(['call', 'He was ejected for protesting the call .',
       'After two raises there was a call .'], dtype='<U190'), array(['be', 'I shall be writing to you soon .',
       'I would drive you , were I to obtain a car .'], dtype='<U190'), array(['carry', 'You must carry your camping gear .',
       'Amanda carried the package .'], dtype='<U190'), array(['scale', 'The scale of the map .', 'The scale of the model .'],
      dtype='<U190'), array(['operation', 'A multinational operation .',
       'They had to consolidate their operations .'], dtype='<U190')] ['False', 'True', 'True', 'True', 'True']
prediction: True
96 56 27 67
round: 314, dev_data: ('ingenuity', 'A plot of great ingenuity .', 'The pyramids demonstrate the ingenuity of the ancient Egyptians .'), dev_label: False
[array(['order', 'It was on the order of a mile .',
       'Men from the fraternal order will staff the soup kitchen today .'],
      dtype='<U190'), array(['stretch', 'I always stretch my muscles before exercising .',
       'His mustache stretched all the way to his sideburns .'],
      dtype='<U190'), array(['hold', 'I hold with those who say life is sacred .',
       "Hold all calls to the President 's office while he is in a meeting ."],
      dtype='<U190'), array(['give', "I 'll give you three books for four CDs .",
       'Give thought to .'], dtype='<U190'), array(['practice', 'You should practice playing piano every day .',
       'Pianists practice scales .'], dtype='<U190')] ['False', 'False', 'False', 'False', 'True']
prediction: True
96 57 27 67
round: 315, dev_data: ('tighten', 'Please tighten that screw a quarter-turn .', 'Tighten the wire .'), dev_label: True
[array(['dozen', "There should n't be more than two dozens .",
       'Pack the shirts in dozens , please .'], dtype='<U190'), array(['block', 'The offensive linemen tried to block the blitz .',
       "He blocked the basketball player 's shot ."], dtype='<U190'), array(['occasion', 'An occasion arranged to honor the president .',
       'There was no occasion for complaint .'], dtype='<U190'), array(['neighbour', 'My neighbour has an annoying cat .',
       'They ′re our neighbours across the street .'], dtype='<U190'), array(['slit', 'He slit the bag open and the rice began pouring out .',
       'Slit the throat of the victim .'], dtype='<U190')] ['True', 'True', 'False', 'True', 'True']
prediction: True
97 57 27 67
round: 316, dev_data: ('size', 'Size gives body to a fabric .', 'The size of the building seemed to have increased since I was last there .'), dev_label: False
[array(['extend', 'Extend the casserole with a little rice .',
       'Can we extend the legs of this dining table ?'], dtype='<U190'), array(['line', 'A dedicated line .',
       "I ca n't follow your line of reasoning ."], dtype='<U190'), array(['baby', 'This project is his baby .',
       'Hey baby , what are you doing later ?'], dtype='<U190'), array(['discover', 'The story is false , so far as I can discover .',
       'I discovered what to do .'], dtype='<U190'), array(['score', "Add it to my score and I 'll settle later .",
       'A score were sent out but only one returned .'], dtype='<U190')] ['False', 'False', 'False', 'True', 'False']
prediction: False
97 57 27 68
round: 317, dev_data: ('bombshell', 'She was a blonde bombshell .', 'News of the attack came like a bombshell .'), dev_label: False
[array(['face', 'The face of the city is changing .',
       'He washed his face .'], dtype='<U190'), array(['stir', 'Stir the soup .', 'Stir emotions .'], dtype='<U190'), array(['hit', 'One boy hit the other .',
       'I have to hit the MAC machine before the weekend starts .'],
      dtype='<U190'), array(['refine', 'Refine paper stock .', 'Refine pig iron .'],
      dtype='<U190'), array(['back', 'Could you please scratch my back ?',
       'His back was nicely tanned .'], dtype='<U190')] ['False', 'False', 'False', 'True', 'True']
prediction: False
97 57 27 69
round: 318, dev_data: ('stay', 'Some of her friends decided it was time to go home , but she wanted to stay on until sunrise .', 'To stay a flat sheet in a steam boiler .'), dev_label: False
[array(['shift', 'Shift the date for our class reunion .',
       "Shift one 's position ."], dtype='<U190'), array(['represent', 'Ms. Smith will represent the defendant .',
       'Our parents represented to us the need for more caution .'],
      dtype='<U190'), array(['engagement',
       "We are enjoying a long engagement , but have n't yet set a date .",
       "The teacher tried to increase his students ' engagement in class activities ."],
      dtype='<U190'), array(['pool', 'The body lay in a pool of blood .',
       'The pools of Solomon .'], dtype='<U190'), array(['work', 'Do you want to work after the age of 60 ?',
       'My wife never worked .'], dtype='<U190')] ['False', 'False', 'False', 'True', 'True']
prediction: False
97 57 27 70
round: 319, dev_data: ('miss', 'I miss you ! Come home soon !', 'He misses his mother .'), dev_label: True
[array(['war', 'A war of wits .', 'A price war .'], dtype='<U190'), array(['history', 'All of human history .',
       'The dawn of recorded history .'], dtype='<U190'), array(['permit', 'This will permit the rain to run off .',
       'This permits the water to rush in .'], dtype='<U190'), array(['take', 'Take a scene .', 'Take a test .'], dtype='<U190'), array(['give', 'Can you give me lessons ?',
       'I gave my coat to the beggar .'], dtype='<U190')] ['True', 'False', 'True', 'False', 'True']
prediction: True
98 57 27 70
round: 320, dev_data: ('press', 'The press of business matters .', 'Put the ironing in the linen press .'), dev_label: False
[array(['be', 'I shall be writing to you soon .',
       'The sky is a deep blue today .'], dtype='<U190'), array(['pack', 'Such odd-shaped items do not pack well .',
       'This singer always packs the concert halls .'], dtype='<U190'), array(['shell', 'Nuts shell in falling .', 'The corn shelled .'],
      dtype='<U190'), array(['formation', 'The formation of memories .',
       'The formation of sentences .'], dtype='<U190'), array(['see', "I 'll probably see you at the meeting .",
       "The 1960 's saw the rebellion of the younger generation against established traditions ."],
      dtype='<U190')] ['True', 'False', 'True', 'True', 'False']
prediction: False
98 57 27 71
round: 321, dev_data: ('dash', 'He is preparing for the 100-yard dash .', 'He wooed her with the confident dash of a cavalry officer .'), dev_label: False
[array(['volume', 'The gas expanded to twice its original volume .',
       'The volume of ticket sales decreased this week .'], dtype='<U190'), array(['cup', 'He swore as the ball rimmed the cup and rolled away .',
       'He drank a cup of coffee .'], dtype='<U190'), array(['follow', 'Please follow the guide through the museum .',
       'She followed a guru for years .'], dtype='<U190'), array(['give', "I 'll give you three books for four CDs .",
       'Give thought to .'], dtype='<U190'), array(['care', "I do n't care .", 'We cared about the opera .'],
      dtype='<U190')] ['True', 'False', 'False', 'False', 'True']
prediction: False
98 57 27 72
round: 322, dev_data: ('theory', 'They killed him on the theory that dead men tell no tales .', 'The architect has a theory that more is less .'), dev_label: True
[array(['fire', 'Put the kettle on the fire .',
       "Fire was one of our ancestors ' first discoveries ."],
      dtype='<U190'), array(['unit', 'The dollar is the United States unit of currency .',
       'The word is a basic linguistic unit .'], dtype='<U190'), array(['head',
       'At five years of age this head of cattle is worth perhaps $ 40 .',
       'They shot 20 head of quail .'], dtype='<U190'), array(['believe',
       'When you hear his sermons , you will be able to believe , too .',
       'After that night in the church , I believed .'], dtype='<U190'), array(['analyze', 'Analyze the evidence in a criminal trial .',
       'The inspector analyzed the building for its soundness .'],
      dtype='<U190')] ['False', 'False', 'True', 'True', 'True']
prediction: True
99 57 27 72
round: 323, dev_data: ('need', 'She satisfied his need for affection .', 'God has no need of men to accomplish His work .'), dev_label: True
[array(['fondle', 'Mothers fondle their babies .',
       'They fondled in the back seat of the taxi .'], dtype='<U190'), array(['product', 'They improve their product every year .',
       'The product of 2 and 3 is 6 .'], dtype='<U190'), array(['time',
       'The judge leniently granted a sentence with no hard time .',
       'He had a time holding back the tears .'], dtype='<U190'), array(['gratification',
       'To my immense gratification he arrived on time .',
       'Dull repetitious work gives no gratification .'], dtype='<U190'), array(['make', "He did n't make the choir after his voice changed .",
       'She makes more than he does , and works longer hours than he does , but she still does most of the house-cleaning .'],
      dtype='<U190')] ['True', 'False', 'False', 'True', 'True']
prediction: True
100 57 27 72
round: 324, dev_data: ('trade', 'Trade in an old car for a new one .', 'The bells traded places .'), dev_label: True
[array(['find', 'I can not find my gloves !',
       'Did you find your glasses ?'], dtype='<U190'), array(['application',
       'A novel application of electronics to medical diagnosis .',
       'December 31 is the deadline for applications .'], dtype='<U190'), array(['seat',
       'He sat on the arm of the chair rather than the seat , which always annoyed his mother .',
       'There were not enough seats for all the guests .'], dtype='<U190'), array(['academy', 'A riding academy .',
       'Academies of literature and philology .'], dtype='<U190'), array(['bit', 'A bit of lint .',
       'The horse was not accustomed to a bit .'], dtype='<U190')] ['True', 'False', 'True', 'False', 'False']
prediction: False
100 57 28 72
round: 325, dev_data: ('rendition', "Often imitations are extended to provide a more accurate rendition of the child 's intended meaning .", 'They heard a live rendition of three pieces by Schubert .'), dev_label: False
[array(['carry', 'We carry a very large mortgage .',
       'The troops carried the town after a brief fight .'], dtype='<U190'), array(['train', 'They joined the wagon train for safety .',
       "The bride 's train was carried by her two young nephews ."],
      dtype='<U190'), array(['break', 'Break a record .', 'Voices broke in the air .'],
      dtype='<U190'), array(['come', 'Your wish will come true .',
       'Their anger came to a boil .'], dtype='<U190'), array(['cup', 'The cup of her bra .',
       'Bees filled the waxen cups with honey .'], dtype='<U190')] ['False', 'False', 'False', 'True', 'True']
prediction: True
100 58 28 72
round: 326, dev_data: ('celebrate', 'Celebrate Christmas .', 'To celebrate a birthday .'), dev_label: True
[array(['degree', 'A remarkable degree of frankness .',
       'There are 360 degrees in a circle .'], dtype='<U190'), array(['part',
       'He wanted to feel a part of something bigger than himself .',
       'The rear part of the house .'], dtype='<U190'), array(['beat', 'We beat the competition .',
       'Agassi beat Becker in the tennis championship .'], dtype='<U190'), array(['assemble', 'Assemble your colleagues .',
       'The parents assembled in the school hall .'], dtype='<U190'), array(['raise', 'Raise an army .', "Raise your ` o ' ."], dtype='<U190')] ['False', 'False', 'True', 'True', 'False']
prediction: True
101 58 28 72
round: 327, dev_data: ('account', "Do n't do it on my account .", 'The paper was rejected on account of its length .'), dev_label: True
[array(['enter', 'Enter a drug treatment program .',
       'Enter negotiations .'], dtype='<U190'), array(['fall', 'Fall prey to an imposter .',
       'Her hair fell across her forehead .'], dtype='<U190'), array(['office', 'A municipal office .',
       'He rented an office in the new building .'], dtype='<U190'), array(['snap', 'To snap a whip .', 'Bullets snapped past us .'],
      dtype='<U190'), array(['invitation', 'She threw the invitation away .',
       'She was an invitation to trouble .'], dtype='<U190')] ['True', 'False', 'False', 'False', 'False']
prediction: True
102 58 28 72
round: 328, dev_data: ('answer', 'His answer to any problem was to get drunk .', 'Their answer was to sue me .'), dev_label: True
[array(['hold', 'She can hold an audience spellbound .',
       'The soprano held the audience .'], dtype='<U190'), array(['drink', 'Can I buy you a drink ?', 'I asked for a hot drink .'],
      dtype='<U190'), array(['grow', 'In these forests , mushrooms grow under the trees .',
       "Her hair does n't grow much anymore ."], dtype='<U190'), array(['part',
       'He wanted to feel a part of something bigger than himself .',
       'The rear part of the house .'], dtype='<U190'), array(['area', 'It was a mountainous area .',
       'It was a closed area of employment .'], dtype='<U190')] ['True', 'True', 'True', 'False', 'False']
prediction: True
103 58 28 72
round: 329, dev_data: ('movement', 'Politicians have to respect a mass movement .', 'The second movement is slow and melodic .'), dev_label: False
[array(['mire', 'Caught in the mire of poverty .',
       'The country is still trying to climb out of the mire left by its previous president .'],
      dtype='<U190'), array(['make', 'Clothes make the man .',
       'He made to speak but said nothing in the end .'], dtype='<U190'), array(['use',
       'We can use this mathematical formula to solve the problem .',
       'We only use Spanish at home .'], dtype='<U190'), array(['baby', 'This project is his baby .',
       "Stand up for yourself - do n't be such a baby !"], dtype='<U190'), array(['life',
       'Having experienced both , the vampire decided that he preferred (un)death to life .',
       'He appointed himself emperor for life .'], dtype='<U190')] ['True', 'False', 'True', 'False', 'False']
prediction: False
103 58 28 73
round: 330, dev_data: ('impulse', 'He bought it on an impulse .', 'Profound religious impulses .'), dev_label: False
[array(['return', 'In return we gave them as good as we got .',
       "A return to one 's question ."], dtype='<U190'), array(['line', "I ca n't follow your line of reasoning .",
       'Toe the line .'], dtype='<U190'), array(['fatigue', 'The American public is experiencing scandal fatigue .',
       'After watching TV with her husband she had a bad case of football fatigue .'],
      dtype='<U190'), array(['top', 'I bought this top as it matches my jeans .',
       'A relief pitcher took over in the top of the fifth .'],
      dtype='<U190'), array(['give', 'Can I give you the children for the weekend ?',
       'Give a yelp .'], dtype='<U190')] ['False', 'False', 'True', 'False', 'False']
prediction: False
103 58 28 74
round: 331, dev_data: ('pause', 'We pause for station identification .', 'When telling the scary story , he paused for effect .'), dev_label: False
[array(['drive', 'Drive the game .', 'He drives a bread truck .'],
      dtype='<U190'), array(['difference', 'His support made a real difference .',
       'The difference in her is amazing .'], dtype='<U190'), array(['point', 'They sailed south around the point .',
       'A row of points .'], dtype='<U190'), array(['tea', 'Would you like some tea ?',
       'Would you be a dear and get me a cup of tea , please ?'],
      dtype='<U190'), array(['keep', 'Keep potatoes fresh .', 'Keep notes .'], dtype='<U190')] ['False', 'True', 'False', 'True', 'False']
prediction: True
103 59 28 74
round: 332, dev_data: ('intend', 'What do his words intend ?', 'She was intended to become the director .'), dev_label: False
[array(['live', "He 's not expected to live for more than a few months .",
       'My grandfather lived until the end of war .'], dtype='<U190'), array(['make', 'How much do you make a month in your new job ?',
       'You have to spend money to make money !'], dtype='<U190'), array(['seat',
       'He sat on the arm of the chair rather than the seat , which always annoyed his mother .',
       'There were not enough seats for all the guests .'], dtype='<U190'), array(['rate', 'The literacy rate .',
       'The rate of production at the factory is skyrocketing .'],
      dtype='<U190'), array(['touch', 'The cooling touch of the night air .',
       'Suddenly , in the crowd , I felt a touch at my shoulder .'],
      dtype='<U190')] ['True', 'True', 'True', 'False', 'True']
prediction: False
103 59 28 75
round: 333, dev_data: ('efflux', 'We all age through the efflux of time .', 'The efflux of matter from a boil can be painful .'), dev_label: True
[array(['cut', 'Cut a Ping-Pong ball .', 'Cut paper dolls .'],
      dtype='<U190'), array(['development', 'What a revolting development !',
       'Recent developments in Iraq .'], dtype='<U190'), array(['top', 'She tied her bikini top .',
       'He screamed at the top of his lungs .'], dtype='<U190'), array(['put', 'He put all his efforts into this job .',
       "I would n't put it that way ."], dtype='<U190'), array(['piece', "He 's packin ' a piece !",
       'He needed a piece of granite .'], dtype='<U190')] ['False', 'True', 'False', 'False', 'False']
prediction: True
104 59 28 75
round: 334, dev_data: ('devour', 'She intended to devour the book .', 'She devoured his novels .'), dev_label: True
[array(['society', 'He enjoyed the society of his friends .',
       'This society has been known for centuries for its colorful clothing and tight-knit family structure .'],
      dtype='<U190'), array(['misery',
       'The misery and wretchedness of those slums is intolerable .',
       'She was exhausted by her misery and grief .'], dtype='<U190'), array(['catch', 'Ears open to catch every sound .',
       'I caught the aroma of coffee .'], dtype='<U190'), array(['arouse', 'Arouse pity .', 'To arouse jealousy .'], dtype='<U190'), array(['fire',
       'There was a fire at the school last night and the whole place burned down .',
       'We sat around the fire singing songs and telling stories .'],
      dtype='<U190')] ['False', 'False', 'True', 'True', 'False']
prediction: True
105 59 28 75
round: 335, dev_data: ('underlay', 'To underlay a cut , plate , or the like , for printing .', 'Underlay the plate .'), dev_label: False
[array(['grater',
       "I 'm making coleslaw ; do you know where the grater is ?",
       'Modern cheese graters have more than one side so the cheese can be sliced in different ways .'],
      dtype='<U190'), array(['care', "He does n't care about how / whether she comes .",
       'I really care about my work .'], dtype='<U190'), array(['splash', 'Her red hat gave her outfit a splash of color .',
       'He made a great splash and then disappeared .'], dtype='<U190'), array(['hit', 'Where am I going to get my next hit ?',
       'After three misses she finally got a hit .'], dtype='<U190'), array(['texture', 'Fish with a delicate flavor and texture .',
       'Breadfruit has the same texture as bread .'], dtype='<U190')] ['True', 'True', 'False', 'False', 'True']
prediction: True
105 60 28 75
round: 336, dev_data: ('retie', 'Retie the string and make it strong enough now .', 'She stopped walking for a moment to retie her shoe .'), dev_label: True
[array(['picture', 'The very picture of a modern general .',
       'The political picture is favorable .'], dtype='<U190'), array(['draw', 'Draw the shades .', 'The ship drew near the shore .'],
      dtype='<U190'), array(['libido',
       'For Freudians , libido means the desire to " unite and bind " with objects in the world .',
       'The ego as an organ which seeks to synthesize thoughts in the psyche is said to be driven by libido or eros .'],
      dtype='<U190'), array(['part', 'They resisted every effort on his part .',
       'Glue the two parts together .'], dtype='<U190'), array(['krona', 'Kronas kurss — the exchange rate of the krona .',
       'Papīra krona — paper krona ( i.e. , bills , banknotes ) .'],
      dtype='<U190')] ['False', 'False', 'True', 'False', 'True']
prediction: True
106 60 28 75
round: 337, dev_data: ('retroversion', 'The teacher translated Latin texts into English which he gave to his students for retroversion .', 'Retroversion of the uterus .'), dev_label: False
[array(['fatigue', 'He was suffering from museum fatigue .',
       'The American public is experiencing scandal fatigue .'],
      dtype='<U190'), array(['make', "Make one 's way into the forest .",
       'Make yourself clear .'], dtype='<U190'), array(['thought', '19th century thought .', 'Darwinian thought .'],
      dtype='<U190'), array(['authority', 'He is an authority on corporate law .',
       'I have the authority to penalise the staff in my department , but not the authority to sack them .'],
      dtype='<U190'), array(['line', 'There is a narrow line between sanity and insanity .',
       'Toe the line .'], dtype='<U190')] ['True', 'False', 'True', 'False', 'False']
prediction: False
106 60 28 76
round: 338, dev_data: ('drive', 'Drive a car or bus .', 'Drive a car .'), dev_label: True
[array(['propagate', 'Propagate sound or light through air .',
       'Sound and light propagate in this medium .'], dtype='<U190'), array(['unit', 'A unit of wheat is a bushel .',
       'The dollar is the United States unit of currency .'],
      dtype='<U190'), array(['pay', 'She had to pay the penalty for speaking out rashly .',
       "You 'll pay for this !"], dtype='<U190'), array(['side', 'He had a pain in his side .',
       'The Confederate side was prepared to attack .'], dtype='<U190'), array(['life', "While there 's life there 's hope .",
       'I have known him all his life .'], dtype='<U190')] ['False', 'True', 'True', 'False', 'False']
prediction: True
107 60 28 76
round: 339, dev_data: ('truncate', 'Truncate a series .', 'Truncate a word .'), dev_label: False
[array(['come', 'Come out of the closet !',
       'I was standing on the corner when Nick came up and asked for a cigarette .'],
      dtype='<U190'), array(['time', 'The time of year for planting .',
       'He waited a long time .'], dtype='<U190'), array(['peace',
       'Our lounge strives to maintain an environment of peace for the comfort of our customers .',
       'My boy , this peace is what all true warriors strive for .'],
      dtype='<U190'), array(['dawn', 'It started to dawn , and we had to get up .',
       'The age of computers had dawned .'], dtype='<U190'), array(['work', 'How does your idea work in practice ?',
       "The voting process does n't work as well as people thought ."],
      dtype='<U190')] ['True', 'True', 'False', 'False', 'True']
prediction: True
107 61 28 76
round: 340, dev_data: ('conserve', 'Children must be taught to conserve our national heritage .', 'Energy is conserved in this process .'), dev_label: False
[array(['seat', 'The seat of these trousers is almost worn through .',
       'The seat of his pants was worn through .'], dtype='<U190'), array(['mean', 'I mean no harm .',
       'I meant to take the car in for a smog check , but it slipped my mind .'],
      dtype='<U190'), array(['end', 'She knotted the end of the thread .',
       'The ends justify the means .'], dtype='<U190'), array(['product', 'This is a product of lime and nitric acid .',
       'Skill is the product of hours of practice .'], dtype='<U190'), array(['classify',
       'Should we classify " make up " as an idiom or as a phrasal verb ?',
       "She classified the works as ' dangerous ' ."], dtype='<U190')] ['True', 'True', 'False', 'False', 'True']
prediction: False
107 61 28 77
round: 341, dev_data: ('manifestation', 'A manifestation of disease .', 'A manifestation of great emotion .'), dev_label: False
[array(['gather', "Let 's gather in the dining room .",
       'Gather some stones .'], dtype='<U190'), array(['connect',
       'Operator , could you connect me to the Raffles in Singapore ?',
       'The local train does not connect with the Amtrak train .'],
      dtype='<U190'), array(['cut', 'She could not cut the long days in the office .',
       'The glass from the shattered windshield cut into her forehead .'],
      dtype='<U190'), array(['sublime', 'Sublime iodine .', 'Some salts sublime when heated .'],
      dtype='<U190'), array(['break', 'The break in the eighth frame cost him the match .',
       'They hoped to avoid a break in relations .'], dtype='<U190')] ['False', 'False', 'False', 'True', 'False']
prediction: False
107 61 28 78
round: 342, dev_data: ('major', 'She is a math major .', 'She is a linguistics major .'), dev_label: True
[array(['resistance',
       'He encountered a general feeling of resistance from many citizens .',
       'These trees are widely planted because of their resistance to salt and smog .'],
      dtype='<U190'), array(['text',
       "They handed out the printed text of the mayor 's speech .",
       'There were more than a thousand words of text .'], dtype='<U190'), array(['variant', 'The word " kerosine " is a variant of “ kerosene ” .',
       'All breeds of dog are variants of the species “ Canis lupus familiaris ” .'],
      dtype='<U190'), array(['face', 'The face of the city is changing .',
       'He washed his face .'], dtype='<U190'), array(['origin', 'Mineral origin .', 'Vegetable origins .'], dtype='<U190')] ['False', 'True', 'True', 'False', 'True']
prediction: True
108 61 28 78
round: 343, dev_data: ('pocketbook', 'That car is too expensive for my pocketbook .', "The publishers brought out small format pocketbooks of the whole of their nature series ' ."), dev_label: False
[array(['extend', 'Extend a loan .',
       'The facts extend beyond a consideration of her personal assets .'],
      dtype='<U190'), array(['blip', 'Renewed jitters in the wake of a blip in retail sales .',
       'The market had one bad blip today .'], dtype='<U190'), array(['section', 'There are three synagogues in the Jewish section .',
       'She got a job in the historical section of the Treasury .'],
      dtype='<U190'), array(['space', 'Write your name in the space provided .',
       'It all happened in the space of 10 minutes .'], dtype='<U190'), array(['plug', 'Plug the hole .',
       'He attempted to plug the leaks with some caulk .'], dtype='<U190')] ['False', 'True', 'False', 'False', 'True']
prediction: False
108 61 28 79
round: 344, dev_data: ('site', 'The Israeli web site was damaged by hostile hackers .', 'A good site for the school .'), dev_label: False
[array(['play', 'Play water from a hose .',
       'The fountains played all day .'], dtype='<U190'), array(['air', 'She was humming an air from Beethoven .',
       'An air of mystery .'], dtype='<U190'), array(['humor', "She did n't appreciate my humor .",
       "You ca n't survive in the army without a sense of humor ."],
      dtype='<U190'), array(['drop', 'Drop a hint .', 'The light dropped from the ceiling .'],
      dtype='<U190'), array(['spot',
       'For our anniversary we went back to the same spot where we first met .',
       'A bald spot .'], dtype='<U190')] ['True', 'False', 'True', 'False', 'False']
prediction: True
108 62 28 79
round: 345, dev_data: ('folly', 'Trying to drive through a blizzard is the height of folly .', 'This is a war of folly .'), dev_label: True
[array(['face', 'Dew dripped from the face of the leaf .',
       'Put a big sign on each face of the building that can be seen from the road .'],
      dtype='<U190'), array(['check', 'Check into the rumor .', 'He checked my kings .'],
      dtype='<U190'), array(['resign',
       'He had no choice but to resign the game and let his opponent become the champion .',
       'After fighting for so long , she finally resigned to her death .'],
      dtype='<U190'), array(['pull', 'Pull your knees towards your chin .',
       'Pull the handle towards you .'], dtype='<U190'), array(['say', 'What does the law say ?',
       "She said ` Hello ' to everyone in the office ."], dtype='<U190')] ['True', 'False', 'True', 'True', 'False']
prediction: True
109 62 28 79
round: 346, dev_data: ('deliver', 'Render a verdict ( i.e. , deliver a judgment ) .', 'Deliver a captive from the prison .'), dev_label: False
[array(['hurl', 'A hurl of abuse .', 'He managed a hurl of 50.3 metres .'],
      dtype='<U190'), array(['withholding',
       'There were allegations of the withholding of evidence .',
       'I resented his withholding permission .'], dtype='<U190'), array(['part', 'They resisted every effort on his part .',
       'It requires vigilance on our part .'], dtype='<U190'), array(['pop', 'Pop the pizza into the microwave oven .',
       'The man charged with murder popped a valium to calm his nerves .'],
      dtype='<U190'), array(['gather', 'Gather some stones .',
       'People gathered round as he began to tell his story .'],
      dtype='<U190')] ['True', 'True', 'True', 'False', 'True']
prediction: True
109 63 28 79
round: 347, dev_data: ('heating', 'They have radiant heating .', "The heating system was n't working ."), dev_label: True
[array(['work', 'He never worked because he inherited a lot of money .',
       'My wife never worked .'], dtype='<U190'), array(['head', 'Under the head of minor Roman poets .',
       'They shot 20 head of quail .'], dtype='<U190'), array(['take', 'Can you take this bag , please .', 'Take a cookie !'],
      dtype='<U190'), array(['ream', 'Ream oranges .',
       'The dentist reamed out the debris in the course of the root canal treatment .'],
      dtype='<U190'), array(['point', 'To fall off a point .',
       'The one with the most points will win the game .'], dtype='<U190')] ['True', 'False', 'True', 'False', 'False']
prediction: True
110 63 28 79
round: 348, dev_data: ('chemistry', 'The chemistry of soil .', 'Their chemistry was wrong from the beginning -- they hated each other .'), dev_label: False
[array(['raise', 'To raise somebody to office .',
       'Raise the specter of unemployment .'], dtype='<U190'), array(['run', 'Let the dogs run free .',
       'Who are these people running around in the building ?'],
      dtype='<U190'), array(['keep', 'Where do you keep your gardening tools ?',
       'These potatoes keep for a long time .'], dtype='<U190'), array(['stop', 'His next stop is Atlanta .',
       'They agreed to see each other at the bus stop .'], dtype='<U190'), array(['third', 'He was cut down on a close play at third .',
       'A simple harmony written in major thirds .'], dtype='<U190')] ['False', 'True', 'False', 'True', 'False']
prediction: False
110 63 28 80
round: 349, dev_data: ('bank', 'He sat on the bank of the river and watched the currents .', 'That bank holds the mortgage on my home .'), dev_label: False
[array(['snow', 'It started to snow .', 'It is snowing .'], dtype='<U190'), array(['sanitize',
       'Sanitize a document before releasing it to the press .',
       'Sanitize the language in a book .'], dtype='<U190'), array(['origin', 'The rumor had its origin in idle gossip .',
       'Vegetable origins .'], dtype='<U190'), array(['breath', 'He took a deep breath and dived into the pool .',
       "I could feel the runner 's breath on my shoulder ."],
      dtype='<U190'), array(['cut', "That 's our finest cut of meat .",
       'His cut in the lining revealed the hidden jewels .'],
      dtype='<U190')] ['True', 'True', 'True', 'False', 'False']
prediction: False
110 63 28 81
round: 350, dev_data: ('spin', 'Spin silk .', 'Spiders spin a fine web .'), dev_label: False
[array(['fear', 'I fear the worst will happen .',
       'I fear for their safety .'], dtype='<U190'), array(['underestimate',
       "Do n't underestimate the danger of such a raft trip on this river .",
       'He underestimated the work that went into the renovation .'],
      dtype='<U190'), array(['quality',
       'While being impulsive can be great for artists , it is not a desirable quality for engineers .',
       'Security , stability , and efficiency are good qualities of an operating system .'],
      dtype='<U190'), array(['have', "I wo n't have this dog in my house !",
       'Have , throw , or make a party .'], dtype='<U190'), array(['turn', 'Turn your face to the wall .',
       'Turn your dance partner around .'], dtype='<U190')] ['True', 'True', 'True', 'False', 'True']
prediction: True
110 64 28 81
round: 351, dev_data: ('blur', 'To blur a photograph by moving the camera while taking it .', 'The fog blurs my vision .'), dev_label: True
[array(['anger', 'You anger too easily .', 'He angers easily .'],
      dtype='<U190'), array(['break', 'Break a promise .', 'Break a law .'], dtype='<U190'), array(['get', 'Get an idea .', 'Get nauseous .'], dtype='<U190'), array(['bum', "That mechanic 's a bum - he could n't fix a yo-yo .",
       'That guy keeps interrupting the concert . Throw the bum out !'],
      dtype='<U190'), array(['cut', 'Cut orders .', 'Cut a caper .'], dtype='<U190')] ['True', 'True', 'True', 'True', 'False']
prediction: True
111 64 28 81
round: 352, dev_data: ('martini', 'My boss is out on another of his three martini lunches .', "Will you join us at six o'clock for martinis ?"), dev_label: True
[array(['address', 'He failed in his manner of address to the captain .',
       'A man of pleasing or insinuating address .'], dtype='<U190'), array(['fall', 'Fall prey to an imposter .', 'They fell out of favor .'],
      dtype='<U190'), array(['pain', 'The pain of loneliness .',
       'That kid is a terrible pain .'], dtype='<U190'), array(['light', 'He stepped into the light .',
       'It brought the scandal to light .'], dtype='<U190'), array(['breath', 'Not a breath of scandal ever touched her .',
       "The child 's breath came quickly and unevenly ."], dtype='<U190')] ['True', 'True', 'False', 'False', 'False']
prediction: True
112 64 28 81
round: 353, dev_data: ('consumption', 'The consumption of energy has increased steadily .', "The fire 's consumption of the forest caused ecological changes ."), dev_label: False
[array(['shame',
       'When I realized that I had hurt my friend , I felt deep shame .',
       'One mistake brought shame to all his family .'], dtype='<U190'), array(['ensure', 'This nest egg will ensure a nice retirement for us .',
       'The circumstances ensured that he would arrive in time .'],
      dtype='<U190'), array(['play', 'Play a hooked fish .',
       'He played $ 20 on the new horse .'], dtype='<U190'), array(['window',
       'You have a two-hour window of clear weather to finish working on the lawn .',
       'Launch window .'], dtype='<U190'), array(['approach', "Do n't approach that house .",
       'We were approaching our destination .'], dtype='<U190')] ['True', 'True', 'False', 'True', 'True']
prediction: True
112 65 28 81
round: 354, dev_data: ('recognition', 'Experimental psychologists measure the elapsed time from the onset of the stimulus to its recognition by the observer .', 'A politician whose recall of names was as remarkable as his recognition of faces .'), dev_label: True
[array(['play',
       "I 've practiced the piano off and on , and I still ca n't play very well .",
       'He plays the flute .'], dtype='<U190'), array(['keep', 'Keep food for a week in the pantry .',
       "She keeps a sixpack and a week 's worth of supplies in the refrigerator ."],
      dtype='<U190'), array(['travel', 'He enjoyed selling but he hated the travel .',
       'Travel to Spain .'], dtype='<U190'), array(['spread', 'Spread information .', 'Spread your arms .'],
      dtype='<U190'), array(['play', 'Play the stock market .', 'Play cards .'], dtype='<U190')] ['True', 'True', 'True', 'False', 'False']
prediction: True
113 65 28 81
round: 355, dev_data: ('assume', 'When will the new President assume office ?', 'He assumed to himself the right to fill all positions in the town .'), dev_label: False
[array(['life', 'He hoped for a new life in Australia .',
       'He could no longer cope with the complexities of life .'],
      dtype='<U190'), array(['roll', 'Roll out the paper .', 'The pastry rolls well .'],
      dtype='<U190'), array(['beat', 'They were beaten by a more aggressive team .',
       'Beat the egg whites .'], dtype='<U190'), array(['lot', 'A lot of money .', 'He bought a lot on the lake .'],
      dtype='<U190'), array(['connect',
       'The new railroad will connect the northern part of the state to the southern part .',
       'Herman connected the computers .'], dtype='<U190')] ['False', 'True', 'False', 'False', 'True']
prediction: False
113 65 28 82
round: 356, dev_data: ('stretch', 'Stretch out that piece of cloth .', 'Stretch the limits .'), dev_label: False
[array(['price', 'What price glory ?',
       'They say that every politician has a price .'], dtype='<U190'), array(['fall', 'Fall prey to an imposter .',
       'The line of men fall forward .'], dtype='<U190'), array(['leak', 'One of the tires developed a leak .',
       'The leaks by Chelsea Manning showed the secrets of the US military .'],
      dtype='<U190'), array(['address', 'He failed in his manner of address to the captain .',
       'A man of pleasing or insinuating address .'], dtype='<U190'), array(['period', 'Hastened the period of time of his recovery .',
       "Picasso 's blue period ."], dtype='<U190')] ['False', 'False', 'False', 'True', 'True']
prediction: True
113 66 28 82
round: 357, dev_data: ('violence', "The storm 's violence .", 'The violence of the storm , fortunately , was more awesome than destructive .'), dev_label: True
[array(['platoon', 'The defensive platoon of the football team .',
       'Platoons of tourists poured out of the busses .'], dtype='<U190'), array(['opening', 'There is an opening in the sales department .',
       'He slipped through an opening in the crowd .'], dtype='<U190'), array(['area', 'The photo is a little dark in that area .',
       'The area of a rectangle .'], dtype='<U190'), array(['key', 'The key to winning a game .',
       'The key to solving this problem is persistence .'], dtype='<U190'), array(['run', 'Run an errand .',
       'Who are these people running around in the building ?'],
      dtype='<U190')] ['True', 'False', 'True', 'True', 'False']
prediction: True
114 66 28 82
round: 358, dev_data: ('nose', 'She has a cold in the nose .', 'Keep your nose out of it .'), dev_label: False
[array(['beat', 'The boat beat in the strong wind .',
       'The sun was beating down on us .'], dtype='<U190'), array(['save',
       "Let 's save the packaging in case we need to send the product back .",
       'He saves half his salary .'], dtype='<U190'), array(['voice',
       "O Marcus , I am warm'd ; my heart Leaps at the trumpet 's voice .",
       'A shrill voice sounded behind us .'], dtype='<U190'), array(['have', 'I have two years left .',
       'He had an insulin shock after eating three candy bars .'],
      dtype='<U190'), array(['denial', 'Every time we asked for an interview we got a denial .',
       'It resulted in a complete denial of his privileges .'],
      dtype='<U190')] ['False', 'True', 'False', 'False', 'True']
prediction: False
114 66 28 83
round: 359, dev_data: ('distance', 'The distance to Petersborough is thirty miles .', 'There is a long distance between Moscow and Vladivostok .'), dev_label: True
[array(['pull', 'Pull a bank robbery .', 'Pull a chicken .'], dtype='<U190'), array(['remission', 'Her cancer was in remission .',
       'His cancer is in remission .'], dtype='<U190'), array(['streak', 'I hope I can keep up this streak of accomplishments .',
       'I was on a winning streak until the fourth game , where I was dealt terrible cards .'],
      dtype='<U190'), array(['admit', 'To admit a serious thought into the mind .',
       'This pipe admits air .'], dtype='<U190'), array(['shtik', 'He played a shtik Beethoven .',
       'Play it straight with no shtik .'], dtype='<U190')] ['False', 'True', 'True', 'True', 'False']
prediction: True
115 66 28 83
round: 360, dev_data: ('reserve', "We managed to reserve a table at Maxim 's .", 'Reserve me a seat on a flight .'), dev_label: False
[array(['vicinity', 'The plane crashed in the vicinity of Asheville .',
       'There is a hurricane in the vicinity of the Bahamas .'],
      dtype='<U190'), array(['overkill',
       'Should I give you yet more homework , or would that be overkill ?',
       '24 hours of TV coverage of the US election verged on overkill .'],
      dtype='<U190'), array(['note', 'It ended on a sour note .',
       'There was a note of gaiety in her manner .'], dtype='<U190'), array(['keep', 'Keep appointments .',
       'We kept to the original conditions of the contract .'],
      dtype='<U190'), array(['use', 'Use your head !',
       'She used to call her mother every week but now she calls only occasionally .'],
      dtype='<U190')] ['True', 'True', 'True', 'True', 'False']
prediction: True
115 67 28 83
round: 361, dev_data: ('character', 'The radical character of our demands .', 'A real character .'), dev_label: False
[array(['day', 'She called it a day and went to bed .',
       'It was a busy day on the stock exchange .'], dtype='<U190'), array(['strike', 'We will strike a medal in your honour .',
       'Strike coins .'], dtype='<U190'), array(['advance', 'To advance the ripening of fruit .',
       "To advance one 's interests ."], dtype='<U190'), array(['order', 'I gave the waiter my order .',
       "The company 's products were in such demand that they got more orders than their call center could handle ."],
      dtype='<U190'), array(['line', 'A nice line of shoes .', 'Toe the line .'], dtype='<U190')] ['True', 'True', 'True', 'True', 'False']
prediction: False
115 67 28 84
round: 362, dev_data: ('habit', 'She had a habit twirling the ends of her hair .', 'Owls have nocturnal habits .'), dev_label: True
[array(['dress', 'Dress the patient .',
       'He was dressed in the latest fashions .'], dtype='<U190'), array(['stop', 'His next stop is Atlanta .',
       'They agreed to see each other at the bus stop .'], dtype='<U190'), array(['come', 'Come out of the closet !', 'He came through the door .'],
      dtype='<U190'), array(['date', 'I arranged a date with my Australian business partners .',
       'She asked how to avoid kissing at the end of a date .'],
      dtype='<U190'), array(['rustle', 'Rustle cattle .',
       'The dry leaves were rustling in the breeze .'], dtype='<U190')] ['True', 'True', 'True', 'True', 'False']
prediction: True
116 67 28 84
round: 363, dev_data: ('flight', 'Take flight .', 'Birds are capable of flight .'), dev_label: False
[array(['folk', "They 're just country folk .",
       'Lots of folks like to travel during the holidays .'],
      dtype='<U190'), array(['body', 'The student body .',
       'They moved their arms and legs and bodies .'], dtype='<U190'), array(['offset', "I 'll offset the time difference locally .",
       'Offset deposits and withdrawals .'], dtype='<U190'), array(['arousal', 'The mechanism for arousal from sleep .',
       'The animal undergoes regular spells of arousal .'], dtype='<U190'), array(['put', 'Put these words to music .', 'Put money into bonds .'],
      dtype='<U190')] ['True', 'False', 'True', 'True', 'False']
prediction: False
116 67 28 85
round: 364, dev_data: ('coolant', "He added more coolant to the car 's radiator .", 'The atomic reactor used a gas coolant .'), dev_label: True
[array(['embody',
       'As the car salesman approached , wearing a plaid suit and slicked-back hair , he seemed to embody sleaze .',
       'This painting embodies the feelings of the Romantic period .'],
      dtype='<U190'), array(['stop', 'His next stop is Atlanta .',
       'They agreed to see each other at the bus stop .'], dtype='<U190'), array(['play', 'Play the stock market .', 'Play with her feelings .'],
      dtype='<U190'), array(['pay', 'Does she pay you for the work you are doing ?',
       'Pay attention .'], dtype='<U190'), array(['connect',
       'The new railroad will connect the northern part of the state to the southern part .',
       'My computer connected to his computer .'], dtype='<U190')] ['True', 'True', 'True', 'False', 'True']
prediction: True
117 67 28 85
round: 365, dev_data: ('beat', 'Beat the drum .', 'I got beaten up by thugs on my way home .'), dev_label: False
[array(['call',
       "He heard the phone ringing but did n't want to take the call .",
       'I received several calls today .'], dtype='<U190'), array(['heart', 'He drew a heart and called it a valentine .',
       'He had a change of heart .'], dtype='<U190'), array(['gravitation',
       'The gravitation between two bodies is proportional to the product of their masses and inversely proportional to the square of the distance between them .',
       'Gravitation can not be held responsible for people falling in love "-- Albert Einstein .'],
      dtype='<U190'), array(['marriage',
       "Pat and Leslie 's marriage to each other lasted forty years .",
       'You should enter marriage for love .'], dtype='<U190'), array(['civilization',
       'The people slowly progressed from barbarism to civilization .',
       'He is remembered for his generosity and civilization .'],
      dtype='<U190')] ['True', 'False', 'True', 'False', 'False']
prediction: False
117 67 28 86
round: 366, dev_data: ('bravura', 'In a final bravura the ballerina appeared to be floating in water .', 'The music ends with a display of bravura .'), dev_label: True
[array(['song', 'The wheels sang their song as the train rocketed ahead .',
       'The song of bullets was in the air .'], dtype='<U190'), array(['relate', 'I can not relate these events at all .',
       "I find it difficult to relate to others because i 'm extremely introverted ."],
      dtype='<U190'), array(['wall', 'A wall of water .',
       'Negotiations ran into a brick wall .'], dtype='<U190'), array(['come', 'Come into the room .',
       'I was standing on the corner when Nick came up and asked for a cigarette .'],
      dtype='<U190'), array(['block', "He held a large block of the company 's stock .",
       "Since blocks are often defined as a single sector , the terms ` block ' and ` sector ' are sometimes used interchangeably ."],
      dtype='<U190')] ['True', 'True', 'True', 'True', 'False']
prediction: True
118 67 28 86
round: 367, dev_data: ('type', 'The capable type .', "The word ` element ' contains five different types of character ."), dev_label: False
[array(['give', 'Give a divorce .', 'Give the orders .'], dtype='<U190'), array(['count', 'Can you count the books on your shelf ?',
       'There are three apples ; count them .'], dtype='<U190'), array(['marriage',
       "Pat and Leslie 's marriage to each other lasted forty years .",
       'You should enter marriage for love .'], dtype='<U190'), array(['lift', 'Lift an embargo .', 'Lift potatoes .'], dtype='<U190'), array(['drive', 'Drive the game .',
       'She finally drove him to change jobs .'], dtype='<U190')] ['False', 'True', 'False', 'False', 'False']
prediction: False
118 67 28 87
round: 368, dev_data: ('station', 'Married above her station .', 'The responsibilities of a man in his station .'), dev_label: True
[array(['make', 'Make merry .', 'She makes like an actress .'],
      dtype='<U190'), array(['come', 'Come into contact with a terrorist group .',
       'Winter comes after autumn .'], dtype='<U190'), array(['spread',
       'She liked to spread butter on her toast while it was still hot .',
       'Spread cheese on a piece of bread .'], dtype='<U190'), array(['tab', 'Pull the tab to open the can .',
       'The collar has a tab with a button hole .'], dtype='<U190'), array(['breathe', 'I can breathe better when the air is clean .',
       'Paul breathed a deep breath .'], dtype='<U190')] ['False', 'True', 'True', 'True', 'True']
prediction: False
118 67 29 87
round: 369, dev_data: ('die', 'My secret will die with me !', 'Their anger died .'), dev_label: True
[array(['pop', 'Pop the pizza into the microwave oven .',
       'The man charged with murder popped a valium to calm his nerves .'],
      dtype='<U190'), array(['field', 'He was an expert in the field of Chinese history .',
       "The farmer 's field was a civil war battleground , and relics such a minnie bullets were frequently found while plowing ."],
      dtype='<U190'), array(['drip',
       'Listening to the tap next door drip all night drove me mad !',
       'Water is dripping from the faucet .'], dtype='<U190'), array(['close', 'Close up an umbrella .',
       'They closed the deal on the building .'], dtype='<U190'), array(['stream', 'Stream of consciousness .',
       'Two streams of development run through American history .'],
      dtype='<U190')] ['False', 'False', 'True', 'False', 'True']
prediction: True
119 67 29 87
round: 370, dev_data: ('sound', 'Sound the bell .', 'Sound a certain note .'), dev_label: True
[array(['process', 'Process a loan .', 'Process the applicants .'],
      dtype='<U190'), array(['keep', 'Keep my job for me while I give birth .',
       'Keep a diary .'], dtype='<U190'), array(['normalize', 'Normalize relations with China .',
       'Normalize the temperature .'], dtype='<U190'), array(['take', 'Do you take me for a fool ?',
       "You ca n't take credit for this !"], dtype='<U190'), array(['stick', 'To stick an apple on a fork .',
       'He stuck the cloth with the needle .'], dtype='<U190')] ['True', 'False', 'True', 'True', 'True']
prediction: True
120 67 29 87
round: 371, dev_data: ('engage', 'The teeth of one cogwheel engage those of another .', 'Make sure the gear is engaged .'), dev_label: True
[array(['act',
       'She wants to act Lady Macbeth , but she is too young for the role .',
       'He acted the idiot .'], dtype='<U190'), array(['movement', 'The movement of cargo onto the vessel .',
       'He had a bowel movement .'], dtype='<U190'), array(['copy', 'Catastrophes make good copy .',
       'She made a copy of the designer dress .'], dtype='<U190'), array(['cast', 'Cast a warm light .', 'Cast a vote .'], dtype='<U190'), array(['tell', 'I want to tell you a story .',
       'The father told a story to his child .'], dtype='<U190')] ['False', 'False', 'False', 'False', 'True']
prediction: True
121 67 29 87
round: 372, dev_data: ('yoke', 'Under the yoke of a tyrant .', 'They threw off the yoke of domination .'), dev_label: True
[array(['floor', 'Many sunken ships rest on the ocean floor .',
       'The floor of the pelvis .'], dtype='<U190'), array(['size', 'The only city of any size in that area .',
       'He blanched when he saw the size of the bill .'], dtype='<U190'), array(['fatigue',
       'The soldiers were put on fatigue to teach them a lesson .',
       'They were assigned to kitchen fatigues .'], dtype='<U190'), array(['extract', 'Extract information from the telegram .',
       'Extract a bad tooth .'], dtype='<U190'), array(['touch',
       "Your performance does n't even touch that of your colleagues .",
       "I would n't touch her with a ten-foot pole ."], dtype='<U190')] ['True', 'True', 'True', 'True', 'False']
prediction: True
122 67 29 87
round: 373, dev_data: ('excavate', 'Excavate gold .', "Carnegie had a lake excavated for Princeton University 's rowing team ."), dev_label: False
[array(['hardship',
       'I can not think it a hardship that more indulgence is allowed to men than to women"- James Boswell .',
       'The many hardships of frontier life .'], dtype='<U190'), array(['get', "She did n't get his name when they met the first time .",
       'The ice storm got my hibiscus .'], dtype='<U190'), array(['queen', 'The queen of ocean liners .',
       'Paris is the queen of cities .'], dtype='<U190'), array(['keep', 'Keep appointments .', 'She never keeps her promises .'],
      dtype='<U190'), array(['convert', 'Convert slaves to laborers .',
       'Convert lead into gold .'], dtype='<U190')] ['True', 'False', 'True', 'True', 'True']
prediction: True
122 68 29 87
round: 374, dev_data: ('hearing', 'They make good music -- you should give them a hearing .', 'They condemned him without a hearing .'), dev_label: False
[array(['sing', 'I really want to sing in the school choir . said Vera .',
       'My brother sings very well .'], dtype='<U190'), array(['grocery', 'The grocery store included a meat market .',
       'She carried a sack of groceries in from the car and set it on the kitchen table .'],
      dtype='<U190'), array(['crash', 'Will the stock market crash again ?',
       'The car crashed through the glass door .'], dtype='<U190'), array(['strike', 'We will strike a medal in your honour .',
       'The boxer struck the attacker dead .'], dtype='<U190'), array(['day', 'Day and night .', 'The dawn turned night into day .'],
      dtype='<U190')] ['True', 'True', 'False', 'False', 'True']
prediction: False
122 68 29 88
round: 375, dev_data: ('complexion', 'A rugged complexion .', 'Diphthongs are complexions of vowels .'), dev_label: False
[array(['pursuit',
       "Unremitting pursuit of wealth does n't bring happiness , particularly if successful .",
       'The culprit started to run and the cop took off in pursuit .'],
      dtype='<U190'), array(['ball', 'He played with his rubber ball in the bathtub .',
       'He threw nine straight balls before the manager yanked him .'],
      dtype='<U190'), array(['pull', 'Pull a bank robbery .', 'The car pulls to the right .'],
      dtype='<U190'), array(['support', 'His faith was all the support he needed .',
       'They developed a scheme of mutual support .'], dtype='<U190'), array(['sing', 'I really want to sing in the school choir . said Vera .',
       'My brother sings very well .'], dtype='<U190')] ['True', 'False', 'False', 'False', 'True']
prediction: False
122 68 29 89
round: 376, dev_data: ('rein', 'Rein a horse .', 'He reined in his horses in front of the post office .'), dev_label: False
[array(['strike', 'Strike a medal .', 'Strike coins .'], dtype='<U190'), array(['extend', 'Extend the casserole with a little rice .',
       'Can we extend the legs of this dining table ?'], dtype='<U190'), array(['world', 'The world of insects .', 'The outdoor world .'],
      dtype='<U190'), array(['language', 'He recorded the spoken language of the streets .',
       'He uttered harsh language .'], dtype='<U190'), array(['book',
       'Many readers find the first book of A Tale of Two Cities to be confusing .',
       'The book of Isaiah .'], dtype='<U190')] ['True', 'False', 'True', 'True', 'True']
prediction: True
122 69 29 89
round: 377, dev_data: ('stretch', 'Beyond any stretch of his understanding .', 'A stretch of clear water .'), dev_label: False
[array(['mark',
       'The citizens mark the anniversary of the revolution with a march and a parade .',
       'This sign marks the border .'], dtype='<U190'), array(['entreaty', 'We need an entreaty to stop the hostilities .',
       'An entreaty to stop the fighting .'], dtype='<U190'), array(['negociate', 'Negociate securities .',
       'The pianist negociated the difficult runs .'], dtype='<U190'), array(['work', 'This dough does not work easily .',
       'Can you work an electric drill ?'], dtype='<U190'), array(['rig', 'Rig an election .', 'Rig prices .'], dtype='<U190')] ['False', 'True', 'False', 'False', 'False']
prediction: False
122 69 29 90
round: 378, dev_data: ('vagina', 'The vagina receives the penis during coitus .', 'The vagina is elastic enough to allow the passage of a fetus .'), dev_label: True
[array(['place', 'A place in my heart .',
       'He has a special place in my thoughts .'], dtype='<U190'), array(['quality',
       'While being impulsive can be great for artists , it is not a desirable quality for engineers .',
       'One of the qualities of pure iron is that it does not rust easily .'],
      dtype='<U190'), array(['arouse', 'To arouse anger .', 'To arouse compassion .'],
      dtype='<U190'), array(['attack', 'His plan of attack was misguided .',
       'An attack on inflation .'], dtype='<U190'), array(['pick', 'To pick rags .', 'She finally picked her successor .'],
      dtype='<U190')] ['True', 'True', 'True', 'True', 'False']
prediction: True
123 69 29 90
round: 379, dev_data: ('unclothe', 'Unclothe your heart of envy .', 'She unclothed her innermost feelings .'), dev_label: False
[array(['sign',
       "Their angry expressions were a clear sign they did n't want to talk .",
       'Those clouds show little sign of raining soon .'], dtype='<U190'), array(['ride', 'She loves to ride her new motorcycle through town .',
       "The child rode on his mother 's hips ."], dtype='<U190'), array(['indication', 'An indication of foul play .',
       'Indications of strain .'], dtype='<U190'), array(['raise', 'Raise a sad cry .', 'Raise a protest .'], dtype='<U190'), array(['hit', 'The car hit a tree .', 'The ball hit the fence .'],
      dtype='<U190')] ['True', 'False', 'True', 'True', 'True']
prediction: False
123 69 29 91
round: 380, dev_data: ('tiger', "He 's a tiger on the tennis court .", 'It aroused the tiger in me .'), dev_label: True
[array(['mouth', 'He rode into the mouth of the canyon .',
       'They built a fire at the mouth of the cave .'], dtype='<U190'), array(['trouble', 'He got several girls in trouble .',
       'One trouble after another delayed the job .'], dtype='<U190'), array(['stand', 'Where do you stand on the War ?', 'Standing water .'],
      dtype='<U190'), array(['trim', 'They traditionally trim the tree on Christmas Eve .',
       'The airplane trimmed .'], dtype='<U190'), array(['outwardness',
       'What is the origin of the outwardness of our sensations of sound , smell , or taste .',
       'The outwardness of the world .'], dtype='<U190')] ['True', 'False', 'False', 'False', 'False']
prediction: True
124 69 29 91
round: 381, dev_data: ('population', 'The population of New Jersey will not stand for this !', 'They hired hunters to keep down the deer population .'), dev_label: True
[array(['business',
       'They did nearly a million dollars of business over the long weekend .',
       'Business has been slow lately .'], dtype='<U190'), array(['surface',
       'The cloth had a pattern of red dots on a white surface .',
       'Earthquakes originate far below the surface .'], dtype='<U190'), array(['source', 'Pittsburgh is the source of the Ohio River .',
       'He spent hours looking for the source of that quotation .'],
      dtype='<U190'), array(['run', 'The sale will run for ten days .',
       "They ran twenty blood tests on me and they still do n't know what 's wrong ."],
      dtype='<U190'), array(['love', 'He has a very complicated love life .',
       "He had n't had any love in months ."], dtype='<U190')] ['True', 'False', 'False', 'False', 'True']
prediction: True
125 69 29 91
round: 382, dev_data: ('smoke', 'Do you smoke ?', "He 's smoking his pipe ."), dev_label: True
[array(['catch', 'Catch the mood .', "Do n't catch your meaning ."],
      dtype='<U190'), array(['hold', "Hold one 's nose .",
       "Hold the bridge against the enemy 's attacks ."], dtype='<U190'), array(['break', 'Is it your or my turn to break ?',
       'Things began breaking bad for him when his parents died .'],
      dtype='<U190'), array(['concern',
       "The employees ' attitude is really hurting the concern .",
       'A racially integrated business concern .'], dtype='<U190'), array(['day', 'He was a successful pianist in his day .',
       'In the days of sailing ships .'], dtype='<U190')] ['False', 'False', 'False', 'True', 'True']
prediction: True
126 69 29 91
round: 383, dev_data: ('spark', 'A spark of interest .', 'A spark of decency .'), dev_label: True
[array(['ease', 'He passed all the exams with ease .',
       'They put it into containers for ease of transportation .'],
      dtype='<U190'), array(['limitation',
       'It is growing rapidly with no limitation in sight .',
       'Statute of limitations .'], dtype='<U190'), array(['quality',
       'Membership of this golf club is limited to those of quality and wealth .',
       'While being impulsive can be great for artists , it is not a desirable quality for engineers .'],
      dtype='<U190'), array(['building', 'My sister lives in that apartment building .',
       'There was a three-story building on the corner .'], dtype='<U190'), array(['prise',
       '2004 : Most people used pliers , scissors , rubber gloves and knives to try to prise open products . — BBC News .',
       '1919 : I think he must have been trying to prise open that box yonder when he was attacked . — Sax Rohmer , The Quest of the Sacred Slipper .'],
      dtype='<U190')] ['True', 'False', 'False', 'True', 'True']
prediction: True
127 69 29 91
round: 384, dev_data: ('notice', 'We received a notice to vacate the premises .', 'He escaped the notice of the police .'), dev_label: False
[array(['life',
       'It was a heavy play and the actors tried in vain to give life to it .',
       'The life of this milk carton may be thousands of years in this landfill .'],
      dtype='<U190'), array(['quality', 'The quality of students has risen .',
       'A peasant is not allowed to fall in love with a lady of quality .'],
      dtype='<U190'), array(['humor', "She did n't appreciate my humor .",
       "You ca n't survive in the army without a sense of humor ."],
      dtype='<U190'), array(['ease', 'They put it into containers for ease of transportation .',
       'A life of luxury and ease .'], dtype='<U190'), array(['save', 'This will save money .',
       'This will save you a lot of time .'], dtype='<U190')] ['False', 'False', 'True', 'False', 'True']
prediction: False
127 69 29 92
round: 385, dev_data: ('clean', 'Clean your fingernails before dinner .', 'Clean up before you see your grandparents .'), dev_label: True
[array(['air', 'An air of mystery .', 'The house had a neglected air .'],
      dtype='<U190'), array(['be', 'I shall be writing to you soon .',
       'She is our resident philosopher .'], dtype='<U190'), array(['eye', 'That dress caught her eye .',
       'He tried to catch her eye .'], dtype='<U190'), array(['strip', 'Strip a wall of its wallpaper .',
       'Norm will strip the old varnish before painting the chair .'],
      dtype='<U190'), array(['cut', 'Cut a Ping-Pong ball .', 'Cut paper dolls .'],
      dtype='<U190')] ['True', 'False', 'True', 'True', 'False']
prediction: True
128 69 29 92
round: 386, dev_data: ('population', 'He deplored the population of colonies with convicted criminals .', 'It is an estimate of the mean of the population .'), dev_label: False
[array(['turn', 'Turn the earth in the Spring .', 'Turn the heat down .'],
      dtype='<U190'), array(['advance', "To advance one 's interests .",
       'We are advancing technology every day .'], dtype='<U190'), array(['head', '200 head of cattle .',
       '12 head of big cattle and 14 head of branded calves .'],
      dtype='<U190'), array(['flatten', 'Flatten your stomach with these exercises .',
       'Flatten a road .'], dtype='<U190'), array(['wash', 'Can you wash away the spots on the windows ?',
       'The swollen river washed away the footbridge .'], dtype='<U190')] ['False', 'False', 'True', 'True', 'False']
prediction: False
128 69 29 93
round: 387, dev_data: ('lot', 'They were an angry lot .', 'A lot of money .'), dev_label: False
[array(['door', 'Education is the door to success .',
       'We closed the door to Haitian immigrants .'], dtype='<U190'), array(['ditch', 'Ditch a plane .', 'Ditch a lover .'], dtype='<U190'), array(['make', 'One swallow does not a summer make .',
       'Clothes make the man .'], dtype='<U190'), array(['performance', 'They admired his performance under stress .',
       'They listened to ten different performances .'], dtype='<U190'), array(['quotation',
       "Let 's get a quotation for repairing the roof before we decide whether it 's worth doing .",
       'Since he lacks originality he must rely on quotation .'],
      dtype='<U190')] ['True', 'False', 'True', 'False', 'False']
prediction: False
128 69 29 94
round: 388, dev_data: ('close', 'Close the circuit .', 'Close up an umbrella .'), dev_label: True
[array(['hold',
       'The general ordered the colonel to hold his position at all costs .',
       'He held the governorship for almost a decade .'], dtype='<U190'), array(['softness',
       'The climate had the softness of the south of France .',
       'Softness is not something permitted of good leaders .'],
      dtype='<U190'), array(['delivery', 'She had a difficult delivery .',
       'His reluctant delivery of bad news .'], dtype='<U190'), array(['cut', 'Cut the engine .',
       'She cut all of her major titles again .'], dtype='<U190'), array(['sense', 'Common sense is not so common .',
       'Fortunately she had the good sense to run away .'], dtype='<U190')] ['False', 'False', 'False', 'False', 'True']
prediction: True
129 69 29 94
round: 389, dev_data: ('concord', 'Both philosophers concord on this point .', 'Their ideas concorded .'), dev_label: False
[array(['light', 'Can you shed light on this problem ?',
       'Put that light out !'], dtype='<U190'), array(['peace',
       'Our lounge strives to maintain an environment of peace for the comfort of our customers .',
       'My boy , this peace is what all true warriors strive for .'],
      dtype='<U190'), array(['come', 'These shoes come in three colors .',
       'The sleeves come to your knuckles .'], dtype='<U190'), array(['roughcast', 'Roughcast a wall .',
       'To roughcast a wall or building .'], dtype='<U190'), array(['scene', 'He made a scene .',
       'The play is divided into three acts , and in total twenty-five scenes .'],
      dtype='<U190')] ['False', 'False', 'False', 'True', 'False']
prediction: True
129 70 29 94
round: 390, dev_data: ('plant', 'Plant fish .', "Plant a thought in the students ' minds ."), dev_label: False
[array(['hold', 'He can hold his liquor .',
       'To carry well , i.e. to hold the head high , with arching neck .'],
      dtype='<U190'), array(['product', 'His reaction was the product of hunger and fatigue .',
       'They improve their product every year .'], dtype='<U190'), array(['people', 'His people have been farmers for generations .',
       'Are your people still alive ?'], dtype='<U190'), array(['get', 'Get an idea .', 'Get nauseous .'], dtype='<U190'), array(['place', 'If you were in my place what would you do ?',
       'He comes from a place near Chicago .'], dtype='<U190')] ['False', 'False', 'True', 'True', 'False']
prediction: False
129 70 29 95
round: 391, dev_data: ('wind', 'When there is no wind , row .', 'He put the key in the old clock and gave it a good wind .'), dev_label: False
[array(['be', 'I shall be writing to you soon .',
       'The postman has been today , but my tickets have still not yet come .'],
      dtype='<U190'), array(['degree',
       "She has two bachelor 's degrees and is studying towards a master 's degree .",
       'He earned his degree at Princeton summa cum laude .'],
      dtype='<U190'), array(['bank', 'The pilot had to bank the aircraft .', 'Bank a fire .'],
      dtype='<U190'), array(['look', 'He went out to have a look .',
       'He gave it a good looking at .'], dtype='<U190'), array(['shot', "His parting shot was ` drop dead ' .",
       'I caught him with a solid shot to the chin .'], dtype='<U190')] ['True', 'True', 'False', 'True', 'False']
prediction: False
129 70 29 96
round: 392, dev_data: ('plus', 'He is a real plus to the team .', 'A water molecule is made up of two hydrogen atoms plus one of oxygen .'), dev_label: False
[array(['frequency',
       'The frequency of modulation was 40 cycles per second .',
       'The frequency of his seizures increased as he grew older .'],
      dtype='<U190'), array(['time', "When was the last time we went out ? I do n't remember .",
       'He called four times .'], dtype='<U190'), array(['come', 'Melons come from a vine .',
       'News came in of the massacre in Rwanda .'], dtype='<U190'), array(['thing', 'A thing of the spirit .',
       'A funny thing happened on the way to the ...'], dtype='<U190'), array(['circulation', 'A fan aids air circulation .',
       'Ocean circulation is an important part of global climate .'],
      dtype='<U190')] ['True', 'True', 'False', 'False', 'True']
prediction: False
129 70 29 97
round: 393, dev_data: ('creation', 'From its creation the plan was doomed to failure .', 'The restructure resulted in the creation of a number of shared services .'), dev_label: False
[array(['hit', 'He hit a home run .',
       'The movie hits theaters in December .'], dtype='<U190'), array(['continue', 'We can not continue several servants any longer .',
       'The bad weather continued for two more weeks .'], dtype='<U190'), array(['connect',
       'The new railroad will connect the northern part of the state to the southern part .',
       'My computer connected to his computer .'], dtype='<U190'), array(['fail',
       'We must not fail his obligation to the victims of the Holocaust .',
       'She failed in her obligations as a good daughter-in-law .'],
      dtype='<U190'), array(['occasion',
       'Having people round for dinner was always quite an occasion at our house .',
       'It was needed only on special occasions .'], dtype='<U190')] ['False', 'False', 'True', 'True', 'True']
prediction: True
129 71 29 97
round: 394, dev_data: ('association', 'The host is not always injured by association with a parasite .', 'His association of his father with being beaten was too strong to break .'), dev_label: False
[array(['game', 'I saw through his little game from the start .',
       'You need four people to play this game .'], dtype='<U190'), array(['end', 'He came to a bad end .',
       "One end of the box was marked ` This side up ' ."], dtype='<U190'), array(['song',
       'A bird will not learn its song unless it hears it at an early age .',
       'I love hearing the song of canary birds .'], dtype='<U190'), array(['take', "I 'll take the blue plates .",
       'We took the road on the right .'], dtype='<U190'), array(['component', 'A CPU is a component of a computer .',
       'Spare components for cars .'], dtype='<U190')] ['False', 'False', 'True', 'True', 'True']
prediction: False
129 71 29 98
round: 395, dev_data: ('evacuate', 'Evacuate the bottle .', 'After the earthquake , residents were evacuated .'), dev_label: False
[array(['stand', 'Here I stand , wondering what to do next .',
       'There stood on the corner a statue .'], dtype='<U190'), array(['mechanism', 'The mechanism of the ear .',
       'The mechanism of infection .'], dtype='<U190'), array(['point', 'To fall off a point .',
       'The one with the most points will win the game .'], dtype='<U190'), array(['check', 'Check the spelling of this word .',
       'Check your luggage before boarding .'], dtype='<U190'), array(['acquisition', 'The acquisition of one company by another .',
       'The acquisition of wealth .'], dtype='<U190')] ['False', 'True', 'False', 'False', 'True']
prediction: False
129 71 29 99
round: 396, dev_data: ('park', 'There are laws that protect the wildlife in this park .', 'The put the car in park and got out .'), dev_label: False
[array(['play', 'Play sports .', "Who 's playing now ?"], dtype='<U190'), array(['readiness', 'Putting them in readiness .',
       'A happy readiness of conversation "-- Jane Austen .'],
      dtype='<U190'), array(['find', 'My son went to Berkeley to find himself .',
       'The arrow found its mark .'], dtype='<U190'), array(['thing', 'She has a thing about him .',
       'He has a thing about seafood .'], dtype='<U190'), array(['care', "He does n't care about how / whether she comes .",
       "I do n't care what he does ."], dtype='<U190')] ['True', 'False', 'False', 'True', 'True']
prediction: False
129 71 29 100
round: 397, dev_data: ('grip', 'He was in the grip of a powerful emotion .', 'A good grip on French history .'), dev_label: True
[array(['sign',
       "Their angry expressions were a clear sign they did n't want to talk .",
       'Signs of disease are objective , whereas symptoms are subjective .'],
      dtype='<U190'), array(['play', "They gave full play to the artist 's talent .",
       'We saw a two-act play in the theatre .'], dtype='<U190'), array(['term',
       'The general term of an algebraic equation of the n-th degree .',
       'The major term of a syllogism must occur twice .'], dtype='<U190'), array(['cover', 'Cover the child with a blanket .',
       'Cover the grave with flowers .'], dtype='<U190'), array(['call', 'He was ejected for protesting the call .',
       'He placed a phone call to London .'], dtype='<U190')] ['True', 'False', 'False', 'True', 'False']
prediction: False
129 71 30 100
round: 398, dev_data: ('despair', 'They were rescued from despair at the last minute .', 'In the depths of despair .'), dev_label: True
[array(['raise', 'Raise a siege .', 'Raise a family .'], dtype='<U190'), array(['tear', 'Ryan wiped the tear from the paper he was crying on .',
       'His story brought tears to her eyes .'], dtype='<U190'), array(['war', 'A war of wits .', 'A price war .'], dtype='<U190'), array(['pull',
       "You 're going to have to pull harder to get that cork out of the bottle .",
       'The athlete pulled a tendon in the competition .'], dtype='<U190'), array(['carry', 'Carry the suitcases to the car .',
       'These pipes carry waste water into the river .'], dtype='<U190')] ['False', 'True', 'True', 'False', 'True']
prediction: True
130 71 30 100
round: 399, dev_data: ('grow', 'We grow wheat here .', 'The child grew fast .'), dev_label: False
[array(['action', 'His novels always have a lot of action .',
       'The United Nations must have the power to propose and organize action without being hobbled by irrelevant issues .'],
      dtype='<U190'), array(['act',
       'She wants to act Lady Macbeth , but she is too young for the role .',
       'The dog acts ferocious , but he is really afraid of people .'],
      dtype='<U190'), array(['mount', 'Mount a theater production .', 'Mount a play .'],
      dtype='<U190'), array(['cover', "The grant does n't cover my salary .",
       'The second officer covered the top floor .'], dtype='<U190'), array(['reaction',
       'The announcement of the verdict brought a violent reaction .',
       'You were in the courtroom . What is your reaction ?'],
      dtype='<U190')] ['False', 'False', 'True', 'False', 'True']
prediction: False
130 71 30 101
round: 400, dev_data: ('man', 'He awaited word from his man in Havana .', 'He taught me to set up the men on the chess board .'), dev_label: False
[array(['academy', 'The military academy at West Point .',
       'The American Academy of Arts and Sciences .'], dtype='<U190'), array(['approach', "Do n't approach that house .",
       'We were approaching our destination .'], dtype='<U190'), array(['corner', 'A piano was in one corner of the room .',
       'The corners of the wire mesh were reinforced with little blobs of solder .'],
      dtype='<U190'), array(['hand', 'A ranch hand .', 'Give him a hand .'], dtype='<U190'), array(['voice', 'The Times is not the voice of New York .',
       'The voice of the law .'], dtype='<U190')] ['False', 'True', 'False', 'False', 'True']
prediction: False
130 71 30 102
round: 401, dev_data: ('map', "We have n't even begun to map the many galaxies that we know exist .", "Sorrow was mapped on the mother 's face ."), dev_label: False
[array(['civilization',
       'He is remembered for his generosity and civilization .',
       'Early Mayan civilization .'], dtype='<U190'), array(['laugh', 'Paul made a cheerful laugh .', 'Paul laughed at Mary .'],
      dtype='<U190'), array(['have', 'I have two sisters .',
       'Have another bowl of chicken soup !'], dtype='<U190'), array(['communicate', 'Communicate a disease .',
       'He communicated his anxieties to the psychiatrist .'],
      dtype='<U190'), array(['water', "They were sitting by the water 's edge .",
       'First you have to cut off the water .'], dtype='<U190')] ['False', 'True', 'False', 'False', 'False']
prediction: False
130 71 30 103
round: 402, dev_data: ('perceive', 'I could perceive the ship coming over the horizon .', 'She finally perceived the futility of her protest .'), dev_label: False
[array(['beat', 'The grandfather clock beat midnight .',
       'Beat swords into ploughshares .'], dtype='<U190'), array(['help', 'This will help to prevent accidents .',
       'I served him three times , and after that he helped himself .'],
      dtype='<U190'), array(['back', 'The train backed into the station .', 'The wind backed .'],
      dtype='<U190'), array(['identity',
       'Geneticists only recently discovered the identity of the gene that causes it .',
       'It was too dark to determine his identity .'], dtype='<U190'), array(['carry', 'These bonds carry warrants .',
       'She carries her ideas to the extreme .'], dtype='<U190')] ['False', 'False', 'True', 'True', 'False']
prediction: True
130 72 30 103
round: 403, dev_data: ('people', 'Old people .', 'There were at least 200 people in the audience .'), dev_label: True
[array(['make', "He did n't make the choir after his voice changed .",
       'She makes more than he does , and works longer hours than he does , but she still does most of the house-cleaning .'],
      dtype='<U190'), array(['buildup', 'A military buildup in preparation for the invasion .',
       'The buildup of leaves blocked the drain pipes .'], dtype='<U190'), array(['subject', 'I am a British subject .',
       'A moving picture of a train is more dramatic than a still picture of the same subject .'],
      dtype='<U190'), array(['plundering', 'The plundering of the Parthenon .',
       'His plundering of the great authors .'], dtype='<U190'), array(['draw', 'Draw water from a well .', 'Draw parallels .'],
      dtype='<U190')] ['True', 'False', 'False', 'True', 'False']
prediction: True
131 72 30 103
round: 404, dev_data: ('performance', 'We congratulated him on his performance at the rehearsal .', "An inspired performance of Mozart 's C minor concerto ."), dev_label: True
[array(['beat', 'The boat beat in the strong wind .',
       'The sun was beating down on us .'], dtype='<U190'), array(['presence',
       'Any painter can benefit from the presence of a live model from which to draw .',
       'He tested for the presence of radon .'], dtype='<U190'), array(['purchase', 'To purchase land , to purchase a house .',
       'Carmen purchased a dress for $ 50 .'], dtype='<U190'), array(['movement', 'The second movement is slow and melodic .',
       'A broad movement of the electorate to the right .'], dtype='<U190'), array(['throw', 'The horse threw its rider .', 'Throw a glance .'],
      dtype='<U190')] ['False', 'True', 'True', 'False', 'False']
prediction: True
132 72 30 103
round: 405, dev_data: ('definition', 'The definition of a telescope .', 'Exercise had given his muscles superior definition .'), dev_label: True
[array(['shovel', 'Shovel sand .',
       'He shovelled in the backyard all afternoon long .'], dtype='<U190'), array(['taproot', 'The taproot of his resentment .',
       'Genius and insanity spring from the same taproot .'],
      dtype='<U190'), array(['get', 'You need to get permission to leave early .',
       'He got a girl into trouble .'], dtype='<U190'), array(['work', 'Do you want to work after the age of 60 ?',
       'He works his parents for sympathy .'], dtype='<U190'), array(['try',
       "If you want to play varsity , you 'll have to try out for the team .",
       'This approach has been tried with good results .'], dtype='<U190')] ['True', 'True', 'False', 'False', 'True']
prediction: False
132 72 31 103
round: 406, dev_data: ('pleasure', 'The pleasure of his company .', 'He was tingling with pleasure .'), dev_label: False
[array(['song', 'The song of bullets was in the air .',
       'He bought it for a song .'], dtype='<U190'), array(['think', "She did n't think to harm me .",
       'We thought to return early that night .'], dtype='<U190'), array(['vegetate',
       "After a hard day 's work , I vegetate in front of the television .",
       'The fields vegetate vigorously .'], dtype='<U190'), array(['origin', 'The rumor had its origin in idle gossip .',
       'Mineral origin .'], dtype='<U190'), array(['year', 'In the year 1920 .',
       'This Chinese year is the year of the Rooster .'], dtype='<U190')] ['False', 'True', 'False', 'True', 'True']
prediction: True
132 73 31 103
round: 407, dev_data: ('refer', 'Refer a bill to a committee .', 'Refer to your notes .'), dev_label: False
[array(['head', '12 head of big cattle and 14 head of branded calves .',
       '200 head of cattle and 50 head of horses .'], dtype='<U190'), array(['carry', 'I always carry money .',
       'The troops carried the town after a brief fight .'], dtype='<U190'), array(['slit', 'He slit the bag open and the rice began pouring out .',
       'Slit the throat of the victim .'], dtype='<U190'), array(['raise', 'We visited a farm where they raise chickens .',
       'To raise somebody to office .'], dtype='<U190'), array(['port', 'Port a rifle .', 'Port arms !'], dtype='<U190')] ['True', 'False', 'True', 'True', 'True']
prediction: True
132 74 31 103
round: 408, dev_data: ('voice', 'After the fire a still small voice . — 1 Kings 19:12 .', 'A singer takes good care of his voice .'), dev_label: True
[array(['carry', 'We carry a very large mortgage .',
       'How many credits is this student carrying ?'], dtype='<U190'), array(['case', 'It may rain in which case the picnic will be canceled .',
       'A door case .'], dtype='<U190'), array(['call',
       "He heard the phone ringing but did n't want to take the call .",
       'She reported several anonymous calls .'], dtype='<U190'), array(['experience', 'It was an experience he would not soon forget .',
       'He had a religious experience .'], dtype='<U190'), array(['dent', 'It made a dent in my bank account .',
       'The crash produced a dent in the left side of the car .'],
      dtype='<U190')] ['True', 'False', 'True', 'True', 'False']
prediction: False
132 74 32 103
round: 409, dev_data: ('leviathan', 'It was a leviathan among redwoods .', 'They were assigned the leviathan of textbooks .'), dev_label: True
[array(['inhibit', 'Inhibit the action of the enzyme .',
       'Inhibit the rate of a chemical reaction .'], dtype='<U190'), array(['stretch',
       'Cats stretch with equal ease and agility beyond the point that breaks a man on the rack .',
       'Stretch your legs !'], dtype='<U190'), array(['place', 'Your place or mine ?',
       'If you were in my place what would you do ?'], dtype='<U190'), array(['stop', 'It came to a stop at the bottom of the hill .',
       'His next stop is Atlanta .'], dtype='<U190'), array(['smother', 'Smother a yawn .',
       'The butter cream smothered the cake .'], dtype='<U190')] ['True', 'True', 'False', 'False', 'False']
prediction: True
133 74 32 103
round: 410, dev_data: ('endorse', 'Endorse cheques .', 'Endorse a new project .'), dev_label: False
[array(['now', 'It worked up to right now .',
       'Now is a good time to do it .'], dtype='<U190'), array(['clear', 'The check will clear within 2 business days .',
       'The sky cleared after the storm .'], dtype='<U190'), array(['authority', 'Respect my authority !',
       'I have the authority to penalise the staff in my department , but not the authority to sack them .'],
      dtype='<U190'), array(['fall', 'Fall into a trap .', 'Fall in love .'], dtype='<U190'), array(['hang', 'Hang the venison for a few days .',
       "Hang one 's head in shame ."], dtype='<U190')] ['True', 'False', 'True', 'True', 'False']
prediction: True
133 75 32 103
round: 411, dev_data: ('security', 'The watch dog gave her a feeling of security .', 'Bankers are reluctant to lend without good security .'), dev_label: False
[array(['court', 'The court is now in session .',
       'The girls were playing in the court .'], dtype='<U190'), array(['stand', 'Where do you stand on the War ?',
       'Christian charity , or love , stands first in the rank of gifts .'],
      dtype='<U190'), array(['estate', 'There are 50 acres of land in this estate .',
       'The family owned a large estate on Long Island .'], dtype='<U190'), array(['field', 'He was an expert in the field of Chinese history .',
       "The farmer 's field was a civil war battleground , and relics such a minnie bullets were frequently found while plowing ."],
      dtype='<U190'), array(['key', 'Some students had stolen the key to the final exam .',
       'He spoke in a low key .'], dtype='<U190')] ['False', 'True', 'True', 'False', 'False']
prediction: True
133 76 32 103
round: 412, dev_data: ('grace', 'The Virgin lived in a state of grace .', 'It was debated whether saving grace could be obtained outside the membership of the church .'), dev_label: True
[array(['head', 'Under the head of minor Roman poets .',
       'The head of the hammer .'], dtype='<U190'), array(['pull',
       "You 'll be sent home if you pull another stunt like that .",
       'He regularly pulls 12-hour days , sometimes 14 .'], dtype='<U190'), array(['command', 'General Smith was placed in command .',
       'An admiral in command .'], dtype='<U190'), array(['loss', 'It was written off as a loss .',
       'Everyone expected him to win so his loss was a shock .'],
      dtype='<U190'), array(['store', "I 'll store these books in the attic .",
       'Store grain for the winter .'], dtype='<U190')] ['False', 'True', 'True', 'False', 'True']
prediction: True
134 76 32 103
round: 413, dev_data: ('hiccup', 'There was a loud hiccup from the back of the room and the class erupted in laughter .', 'He has the hiccups - give him a glass of water .'), dev_label: True
[array(['do', 'Do nothing .', 'Will $ 100 do ?'], dtype='<U190'), array(['office',
       'Being in office already gives a candidate a great advantage .',
       'The whole office was late the morning of the blizzard .'],
      dtype='<U190'), array(['correct',
       'Engineers will work to correct the effects or air resistance .',
       'Correct the mistakes .'], dtype='<U190'), array(['shag', "The dog 's woolly shag .", 'He bought a shag rug .'],
      dtype='<U190'), array(['check', 'Check the brakes .',
       'Check whether this page has a watermark .'], dtype='<U190')] ['False', 'False', 'False', 'False', 'True']
prediction: True
135 76 32 103
round: 414, dev_data: ('deliverable', 'We packaged the deliverable , a program called FLOOD.EXE , in an installer file .', 'Under this contract the deliverables include both software and hardware .'), dev_label: True
[array(['term', 'He left school before the end of term .',
       'The term allowed to a debtor to discharge his debt .'],
      dtype='<U190'), array(['piece',
       'The children acted out a comic piece to amuse the guests .',
       'It is not known who created this piece .'], dtype='<U190'), array(['sense',
       "It 's common sense not to put metal objects in a microwave oven .",
       "He has n't got the sense God gave little green apples ."],
      dtype='<U190'), array(['behalf', 'In your behalf .', 'Campaigning in his own behalf .'],
      dtype='<U190'), array(['come', 'Come into the room .', 'Come with me to the Casbah .'],
      dtype='<U190')] ['True', 'False', 'True', 'True', 'True']
prediction: True
136 76 32 103
round: 415, dev_data: ('chance', 'We ran into each other by pure chance .', 'There is a 30 % chance of rain tomorrow .'), dev_label: False
[array(['repertory', 'Has a large repertory of dialects and characters .',
       'The repertory of the supposed feats of mesmerism .'],
      dtype='<U190'), array(['recognition',
       'She seems to avoid much in the way of recognition or acknowledgement of feminist work prior to her own .',
       'Give her recognition for trying .'], dtype='<U190'), array(['scene',
       'The most moving scene is the final one , where he realizes he has wasted his whole life .',
       'Their parting was a sad scene .'], dtype='<U190'), array(['carry', 'I resent having to carry her all the time .',
       'The painting of Mary carries motherly love .'], dtype='<U190'), array(['process',
       "This product of last month 's quality standards committee is quite good , even though the process was flawed .",
       'Events now in process .'], dtype='<U190')] ['True', 'False', 'False', 'False', 'True']
prediction: True
136 77 32 103
round: 416, dev_data: ('surrender', 'The squatters had to surrender the building after the police moved in .', 'The last Taleban fighters finally surrendered .'), dev_label: False
[array(['click', 'Xhosa speakers click .', 'Click ! The door opened .'],
      dtype='<U190'), array(['follow', 'Teenagers follow their friends in everything .',
       'Carter followed Ford .'], dtype='<U190'), array(['ride', 'I ride to work in a bus .',
       'She rode a wave of popularity .'], dtype='<U190'), array(['wall',
       "We 're adding another wall in this room during the remodeling .",
       'The walls were covered with pictures .'], dtype='<U190'), array(['loss', 'Loss of livestock left the rancher bankrupt .',
       'A serious loss of business .'], dtype='<U190')] ['False', 'False', 'False', 'True', 'False']
prediction: True
136 78 32 103
round: 417, dev_data: ('twin', 'Twin crystals .', 'The polished surface twinned his face and chest in reverse .'), dev_label: False
[array(['front', 'He walked to the front of the stage .',
       'He led the national liberation front .'], dtype='<U190'), array(['plane',
       'Any line joining two points on a plane lies wholly on that plane .',
       'We will refer to the plane of the graph as the X-Y plane .'],
      dtype='<U190'), array(['accept', 'I can not accept your invitation .',
       'We accept the idea of universal health care .'], dtype='<U190'), array(['owe', 'I still owe for the car .',
       'The thesis owes much to his adviser .'], dtype='<U190'), array(['grow', "Corn does n't grow here .",
       'In these forests , mushrooms grow under the trees .'],
      dtype='<U190')] ['False', 'True', 'False', 'True', 'True']
prediction: False
136 78 32 104
round: 418, dev_data: ('submit', 'I submit these plans for your approval .', 'The lawyers submitted the material to the court .'), dev_label: True
[array(['fire',
       'We sat around the fire singing songs and telling stories .',
       "Fire was one of our ancestors ' first discoveries ."],
      dtype='<U190'), array(['ball', 'A ball of mud caught him on the shoulder .',
       'The children were playing ball in the garden .'], dtype='<U190'), array(['line', 'A nice line of shoes .',
       'They were arrayed in line of battle .'], dtype='<U190'), array(['finish',
       'When the finish is too thin it is difficult to apply evenly .',
       'The boat had a metallic finish .'], dtype='<U190'), array(['poison', 'This mushrooms can poison .',
       "Poison someone 's mind ."], dtype='<U190')] ['True', 'False', 'False', 'True', 'False']
prediction: True
137 78 32 104
round: 419, dev_data: ('selection', 'The store carried a large selection of shoes .', "I 've brought a selection of fine cheeses to go with your wine ."), dev_label: False
[array(['face', 'Dew dripped from the face of the leaf .',
       'Why the sad face ?'], dtype='<U190'), array(['lift', 'You never lift a finger to help me !', 'Lift a load .'],
      dtype='<U190'), array(['surprise', 'The surprise attack was devastating .',
       'Imagine my surprise on learning I owed twice as much as I thought I did .'],
      dtype='<U190'), array(['authority',
       'She lost all her respect and authority after turning up drunk to the meeting .',
       'Tennessee Valley Authority .'], dtype='<U190'), array(['locus',
       'The locus of points equidistant from a given point is a circle .',
       'A circle is the locus of points from which the distance to the center is a given value , the radius .'],
      dtype='<U190')] ['False', 'True', 'False', 'False', 'True']
prediction: True
137 79 32 104
round: 420, dev_data: ('patent', 'Should I patent this invention ?', 'I patented my idea .'), dev_label: True
[array(['stand', 'Can you stand the bookshelf up ?', 'The law stands !'],
      dtype='<U190'), array(['pay', 'Does she pay you for the work you are doing ?',
       'Pay attention .'], dtype='<U190'), array(['hit', 'The temperature could hit 110 F tomorrow .',
       'The thermometer hit 100 degrees .'], dtype='<U190'), array(['shoot', 'Shoot a goal .',
       'In my round of golf yesterday I shot a 76 .'], dtype='<U190'), array(['thrust', 'She thrust the letter into his hand .',
       'The front of the trains that had collided head-on thrust up into the air .'],
      dtype='<U190')] ['False', 'False', 'True', 'True', 'False']
prediction: True
138 79 32 104
round: 421, dev_data: ('enjoy', 'Enjoy your holidays !', 'The industry enjoyed a boom .'), dev_label: False
[array(['child', 'Go easy on him : he is but a child .',
       'She writes books for children .'], dtype='<U190'), array(['break', 'Break a promise .', 'The surf broke .'], dtype='<U190'), array(['humor', "She did n't appreciate my humor .",
       "You ca n't survive in the army without a sense of humor ."],
      dtype='<U190'), array(['design', 'Design a better mousetrap .',
       'She designed to go far in the world of business .'], dtype='<U190'), array(['head', '12 head of big cattle and 14 head of branded calves .',
       'A reduction in the assessment per head of sheep .'], dtype='<U190')] ['True', 'False', 'True', 'False', 'True']
prediction: True
138 80 32 104
round: 422, dev_data: ('overstate', 'He was suggested not to overstate at the interview .', 'I think it is overstating matters to say that an hour online is spending all night on the computer .'), dev_label: True
[array(['reply', 'Please reply to my letter .',
       'He replied that he was not sure .'], dtype='<U190'), array(['way', 'Do you know the way to the airport ?',
       'They split the loot three ways .'], dtype='<U190'), array(['mask', 'They moved in under a mask of friendship .',
       'No mask could conceal his ignorance .'], dtype='<U190'), array(['inventory',
       'They stopped selling in exact sizes in order to reduce inventory .',
       'They carried a vast inventory of hardware .'], dtype='<U190'), array(['bit', "I 'd like a big bit of cake , please .",
       'There are 8 bits in a byte .'], dtype='<U190')] ['True', 'False', 'True', 'True', 'False']
prediction: True
139 80 32 104
round: 423, dev_data: ('salute', 'When the officers show up , the soldiers have to salute .', 'A terrible stench saluted our nostrils .'), dev_label: False
[array(['tell', 'I want to tell you a story .',
       'The father told a story to his child .'], dtype='<U190'), array(['flood', 'Flood the market with tennis shoes .',
       'The images flooded his mind .'], dtype='<U190'), array(['bevy', 'A bevy of young beach boys swarmed around him .',
       'He was surrounded by a bevy of beauties in bathing attire .'],
      dtype='<U190'), array(['day', 'In the day of the dinosaurs .',
       'In the days of sailing ships .'], dtype='<U190'), array(['wash', 'My jacket needs a wash .',
       "I 'm going to have a quick wash before coming to bed ."],
      dtype='<U190')] ['True', 'False', 'True', 'True', 'True']
prediction: False
139 80 32 105
round: 424, dev_data: ('execute', 'To execute a turn in ballet .', 'The President executed the treaty .'), dev_label: False
[array(['make', 'Make a phone call .', 'Make a decision .'], dtype='<U190'), array(['product', 'His reaction was the product of hunger and fatigue .',
       'Skill is the product of hours of practice .'], dtype='<U190'), array(['feel', 'My cold is gone -- I feel fine today .',
       'She felt tired after the long hike .'], dtype='<U190'), array(['go', 'Go about the world in a certain manner .',
       "His knowledge does n't go very far ."], dtype='<U190'), array(['move',
       'A slight move of the tiller , and the boat will go off course .',
       'His move put him directly in my path .'], dtype='<U190')] ['True', 'True', 'True', 'False', 'True']
prediction: False
139 80 32 106
round: 425, dev_data: ('end', 'The phone rang at the other end .', 'Both ends wrote at the same time .'), dev_label: True
[array(['finish', 'It was a fight to the finish .',
       'He applied a coat of a clear finish .'], dtype='<U190'), array(['pay', 'How much does this savings certificate pay annually ?',
       'To pay attention .'], dtype='<U190'), array(['hardship',
       'I can not think it a hardship that more indulgence is allowed to men than to women"- James Boswell .',
       'The many hardships of frontier life .'], dtype='<U190'), array(['trust', 'We can not trust anyone who deceives us .',
       'We can trust in God .'], dtype='<U190'), array(['break', 'Break an alibi .',
       'The wholesaler broke the container loads into palettes and boxes for local retailers .'],
      dtype='<U190')] ['False', 'True', 'True', 'True', 'False']
prediction: False
139 80 33 106
round: 426, dev_data: ('principle', 'A man of principle .', 'He will not violate his principles .'), dev_label: True
[array(['commission', 'The motor was out of commission .',
       'Put the ships into commission .'], dtype='<U190'), array(['gather',
       'I gather from Aunty May that you had a good day at the match .',
       "Let 's gather in the dining room ."], dtype='<U190'), array(['know', 'It is vital that he not know .',
       'I want to know who is winning the game !'], dtype='<U190'), array(['war',
       'The " war on drugs " is a campaign against the use of narcotic drugs .',
       'In the US , conservatives rail against the " war on Christmas " .'],
      dtype='<U190'), array(['make', 'This invention will make you a millionaire .',
       'He made a fool of himself at the meeting .'], dtype='<U190')] ['True', 'False', 'True', 'True', 'True']
prediction: True
140 80 33 106
round: 427, dev_data: ('baste', 'Baste a roast .', 'Baste a hem .'), dev_label: False
[array(['work', 'The soft metal works well .',
       'Start from the bottom and work towards the top .'], dtype='<U190'), array(['channel',
       'A channel is typically what you rent from a telephone company .',
       'The English Channel lies between France and England .'],
      dtype='<U190'), array(['shoestring', 'He managed it on a shoestring .',
       'He did all that on a shoestring budget .'], dtype='<U190'), array(['mow', 'Mow the grass .', 'He mowed the lawn .'], dtype='<U190'), array(['make', 'She may not make the grade .', 'Make a stir .'],
      dtype='<U190')] ['False', 'False', 'True', 'True', 'False']
prediction: False
140 80 33 107
round: 428, dev_data: ('calve', 'The whales calve at this time of year .', 'The icebergs and glaciers calve .'), dev_label: False
[array(['time', 'It took more than half my time .',
       "I did n't have time to finish ."], dtype='<U190'), array(['give', 'Can I give you my keys while I go in the pool ?',
       'She gave me a dirty look .'], dtype='<U190'), array(['kid',
       "She 's a kid . It 's normal for her to have imaginary friends .",
       "They 're just kids ."], dtype='<U190'), array(['beg', "I beg your pardon . I did n't mean to cause offence .",
       'I begged to come .'], dtype='<U190'), array(['support',
       'The government provides support to the arts in several ways .',
       'The president no longer has the support of his own party .'],
      dtype='<U190')] ['True', 'False', 'True', 'True', 'True']
prediction: True
140 81 33 107
round: 429, dev_data: ('construction', 'She wore her hair in an amazing construction of whirls and ribbons .', 'During the construction we had to take a detour .'), dev_label: False
[array(['baby', 'It was great to feel my baby moving about inside .',
       'I felt healthy and very feminine carrying the baby .'],
      dtype='<U190'), array(['write', 'How many books did Georges Simenon write ?',
       'Please write to me every week .'], dtype='<U190'), array(['end', 'She knotted the end of the thread .',
       'They rode to the end of the line .'], dtype='<U190'), array(['air', 'She was humming an air from Beethoven .',
       'An air of mystery .'], dtype='<U190'), array(['furniture',
       'The woman does not even have one stick of furniture moved in yet .',
       'How much furniture did they leave behind ?'], dtype='<U190')] ['True', 'False', 'True', 'False', 'True']
prediction: False
140 81 33 108
round: 430, dev_data: ('fill', 'The bucket filled with rain .', 'Fill the child with pride .'), dev_label: True
[array(['call',
       'The mayor likes to call on some of the prominent citizens .',
       'She called her children lazy and ungrateful .'], dtype='<U190'), array(['role',
       'The role of women has changed significantly in the last century .',
       'What is your role on the team ?'], dtype='<U190'), array(['stretch',
       'Cats stretch with equal ease and agility beyond the point that breaks a man on the rack .',
       'To enjoy the picnic , we stretched out on the grass .'],
      dtype='<U190'), array(['extend', 'Extend a hand .',
       'My land extends over the hills on the horizon .'], dtype='<U190'), array(['move',
       'The chairman of the company told the salesmen to move the computers .',
       'She moves in certain circles only .'], dtype='<U190')] ['False', 'True', 'False', 'False', 'False']
prediction: False
140 81 34 108
round: 431, dev_data: ('replay', 'Replay a point .', 'We replayed the game .'), dev_label: True
[array(['profile', 'A psychological profile of serial killers .',
       'A biochemical profile of blood .'], dtype='<U190'), array(['move', "The move into my fiancé 's house took two long days .",
       'They say that three moves equal one fire .'], dtype='<U190'), array(['water', 'I need to go water the cattle .',
       'We watered the buffalo .'], dtype='<U190'), array(['strike', 'Strike an arc .', 'They were struck with fear .'],
      dtype='<U190'), array(['kill', 'Cigarettes kill .', 'Drunken driving kills .'],
      dtype='<U190')] ['True', 'True', 'True', 'False', 'True']
prediction: True
141 81 34 108
round: 432, dev_data: ('fence', 'If we fence in that field , it will be a good pasture for a horse .', 'We fenced in our yard .'), dev_label: True
[array(['substitute',
       'The young teacher had to substitute for the sick colleague .',
       'The skim milk substitutes for cream -- we are on a strict diet .'],
      dtype='<U190'), array(['hinge', 'His absence is the hinge of our plan .',
       'This argument was the hinge on which the question turned .'],
      dtype='<U190'), array(['right', 'You have no right to go through my personal diary .',
       'He stood on the right .'], dtype='<U190'), array(['clear', 'Clear a debt .', 'The fog cleared in the afternoon .'],
      dtype='<U190'), array(['action', 'His novels always have a lot of action .',
       'The action of natural forces .'], dtype='<U190')] ['True', 'True', 'False', 'False', 'False']
prediction: True
142 81 34 108
round: 433, dev_data: ('efficiency', 'The efficiency of the planning department is deplorable .', 'She did the work with great efficiency .'), dev_label: True
[array(['carry', 'Carry the suitcases to the car .',
       'Amanda carried the package to New York .'], dtype='<U190'), array(['field', 'He was an expert in the field of Chinese history .',
       "The farmer 's field was a civil war battleground , and relics such a minnie bullets were frequently found while plowing ."],
      dtype='<U190'), array(['look', 'He went out to have a look .',
       'He gave it a good looking at .'], dtype='<U190'), array(['use',
       'We can use this mathematical formula to solve the problem .',
       'Use your head !'], dtype='<U190'), array(['part', 'They resisted every effort on his part .',
       'They analyzed the river into three parts .'], dtype='<U190')] ['True', 'False', 'True', 'True', 'False']
prediction: True
143 81 34 108
round: 434, dev_data: ('radiate', 'This plants radiate spines in all directions .', 'Spokes radiate from the hub of the wheel .'), dev_label: True
[array(['difficulty', 'They agreed about the difficulty of the climb .',
       'Finished the test only with great difficulty .'], dtype='<U190'), array(['finance', 'Can we finance the addition to our home ?',
       'His parents financed his college education .'], dtype='<U190'), array(['get', "She did n't get to Chicago until after midnight .",
       'Get permission to take a few days off from work .'], dtype='<U190'), array(['work', 'Do you want to work after the age of 60 ?',
       'She works as a waitress to put herself through college .'],
      dtype='<U190'), array(['scrambler', 'Their quarterback was a good scrambler .',
       'Scramblers can often unnerve a better tennis player .'],
      dtype='<U190')] ['False', 'True', 'False', 'True', 'True']
prediction: False
143 81 35 108
round: 435, dev_data: ('back', 'To back the oars .', 'The car backed up and hit the tree .'), dev_label: True
[array(['have',
       "The only girl who would have him was the miller 's daughter .",
       "I wo n't have this dog in my house !"], dtype='<U190'), array(['build', 'Build up confidence .',
       'The contractor builds houses for $ 100 .'], dtype='<U190'), array(['song',
       'Thomas listened to his favorite song on the radio yesterday .',
       'With a shout and a song they marched up to the gates .'],
      dtype='<U190'), array(['follow', "Let 's follow our great helmsman !",
       'The police had been following him for weeks but they could not prove his involvement in the bombing .'],
      dtype='<U190'), array(['pay', 'Pay a visit .', 'Pay a call .'], dtype='<U190')] ['True', 'False', 'False', 'False', 'True']
prediction: False
143 81 36 108
round: 436, dev_data: ('seize', 'To seize a ship after libeling .', 'The movie seized my imagination .'), dev_label: False
[array(['tea', 'Tea has fragrant white flowers .',
       "We met at the Dean 's tea for newcomers ."], dtype='<U190'), array(['purchase', "$ 50 wo n't even purchase a dress .",
       'The family purchased a new car .'], dtype='<U190'), array(['quotation',
       "Let 's get a quotation for repairing the roof before we decide whether it 's worth doing .",
       'Since he lacks originality he must rely on quotation .'],
      dtype='<U190'), array(['convert', 'Convert lead into gold .',
       'He converted his garden into a tennis court .'], dtype='<U190'), array(['day', 'He was a successful pianist in his day .',
       'In the days of the Roman Empire .'], dtype='<U190')] ['False', 'True', 'False', 'True', 'True']
prediction: False
143 81 36 109
round: 437, dev_data: ('test', 'The test was standardized on a large sample of students .', 'When the test was stolen the professor had to make a new set of questions .'), dev_label: False
[array(['face', 'Why the sad face ?',
       'I wish I had seen the look on his face when he got the news .'],
      dtype='<U190'), array(['go',
       'This violinist is as good as Juilliard-trained violinists go .',
       'How fast does your new car go ?'], dtype='<U190'), array(['break', "Let 's break for lunch .",
       'A man broken by the terrible experience of near-death .'],
      dtype='<U190'), array(['run',
       'The crowd had to run away from the burning structure with only the clothes on their backs .',
       'If you see this man , run !'], dtype='<U190'), array(['beat', 'Beat the egg whites .',
       'Reading beats watching television .'], dtype='<U190')] ['False', 'False', 'False', 'True', 'False']
prediction: True
143 82 36 109
round: 438, dev_data: ('steamroller', 'Steamroller the road .', 'The Senator steamrollered the bill to defeat .'), dev_label: False
[array(['admit', 'To admit a serious thought into the mind .',
       'They were admitted into his house .'], dtype='<U190'), array(['side', 'It brought out his better side .',
       'The patient was bleeding on the right side .'], dtype='<U190'), array(['cut', 'Cut my hair .', 'Cut the engine .'], dtype='<U190'), array(['take', 'Can you take this bag , please .', 'Take a cookie !'],
      dtype='<U190'), array(['locate',
       'Our sense of sight enables us to locate objects in space .',
       'Locate the boundaries of the property .'], dtype='<U190')] ['True', 'False', 'False', 'True', 'True']
prediction: False
143 82 36 110
round: 439, dev_data: ('produce', 'The tree would not produce fruit .', 'Produce a new play .'), dev_label: False
[array(['turn', 'The Earth turns .', 'He turned traitor .'], dtype='<U190'), array(['reflection',
       'After careful reflection , I have decided not to vote for that proposition .',
       'He studied his reflection in the mirror .'], dtype='<U190'), array(['run', 'The ship made its run in record time .',
       'The bus on the Cherry Street run is always crowded .'],
      dtype='<U190'), array(['sense',
       "It 's common sense not to put metal objects in a microwave oven .",
       "He has n't got the sense God gave little green apples ."],
      dtype='<U190'), array(['dibs', "Who 's got dibs on the chips ?",
       'I have dibs on that last slice of pizza .'], dtype='<U190')] ['False', 'False', 'True', 'True', 'True']
prediction: False
143 82 36 111
round: 440, dev_data: ('leg', "After six days , we 're finally in the last leg of our cross-country trip .", "Dan wo n't be able to come to the party , since he broke his leg last week and is now on crutches ."), dev_label: False
[array(['replace', 'The insurance will replace the lost income .',
       'We need to replace the secretary that left a month ago .'],
      dtype='<U190'), array(['back', 'Back into the driveway .', 'The wind backed .'],
      dtype='<U190'), array(['see', "Let 's see -- which movie should we see tonight ?",
       'See whether you can come tomorrow .'], dtype='<U190'), array(['serve', 'They serve a restricted role on the bench .',
       'She served in Congress for two terms .'], dtype='<U190'), array(['charge', 'Charge the wagon with hay .',
       'The teacher charged the children to memorize the poem .'],
      dtype='<U190')] ['True', 'False', 'True', 'False', 'False']
prediction: False
143 82 36 112
round: 441, dev_data: ('attest', 'When will the appraiser attest the date of the painting ?', 'I attest this signature .'), dev_label: True
[array(['satellite', 'The Moon is a natural satellite of the Earth .',
       'Many telecommunication satellites orbit at 36000 km above the equator .'],
      dtype='<U190'), array(['strike', "We must strike the enemy 's oil fields .",
       'Panic struck me .'], dtype='<U190'), array(['turn', 'People turn to mysticism at the turn of a millennium .',
       'The pedophile turned to boys for satisfaction .'], dtype='<U190'), array(['stretch', 'Running at full stretch .',
       'By no stretch of the imagination .'], dtype='<U190'), array(['time', "The time is 10 o'clock .",
       'Do you know what time it is ?'], dtype='<U190')] ['False', 'False', 'True', 'True', 'True']
prediction: False
143 82 37 112
round: 442, dev_data: ('attention', 'She was the center of attention .', 'The old car needs constant attention .'), dev_label: False
[array(['keep', 'These potatoes keep for a long time .',
       'Keep the commandments .'], dtype='<U190'), array(['foot', 'The foot of the mountain .', 'The foot of the list .'],
      dtype='<U190'), array(['appearance',
       'The rookie made a brief appearance in the first period .',
       "It was Bernhardt 's last appearance in America ."], dtype='<U190'), array(['bear', 'I can not bear his constant criticism .',
       'Bearing orders .'], dtype='<U190'), array(['coverage',
       "Do n't go to lunch if we do n't have enough coverage for the help-desk phones .",
       'There are overlapping coverages on your insurance policies .'],
      dtype='<U190')] ['False', 'True', 'True', 'False', 'True']
prediction: True
143 83 37 112
round: 443, dev_data: ('richness', 'They studied forerunners of richness or poverty .', 'The cut of her clothes and the richness of the fabric were distinctive .'), dev_label: False
[array(['tell', 'Please tell me how to do it .',
       'I tell you that man is a crook !'], dtype='<U190'), array(['year',
       'A normal year has 365 full days , but there are 366 days in a leap year .',
       'This Chinese year is the year of the Rooster .'], dtype='<U190'), array(['hang', 'Hang the venison for a few days .',
       "Hang one 's head in shame ."], dtype='<U190'), array(['use', "I ca n't use this tool .",
       'We can use this mathematical formula to solve the problem .'],
      dtype='<U190'), array(['finish',
       'When the finish is too thin it is difficult to apply evenly .',
       'The boat had a metallic finish .'], dtype='<U190')] ['True', 'True', 'False', 'True', 'True']
prediction: True
143 84 37 112
round: 444, dev_data: ('kid', 'Kid gloves .', 'They were able to send their kids to college .'), dev_label: False
[array(['level', 'The water reached ankle level .',
       'The pictures were at the same level .'], dtype='<U190'), array(['hurl', 'A hurl of abuse .', 'He managed a hurl of 50.3 metres .'],
      dtype='<U190'), array(['play', "Insiders said the company 's stock was in play .",
       'The play of light on the water .'], dtype='<U190'), array(['course', 'If you persist in that course you will surely fail .',
       'Once a nation is embarked on a course of action it becomes extremely difficult for any retraction to take place .'],
      dtype='<U190'), array(['seat', 'The seat of a saddle .',
       'He sat on the arm of the chair rather than the seat , which always annoyed his mother .'],
      dtype='<U190')] ['True', 'True', 'False', 'True', 'True']
prediction: False
143 84 37 113
round: 445, dev_data: ('purse', 'He and his wife shared a common purse .', 'He made the contribution out of his own purse .'), dev_label: True
[array(['snap', 'He gave his fingers a snap .',
       'Servants appeared at the snap of his fingers .'], dtype='<U190'), array(['gather', 'Gather some stones .',
       'Herman gathered the students together .'], dtype='<U190'), array(['face', 'An angry face .',
       'Dew dripped from the face of the leaf .'], dtype='<U190'), array(['assign', 'To assign counsel for a prisoner .',
       'The teacher assigned him to lead his classmates in the exercise .'],
      dtype='<U190'), array(['shade', 'Shade the meaning .',
       'The hillside was bright green , shading towards gold in the drier areas .'],
      dtype='<U190')] ['False', 'True', 'False', 'True', 'True']
prediction: True
144 84 37 113
round: 446, dev_data: ('park', 'Park the children with the in-laws .', 'Can you park right here ?'), dev_label: False
[array(['raise', 'Raise a siege .', 'Raise a family .'], dtype='<U190'), array(['stress',
       'He presided over the economy during the period of the greatest stress and danger"- R.J.Samuelson .',
       'She endured the stresses and strains of life .'], dtype='<U190'), array(['variety', 'The range and variety of his work is amazing .',
       'Varieties are frequently recognized in botany .'], dtype='<U190'), array(['life',
       'He wanted to live his own life without interference from others .',
       'He hoped for a new life in Australia .'], dtype='<U190'), array(['connection', 'There was a connection via the internet .',
       'He has powerful connections .'], dtype='<U190')] ['False', 'True', 'False', 'True', 'False']
prediction: True
144 85 37 113
round: 447, dev_data: ('month', 'July is my favourite month .', 'He paid the bill last month .'), dev_label: True
[array(['set', 'To set glass in a sash .',
       'The sun sets early these days .'], dtype='<U190'), array(['carry', 'He can not carry a tune .',
       'Amanda carried the package to New York .'], dtype='<U190'), array(['clean', 'Clean grain before milling it .',
       'Clean the spots off the rug .'], dtype='<U190'), array(['confidence', 'Confidence is always borrowed , never owned .',
       'Everyone trusted him with their confidences .'], dtype='<U190'), array(['performance', 'They admired his performance under stress .',
       'When Roger Maris powered four home runs in one game his performance merits awe .'],
      dtype='<U190')] ['False', 'False', 'False', 'False', 'True']
prediction: True
145 85 37 113
round: 448, dev_data: ('rotation', 'Crop rotation .', 'The rotation of the dancer kept time with the music .'), dev_label: False
[array(['admit', 'To admit evidence in the trial of a cause .',
       'She admitted us here .'], dtype='<U190'), array(['number', 'Every number has a unique position in the sequence .',
       'The equation e^i\\pi+1=0 includes the most important numbers : 1 , 0 , \\pi , i , and e.'],
      dtype='<U190'), array(['cut', 'Cut a ticket .',
       'The employer wants to cut back health benefits .'], dtype='<U190'), array(['interest', 'In the interest of safety .',
       'Victorian furniture is an interest of mine .'], dtype='<U190'), array(['shame',
       'When I realized that I had hurt my friend , I felt deep shame .',
       'One mistake brought shame to all his family .'], dtype='<U190')] ['True', 'True', 'False', 'False', 'True']
prediction: False
145 85 37 114
round: 449, dev_data: ('turnout', 'A large turnout for the meeting .', 'The turnout for the rally .'), dev_label: False
[array(['edge', 'Edge the tablecloth with embroidery .',
       'He edged towards the car .'], dtype='<U190'), array(['boy', 'The baby was a boy .',
       'The boys were playing kickball in the mud .'], dtype='<U190'), array(['live', 'Can you live on $ 2000 a month in New York City ?',
       'The holocaust survivors have lived a nightmare .'], dtype='<U190'), array(['time', 'They had a good time together .',
       'We had a wonderful time at the party .'], dtype='<U190'), array(['stone', 'A peach stone .',
       'You should remove the stones from prunes before cooking .'],
      dtype='<U190')] ['False', 'True', 'False', 'True', 'True']
prediction: True
145 86 37 114
round: 450, dev_data: ('silence', 'He needed silence in order to sleep .', 'When the motor stopped , the silence was almost deafening .'), dev_label: True
[array(['date',
       'US date : 05/24/08 = Tuesday , May 24th , 2008 . UK date : 24/05/08 = Tuesday 24th May 2008 .',
       'The date of a letter , of a will , of a deed , of a coin , etc .'],
      dtype='<U190'), array(['break',
       'The newsman wanted to break a big story , something that would make him famous .',
       'When news of their divorce broke , ...'], dtype='<U190'), array(['block', 'Block the wheels of a car .', 'Block his election .'],
      dtype='<U190'), array(['charge', 'There will be a charge of five dollars .',
       'The admission charge .'], dtype='<U190'), array(['day', 'It should arrive any day now .',
       'These days it is not unusual .'], dtype='<U190')] ['True', 'True', 'False', 'True', 'True']
prediction: True
146 86 37 114
round: 451, dev_data: ('shade', 'As the sun moved he readjusted the shade .', 'They used umbrellas as shades .'), dev_label: True
[array(['label',
       'We laughed at her because the label was still on her new sweater .',
       'The label says this silk scarf should not be washed in the washing machine .'],
      dtype='<U190'), array(['peak', 'The stock market reached a peak in September 1929 .',
       'Voltage peak .'], dtype='<U190'), array(['line', 'In line with .', 'He got out of line .'], dtype='<U190'), array(['class', 'An emerging professional class .',
       'Flirting is not unknown in college classes .'], dtype='<U190'), array(['lead', 'We were just waiting for someone to take the lead .',
       "They did n't follow our lead ."], dtype='<U190')] ['True', 'True', 'True', 'False', 'True']
prediction: True
147 86 37 114
round: 452, dev_data: ('patient', 'The subject of a passive verb is usually a patient .', 'The number of emergency patients has grown rapidly .'), dev_label: False
[array(['fire', 'They retreated in the face of withering enemy fire .',
       'Hold your fire until you can see the whites of their eyes .'],
      dtype='<U190'), array(['render', 'Render fat in a casserole .',
       'They had to render the estate .'], dtype='<U190'), array(['light', 'Put that light out !',
       'He stopped the car and turned off the lights .'], dtype='<U190'), array(['entreaty', 'We need an entreaty to stop the hostilities .',
       'An entreaty to stop the fighting .'], dtype='<U190'), array(['view', 'They were soon out of view .',
       'Consider what follows from the positivist view .'], dtype='<U190')] ['True', 'False', 'True', 'True', 'False']
prediction: False
147 86 37 115
round: 453, dev_data: ('probe', 'Probe an anthill .', 'If you probe further , you may discover different reasons .'), dev_label: False
[array(['fit', 'How does this shirt fit ?',
       "The small shirt does n't fit me , so I 'll buy the medium size ."],
      dtype='<U190'), array(['make', 'One swallow does not a summer make .',
       'This makes the third infraction .'], dtype='<U190'), array(['cut', 'The football player cut to his left to evade a tackle .',
       'Cut a ticket .'], dtype='<U190'), array(['agonist', 'When bending the elbow the biceps are the agonist .',
       'Acetylcholine is an agonist at the a cholinergic receptor .'],
      dtype='<U190'), array(['end',
       'Start at the beginning and go on until you come to the end .',
       'The so-called glorious experiment came to an inglorious end .'],
      dtype='<U190')] ['True', 'True', 'False', 'False', 'False']
prediction: True
147 87 37 115
round: 454, dev_data: ('effect', 'The magnetic effect was greater when the rod was lengthwise .', 'The effect of the hurricane was a devastated landscape .'), dev_label: True
[array(['treat', 'Treat an oil spill .', 'Treat the lawn with chemicals .'],
      dtype='<U190'), array(['carry', 'These bonds carry warrants .',
       'The loan carries a high interest rate .'], dtype='<U190'), array(['sport', 'A good sport .', 'A poor sport .'], dtype='<U190'), array(['extension', 'The wire has an extension of 50 feet .',
       'Extension of the program to all in need .'], dtype='<U190'), array(['excitement',
       'He could hardly conceal his excitement when she agreed .',
       'His face was flushed with excitement and his hands trembled .'],
      dtype='<U190')] ['True', 'True', 'True', 'False', 'False']
prediction: True
148 87 37 115
round: 455, dev_data: ('add', 'To add numbers .', 'This adds a light note to the program .'), dev_label: False
[array(['use',
       'The use of torture has been condemned by the United Nations .',
       'He warned against the use of narcotic drugs .'], dtype='<U190'), array(['give', 'Give the orders .',
       "I 'm going to give my wife a necklace for her birthday ."],
      dtype='<U190'), array(['cover', 'Cover your head !',
       'The President covered the fact that he bugged the offices in the White House .'],
      dtype='<U190'), array(['pain', 'Your mother is a right pain .',
       'That kid is a terrible pain .'], dtype='<U190'), array(['fatigue', 'He was suffering from museum fatigue .',
       'Political fatigue .'], dtype='<U190')] ['True', 'False', 'False', 'True', 'True']
prediction: False
148 87 37 116
round: 456, dev_data: ('apply', 'The same laws apply to you !', 'He applied this racial slur to me !'), dev_label: False
[array(['empty', 'To empty a well or a cistern .', 'Empty the water .'],
      dtype='<U190'), array(['know', 'I know him under a different name .',
       'This flower is known as a Peruvian Lily .'], dtype='<U190'), array(['floor', 'The floor of the cave .',
       'The floor of a cave served the refugees as a home .'],
      dtype='<U190'), array(['sense', 'A sense of self .', 'A sense of security .'],
      dtype='<U190'), array(['difference',
       'You need to learn to be more tolerant of difference .',
       "It just wo n't make much of a difference to anyone ."],
      dtype='<U190')] ['True', 'True', 'True', 'True', 'False']
prediction: False
148 87 37 117
round: 457, dev_data: ('local', 'The expresses skipped my station , so I had to take a local .', 'The local seemed to take forever to get to New York .'), dev_label: True
[array(['receive', 'Receive letters from the front .',
       'He received Christ .'], dtype='<U190'), array(['roll', 'Roll a cigarette .', 'The drawer rolled open .'],
      dtype='<U190'), array(['employ', 'He was in the employ of the city .',
       'The school district has six thousand teachers in its employ .'],
      dtype='<U190'), array(['give', 'What will you give her for her birthday ?',
       'He gives of his energies to the organization .'], dtype='<U190'), array(['erase', 'The files will erase quickly .',
       'I erased that note because it was wrong .'], dtype='<U190')] ['False', 'False', 'True', 'True', 'False']
prediction: True
149 87 37 117
round: 458, dev_data: ('blow', 'Blow a horse .', 'To blow a horse .'), dev_label: True
[array(['swing', 'Swing back .', 'Swing forward .'], dtype='<U190'), array(['port', 'Port a rifle .',
       '.. the angelic squadron ... began to hem him round with ported spears . — Milton , Paradise Lost ( 1667 ) , book IV .'],
      dtype='<U190'), array(['look', "I do n't like the look of the new design .",
       "She got her mother 's looks ."], dtype='<U190'), array(['bag', 'He ate a large bag of popcorn .',
       'He carried his small bag onto the plane with him .'],
      dtype='<U190'), array(['leave', 'Leave the flowers that you see in the park behind .',
       'The fugitive has left the country .'], dtype='<U190')] ['True', 'True', 'True', 'False', 'False']
prediction: True
150 87 37 117
round: 459, dev_data: ('back', 'The fall broke his back .', 'The titles are printed on the backs of the books .'), dev_label: False
[array(['cut', 'Cut a movie scene .',
       'Cut the engines when the plane comes to a halt !'], dtype='<U190'), array(['drop', "New Englanders drop their post-vocalic r 's .",
       'She dropped acid when she was a teenager .'], dtype='<U190'), array(['trial', 'Candidates must compete in a trial of skill .',
       'The trials for the semifinals began yesterday .'], dtype='<U190'), array(['weakness', 'The weakness of the dollar against the yen .',
       'In a small number of horses , muscle weakness may progress to paralysis .'],
      dtype='<U190'), array(['land', 'It can be tricky to land a helicopter .',
       'The plane landed in Istanbul .'], dtype='<U190')] ['True', 'False', 'False', 'True', 'False']
prediction: False
150 87 37 118
round: 460, dev_data: ('swarm', 'There swarm bees in the garden .', 'The garden was swarming with bees .'), dev_label: True
[array(['beat', 'The grandfather clock beat midnight .',
       'Beat swords into ploughshares .'], dtype='<U190'), array(['impression', 'He did a funny impression of a politician .',
       'The dentist took an impression for use in preparing an inlay .'],
      dtype='<U190'), array(['birth', 'They divorced after the birth of the child .',
       'His election signaled the birth of a new age .'], dtype='<U190'), array(['glimpse',
       'From the window he could catch a glimpse of the lake .',
       'I only got a glimpse of the car , so I can tell you the colour but not the registration number .'],
      dtype='<U190'), array(['carry', 'Put down 5 and carry 2 .',
       'This paper carries a restaurant review .'], dtype='<U190')] ['False', 'False', 'True', 'False', 'False']
prediction: True
151 87 37 118
round: 461, dev_data: ('truth', 'The situation brought home to us the blunt truth of the military threat .', 'He was famous for the truth of his portraits .'), dev_label: True
[array(['tab', 'Files with a red tab will be stored separately .',
       'The collar has a tab with a button hole .'], dtype='<U190'), array(['fall', 'Fall asleep .', 'She fell ill .'], dtype='<U190'), array(['theater',
       'His grandfather was in the Pacific theater during the war .',
       'He served in the Vietnam theater for three years .'],
      dtype='<U190'), array(['foil', 'Foil your opponent .',
       'In this picture , the figures are foiled against the background .'],
      dtype='<U190'), array(['answer', 'This may answer her needs .',
       'A few words would answer .'], dtype='<U190')] ['True', 'True', 'True', 'False', 'False']
prediction: False
151 87 38 118
round: 462, dev_data: ('heat', "I 'll heat up the water .", 'The massage heated her up .'), dev_label: False
[array(['fatigue', 'He was suffering from museum fatigue .',
       'After watching TV with her husband she had a bad case of football fatigue .'],
      dtype='<U190'), array(['picture', 'He had no clear picture of himself or his world .',
       'He described his mental picture of his assailant .'],
      dtype='<U190'), array(['quotation',
       "Let 's get a quotation for repairing the roof before we decide whether it 's worth doing .",
       'Since he lacks originality he must rely on quotation .'],
      dtype='<U190'), array(['roll', 'Roll out the paper .', 'She rolled the ball .'],
      dtype='<U190'), array(['flatten',
       'As there was a lot of damage , we chose the heavy roller to flatten the pitch .',
       'Flatten your stomach with these exercises .'], dtype='<U190')] ['True', 'True', 'False', 'False', 'True']
prediction: True
151 88 38 118
round: 463, dev_data: ('progress', 'Great progress in the arts .', 'Science has made extraordinary progress in the last fifty years .'), dev_label: True
[array(['strike', "We must strike the enemy 's oil fields .",
       'Panic struck me .'], dtype='<U190'), array(['call', 'He placed a phone call to London .',
       'I received several calls today .'], dtype='<U190'), array(['line', "He 's not in my line of business .",
       'Historians can only point out those lines for which evidence is available .'],
      dtype='<U190'), array(['hold', 'I hold him personally responsible .', 'The bridge held .'],
      dtype='<U190'), array(['carry', 'I resent having to carry her all the time .',
       'The painting of Mary carries motherly love .'], dtype='<U190')] ['False', 'True', 'False', 'False', 'False']
prediction: True
152 88 38 118
round: 464, dev_data: ('rascal', 'That little rascal bit me !', 'If you have deer in the area , you may have to put a fence around your garden to keep the rascals out .'), dev_label: True
[array(['tail',
       "After the burly macho nudists ' polar bear dip , their tails were spectacularly shrunk , so they looked like an immature kid 's innocent tail .",
       'Most primates have a tail and fangs .'], dtype='<U190'), array(['show', 'He bet $ 2 on number six to show .',
       "The car 's dull finish showed years of neglect ."], dtype='<U190'), array(['edge', 'Edge the tablecloth with embroidery .',
       'He edged towards the car .'], dtype='<U190'), array(['post', 'He occupied a post in the treasury .', 'Parcel post .'],
      dtype='<U190'), array(['product', 'They improve their product every year .',
       'The product of 2 and 3 is 6 .'], dtype='<U190')] ['False', 'False', 'False', 'True', 'False']
prediction: True
153 88 38 118
round: 465, dev_data: ('party', 'The contract requires that the party of the first part pay the fee .', "I 'm throwing a huge party for my 21st birthday ."), dev_label: False
[array(['head', '200 head of cattle .',
       'A reduction in the assessment per head of sheep .'], dtype='<U190'), array(['pump', 'Pump bullets into the dummy .',
       'The athlete pumps weights in the gym .'], dtype='<U190'), array(['development', 'The slow development of her skill as a writer .',
       'The development of his ideas took many years .'], dtype='<U190'), array(['operation', 'A multinational operation .',
       'It can perform millions of operations per second .'],
      dtype='<U190'), array(['channel',
       'A channel is typically what you rent from a telephone company .',
       'The English Channel lies between France and England .'],
      dtype='<U190')] ['True', 'False', 'True', 'False', 'False']
prediction: False
153 88 38 119
round: 466, dev_data: ('affinity', 'The mysterious affinity between them .', 'In anatomical structure prehistoric man shows close affinity with modern humans .'), dev_label: False
[array(['date', 'Do you know the date of the wedding ?',
       'I arranged a date with my Australian business partners .'],
      dtype='<U190'), array(['go', 'Messages must go through diplomatic channels .',
       'The speech has to go through several more drafts .'],
      dtype='<U190'), array(['love', "So that 's fifteen love to Kournikova .",
       'It was 40 love .'], dtype='<U190'), array(['breath', 'Not a breath of scandal ever touched her .',
       "The child 's breath came quickly and unevenly ."], dtype='<U190'), array(['take', "I 'll take three salmon steaks .",
       'We are taking an orphan from Romania .'], dtype='<U190')] ['False', 'False', 'True', 'False', 'True']
prediction: False
153 88 38 120
round: 467, dev_data: ('model', 'Model a head with clay .', 'The sculptor modelled the clay into the form of a dolphin .'), dev_label: True
[array(['communicate', 'Do you communicate well with your advisor ?',
       'Many deaf people communicate with sign language .'], dtype='<U190'), array(['head', 'A head of cauliflower .', 'A head of lettuce .'],
      dtype='<U190'), array(['be', 'When will the meeting be ?', 'It is almost eight .'],
      dtype='<U190'), array(['turn', 'Turn your dance partner around .',
       'The alchemists tried to turn lead into gold .'], dtype='<U190'), array(['find', 'I can not find my gloves !',
       'Did you find your glasses ?'], dtype='<U190')] ['True', 'True', 'True', 'False', 'True']
prediction: True
154 88 38 120
round: 468, dev_data: ('suppress', 'Suppress a yawn .', 'Hot blackcurrant juice mixed with honey may suppress cough .'), dev_label: True
[array(['swing', 'Swing a bat .', 'His mood swings .'], dtype='<U190'), array(['absence', 'He was surprised by the absence of any explanation .',
       'Absence makes the heart grow fonder .'], dtype='<U190'), array(['check', 'Check the time of the class .',
       'Check the oil in your car once a month .'], dtype='<U190'), array(['port', 'Port the helm .', 'Port arms !'], dtype='<U190'), array(['discover', 'The story is false , so far as I can discover .',
       'I discovered what to do .'], dtype='<U190')] ['False', 'True', 'False', 'False', 'True']
prediction: True
155 88 38 120
round: 469, dev_data: ('give', 'Give a divorce .', "Give one 's talents to a good cause ."), dev_label: False
[array(['opening', 'The opening received good critical reviews .',
       'The opening established the basic theme .'], dtype='<U190'), array(['wash', 'He managed to wash out the stains .',
       'He washed the dirt from his coat .'], dtype='<U190'), array(['have', 'I have two sisters .',
       'Have another bowl of chicken soup !'], dtype='<U190'), array(['finish',
       'When the finish is too thin it is difficult to apply evenly .',
       'He applied a coat of a clear finish .'], dtype='<U190'), array(['put', 'He put all his efforts into this job .',
       'Put these words to music .'], dtype='<U190')] ['False', 'True', 'False', 'True', 'False']
prediction: False
155 88 38 121
round: 470, dev_data: ('defensibility', 'Client complaints create a felt need for the defensibility of individual actions .', 'They built their castles with an eye to their defensibility .'), dev_label: True
[array(['line', "I ca n't follow your line of reasoning .",
       'Toe the line .'], dtype='<U190'), array(['raise', 'To raise somebody to office .',
       'Raise the specter of unemployment .'], dtype='<U190'), array(['night', 'From noon till night .',
       'They worked from morning to night .'], dtype='<U190'), array(['stretch', 'Stretch the imagination .',
       'I always stretch my muscles before exercising .'], dtype='<U190'), array(['cut', 'She could not cut the long days in the office .',
       'The glass from the shattered windshield cut into her forehead .'],
      dtype='<U190')] ['False', 'False', 'True', 'False', 'False']
prediction: True
156 88 38 121
round: 471, dev_data: ('afterthought', 'The garage was an afterthought .', 'This whole remodeling was an afterthought , we were only going to paint and call it good .'), dev_label: True
[array(['get', 'Did you get it ?', 'What did you get at the toy store ?'],
      dtype='<U190'), array(['sale', 'He celebrated after the sale of company .',
       'The salesman faxed the sales agreement to his home office .'],
      dtype='<U190'), array(['head', 'This song keeps going through my head .',
       'The head of the whole operation .'], dtype='<U190'), array(['fire',
       'We sat around the fire singing songs and telling stories .',
       'Barbecue over an open fire .'], dtype='<U190'), array(['feeling', 'He lost all feeling in his arm .',
       'He had terrible feelings of guilt .'], dtype='<U190')] ['False', 'True', 'False', 'False', 'False']
prediction: True
157 88 38 121
round: 472, dev_data: ('wave', 'A wave of emotion swept over him .', 'A heat wave .'), dev_label: False
[array(['price', 'The price of success is hard work .',
       'What price glory ?'], dtype='<U190'), array(['church', 'There is a lovely little church in the valley .',
       'The church was empty .'], dtype='<U190'), array(['bear', 'I can not bear his constant criticism .',
       'Bearing orders .'], dtype='<U190'), array(['line', 'A shared line .', 'A dedicated line .'], dtype='<U190'), array(['vehicle', 'A congregation is a vehicle of group identity .',
       'The play was just a vehicle to display her talents .'],
      dtype='<U190')] ['True', 'True', 'False', 'True', 'True']
prediction: False
157 88 38 122
round: 473, dev_data: ('take', 'The take must be repeated .', 'Act seven , scene three , take two .'), dev_label: True
[array(['voice', 'The wee small voice of conscience .',
       'The incessant voices of the artillery .'], dtype='<U190'), array(['play', 'I used to play with trucks as a little girl .',
       'They played long and hard .'], dtype='<U190'), array(['hold', 'She can hold an audience spellbound .',
       'This story held our interest .'], dtype='<U190'), array(['charge', 'Charge all weapons , shields , and banners .',
       'He charged the director with indifference .'], dtype='<U190'), array(['apology',
       'The CEO made a public apology for the scandal , and promised full cooperation with the authorities .',
       "What he said really hurt my feelings , but his apology sounded so sincere that I could n't help but forgive him ."],
      dtype='<U190')] ['False', 'True', 'True', 'False', 'True']
prediction: False
157 88 39 122
round: 474, dev_data: ('rail', 'Rail off the crowds from the Presidential palace .', 'She railed against the bad social policies .'), dev_label: False
[array(['stretch', 'Stretch the imagination .',
       'To enjoy the picnic , we stretched out on the grass .'],
      dtype='<U190'), array(['gather', 'Be careful not to stretch or gather your knitting .',
       'If you want to emphasise the shape , it is possible to gather the waistline .'],
      dtype='<U190'), array(['wall', 'Negotiations ran into a brick wall .',
       'A wall of smoke .'], dtype='<U190'), array(['cover', 'The cover concealed their guns from enemy aircraft .',
       'The fox was flushed from its cover .'], dtype='<U190'), array(['give', 'Can I give you the children for the weekend ?',
       'Give a yelp .'], dtype='<U190')] ['False', 'True', 'True', 'False', 'False']
prediction: False
157 88 39 123
round: 475, dev_data: ('begin', 'You can not even begin to understand the problem we had to deal with during the war .', "This economic measure does n't even begin to deal with the problem of inflation ."), dev_label: True
[array(['vermin',
       'Boys in the village have probably been shooting vermin .',
       'Cereals must be protected from mice and other vermin .'],
      dtype='<U190'), array(['vegetate',
       "After a hard day 's work , I vegetate in front of the television .",
       'The fields vegetate vigorously .'], dtype='<U190'), array(['situation', 'No human situation is simple .',
       'The dangerous situation developed suddenly .'], dtype='<U190'), array(['be', 'I shall be writing to you soon .',
       'There was a lot of noise in the kitchen .'], dtype='<U190'), array(['movement', 'The second movement is slow and melodic .',
       'It was an expensive watch with a diamond movement .'],
      dtype='<U190')] ['True', 'False', 'True', 'True', 'False']
prediction: True
158 88 39 123
round: 476, dev_data: ('exploit', 'We must exploit the resources we are given wisely .', 'He is exploiting the students .'), dev_label: False
[array(['bed', 'The track bed had washed away .',
       'Sea bed , river bed , lake bed .'], dtype='<U190'), array(['window',
       'The expanded window will give us time to catch the thieves .',
       'Launch window .'], dtype='<U190'), array(['wealth', 'She brings a wealth of knowledge to the project .',
       'Great wealth is not a sign of great intelligence .'],
      dtype='<U190'), array(['roll', 'Roll your hair around your finger .',
       'Bill rolled the ball down the hill .'], dtype='<U190'), array(['masquerade',
       'That masquerade of misrepresentation which invariably accompanied the political eloquence of Rome-Thomas de Quincey .',
       "A beggar 's masquerade of wealth ."], dtype='<U190')] ['False', 'True', 'True', 'False', 'True']
prediction: False
158 88 39 124
round: 477, dev_data: ('bitch', 'She said her son thought Hillary was a bitch .', 'Ann gossiped about me and mocked my work ; sometimes she can be a real bitch !'), dev_label: True
[array(['sense', 'A sense of happiness .', 'A sense of security .'],
      dtype='<U190'), array(['shake', "Shake one 's head .", 'He was shaken from his dreams .'],
      dtype='<U190'), array(['stay', 'Stay alone .', 'Stay put in the corner here !'],
      dtype='<U190'), array(['cut', 'The employer wants to cut back health benefits .',
       'Cut trenches .'], dtype='<U190'), array(['authority',
       'She lost all her respect and authority after turning up drunk to the meeting .',
       'Tennessee Valley Authority .'], dtype='<U190')] ['True', 'False', 'False', 'False', 'False']
prediction: True
159 88 39 124
round: 478, dev_data: ('frost', 'Frost the glass .', 'She frosts her hair .'), dev_label: True
[array(['call', 'I would not call her beautiful .',
       'Take two aspirin and call me in the morning .'], dtype='<U190'), array(['fringe', 'Her fringe is so long it covers her eyes .',
       'Interference fringe .'], dtype='<U190'), array(['court', 'The noblemen visited the queen in her court .',
       "The king will visit the duke 's court ."], dtype='<U190'), array(['hold', 'To hold true .', 'The weather held .'], dtype='<U190'), array(['reaction', 'The forces of reaction carried the election .',
       'In this reaction , the acid and base will neutralize each other , producing a salt .'],
      dtype='<U190')] ['False', 'False', 'True', 'True', 'False']
prediction: True
160 88 39 124
round: 479, dev_data: ('kindling', 'Go and collect some kindling .', 'The kindlings of love .'), dev_label: False
[array(['foot', 'One foot of the chair was on the carpet .',
       'Armored from head to foot .'], dtype='<U190'), array(['range',
       'Estimates for the losses in the earthquake range as high as $ 2 billion .',
       'The instruments ranged from tuba to cymbals .'], dtype='<U190'), array(['roll', 'Roll your hair around your finger .',
       'The thunder rolled .'], dtype='<U190'), array(['shade', 'It is much cooler in the shade .',
       "Close the shade , please : it 's too bright in here ."],
      dtype='<U190'), array(['blow', 'Certain insects are said to blow .',
       "There 's nothing more thrilling to the whale watcher than to see a whale surface and blow ."],
      dtype='<U190')] ['False', 'True', 'False', 'True', 'False']
prediction: False
160 88 39 125
round: 480, dev_data: ('treat', 'Treat the water so it can be drunk .', 'Treat him with caution , please .'), dev_label: False
[array(['orbit',
       "The Moon 's orbit around the Earth takes nearly one month to complete .",
       'He plotted the orbit of the moon .'], dtype='<U190'), array(['go', 'How fast does your new car go ?',
       'The patient went peacefully .'], dtype='<U190'), array(['halt', 'Halt the presses .', 'Halt the engines .'], dtype='<U190'), array(['grace',
       'It has become less common to say grace before having dinner .',
       "God 's grace is manifested in the salvation of sinners ."],
      dtype='<U190'), array(['point', 'He held me up at the point of a gun .',
       'The one with the most points will win the game .'], dtype='<U190')] ['True', 'False', 'True', 'False', 'False']
prediction: False
160 88 39 126
round: 481, dev_data: ('screen', 'Screen the job applicants .', 'Screen the suitcases .'), dev_label: False
[array(['fill', "Do n't feed him any more : he 's had his fill .",
       'She had heard her fill of gossip .'], dtype='<U190'), array(['sign', 'The hunters found deer sign at the end of the trail .',
       "Their angry expressions were a clear sign they did n't want to talk ."],
      dtype='<U190'), array(['branch', 'A branch of Congress .',
       'He broke off one of the branches .'], dtype='<U190'), array(['touch', 'He could not touch the meaning of the poem .',
       'Touch the stone for good luck .'], dtype='<U190'), array(['bum', "That mechanic 's a bum - he could n't fix a yo-yo .",
       "Fred is becoming a bum - he 's not even bothering to work more than once a month ."],
      dtype='<U190')] ['True', 'True', 'False', 'False', 'True']
prediction: False
160 88 39 127
round: 482, dev_data: ('magnitude', 'About the magnitude of a small pea .', 'They tried to predict the magnitude of the explosion .'), dev_label: True
[array(['go',
       'This violinist is as good as Juilliard-trained violinists go .',
       'Get going !'], dtype='<U190'), array(['cut', 'Cut orders .', 'Cut a caper .'], dtype='<U190'), array(['return',
       'His gross income was enough that he had to file a tax return .',
       'On his return from Australia we gave him a welcoming party .'],
      dtype='<U190'), array(['use', "I ca n't use this tool .",
       'Use the plastic bags to store the food .'], dtype='<U190'), array(['catch', 'We have a big barrel to catch the rainwater .',
       'Catch the mood .'], dtype='<U190')] ['False', 'False', 'False', 'True', 'False']
prediction: True
161 88 39 127
round: 483, dev_data: ('hand', 'Hand me the spoon , please .', 'He handed them the letter .'), dev_label: True
[array(['life', "While there 's life there 's hope .",
       'Having experienced both , the vampire decided that he preferred (un)death to life .'],
      dtype='<U190'), array(['confidence', 'Confidence is always borrowed , never owned .',
       'Everyone trusted him with their confidences .'], dtype='<U190'), array(['sale', "You 'll find vitamin C for sale at most pharmacies .",
       'The new line of cars will soon be on sale .'], dtype='<U190'), array(['call', 'We could always call on a friend .', 'Call roll .'],
      dtype='<U190'), array(['go', 'These ugly billboards have to go !',
       'This chair has got to go .'], dtype='<U190')] ['True', 'False', 'True', 'False', 'True']
prediction: True
162 88 39 127
round: 484, dev_data: ('poor', 'The urban poor need assistance .', 'The poor are always with us .'), dev_label: True
[array(['be', 'I shall be writing to you soon .',
       'It has been three years since my grandmother died . ( similar to My grandmother died three years ago , but emphasizes the intervening period ) .'],
      dtype='<U190'), array(['practice',
       'It is good practice to check each door and window before leaving .',
       'It is their practice to give annual raises .'], dtype='<U190'), array(['window',
       'The expanded window will give us time to catch the thieves .',
       'Launch window .'], dtype='<U190'), array(['raise', 'Raise a smile .', "Raise your ` o ' ."], dtype='<U190'), array(['give', 'What will you give her for her birthday ?',
       'She gave a pair of shoes to her husband for their anniversary .'],
      dtype='<U190')] ['True', 'True', 'True', 'False', 'True']
prediction: True
163 88 39 127
round: 485, dev_data: ('mistake', 'He made a bad mistake .', 'Make no mistake about his intentions .'), dev_label: False
[array(['block', 'Block an attack .', 'Block the book cover .'],
      dtype='<U190'), array(['crash', 'Will the stock market crash again ?',
       'The car crashed through the glass door .'], dtype='<U190'), array(['death',
       'He seemed more content in death than he had ever been in life .',
       'Her death came as a terrible shock .'], dtype='<U190'), array(['order', 'Law and order .', 'The house is in order .'],
      dtype='<U190'), array(['syrup', 'Maple syrup .', 'Pancake syrup .'], dtype='<U190')] ['False', 'False', 'False', 'True', 'True']
prediction: True
163 89 39 127
round: 486, dev_data: ('sleep', 'We need to conduct an overnight sleep test to diagnose your sleep problem .', "He did n't get enough sleep last night ."), dev_label: True
[array(['head', "I could n't get his words out of my head .",
       'This song keeps going through my head .'], dtype='<U190'), array(['hit', 'We were hit by really bad weather .',
       'The temperature could hit 110 F tomorrow .'], dtype='<U190'), array(['keep', 'I keep my specimens under glass to protect them .',
       'Keep smiling .'], dtype='<U190'), array(['building', 'My sister lives in that apartment building .',
       'There was a three-story building on the corner .'], dtype='<U190'), array(['head', 'The head of the page .',
       'A reduction in the assessment per head of sheep .'], dtype='<U190')] ['True', 'False', 'True', 'True', 'False']
prediction: True
164 89 39 127
round: 487, dev_data: ('impose', 'I can not impose that I get what I want .', 'I can not impose my opinion .'), dev_label: True
[array(['point', 'We should meet at a pre-arranged point .',
       'She walked to a point where she could survey the whole street .'],
      dtype='<U190'), array(['come', 'These shoes come in three colors .',
       'He came through the door .'], dtype='<U190'), array(['weakness',
       'The weakness of the span was overlooked until it collapsed .',
       'His weakness increased as he became older .'], dtype='<U190'), array(['snap', 'Snap your fingers .',
       'When her baby died , she snapped .'], dtype='<U190'), array(['make', 'Make enemies .',
       'He made a fool of himself at the meeting .'], dtype='<U190')] ['True', 'False', 'True', 'False', 'False']
prediction: True
165 89 39 127
round: 488, dev_data: ('roughness', 'The roughness of her voice was a signal to keep quiet .', 'Men associate the roughness of nonstandard working-class speech with masculinity .'), dev_label: True
[array(['draw', 'To draw a memorial , a deed , or bill of exchange .',
       'They saw that the night was quickly drawing in , so they pitched their tent .'],
      dtype='<U190'), array(['check', 'Check into the rumor .', 'Check the brakes .'],
      dtype='<U190'), array(['head', 'A head of cauliflower .', 'A head of lettuce .'],
      dtype='<U190'), array(['line', 'Toe the line .',
       'Historians can only point out those lines for which evidence is available .'],
      dtype='<U190'), array(['raise', 'To raise your walking stick to defend yourself .',
       'Raise a shout .'], dtype='<U190')] ['False', 'False', 'True', 'False', 'False']
prediction: True
166 89 39 127
round: 489, dev_data: ('feedstock', 'The filtered extract of the mash is the feedstock for the fermenter .', 'Bio-materials may be substituted for petrochemical feedstocks as petroleum prices rise .'), dev_label: True
[array(['construction', 'He had worked in construction all his life .',
       'Their main business is home construction .'], dtype='<U190'), array(['range', 'Range of motion .',
       'The army maintains a missile range in the desert .'],
      dtype='<U190'), array(['fail', "Where do today 's public schools fail ?",
       'The attempt to rescue the hostages failed miserably .'],
      dtype='<U190'), array(['work', 'Can you work an electric drill ?',
       'Work the metal into a sword .'], dtype='<U190'), array(['run', 'Run a new program on the Mac .',
       "Do n't run that software unless you have permission . ' ."],
      dtype='<U190')] ['True', 'False', 'True', 'False', 'True']
prediction: True
167 89 39 127
round: 490, dev_data: ('round', 'We enjoyed our round of the local bars .', 'Hospital rounds .'), dev_label: False
[array(['cut', 'Cut a Ping-Pong ball .', 'Cut paper dolls .'],
      dtype='<U190'), array(['lift', 'Lift an embargo .', 'Lift potatoes .'], dtype='<U190'), array(['carnival',
       'We all got to ride the merry-go-round when the brought their carnival to town .',
       'When the carnival came to town , every one wanted some cotton candy .'],
      dtype='<U190'), array(['life', 'The battery had a short life .',
       "While there 's life there 's hope ."], dtype='<U190'), array(['cut', 'Everyone got a cut of the earnings .',
       'The lawyer took a cut of the profits .'], dtype='<U190')] ['False', 'False', 'True', 'False', 'True']
prediction: False
167 89 39 128
round: 491, dev_data: ('deuce', 'Love is a bodily infirmity . . . which breaks out the deuce knows how or why ( Thackeray ) .', 'The deuce with it .'), dev_label: True
[array(['use', 'We only use Spanish at home .', 'Use your head !'],
      dtype='<U190'), array(['difference', "It just wo n't make much difference to me .",
       'His support made a real difference .'], dtype='<U190'), array(['leave', "Leave your child the nurse 's care .",
       'At her death , she left behind her husband and 11 cats .'],
      dtype='<U190'), array(['iota', 'As a Greek numeral , iota represents ten .',
       'There are twelve iotas on that page .'], dtype='<U190'), array(['part', 'She played the part of Desdemona .',
       'We all have a part to play .'], dtype='<U190')] ['True', 'True', 'False', 'True', 'True']
prediction: False
167 89 40 128
round: 492, dev_data: ('lodge', 'Lodge a bullet in the table .', 'We are lodging three foreign students this semester .'), dev_label: False
[array(['deference', 'His deference to her wishes was very flattering .',
       'In deference to your wishes .'], dtype='<U190'), array(['sale', 'I got some great bargains at their annual sale .',
       'They held a sale to reduce their inventory .'], dtype='<U190'), array(['business', 'We do business all over the world .',
       'Computers are now widely used in business .'], dtype='<U190'), array(['normalize', 'Normalize relations with China .',
       'Normalize the temperature .'], dtype='<U190'), array(['business', "He bought his brother 's business .",
       'Business has been slow lately .'], dtype='<U190')] ['False', 'True', 'True', 'True', 'False']
prediction: False
167 89 40 129
round: 493, dev_data: ('pillar', 'A pillar of smoke .', 'A thin pillar of smoke betrayed their campsite .'), dev_label: False
[array(['ski', 'We love to ski the Rockies .', "My children do n't ski ."],
      dtype='<U190'), array(['system',
       'In a static system oil can not be replaced by water on a surface .',
       'The system consists of a motor and a small computer .'],
      dtype='<U190'), array(['translate',
       "Is there a need to translate the psychiatrist 's remarks ?",
       'Can you translate the instructions in this manual for a layman ?'],
      dtype='<U190'), array(['keep', 'Can I keep my old stuffed animals ?', 'Keep smiling .'],
      dtype='<U190'), array(['gather',
       'I gather from Aunty May that you had a good day at the match .',
       'I gather you have not done your homework .'], dtype='<U190')] ['True', 'False', 'True', 'False', 'True']
prediction: True
167 90 40 129
round: 494, dev_data: ('pluck', 'Pluck the flowers off the bush .', 'She plucked the phone from her bag and dialled .'), dev_label: True
[array(['line', 'Toe the line .',
       'Historians can only point out those lines for which evidence is available .'],
      dtype='<U190'), array(['connect',
       'The new railroad will connect the northern part of the state to the southern part .',
       'Herman connected the computers .'], dtype='<U190'), array(['introduce', 'Introduce exotic fruits .',
       'Introduce legislation .'], dtype='<U190'), array(['chain', 'This led to an unfortunate chain of events .',
       'A chain of ideas , one leading to the next .'], dtype='<U190'), array(['throw', 'Throw the car into reverse .',
       'She threw a beautiful teapot .'], dtype='<U190')] ['False', 'True', 'False', 'True', 'False']
prediction: True
168 90 40 129
round: 495, dev_data: ('tense', 'Alternately relax and tense your calf muscle .', 'Tense the rope manually before tensing the spring .'), dev_label: True
[array(['see', 'What message do you see in this letter ?',
       'We had to see a psychiatrist .'], dtype='<U190'), array(['collision',
       'The collision of the two ships resulted in a serious oil spill .',
       'Three passengers were killed in the collision .'], dtype='<U190'), array(['bank', 'The pilot had to bank the aircraft .', 'Bank a fire .'],
      dtype='<U190'), array(['ghost',
       'Everyone showed that the ghost of an old lady haunted this crypt .',
       'He looked like he had seen a ghost .'], dtype='<U190'), array(['appointment',
       "I 'm leaving work early because I have a doctor 's appointment .",
       'He erred by the appointment of unsuitable men .'], dtype='<U190')] ['False', 'True', 'False', 'True', 'False']
prediction: True
169 90 40 129
round: 496, dev_data: ('inexperience', 'I failed to get the job due to inexperience .', 'Procedural inexperience created difficulties .'), dev_label: True
[array(['liking', "I 've always had a liking for reading .",
       'She developed a liking for gin .'], dtype='<U190'), array(['leave', 'She was granted leave to speak .',
       'The applicant now seeks leave to appeal and , if leave be granted , to appeal against these sentences .'],
      dtype='<U190'), array(['border', 'A solid border around a table of figures .',
       'The border between Canada and USA is the longest in the world .'],
      dtype='<U190'), array(['enter', 'Enter a drug treatment program .',
       'Enter negotiations .'], dtype='<U190'), array(['play', 'Play water from a hose .',
       'The fountains played all day .'], dtype='<U190')] ['True', 'True', 'False', 'True', 'True']
prediction: True
170 90 40 129
round: 497, dev_data: ('show', 'All he had to show for four years of attendance at college was a framed piece of paper .', 'She shows her dogs frequently .'), dev_label: True
[array(['go', 'Messages must go through diplomatic channels .',
       'The speech has to go through several more drafts .'],
      dtype='<U190'), array(['account', 'I expected a brief account .',
       'A person of considerable account .'], dtype='<U190'), array(['construction', 'He had worked in construction all his life .',
       'Their main business is home construction .'], dtype='<U190'), array(['play', 'Play fair .', 'Play games .'], dtype='<U190'), array(['quality',
       'While being impulsive can be great for artists , it is not a desirable quality for engineers .',
       'Security , stability , and efficiency are good qualities of an operating system .'],
      dtype='<U190')] ['False', 'False', 'True', 'False', 'True']
prediction: False
170 90 41 129
round: 498, dev_data: ('narcolepsy', 'He believes that narcolepsy is attributable to an inability to suppress REM sleep during waking .', 'Excitement induced narcolepsy caused him to sleep through the most important events of his life .'), dev_label: True
[array(['priority',
       'National independence takes priority over class struggle .',
       "He set his e-mail message 's priority to high ."], dtype='<U190'), array(['mean', 'I mean no harm .',
       'I meant to take the car in for a smog check , but it slipped my mind .'],
      dtype='<U190'), array(['make', 'Make advances .', 'Make a phone call .'], dtype='<U190'), array(['save', "I 'll save you the trouble .",
       'This move will save money .'], dtype='<U190'), array(['draw', 'Draw a wagon .',
       "A ship 's sail is said to draw when it is filled with wind ."],
      dtype='<U190')] ['True', 'True', 'True', 'False', 'True']
prediction: True
171 90 41 129
round: 499, dev_data: ('cast', 'Cast lots .', 'Cast a spell .'), dev_label: False
[array(['light', 'Can you shed light on this problem ?',
       'Put that light out !'], dtype='<U190'), array(['care', "I do n't care what he does .",
       'We cared about the opera .'], dtype='<U190'), array(['play', 'Play football .', 'Play cards .'], dtype='<U190'), array(['connection', 'There was a connection via the internet .',
       'The connection between overeating and obesity .'], dtype='<U190'), array(['come', 'Come down here !', 'Come with me to the Casbah .'],
      dtype='<U190')] ['False', 'True', 'True', 'False', 'True']
prediction: False
171 90 41 130
round: 500, dev_data: ('deck', 'Wow , did you see her deck that guy who pinched her ?', 'Deck the halls with holly .'), dev_label: False
[array(['enter', 'Enter an agreement .', 'Enter negotiations .'],
      dtype='<U190'), array(['sex', 'They had sex in the back seat .',
       '( The believers ... those ... ) who abstain from sex .'],
      dtype='<U190'), array(['movement',
       'The succession of flashing lights gave an illusion of movement .',
       'The labor movement has been struggling in America since the passage of the Taft-Hartley act in 1947 .'],
      dtype='<U190'), array(['length',
       'He determined the length of the shortest line segment joining the two points .',
       'A length of tubing .'], dtype='<U190'), array(['work', 'Do you want to work after the age of 60 ?',
       'He works his parents for sympathy .'], dtype='<U190')] ['True', 'True', 'False', 'False', 'False']
prediction: False
171 90 41 131
round: 501, dev_data: ('heartbeat', 'New York is the commercial heartbeat of America .', 'Music is the heartbeat of the people .'), dev_label: True
[array(['body', 'They found the body in the lake .', 'Heavenly body .'],
      dtype='<U190'), array(['face',
       'I wish I had seen the look on his face when he got the news .',
       'The face of the city is changing .'], dtype='<U190'), array(['time', 'This time he succeeded .', 'He called four times .'],
      dtype='<U190'), array(['field', 'The set of all rational numbers is a field .',
       'The set of rational numbers , \\mathbbQ , is the prototypical field .'],
      dtype='<U190'), array(['turn', 'Turn the earth in the Spring .',
       'The cream has turned -- we have to throw it out .'], dtype='<U190')] ['False', 'False', 'True', 'True', 'False']
prediction: True
172 90 41 131
round: 502, dev_data: ('cradle', 'He was taught from the cradle never to cry .', 'The cradle of liberty .'), dev_label: False
[array(['serve', 'We serve meals for the homeless .',
       "The President 's wisdom has served the country well ."],
      dtype='<U190'), array(['offer', 'Offer prayers to the gods .',
       "The Shakespeare Company is offering ` King Lear ' this month ."],
      dtype='<U190'), array(['deal', 'It was a package deal .',
       'He rose to prominence through a series of shady deals .'],
      dtype='<U190'), array(['waste',
       'Much of the waste material is carried off in the sewers .',
       'A life characterized by thriftlessness and waste .'],
      dtype='<U190'), array(['check', 'Check into the rumor .', 'Check the time of the class .'],
      dtype='<U190')] ['False', 'False', 'False', 'False', 'True']
prediction: False
172 90 41 132
round: 503, dev_data: ('path', 'The hurricane demolished houses in its path .', 'The path of a meteor , of a caravan , or of a storm .'), dev_label: True
[array(['move', 'We must move quickly .',
       "Come on guys , let 's move : there 's work to do !"],
      dtype='<U190'), array(['mask', 'They moved in under a mask of friendship .',
       'No mask could conceal his ignorance .'], dtype='<U190'), array(['bed', 'He searched for treasure on the ocean bed .',
       "There 's a lot of trash on the bed of the river ."], dtype='<U190'), array(['dissent', 'Dissent to the laws of the country .',
       'Several Republicans dissented .'], dtype='<U190'), array(['shake', "Shake one 's head .", 'He was shaken from his dreams .'],
      dtype='<U190')] ['True', 'True', 'True', 'False', 'False']
prediction: True
173 90 41 132
round: 504, dev_data: ('craft', 'He represented the craft of brewers .', 'He learned his craft as an apprentice .'), dev_label: True
[array(['cover', 'Does my policy cover accidental loss ?',
       'The female covers the eggs .'], dtype='<U190'), array(['ball', 'The mayor threw out the first ball .',
       'The ball rolled into the corner pocket .'], dtype='<U190'), array(['curmudgeon',
       "There 's a cranky curmudgeon working at the hospital who gives all the patients and other doctors flak .",
       "John Doe 's old age and stubborn aversion to new ideas make him a curmudgeon of a candidate ."],
      dtype='<U190'), array(['cover', 'Does my policy cover accidental loss ?',
       "The insurance wo n't cover this ."], dtype='<U190'), array(['start', 'We simply could not start the engine .',
       'John started the party .'], dtype='<U190')] ['False', 'True', 'True', 'True', 'False']
prediction: True
174 90 41 132
round: 505, dev_data: ('change', 'He attributed the change to their marriage .', 'It is a refreshing change to meet a woman mechanic .'), dev_label: False
[array(['set', 'A set of teeth .', 'A set of books .'], dtype='<U190'), array(['bar', 'He was admitted to the bar in New Jersey .',
       'Unfortunately some writers have used bar for one dyne per square centimeter .'],
      dtype='<U190'), array(['play', 'Play sports .',
       'Pele played for the Brazilian teams in many important matches .'],
      dtype='<U190'), array(['drink', "No thanks , I do n't drink .",
       "You 've been drinking , have n't you ?"], dtype='<U190'), array(['puncture', 'Puncture a tire .', 'The tire punctured .'],
      dtype='<U190')] ['True', 'False', 'True', 'True', 'False']
prediction: False
174 90 41 133
round: 506, dev_data: ('bar', 'He drowned his sorrows in whiskey at the bar .', 'The street was lined with all-night bars .'), dev_label: True
[array(['check', 'Check the brakes .',
       'Check the oil in your car once a month .'], dtype='<U190'), array(['despite',
       'The despite in which outsiders were held is legendary .',
       'She wanted neither favor nor despite .'], dtype='<U190'), array(['cut', 'The football player cut to his left to evade a tackle .',
       'Cut a ticket .'], dtype='<U190'), array(['stand', 'Here I stand , wondering what to do next .',
       'There stood on the corner a statue .'], dtype='<U190'), array(['product', 'They improve their product every year .',
       'The product of 2 and 3 is 6 .'], dtype='<U190')] ['True', 'False', 'False', 'False', 'False']
prediction: True
175 90 41 133
round: 507, dev_data: ('fact', 'Your fears have no basis in fact .', 'How much of the story is fact and how much fiction is hard to tell .'), dev_label: True
[array(['avoid', 'Her former friends now avoid her .',
       'We avoided the area .'], dtype='<U190'), array(['authority', "The world 's foremost authority on orangutans .",
       'I have the authority to penalise the staff in my department , but not the authority to sack them .'],
      dtype='<U190'), array(['voice', 'The voice of experience .',
       'The wee small voice of conscience .'], dtype='<U190'), array(['business', "He bought his brother 's business .",
       'A small mom-and-pop business .'], dtype='<U190'), array(['tell', 'Please tell me how to do it .',
       'Ellen told Helen about the situation .'], dtype='<U190')] ['True', 'False', 'True', 'True', 'True']
prediction: True
176 90 41 133
round: 508, dev_data: ('header', 'Your header is too long ; " Local Cannibals " will suffice .', 'This wall has four header courses .'), dev_label: False
[array(['unravel',
       'Stop playing with the seam of the tablecloth ! You will unravel it .',
       "Mother could n't unravel the ball of wool after the cat had played with it ."],
      dtype='<U190'), array(['touch', "Do n't touch my CDs !",
       "Stefan was touched by the song 's message of hope ."],
      dtype='<U190'), array(['appeal', 'Appeal to somebody for help .',
       'The idea of a vacation appeals to me .'], dtype='<U190'), array(['room', 'The whole room was cheering .',
       'The room was on its feet .'], dtype='<U190'), array(['point', 'Life has lost its point .',
       'He broke the point of his pencil .'], dtype='<U190')] ['True', 'False', 'False', 'True', 'False']
prediction: False
176 90 41 134
round: 509, dev_data: ('host', 'Atlanta was chosen to be host for the Olympic Games .', 'Viruses depend on the host that they infect in order to be able to reproduce .'), dev_label: False
[array(['influence', "Used her parents ' influence to get the job .",
       'She was the most important influence in my life .'], dtype='<U190'), array(['carry', 'We carry a very large mortgage .',
       'The troops carried the town after a brief fight .'], dtype='<U190'), array(['enter', 'Enter an agreement .', 'Enter negotiations .'],
      dtype='<U190'), array(['action', 'His novels always have a lot of action .',
       'The United Nations must have the power to propose and organize action without being hobbled by irrelevant issues .'],
      dtype='<U190'), array(['admit', 'To admit a serious thought into the mind .',
       'She admitted us .'], dtype='<U190')] ['False', 'False', 'True', 'False', 'True']
prediction: False
176 90 41 135
round: 510, dev_data: ('set', 'Set a broken bone .', 'We set up the sprinkler .'), dev_label: False
[array(['stand', 'A bedside stand .',
       'The army made a final stand at the Rhone .'], dtype='<U190'), array(['make', 'Make advances .', "She 'll make a fine president ."],
      dtype='<U190'), array(['body',
       'Penny was in the scullery , pressing the body of her new dress .',
       'Heavenly body .'], dtype='<U190'), array(['fair', 'Trade fair .', 'Book fair .'], dtype='<U190'), array(['air', 'Air pollution .', 'Her hand stopped in mid air .'],
      dtype='<U190')] ['False', 'False', 'False', 'True', 'False']
prediction: False
176 90 41 136
round: 511, dev_data: ('disentangle', 'Can you disentangle the cord ?', 'How can I disentangle myself from her personal affairs ?'), dev_label: False
[array(['coverage',
       'The enemy fire is increasing – can we get some immediate coverage from those bunkers ?',
       'There are overlapping coverages on your insurance policies .'],
      dtype='<U190'), array(['significance', 'The significance of a gesture .',
       'The significance of his remark became clear only later .'],
      dtype='<U190'), array(['bar', 'He bought a hot dog and a coke at the bar .',
       'The boat ran aground on a submerged bar in the river .'],
      dtype='<U190'), array(['space', 'They tested his ability to locate objects in space .',
       'Functional analysis is best approached through a sound knowledge of Hilbert space theory .'],
      dtype='<U190'), array(['embody',
       'As the car salesman approached , wearing a plaid suit and slicked-back hair , he seemed to embody sleaze .',
       'This painting embodies the feelings of the Romantic period .'],
      dtype='<U190')] ['True', 'True', 'False', 'True', 'True']
prediction: True
176 91 41 136
round: 512, dev_data: ('debt', 'He is badly in debt .', 'I am in your debt .'), dev_label: True
[array(['hand', 'A ranch hand .', 'Her hands are really strong .'],
      dtype='<U190'), array(['party', 'The green party took 12 % of the vote .',
       'In 1992 Perot tried to organize a third party at the national level .'],
      dtype='<U190'), array(['direction', 'He checked the direction and velocity of the wind .',
       'Keep going in the same direction .'], dtype='<U190'), array(['containment', 'The containment of the rebellion .',
       'The containment of the AIDS epidemic .'], dtype='<U190'), array(['time', 'Take time to smell the roses .',
       "I did n't have time to finish ."], dtype='<U190')] ['False', 'True', 'True', 'True', 'True']
prediction: True
177 91 41 136
round: 513, dev_data: ('call', 'I would not call her beautiful .', 'The unions called a general strike for Sunday .'), dev_label: False
[array(['fall', 'To fall a tree .', 'He fell to his knees .'],
      dtype='<U190'), array(['call', 'He placed a phone call to London .',
       "The salesman 's call on a customer ."], dtype='<U190'), array(['know', "I know it 's time .", 'She knew of our plan .'],
      dtype='<U190'), array(['liver',
       "You could fry up some chicken livers for a tasty treat . — Nah , I do n't like chicken liver .",
       "I 'd like some goose liver pate ."], dtype='<U190'), array(['confidence', 'I have confidence in our team .',
       'Everyone trusted him with their confidences .'], dtype='<U190')] ['False', 'False', 'True', 'True', 'False']
prediction: False
177 91 41 137
round: 514, dev_data: ('raise', 'We raise hogs here .', 'Raise an army .'), dev_label: False
[array(['follow', 'Can you follow her argument ?',
       'A terrible tsunami followed the earthquake .'], dtype='<U190'), array(['mean', 'I mean no harm .',
       "` maison ' means ` house ' in French ."], dtype='<U190'), array(['unit', 'The dollar is the United States unit of currency .',
       'The word is a basic linguistic unit .'], dtype='<U190'), array(['classify',
       'Should we classify " make up " as an idiom or as a phrasal verb ?',
       'The curator classified the artifacts .'], dtype='<U190'), array(['air',
       'There was a tension in the air which made me suspect an approaching storm .',
       'A smell of chemicals in the air .'], dtype='<U190')] ['False', 'False', 'False', 'True', 'True']
prediction: True
177 92 41 137
round: 515, dev_data: ('ply', 'Ply an axe .', 'Ply the seven seas .'), dev_label: False
[array(['pay', 'Pay an obligation .', 'Pay a debt .'], dtype='<U190'), array(['line',
       'The answer to the comprehension question can be found in the third line of the accompanying text .',
       'There are six lines in every stanza .'], dtype='<U190'), array(['floor', 'Many sunken ships rest on the ocean floor .',
       'The floor of the cave .'], dtype='<U190'), array(['court', 'The court is now in session .',
       'The noblemen visited the queen in her court .'], dtype='<U190'), array(['start', 'I start my day with a good breakfast .',
       'Who started this company ?'], dtype='<U190')] ['True', 'True', 'True', 'False', 'True']
prediction: False
177 92 41 138
round: 516, dev_data: ('help', 'He was a great help to me when I was moving house .', "I 've printed out a list of math helps ."), dev_label: True
[array(['stick', 'Stick the corner of the sheet under the mattress .',
       'This question really stuck me .'], dtype='<U190'), array(['whisk',
       "The chef prepared to whisk the egg whites for the angel 's food cake .",
       'Whisk the eggs .'], dtype='<U190'), array(['station', 'The train pulled into the station .',
       'He started looking for a gas station .'], dtype='<U190'), array(['break', "Let 's break for lunch .",
       'A man broken by the terrible experience of near-death .'],
      dtype='<U190'), array(['carry', 'You must carry your camping gear .',
       'Sound carries well over water .'], dtype='<U190')] ['False', 'True', 'True', 'False', 'False']
prediction: False
177 92 42 138
round: 517, dev_data: ('underbelly', 'The soft underbelly of the Axis- Winston Churchill .', "The area by the canal is the underbelly of town - not something you 'd see in the guidebooks ."), dev_label: False
[array(['opinion', 'He asked for a poll of public opinion .',
       'His opinions appeared frequently on the editorial page .'],
      dtype='<U190'), array(['head', 'A head of cauliflower .',
       'He is two heads taller than his little sister .'], dtype='<U190'), array(['pull', 'Pull weeds .',
       'He pulled out his gun before she had a chance to scream .'],
      dtype='<U190'), array(['day', 'I work at night and sleep during the day .',
       'The dawn turned night into day .'], dtype='<U190'), array(['shower',
       'Would male strippers be appropriate for the divorce shower ?',
       'Today there will be frequent showers and some sunny spells .'],
      dtype='<U190')] ['False', 'False', 'True', 'True', 'False']
prediction: True
177 93 42 138
round: 518, dev_data: ('personality', 'The president has a unique personality .', 'She is a Hollywood personality .'), dev_label: True
[array(['implement', 'Implement a procedure .',
       'He implemented a new economic plan .'], dtype='<U190'), array(['beg', "I beg your pardon . I did n't mean to cause offence .",
       'He begged her to go to the prom with him .'], dtype='<U190'), array(['trim', 'Trim an airplane .', 'Trim the photograph .'],
      dtype='<U190'), array(['role',
       'The role of women has changed significantly in the last century .',
       'What is your role on the team ?'], dtype='<U190'), array(['agree', "The two stories do n't agree in many details .",
       'We agreed what to do .'], dtype='<U190')] ['False', 'True', 'False', 'True', 'False']
prediction: True
178 93 42 138
round: 519, dev_data: ('release', 'The release of iodine from the thyroid gland .', 'A new release from the London Symphony Orchestra .'), dev_label: False
[array(['point', 'He checked the point on his compass .',
       'A row of points .'], dtype='<U190'), array(['place', 'A place in my heart .',
       'He comes from a place near Chicago .'], dtype='<U190'), array(['grace',
       'It was debated whether saving grace could be obtained outside the membership of the church .',
       "I 'm so grateful to God for the grace that He has given me ."],
      dtype='<U190'), array(['tautology',
       'Given a Boolean A , " A OR ( NOT A ) " is a tautology .',
       'A logical statement which is neither a tautology nor a contradiction is a contingency .'],
      dtype='<U190'), array(['hyponym', 'Dog is a hyponym of animal .',
       'British is a hyponym of European .'], dtype='<U190')] ['False', 'False', 'False', 'True', 'True']
prediction: False
178 93 42 139
round: 520, dev_data: ('obstruction', 'Obstruction of justice .', 'The filibuster was a major obstruction to the success of their plan .'), dev_label: False
[array(['call', 'He placed a phone call to London .',
       'I received several phone calls today .'], dtype='<U190'), array(['eyeball',
       'A good cook can often just eyeball the correct quantities of ingredients .',
       'Each geometric construction must be exact ; eyeballing it and getting close does not count .'],
      dtype='<U190'), array(['pack', 'Such odd-shaped items do not pack well .',
       'She packs a gun when she goes into the mountains .'],
      dtype='<U190'), array(['address', 'He failed in his manner of address to the captain .',
       'A man of pleasing or insinuating address .'], dtype='<U190'), array(['heart', 'In your heart you know it is true .',
       "You have n't got the heart for baseball ."], dtype='<U190')] ['True', 'True', 'False', 'True', 'False']
prediction: True
178 94 42 139
round: 521, dev_data: ('detest', 'I detest snakes .', 'She detests politicians .'), dev_label: True
[array(['sophisticate',
       'Yet Butler professes to stick to plain facts , not to sophisticate , not to refine . — M. Arnold .',
       'Their manners had sophisticated the young girls .'], dtype='<U190'), array(['movement',
       'The labor movement has been struggling in America since the passage of the Taft-Hartley act in 1947 .',
       'He was a charter member of the movement .'], dtype='<U190'), array(['end', 'No one wanted to play end .',
       'They rode to the end of the line .'], dtype='<U190'), array(['hold', 'She can hold an audience spellbound .',
       'Hold this bowl for a moment , please .'], dtype='<U190'), array(['image',
       'The image of f(x ) = x^2 is the set of all non-negative real numbers if the domain of the function is the set of all real numbers .',
       'The number 6 is the image of 3 under f that is defined as f(x ) = 2*x .'],
      dtype='<U190')] ['False', 'True', 'False', 'False', 'True']
prediction: True
179 94 42 139
round: 522, dev_data: ('triumph', 'The triumph of knowledge .', 'The agreement was a triumph for common sense .'), dev_label: True
[array(['change',
       'The change of government had no impact on the economy .',
       'He inspected several changes before selecting one .'],
      dtype='<U190'), array(['draw', 'Draw the curtains .', 'Draw a conclusion .'],
      dtype='<U190'), array(['fall', 'Fall into a strange way of thinking .', 'Fall asleep .'],
      dtype='<U190'), array(['cut', 'Would you please cut the cake ?', 'This knife cuts well .'],
      dtype='<U190'), array(['be', 'I may be an hour .',
       'It has been three years since my grandmother died . ( similar to My grandmother died three years ago , but emphasizes the intervening period ) .'],
      dtype='<U190')] ['False', 'False', 'True', 'True', 'False']
prediction: True
180 94 42 139
round: 523, dev_data: ('number', 'The word “ fifteen ” , the Arabic numeral “ 15 ” , and the Roman numeral “ XV ” are all numerals representing the number fifteen .', 'Zero , one , -1 , 2.5 , and pi are all numbers .'), dev_label: True
[array(['lift', 'Lift the box onto the table .', 'I lifted the books .'],
      dtype='<U190'), array(['voice', 'The noisy voice of the waterfall .',
       'The incessant voices of the artillery .'], dtype='<U190'), array(['tendency', 'A tendency to be too strict .',
       'Denim has a tendency to fade .'], dtype='<U190'), array(['come', 'Come into contact with a terrorist group .',
       'Where did you come from ?'], dtype='<U190'), array(['work', 'I will work hard to improve my grades .',
       'They worked on the task .'], dtype='<U190')] ['True', 'True', 'True', 'False', 'True']
prediction: True
181 94 42 139
round: 524, dev_data: ('stock', "He owns a controlling share of the company 's stock .", 'They will cut round stock to 1-inch diameter .'), dev_label: False
[array(['bit', 'A horse hates having a bit put in its mouth .',
       'The horse was not accustomed to a bit .'], dtype='<U190'), array(['fall', 'To fall a tree .', 'He fell to his knees .'],
      dtype='<U190'), array(['make', 'Make merry .',
       'He made as if to punch him , but they both laughed and shook hands .'],
      dtype='<U190'), array(['audit',
       'To audit the accounts of a treasure , or of parties who have a suit depending in court .',
       'Audit accounts and tax returns .'], dtype='<U190'), array(['date', 'Do you know the date of the wedding ?',
       'I arranged a date with my Australian business partners .'],
      dtype='<U190')] ['True', 'False', 'True', 'True', 'False']
prediction: False
181 94 42 140
round: 525, dev_data: ('condition', 'I condition my hair after washing it .', 'He conditions old cars .'), dev_label: False
[array(['feeling', 'He had a great feeling for music .',
       'The house gave me a feeling of dread .'], dtype='<U190'), array(['check', 'I will check up on the car tomorrow .',
       "Katie 's sick , so I need to check up on her and see if she needs anything ."],
      dtype='<U190'), array(['case', 'It was a case of bad judgment .',
       'A case of the jitters .'], dtype='<U190'), array(['shower', 'Her church group has planned an adoption shower .',
       'He took a shower after the game .'], dtype='<U190'), array(['heart', 'The heart and soul of the Republican Party .',
       'They ran forward into the heart of the struggle .'], dtype='<U190')] ['False', 'True', 'False', 'False', 'False']
prediction: False
181 94 42 141
round: 526, dev_data: ('anesthetize', 'Anesthetize the gum before extracting the teeth .', 'The patient must be anesthetized before the operation .'), dev_label: True
[array(['set', 'Set a record .', 'To set pear trees in an orchard .'],
      dtype='<U190'), array(['militate',
       'To militate against the possibility of his election .',
       'Politeness militated against this opinion being expressed .'],
      dtype='<U190'), array(['account',
       'He predicted that although it is of small account now it will rapidly increase in importance .',
       'A person of considerable account .'], dtype='<U190'), array(['freeze',
       "Do n't go outside wearing just a t-shirt ; you 'll freeze !",
       'The water in the bowl froze .'], dtype='<U190'), array(['drill', 'Drill a hole into the wall .',
       "Do n't drill here , there 's a gas pipe ."], dtype='<U190')] ['False', 'True', 'True', 'False', 'True']
prediction: True
182 94 42 141
round: 527, dev_data: ('active', 'The ball was kicked by Fred . would , in active voice , be " Fred kicked the ball . " .', "` The boy threw the ball ' uses the active voice ."), dev_label: True
[array(['use', 'We only use Spanish at home .',
       "He does n't know how to use a computer ."], dtype='<U190'), array(['grace',
       'It has become less common to say grace before having dinner .',
       "God 's grace is manifested in the salvation of sinners ."],
      dtype='<U190'), array(['reaction',
       'When I last tried to eat strawberries I had a terrible allergic reaction .',
       "John feared his mother 's reaction when she saw the broken lamp ."],
      dtype='<U190'), array(['serve', 'This table would serve very well .',
       'They serve a restricted role on the bench .'], dtype='<U190'), array(['dress', 'Dress the windows .', "Dress the victim 's wounds ."],
      dtype='<U190')] ['True', 'False', 'False', 'True', 'False']
prediction: True
183 94 42 141
round: 528, dev_data: ('lid', 'He raised the piano lid .', 'His lids would stay open no longer .'), dev_label: False
[array(['define', 'The camera could define the smallest object .',
       'The tree was clearly defined by the light .'], dtype='<U190'), array(['authority', 'Respect my authority !',
       'She spoke with authority .'], dtype='<U190'), array(['party', 'She joined the party after dinner .',
       "We 're expecting a large party from the London office ."],
      dtype='<U190'), array(['make', 'To make like a deer caught in the headlights .',
       'They made nice together , as if their fight never happened .'],
      dtype='<U190'), array(['scale', 'The scale of the map .', 'The scale of the model .'],
      dtype='<U190')] ['True', 'False', 'True', 'True', 'True']
prediction: False
183 94 42 142
round: 529, dev_data: ('raise', 'The boss gave me a raise .', 'He got a 3 % raise .'), dev_label: True
[array(['make', 'Clothes make the man .',
       'He made to speak but said nothing in the end .'], dtype='<U190'), array(['end',
       'Start at the beginning and go on until you come to the end .',
       'The so-called glorious experiment came to an inglorious end .'],
      dtype='<U190'), array(['plane', 'He lived on a worldly plane .',
       'We will refer to the plane of the graph as the X-Y plane .'],
      dtype='<U190'), array(['finish', 'The wine has a nutty flavor and a pleasant finish .',
       'Excitement grew as the finish neared .'], dtype='<U190'), array(['extract', 'Extract information from the telegram .',
       'Extract a bad tooth .'], dtype='<U190')] ['False', 'False', 'False', 'False', 'True']
prediction: True
184 94 42 142
round: 530, dev_data: ('scare', 'A bomb scare led them to evacuate the building .', 'A war scare .'), dev_label: True
[array(['material', 'She was vice-presidential material .',
       'He was university material .'], dtype='<U190'), array(['spring', 'He will hold office until the spring of next year .',
       'You can visit me in the spring , when the weather is bearable .'],
      dtype='<U190'), array(['day', 'He deserves his day in court .',
       'In the days of sailing ships .'], dtype='<U190'), array(['enter', 'Enter a race .', 'Enter a drug treatment program .'],
      dtype='<U190'), array(['open', 'Vermont will open elk hunting season next week .',
       'Open a business .'], dtype='<U190')] ['True', 'True', 'False', 'True', 'True']
prediction: True
185 94 42 142
round: 531, dev_data: ('drive', 'He sliced his drive out of bounds .', 'His drive and energy exhausted his co-workers .'), dev_label: False
[array(['carry', 'You must carry your camping gear .',
       'This train is carrying nuclear waste .'], dtype='<U190'), array(['play', 'I used to play with trucks as a little girl .',
       'They played long and hard .'], dtype='<U190'), array(['help', 'Can you help me carry this table ?',
       'She never helps around the house .'], dtype='<U190'), array(['sex', 'They had sex in the back seat .',
       'We had sex in the back seat .'], dtype='<U190'), array(['grave', "He put flowers on his mother 's grave .",
       'He went to his grave without forgiving me .'], dtype='<U190')] ['True', 'True', 'True', 'True', 'False']
prediction: False
185 94 42 143
round: 532, dev_data: ('step', 'He paused on the bottom step .', 'The police took steps to reduce crime .'), dev_label: False
[array(['purchase', "$ 50 wo n't even purchase a dress .",
       'Carmen purchased a dress for $ 50 .'], dtype='<U190'), array(['day', 'He deserves his day in court .',
       'In the days of sailing ships .'], dtype='<U190'), array(['strike', 'Strike coins .',
       'The thought struck terror in our minds .'], dtype='<U190'), array(['remember', 'Do you remember that he once loved you ?',
       "I remember the concert clearly , but I ca n't recollect why I was there ."],
      dtype='<U190'), array(['quota', 'All the salesmen met their quota for the month .',
       'The quota for Japanese imports was negotiated .'], dtype='<U190')] ['True', 'False', 'False', 'True', 'False']
prediction: False
185 94 42 144
round: 533, dev_data: ('value', 'The value assigned was 16 milliseconds .', 'I establish the colors and principal values by organizing the painting into three values -- dark , medium ... and light - Joe Hing Lowe .'), dev_label: False
[array(['touch', 'Can he reach ? " " The chair must not touch the wall .',
       "The local Mafia wo n't touch gambling ."], dtype='<U190'), array(['make', 'Make the bed .', 'Make up a room .'], dtype='<U190'), array(['check', 'Check the brakes .', 'Check out the engine .'],
      dtype='<U190'), array(['piece', 'I need to rest for a piece .',
       'She bought a lovely piece of china .'], dtype='<U190'), array(['apply', 'Apply for a job .', 'She applied for college .'],
      dtype='<U190')] ['False', 'True', 'True', 'False', 'True']
prediction: False
185 94 42 145
round: 534, dev_data: ('standing', 'A member in good standing .', 'Of equal standing .'), dev_label: True
[array(['feel', 'I feel that we need to try harder .',
       'I felt my way cautiously through the dangerous business maneuver .'],
      dtype='<U190'), array(['account',
       'He predicted that although it is of small account now it will rapidly increase in importance .',
       'A person of considerable account .'], dtype='<U190'), array(['put', 'He put all his efforts into this job .',
       "I would n't put it that way ."], dtype='<U190'), array(['raise', 'To raise somebody to office .',
       'Chew with your mouth shut — were you raised in a barn ?'],
      dtype='<U190'), array(['drive', 'Drive the forest .',
       'She drove me to school every day .'], dtype='<U190')] ['False', 'True', 'False', 'True', 'False']
prediction: True
186 94 42 145
round: 535, dev_data: ('confront', 'You must confront your opponent .', 'John confronted it with emergency measures .'), dev_label: True
[array(['know', 'It is vital that he not know .',
       'I want to know who is winning the game !'], dtype='<U190'), array(['fire', 'Fire a bullet .', 'Surrender fires the cold skepticism .'],
      dtype='<U190'), array(['tautology',
       'Given a Boolean A , " A OR ( NOT A ) " is a tautology .',
       'A logical statement which is neither a tautology nor a contradiction is a contingency .'],
      dtype='<U190'), array(['camp', 'The houseguests had to camp in the living room .',
       'We camped there .'], dtype='<U190'), array(['roll', 'Roll your hair around your finger .',
       'Bill rolled the ball down the hill .'], dtype='<U190')] ['True', 'False', 'True', 'True', 'False']
prediction: True
187 94 42 145
round: 536, dev_data: ('assent', 'I will give this act my assent .', 'He gave his assent eagerly .'), dev_label: True
[array(['light',
       "Magoon 's governorship in Cuba was viewed in a negative light by many Cuban historians for years thereafter .",
       'The light of my life .'], dtype='<U190'), array(['stay', 'To stay a flat sheet in a steam boiler .',
       'After the trial period , she was asked to stay on and work full-time .'],
      dtype='<U190'), array(['trade', 'They are accused of conspiring to constrain trade .',
       'Venice was an important center of trade with the East .'],
      dtype='<U190'), array(['beat', 'The boat beat in the strong wind .',
       'I beat the traffic .'], dtype='<U190'), array(['serve', 'This table would serve very well .',
       'They serve a restricted role on the bench .'], dtype='<U190')] ['True', 'False', 'True', 'False', 'True']
prediction: True
188 94 42 145
round: 537, dev_data: ('refocus', 'The group needs to refocus its goals .', 'Refocus the image until it is very sharp .'), dev_label: False
[array(['work', 'Work stone into tools .',
       'How does your idea work in practice ?'], dtype='<U190'), array(['lumberyard',
       "I 'll just go to the lumberyard and buy some more two by fours so we can finish building this .",
       'He got a job at the lumberyard , working the big saw for planks .'],
      dtype='<U190'), array(['chain', 'This led to an unfortunate chain of events .',
       'A chain of ideas , one leading to the next .'], dtype='<U190'), array(['dozen', 'Can I have a dozen eggs , please ?',
       'I ordered two dozen doughnuts .'], dtype='<U190'), array(['drink', "No thanks , I do n't drink .",
       "You 've been drinking , have n't you ?"], dtype='<U190')] ['False', 'True', 'True', 'True', 'True']
prediction: True
188 95 42 145
round: 538, dev_data: ('precedence', "Its precedence as the world 's leading manufacturer of pharmaceuticals .", 'Family takes precedence over work , in an emergency .'), dev_label: True
[array(['charge', 'This cartridge has a powder charge of 50 grains .',
       'The battery needed a fresh charge .'], dtype='<U190'), array(['take', 'Can you take this bag , please .', 'Take a cookie !'],
      dtype='<U190'), array(['voice', 'The wee small voice of conscience .',
       'The voice of the law .'], dtype='<U190'), array(['fill', 'He ate his fill of potatoes .',
       "Do n't feed him any more : he 's had his fill ."], dtype='<U190'), array(['take', 'Take sick .', 'Be taken drunk .'], dtype='<U190')] ['False', 'True', 'False', 'True', 'True']
prediction: True
189 95 42 145
round: 539, dev_data: ('bank', 'Where do you bank in this town ?', 'He banked with Barclays .'), dev_label: True
[array(['disturbance',
       'He looked around for the source of the disturbance .',
       'There was a disturbance of neural function .'], dtype='<U190'), array(['make', 'One swallow does not a summer make .',
       'Clothes make the man .'], dtype='<U190'), array(['number', 'Every number has a unique position in the sequence .',
       'He has an unlisted number .'], dtype='<U190'), array(['cover', "There 's a $ 15 cover tonight .",
       'Artillery provided cover fire for the withdrawal .'],
      dtype='<U190'), array(['vote', 'They allowed just one vote per person .',
       'The Supreme Court upheld the principle of one person , one vote .'],
      dtype='<U190')] ['True', 'True', 'False', 'False', 'True']
prediction: True
190 95 42 145
round: 540, dev_data: ('squeeze', 'A gentle squeeze on the arm .', 'Increased expenses put a squeeze on profits .'), dev_label: False
[array(['answer', 'A few words would answer .', 'She answered the door .'],
      dtype='<U190'), array(['support', 'The statue stood on a marble support .',
       'He leaned against the wall for support .'], dtype='<U190'), array(['pay', "Crime does n't pay .",
       'It pays to go through the trouble .'], dtype='<U190'), array(['connection',
       'There was a connection between eating that pickle and having that nightmare .',
       'My headache has no connection with me going out last night .'],
      dtype='<U190'), array(['estimate', 'An estimate of what it would cost .',
       'Many factors are involved in any estimate of human life .'],
      dtype='<U190')] ['False', 'False', 'True', 'False', 'False']
prediction: True
190 96 42 145
round: 541, dev_data: ('light', 'They saw the light of the beacon .', 'There was a light at every corner .'), dev_label: True
[array(['fall', 'The hills around here fall towards the ocean .',
       'His eyes fell .'], dtype='<U190'), array(['visibility', 'The visibility from that angle was good .',
       'Low visibility caused by fog .'], dtype='<U190'), array(['boy', 'Steve is a boy of 16 .',
       'She made the boy brush his teeth every night .'], dtype='<U190'), array(['support', 'His faith was all the support he needed .',
       'They developed a scheme of mutual support .'], dtype='<U190'), array(['make', 'Make advances .', 'Make a phone call .'], dtype='<U190')] ['False', 'True', 'True', 'False', 'True']
prediction: True
191 96 42 145
round: 542, dev_data: ('projection', 'A prime ingredient of public speaking is projection of the voice .', 'Our ukuleles have been designed to have superior sound and projection .'), dev_label: True
[array(['floor',
       'The pit floor showed where a ring of post holes had been .',
       'The floor of a cave served the refugees as a home .'],
      dtype='<U190'), array(['series',
       'The Post Office issued a series commemorating famous American entertainers .',
       'His coin collection included the complete series of Indian-head pennies .'],
      dtype='<U190'), array(['remember', 'Remember me in your prayers .',
       'He remembered her in his will .'], dtype='<U190'), array(['drop', 'There was a drop in pressure in the pulmonary artery .',
       'A drop of 57 points on the Dow Jones index .'], dtype='<U190'), array(['come', 'Come out of the closet !', 'He came through the door .'],
      dtype='<U190')] ['True', 'True', 'False', 'True', 'True']
prediction: True
192 96 42 145
round: 543, dev_data: ('lover', 'A lover of fine wines .', 'A lover of his country .'), dev_label: True
[array(['finish', 'Booze will be the finish of him .',
       'Almost an inspiration which gives to all work that finish which is almost art "-- Joseph Conrad .'],
      dtype='<U190'), array(['school', 'The whole school turned out for the game .',
       "He did n't miss a single day of school ."], dtype='<U190'), array(['cut', 'We had to cut short the conversation .', 'Cut the noise .'],
      dtype='<U190'), array(['make', 'Make an effort .', 'Make love , not war .'], dtype='<U190'), array(['reading', 'A reading of the current situation .',
       'He was famous for his reading of Mozart .'], dtype='<U190')] ['False', 'False', 'True', 'True', 'True']
prediction: True
193 96 42 145
round: 544, dev_data: ('comparison', 'They made a comparison of noise levels .', 'To bring a thing into comparison with another .'), dev_label: True
[array(['hold', 'Hold your tongue .', 'He can hold his liquor .'],
      dtype='<U190'), array(['support', 'They called for artillery support .',
       'He applied to the state for support .'], dtype='<U190'), array(['raise', 'Raise a shout .', 'Raise a protest .'], dtype='<U190'), array(['edge', 'The edge of the leaf is wavy .', "The water 's edge ."],
      dtype='<U190'), array(['way', "Come this way and I 'll show you a shortcut .",
       'He said he was looking for the way out .'], dtype='<U190')] ['False', 'False', 'True', 'True', 'True']
prediction: True
194 96 42 145
round: 545, dev_data: ('pack', 'You had better pack your swollen ankle with ice .', 'The nurse packed gauze in the wound .'), dev_label: True
[array(['seat',
       'He sat on the arm of the chair rather than the seat , which always annoyed his mother .',
       'There were not enough seats for all the guests .'], dtype='<U190'), array(['know', 'Do you know my sister ?',
       "She does n't know this composer ."], dtype='<U190'), array(['set', 'Set this poem to music .',
       'To set pear trees in an orchard .'], dtype='<U190'), array(['turn', 'Turn cartwheels .', 'Turn a somersault .'], dtype='<U190'), array(['help', 'Please , help !', 'Can you help me carry this table ?'],
      dtype='<U190')] ['True', 'True', 'False', 'True', 'True']
prediction: False
194 96 43 145
round: 546, dev_data: ('screen', 'A metal screen protected the observers .', 'They put screens in the windows for protection against insects .'), dev_label: True
[array(['area', 'It was his area of specialization .',
       'Areas of interest include ...'], dtype='<U190'), array(['work', "Work one 's way through the crowd .",
       'She never worked because she inherited a lot of money .'],
      dtype='<U190'), array(['strike', 'Please strike this remark from the record .',
       "We must strike the enemy 's oil fields ."], dtype='<U190'), array(['habit',
       "It 's become a habit of mine to have a cup of coffee after dinner .",
       'It was their habit to dine at 7 every evening .'], dtype='<U190'), array(['be', 'I shall be writing to you soon .',
       'This building is three hundred years old .'], dtype='<U190')] ['True', 'False', 'False', 'True', 'True']
prediction: True
195 96 43 145
round: 547, dev_data: ('press', 'Press your thumb on this spot .', 'He pressed down on the boards .'), dev_label: True
[array(['krona', 'You can use paper krona ( i.e. , bills , banknotes ) .',
       'The book costs five krona .'], dtype='<U190'), array(['avoid', 'I try to avoid the company of gamblers .',
       'We avoided the ball .'], dtype='<U190'), array(['hit', 'We were hit by really bad weather .',
       'The temperature could hit 110 F tomorrow .'], dtype='<U190'), array(['call',
       'The mayor likes to call on some of the prominent citizens .',
       'She called her children lazy and ungrateful .'], dtype='<U190'), array(['know', 'Do you know my sister ?',
       'I know him under a different name .'], dtype='<U190')] ['True', 'True', 'False', 'False', 'True']
prediction: True
196 96 43 145
round: 548, dev_data: ('irritate', 'Irritate the glands of a leaf .', 'Aspirin irritates my stomach .'), dev_label: False
[array(['case', 'It may rain in which case the picnic will be canceled .',
       'Latin has six cases , and remnants of a seventh .'], dtype='<U190'), array(['give', 'Give a yelp .',
       'This student gives promise of real creativity .'], dtype='<U190'), array(['return', 'They set out on their return to the base camp .',
       'I expect the house to be spotless upon my return .'],
      dtype='<U190'), array(['howl', 'He gave a howl of pain .', 'Howls of laughter .'],
      dtype='<U190'), array(['cut', 'She cut the deck for a long time .', 'Soap cuts grease .'],
      dtype='<U190')] ['False', 'False', 'True', 'True', 'False']
prediction: True
196 97 43 145
round: 549, dev_data: ('unemployed', 'The long-term unemployed need assistance .', 'The unemployed are a growing portion of the population .'), dev_label: True
[array(['save', "I 'll save you the trouble .",
       'This will save you a lot of time .'], dtype='<U190'), array(['strangle', 'He tried to strangle his opponent .',
       'He strangled his wife and dissolved the body in acid .'],
      dtype='<U190'), array(['run', 'The team enjoyed a brief run of victories .',
       'Yesterday we did a run of 12,000 units .'], dtype='<U190'), array(['lady', 'A lady doctor .',
       'A chauffeur opened the door of the limousine for the grand lady .'],
      dtype='<U190'), array(['channel',
       'A channel is typically what you rent from a telephone company .',
       'The channel is created by bonding the signals from these four pairs .'],
      dtype='<U190')] ['True', 'True', 'False', 'True', 'True']
prediction: True
197 97 43 145
round: 550, dev_data: ('deflate', 'Deflate a balloon .', 'The bad review of his work deflated his self-confidence .'), dev_label: False
[array(['fair', 'World fair .', 'Trade fair .'], dtype='<U190'), array(['fire',
       'We sat around the fire singing songs and telling stories .',
       'Barbecue over an open fire .'], dtype='<U190'), array(['throw', 'Throw a javelin .', 'She threw herself forwards .'],
      dtype='<U190'), array(['element', 'A component or constituent element of a system .',
       'In your element .'], dtype='<U190'), array(['catch', 'Ears open to catch every sound .',
       "If he catches you on the chin , you 'll be on the mat ."],
      dtype='<U190')] ['True', 'False', 'False', 'False', 'False']
prediction: False
197 97 43 146
round: 551, dev_data: ('mold', 'Mold public opinion .', 'The furniture molded in the old house .'), dev_label: False
[array(['take', 'We take the Times every day .', 'Take action .'],
      dtype='<U190'), array(['reaction',
       'There was a chemical reaction of the lime with the ground water .',
       'In this reaction , the acid and base will neutralize each other , producing a salt .'],
      dtype='<U190'), array(['go', 'Messages must go through diplomatic channels .',
       'The speech has to go through several more drafts .'],
      dtype='<U190'), array(['stuff', 'The trunk was full of stuff .',
       "He did n't want his pockets to bulge so he was walking around with all his stuff in his hands ."],
      dtype='<U190'), array(['dozen',
       "There should n't be more than two dozen Christmas cards left to write .",
       'Can I have a dozen eggs , please ?'], dtype='<U190')] ['False', 'True', 'False', 'True', 'True']
prediction: False
197 97 43 147
round: 552, dev_data: ('top', "I do n't want to be bald , so just top my hair .", 'Top trees and bushes .'), dev_label: True
[array(['production', "Shakespeare 's production of poetry was enormous .",
       'The production of white blood cells .'], dtype='<U190'), array(['reaction',
       "He was pleased by the audience 's reaction to his performance .",
       "John feared his mother 's reaction when she saw the broken lamp ."],
      dtype='<U190'), array(['stand', 'Can you stand the bookshelf up ?',
       'He stood the broom in a corner and took a break .'], dtype='<U190'), array(['hand', 'Give him a hand .', 'Her hands are really strong .'],
      dtype='<U190'), array(['drive', 'Drive the forest .',
       'She drove me to school every day .'], dtype='<U190')] ['True', 'True', 'True', 'False', 'False']
prediction: False
197 97 44 147
round: 553, dev_data: ('freshness', 'The freshness of the air revived him .', 'She loved the freshness of newly baked bread .'), dev_label: True
[array(['break', 'Break cigarette smoking .',
       'He slipped on the ice and broke his leg .'], dtype='<U190'), array(['charge', 'The battle began with a cavalry charge .',
       'The newspaper published charges that Jones was guilty of drunken driving .'],
      dtype='<U190'), array(['image',
       'The image of f(x ) = x^2 is the set of all non-negative real numbers if the domain of the function is the set of all real numbers .',
       'The number 6 is the image of 3 under f that is defined as f(x ) = 2*x .'],
      dtype='<U190'), array(['root', 'The love of money is the root of all evil .',
       "Communism 's Russian root ."], dtype='<U190'), array(['throw', 'Throw accusations at someone .',
       'The horse threw its inexperienced rider .'], dtype='<U190')] ['False', 'False', 'True', 'True', 'False']
prediction: True
198 97 44 147
round: 554, dev_data: ('dawn', 'The dawn of civilization .', 'It was the dawn of the Roman Empire .'), dev_label: False
[array(['feel', 'I feel that we need to try harder .',
       'It feels nice to be home again .'], dtype='<U190'), array(['shortness', 'The shortness of a stubby pencil .',
       "The patient 's shortness of breath ."], dtype='<U190'), array(['place', 'Your place or mine ?',
       'If you were in my place what would you do ?'], dtype='<U190'), array(['arrangement', 'The arrangement of the furniture .',
       'A flower arrangement .'], dtype='<U190'), array(['top', 'Only the top side of the box was painted .',
       'He stared as she buttoned her top .'], dtype='<U190')] ['True', 'True', 'False', 'False', 'False']
prediction: True
198 98 44 147
round: 555, dev_data: ('slave', 'His mother was his abject slave .', "Art thou the slave that with thy breath hast kill'd/ Mine innocent child ? Shakespeare . Much Ado About Nothing ."), dev_label: True
[array(['side', 'They always sat on the right side of the church .',
       'The Confederate side was prepared to attack .'], dtype='<U190'), array(['trace', 'Trace a pattern .', "Trace the student 's progress ."],
      dtype='<U190'), array(['dress', 'Dress the patient .',
       'He was dressed in the latest fashions .'], dtype='<U190'), array(['look', "You do n't look your age !", 'This project looks fishy .'],
      dtype='<U190'), array(['disperse', 'Disperse particles .',
       'The Jews are dispersed among all nations .'], dtype='<U190')] ['False', 'False', 'True', 'False', 'False']
prediction: True
199 98 44 147
round: 556, dev_data: ('march', 'It was a long march .', 'The march went up Fifth Avenue .'), dev_label: False
[array(['live', 'Can you live on $ 2000 a month in New York City ?',
       'I lived through two divorces .'], dtype='<U190'), array(['recognition', 'Give her recognition for trying .',
       'Molecular recognition drives all of biology , for instance , hormone and receptor or antibody-antigen interactions or the organization of molecules into larger biologically active entities .'],
      dtype='<U190'), array(['figure', 'He cut a sorry figure standing there in the rain .',
       'He made a figure of Santa Claus .'], dtype='<U190'), array(['operation', 'A large-scale farming operation .',
       'It can perform millions of operations per second .'],
      dtype='<U190'), array(['dozen', "There should n't be more than two dozens .",
       'Pack the shirts in dozens , please .'], dtype='<U190')] ['False', 'False', 'False', 'False', 'True']
prediction: True
199 99 44 147
round: 557, dev_data: ('trim', 'They traditionally trim the tree on Christmas Eve .', 'Trim lumber .'), dev_label: False
[array(['lesson', 'The accident was a good lesson to me .',
       'He did the lesson for today .'], dtype='<U190'), array(['keep', 'I keep a small stock of painkillers for emergencies .',
       "There 's little to earn and many to keep ."], dtype='<U190'), array(['resistance',
       'The resistance of bacteria to certain antibiotics .',
       'Widespread resistance to the new urban development plans .'],
      dtype='<U190'), array(['draw', 'Draw a wagon .',
       "A ship 's sail is said to draw when it is filled with wind ."],
      dtype='<U190'), array(['voice', 'The wee small voice of conscience .',
       'The incessant voices of the artillery .'], dtype='<U190')] ['False', 'False', 'True', 'True', 'False']
prediction: False
199 99 44 148
round: 558, dev_data: ('overwinter', 'Insects may overwinter in fallen fruit if it is not removed .', "Shackleton 's men overwintered on Elephant Island ."), dev_label: True
[array(['fall', 'Fall into a trap .', 'Fall in love .'], dtype='<U190'), array(['make', 'He will make a fine father .', 'He makes a great host .'],
      dtype='<U190'), array(['richness',
       'He was well aware of the richness of his own appearance .',
       'The richness all around unsettled him for he had expected to find poverty .'],
      dtype='<U190'), array(['help', 'Can you help me carry this table ?',
       'She never helps around the house .'], dtype='<U190'), array(['make', 'We should make Cincinnati by 7 tonight .',
       'Make the bed .'], dtype='<U190')] ['True', 'True', 'False', 'True', 'False']
prediction: True
200 99 44 148
round: 559, dev_data: ('analogy', 'The models show by analogy how matter is built up .', 'The operation of a computer presents and interesting analogy to the working of the brain .'), dev_label: True
[array(['development',
       'In chess your should take care of your development before moving your queen .',
       'After he saw the latest development he changed his mind and became a supporter .'],
      dtype='<U190'), array(['case',
       'The accusative case canonically indicates a direct object .',
       'A case of the jitters .'], dtype='<U190'), array(['begin',
       'You can not even begin to understand the problem we had to deal with during the war .',
       'He began early in the day .'], dtype='<U190'), array(['develop', 'Develop land .',
       'The country developed its natural resources .'], dtype='<U190'), array(['beginning',
       'He was responsible for the beginning of negotiations .',
       'The beginning of the war .'], dtype='<U190')] ['True', 'False', 'False', 'True', 'False']
prediction: True
201 99 44 148
round: 560, dev_data: ('wanton', "Wanton one 's money away .", 'The young man wantoned away his inheritance .'), dev_label: True
[array(['hit', 'We were hit by really bad weather .',
       'The temperature could hit 110 F tomorrow .'], dtype='<U190'), array(['go', 'Messages must go through diplomatic channels .',
       'Do you think the sofa will go through the door ?'], dtype='<U190'), array(['head', '200 head of cattle .',
       '200 head of cattle and 50 head of horses .'], dtype='<U190'), array(['stand', 'We stand on common ground .',
       'Paris stands on the Seine .'], dtype='<U190'), array(['raise', 'Raise the question of promotions .',
       'Raise from the dead .'], dtype='<U190')] ['False', 'False', 'True', 'True', 'False']
prediction: True
202 99 44 148
round: 561, dev_data: ('escape', 'Their escape route .', 'They installed a second hatch as an escape .'), dev_label: True
[array(['help', 'This will help to prevent accidents .',
       'I served him three times , and after that he helped himself .'],
      dtype='<U190'), array(['choke', 'Choke a carburetor .',
       'The pirate choked the sailor to death .'], dtype='<U190'), array(['vehicle',
       'His editorials provided a vehicle for his political views .',
       'The play was just a vehicle to display her talents .'],
      dtype='<U190'), array(['wharf', 'Wharf the passengers .',
       'Wharf the mouth of the river .'], dtype='<U190'), array(['make', 'How much do you make a month in your new job ?',
       'She makes more than he does , and works longer hours than he does , but she still does most of the house-cleaning .'],
      dtype='<U190')] ['False', 'False', 'True', 'False', 'True']
prediction: True
203 99 44 148
round: 562, dev_data: ('section', 'No section of the nation is more ardent than the South .', 'He always turns first to the business section .'), dev_label: False
[array(['get', 'What do you get when you add up these numbers ?',
       'Get nauseous .'], dtype='<U190'), array(['time', 'See you another time .', 'This time he succeeded .'],
      dtype='<U190'), array(['commercialization',
       'The government tried to accelerate the commercialization of this development .',
       'My father considered the commercialization of Christmas to be a sacrilege .'],
      dtype='<U190'), array(['throw', 'The catcher made a good throw to second base .',
       "He could n't afford $ 50 a throw ."], dtype='<U190'), array(['wander', 'To wander over the fields .',
       'Might her husband be wandering ?'], dtype='<U190')] ['False', 'True', 'True', 'False', 'False']
prediction: False
203 99 44 149
round: 563, dev_data: ('playbook', 'They borrowed a page from the playbook of the opposition .', 'The 1963 playbook leaves out the whole first scene .'), dev_label: False
[array(['gold', 'She has a heart of gold .',
       'The child was as good as gold .'], dtype='<U190'), array(['trust',
       'He needs to regain her trust if he is ever going to win her back .',
       'He betrayed their trust .'], dtype='<U190'), array(['avoid', 'Her former friends now avoid her .',
       'He avoided his nagging .'], dtype='<U190'), array(['voice', 'The noisy voice of the waterfall .',
       'The incessant voices of the artillery .'], dtype='<U190'), array(['back', 'He wrote the date on the back of the photograph .',
       'I hung the clothes on the back of the door .'], dtype='<U190')] ['True', 'False', 'True', 'True', 'True']
prediction: True
203 100 44 149
round: 564, dev_data: ('spin', "One of the planet 's moons has a slower spin than the others .", 'The car went into a spin .'), dev_label: True
[array(['be', 'I shall be writing to you soon .',
       'He is a herpetologist .'], dtype='<U190'), array(['offset', 'To offset one charge against another .',
       'Offset deposits and withdrawals .'], dtype='<U190'), array(['submission', 'His submission to the will of God .',
       'The union was brought into submission .'], dtype='<U190'), array(['wall', 'A wall of water .',
       'Negotiations ran into a brick wall .'], dtype='<U190'), array(['reseat', 'Reseat Carnegie Hall .',
       'We should reseat this cinema-the old seats are worn .'],
      dtype='<U190')] ['False', 'True', 'True', 'True', 'True']
prediction: False
203 100 45 149
round: 565, dev_data: ('cover', 'When the pot comes to a boil , cover it and reduce the heat to medium .', 'This farm covers some 200 acres .'), dev_label: False
[array(['life', 'The battery had a short life .',
       "While there 's life there 's hope ."], dtype='<U190'), array(['smile', "She 's got a perfect smile .",
       'She had a smile on her face .'], dtype='<U190'), array(['turn', 'Turn the legs of the table .', 'Turn a somersault .'],
      dtype='<U190'), array(['lot', 'Has a happy lot .', 'Lots of people think so .'],
      dtype='<U190'), array(['academy', 'A riding academy .',
       'The American Academy of Arts and Sciences .'], dtype='<U190')] ['False', 'True', 'False', 'False', 'False']
prediction: False
203 100 45 150
round: 566, dev_data: ('truth', "He thought of answering with the truth but he knew they would n't believe it .", 'Hunger and jealousy are just eternal truths of human existence .'), dev_label: True
[array(['fair', 'World fair .', 'Trade fair .'], dtype='<U190'), array(['peace',
       'Our lounge strives to maintain an environment of peace for the comfort of our customers .',
       'My boy , this peace is what all true warriors strive for .'],
      dtype='<U190'), array(['work',
       "This unpleasant situation is n't going to work itself out .",
       'The salesman works the Midwest .'], dtype='<U190'), array(['opening', 'There was a small opening between the trees .',
       'The opening established the basic theme .'], dtype='<U190'), array(['see', 'I can see what will happen .',
       'I can see a risk in this strategy .'], dtype='<U190')] ['True', 'False', 'False', 'False', 'True']
prediction: True
204 100 45 150
round: 567, dev_data: ('splash', 'Her red hat gave her outfit a splash of color .', 'Just a splash of whiskey .'), dev_label: False
[array(['movement', 'The second movement is slow and melodic .',
       'It was an expensive watch with a diamond movement .'],
      dtype='<U190'), array(['wall', 'The south wall had a small window .',
       "We 're adding another wall in this room during the remodeling ."],
      dtype='<U190'), array(['leave', 'Leave the room .', 'She wants to leave .'], dtype='<U190'), array(['bed', 'The track bed had washed away .',
       'Sea bed , river bed , lake bed .'], dtype='<U190'), array(['break', 'Break an alibi .',
       'He slipped on the ice and broke his leg .'], dtype='<U190')] ['False', 'True', 'False', 'False', 'False']
prediction: False
204 100 45 151
round: 568, dev_data: ('match', "Their interests did n't match , so it took a long time to agree what to do together .", "These two copies are supposed to be identical , but they do n't match ."), dev_label: True
[array(['get', 'Get an idea .', 'Get nauseous .'], dtype='<U190'), array(['land', 'It can be tricky to land a helicopter .',
       'Use the net to land the fish .'], dtype='<U190'), array(['get',
       "The operator could n't get Kobe because of the earthquake .",
       'What did you get at the toy store ?'], dtype='<U190'), array(['light', "I 'm really seeing you in a different light today .",
       "Magoon 's governorship in Cuba was viewed in a negative light by many Cuban historians for years thereafter ."],
      dtype='<U190'), array(['take', 'How should I take this message ?',
       'Looking at him as he came into the room , I took him for his father .'],
      dtype='<U190')] ['True', 'True', 'False', 'True', 'True']
prediction: True
205 100 45 151
round: 569, dev_data: ('unearth', 'To unearth a secret .', 'The CIA unearthed a plot to kill the President .'), dev_label: True
[array(['assimilate',
       'The teacher paused in her lecture to allow the students to assimilate what she had said .',
       'This country assimilates immigrants very quickly .'],
      dtype='<U190'), array(['commercialization',
       'Both companies will retain control over the commercialization of their own products .',
       'My father considered the commercialization of Christmas to be a sacrilege .'],
      dtype='<U190'), array(['take', 'I used to take The Sunday Times .',
       'The hard work took its toll on her .'], dtype='<U190'), array(['business', "He bought his brother 's business .",
       'A racially integrated business concern .'], dtype='<U190'), array(['hit', 'Where am I going to get my next hit ?',
       'After three misses she finally got a hit .'], dtype='<U190')] ['False', 'True', 'False', 'True', 'False']
prediction: True
206 100 45 151
round: 570, dev_data: ('bend', 'Copper rods bend easily .', 'The road bends to the right .'), dev_label: False
[array(['do', 'We could do with a little more help around here .',
       'We did 6 miles on our hike every day .'], dtype='<U190'), array(['day', 'He was a successful pianist in his day .',
       'In the days of sailing ships .'], dtype='<U190'), array(['cover',
       'When the pot comes to a boil , cover it and reduce the heat to medium .',
       'The caravan covered almost 100 miles each day .'], dtype='<U190'), array(['master', 'A master of the violin .', 'One of the old masters .'],
      dtype='<U190'), array(['size', 'The only city of any size in that area .',
       'He blanched when he saw the size of the bill .'], dtype='<U190')] ['False', 'True', 'False', 'True', 'True']
prediction: True
206 101 45 151
round: 571, dev_data: ('reason', 'The reason I robbed the bank was that I needed the money .', 'We are told that man is endowed with reason and capable of distinguishing good from evil .'), dev_label: False
[array(['song',
       'A bird will not learn its song unless it hears it at an early age .',
       'I love hearing the song of canary birds .'], dtype='<U190'), array(['bake', 'Potatoes bake to a crisp .',
       "She 's been baking all day to prepare for the dinner ."],
      dtype='<U190'), array(['grain', 'Sand of a fine grain .', 'A stone of coarse grain .'],
      dtype='<U190'), array(['cut',
       'The glass from the shattered windshield cut into her forehead .',
       'The new tooth is cutting .'], dtype='<U190'), array(['opening', 'There is an opening in the sales department .',
       'A salamander darted out of an opening in the rocks .'],
      dtype='<U190')] ['True', 'True', 'True', 'False', 'False']
prediction: True
206 102 45 151
round: 572, dev_data: ('earth', 'The earth shook for several minutes .', "She sighed when the plane 's wheels finally touched earth ."), dev_label: False
[array(['business', 'Show me where the business was today .',
       'They did nearly a million dollars of business over the long weekend .'],
      dtype='<U190'), array(['dullness', 'There was a dullness in his heart .',
       'Without him the dullness of her life crept into her work no matter how she tried to compartmentalize it .'],
      dtype='<U190'), array(['get', "She did n't get his name when they met the first time .",
       'The ice storm got my hibiscus .'], dtype='<U190'), array(['thrust', 'She thrust the letter into his hand .',
       'The front of the trains that had collided head-on thrust up into the air .'],
      dtype='<U190'), array(['leave', 'She wants to leave .',
       "The president 's remarks left us speechless ."], dtype='<U190')] ['True', 'True', 'False', 'False', 'False']
prediction: True
206 103 45 151
round: 573, dev_data: ('shower', 'Her church group has planned an adoption shower .', 'Would male strippers be appropriate for the divorce shower ?'), dev_label: True
[array(['product', 'They improve their product every year .',
       'The product of 2 and 3 is 6 .'], dtype='<U190'), array(['war',
       'The " war on terror " is a campaign against terrorist crime .',
       'In the US , conservatives rail against the " war on Christmas " .'],
      dtype='<U190'), array(['finish',
       'When these final episodes are broadcast it will be the finish of the show .',
       'Almost an inspiration which gives to all work that finish which is almost art "-- Joseph Conrad .'],
      dtype='<U190'), array(['setup', 'It takes time to learn the setup around here .',
       'The laboratory included an elaborate setup for measuring the energy .'],
      dtype='<U190'), array(['be', 'When will the meeting be ?',
       'There were two hundred people at his funeral .'], dtype='<U190')] ['False', 'True', 'False', 'False', 'True']
prediction: True
207 103 45 151
round: 574, dev_data: ('warm', 'He came inside to warm up .', 'The soup warmed slowly on the stove .'), dev_label: True
[array(['make', 'Make merry .',
       'He made as if to punch him , but they both laughed and shook hands .'],
      dtype='<U190'), array(['get', 'What did you get at the toy store ?', 'Get someone mad .'],
      dtype='<U190'), array(['bitch', "Karma 's a bitch .",
       "My bitch just had puppies : they 're so cute !"], dtype='<U190'), array(['air', 'Air pollution .', 'A smell of chemicals in the air .'],
      dtype='<U190'), array(['place', 'He put the lamp back in its place .',
       'He has a special place in my thoughts .'], dtype='<U190')] ['True', 'False', 'False', 'True', 'False']
prediction: True
208 103 45 151
round: 575, dev_data: ('render', 'To render Latin into English .', 'She rendered the French poem into English .'), dev_label: True
[array(['freeze',
       "Do n't go outside wearing just a t-shirt ; you 'll freeze !",
       'Freeze the leftover food .'], dtype='<U190'), array(['foot', 'Armored from head to foot .',
       'His bare feet projected from his trousers .'], dtype='<U190'), array(['raise', 'We visited a farm where they raise chickens .',
       'Raise a family .'], dtype='<U190'), array(['fix', 'Fix breakfast for the guests , please .',
       'I was fixing to leave town after I paid the hotel bill .'],
      dtype='<U190'), array(['locus',
       'The locus of points equidistant from a given point is a circle .',
       'A circle is the locus of points from which the distance to the center is a given value , the radius .'],
      dtype='<U190')] ['False', 'True', 'True', 'False', 'True']
prediction: True
209 103 45 151
round: 576, dev_data: ('reunite', 'After ten years apart , the band will reunite .', 'Two of the members tried several times , but failed to reunite the band .'), dev_label: True
[array(['stand', 'We stand on common ground .',
       'Paris stands on the Seine .'], dtype='<U190'), array(['formula',
       'He gave us a general formula for attacking polynomials .',
       'X = \\frac -b \\pm \\sqrtb^2 - 4ac2a is a formula for finding the roots of the quadratic equation ax2 + bx + c = 0 .'],
      dtype='<U190'), array(['match',
       "Their interests did n't match , so it took a long time to agree what to do together .",
       'Matchmaker , can you match my daughter with a nice young man ?'],
      dtype='<U190'), array(['call', 'Take two aspirin and call me in the morning .',
       'The ship will call in Honolulu tomorrow .'], dtype='<U190'), array(['militate', 'To militate in favor of a particular result .',
       'Politeness militated against this opinion being expressed .'],
      dtype='<U190')] ['True', 'False', 'False', 'False', 'True']
prediction: True
210 103 45 151
round: 577, dev_data: ('decree', 'The King only can decree .', 'The King decreed that all firstborn males should be killed .'), dev_label: False
[array(['prise',
       'C. 1925 : Come , force the gates with crowbars , prise them apart ! — Jack Lindsay , translation of Lysistrata .',
       '2004 : Most people used pliers , scissors , rubber gloves and knives to try to prise open products . — BBC News .'],
      dtype='<U190'), array(['check',
       "Katie 's sick , so I need to check up on her and see if she needs anything .",
       'Check the oil in your car once a month .'], dtype='<U190'), array(['flap', 'He wrote on the flap of the envelope .',
       'The flap of a wing .'], dtype='<U190'), array(['back', 'His back was nicely tanned .',
       'He stood at the back of the stage .'], dtype='<U190'), array(['setting', "You ca n't do that in a university setting .",
       'The perfect setting for a ghost story .'], dtype='<U190')] ['True', 'True', 'True', 'False', 'False']
prediction: True
210 104 45 151
round: 578, dev_data: ('planting', 'The landscape architect suggested a small planting in the northwest corner .', 'He ordered the planting of policemen outside every doorway .'), dev_label: False
[array(['gravitation',
       'Gravitation can not be held responsible for people falling in love "-- Albert Einstein .',
       'Gravitation är svagare än elektromagnetismen , men påverkar all materia och energi .'],
      dtype='<U190'), array(['admit', 'The French doors admit onto the yard .',
       'This pipe admits air .'], dtype='<U190'), array(['stick', 'The policy so far is all stick and no carrot .',
       'The recipe calls for half a stick of butter .'], dtype='<U190'), array(['get', 'Where did she get these news ?',
       'You can not get water out of a stone .'], dtype='<U190'), array(['way', "Come this way and I 'll show you a shortcut .",
       'He said he was looking for the way out .'], dtype='<U190')] ['True', 'False', 'False', 'True', 'True']
prediction: False
210 104 45 152
round: 579, dev_data: ('slick', "Careful in turn three — there 's an oil slick on the road .", 'The oil slick has now spread to cover the entire bay , critically endangering the sea life .'), dev_label: True
[array(['find', 'Find the product of two numbers .',
       'She found the time and energy to take care of her aging parents .'],
      dtype='<U190'), array(['front',
       'The Japanese were active last week on the diplomatic front .',
       'They advertise on many different fronts .'], dtype='<U190'), array(['feeling', 'He lost all feeling in his arm .',
       'He had terrible feelings of guilt .'], dtype='<U190'), array(['keep', 'These potatoes keep for a long time .',
       'She keeps an apartment in Paris for her shopping trips .'],
      dtype='<U190'), array(['leave', 'At what time does your train leave ?',
       'The ship leaves at midnight .'], dtype='<U190')] ['False', 'True', 'False', 'False', 'True']
prediction: False
210 104 46 152
round: 580, dev_data: ('heartland', 'It was in the heartland of the French wine growing areas .', 'The home counties are the Conservative heartland .'), dev_label: True
[array(['fall', 'Fall prey to an imposter .', 'Fall in love .'],
      dtype='<U190'), array(['advance', 'An advance in health or knowledge .',
       'She rejected his advances .'], dtype='<U190'), array(['relate', 'I can not relate these events at all .',
       "I find it difficult to relate to others because i 'm extremely introverted ."],
      dtype='<U190'), array(['thing', 'She has a thing about him .',
       'He has a thing about seafood .'], dtype='<U190'), array(['resolution',
       'Printing at higher resolution will cause a reduction in performance .',
       'The resolution of an equation .'], dtype='<U190')] ['True', 'False', 'True', 'True', 'False']
prediction: True
211 104 46 152
round: 581, dev_data: ('gum', 'If you gum the tape it is stronger .', 'These trees gum in the Spring .'), dev_label: False
[array(['get', 'You need to get permission to leave early .',
       'He got 5 years in prison .'], dtype='<U190'), array(['hand', 'Give me a hand with the chores .',
       'He kept trying to see my hand .'], dtype='<U190'), array(['use',
       'We can use this mathematical formula to solve the problem .',
       'We only use Spanish at home .'], dtype='<U190'), array(['system',
       'In a static system oil can not be replaced by water on a surface .',
       'The system consists of a motor and a small computer .'],
      dtype='<U190'), array(['one',
       'He has the one but will need a two and three to go with it .',
       'They had lunch at one .'], dtype='<U190')] ['True', 'False', 'True', 'False', 'True']
prediction: False
211 104 46 153
round: 582, dev_data: ('handwriting', 'Handwriting can be slow and painful for one with arthritis .', 'She recognized his handwriting .'), dev_label: False
[array(['baby', 'Baby rabbits .', 'When is your baby due ?'], dtype='<U190'), array(['sound', 'The sound awakened them .', 'Owen Sound .'],
      dtype='<U190'), array(['love', "A mother 's love is not easily shaken .",
       'The theater was her first love .'], dtype='<U190'), array(['play', 'There was too much play in the steering wheel .',
       'It is still my play .'], dtype='<U190'), array(['hyponym', 'Dog is a hyponym of animal .',
       'A is a hyponym of B means that " A is a type of B. " .'],
      dtype='<U190')] ['True', 'False', 'False', 'False', 'True']
prediction: True
211 105 46 153
round: 583, dev_data: ('mail', "I 'll mail you the paper when it 's written .", "I 'll mail you the check tomorrow ."), dev_label: False
[array(['luck', 'It was my good luck to be there .',
       'They say luck is a lady .'], dtype='<U190'), array(['difference',
       "It just wo n't make much of a difference to anyone .",
       'His support made a real difference .'], dtype='<U190'), array(['begin', 'Begin a new chapter in your life .', 'Begin a cigar .'],
      dtype='<U190'), array(['read', 'She read the sky and predicted rain .',
       "I ca n't read his strange behavior ."], dtype='<U190'), array(['heat', 'Heat the house .', 'Heat the water on the stove .'],
      dtype='<U190')] ['True', 'True', 'False', 'True', 'False']
prediction: True
211 106 46 153
round: 584, dev_data: ('instinct', 'Many animals fear fire by instinct .', 'Altruistic instincts in social animals .'), dev_label: True
[array(['complexion', 'A liberal political complexion .',
       'He altered the complexion of his times .'], dtype='<U190'), array(['back', 'Can you back up your claims ?',
       "I ca n't back this plan ."], dtype='<U190'), array(['piece', 'He sacrificed a piece to get a strategic advantage .',
       'He wrote an interesting piece on Iran .'], dtype='<U190'), array(['shake', "I could n't shake the car that was following me .",
       'The bad news shook her hopes .'], dtype='<U190'), array(['strike', 'Strike a balance .', 'Strike a bargain .'],
      dtype='<U190')] ['True', 'False', 'False', 'False', 'True']
prediction: True
212 106 46 153
round: 585, dev_data: ('recourse', 'Have recourse to the courts .', 'His only recourse was the police .'), dev_label: False
[array(['breath', 'He was fighting to his last breath .',
       'Not a breath of scandal ever touched her .'], dtype='<U190'), array(['practice', 'I took over his practice when he retired .',
       'It is not the local practice to wear shorts to dinner .'],
      dtype='<U190'), array(['leave', 'Leave the flowers that you see in the park behind .',
       'Leave it as is .'], dtype='<U190'), array(['ability',
       'This wood has the ability to fight off insects , fungus , and mold for a considerable time .',
       'This phone has the ability to have its software upgraded wirelessly .'],
      dtype='<U190'), array(['impression', 'He did a funny impression of a politician .',
       'The dentist took an impression for use in preparing an inlay .'],
      dtype='<U190')] ['False', 'False', 'True', 'True', 'False']
prediction: True
212 107 46 153
round: 586, dev_data: ('exchange', 'All in all , it was an even exchange .', 'Deductible losses on sales or exchanges of property are allowable .'), dev_label: False
[array(['apply', 'Apply for a job .', 'She applied for college .'],
      dtype='<U190'), array(['get', 'You can not get water out of a stone .',
       "We 'll get them !"], dtype='<U190'), array(['interest', 'In the interest of safety .',
       'In the common interest .'], dtype='<U190'), array(['think', 'I think that he is her boyfriend .',
       'I think he is very smart .'], dtype='<U190'), array(['fatigue', 'Political fatigue .',
       'After watching TV with her husband she had a bad case of football fatigue .'],
      dtype='<U190')] ['True', 'False', 'True', 'True', 'True']
prediction: False
212 107 46 154
round: 587, dev_data: ('tube', "In Paris the subway system is called the ` metro ' and in London it is called the ` tube ' or the ` underground ' .", 'No mate , I am taking the tube !'), dev_label: True
[array(['catch', "Do n't catch your meaning .", 'Catch some sleep .'],
      dtype='<U190'), array(['take', 'Do you take sugar in your coffee ?',
       "A reading was taken of the earth 's tremors ."], dtype='<U190'), array(['light', 'Do you have a light ?',
       'Hey , buddy , you got a light ?'], dtype='<U190'), array(['unit', 'Change per unit volume .',
       'He was a member of a special police unit .'], dtype='<U190'), array(['mean', "I 'm afraid I do n't understand what you mean .",
       "The sky is red this morning — does that mean we 're in for a storm ?"],
      dtype='<U190')] ['False', 'False', 'True', 'False', 'True']
prediction: True
213 107 46 154
round: 588, dev_data: ('nature', 'They tried to preserve nature as they found it .', 'It is his nature to help others .'), dev_label: False
[array(['come', 'These shoes come in three colors .',
       'He came through the door .'], dtype='<U190'), array(['be', 'I shall be writing to you soon .',
       'I would drive you , were I to obtain a car .'], dtype='<U190'), array(['make', 'Make advances .', 'Make a phone call .'], dtype='<U190'), array(['emission', 'The emission of heat from a fire .',
       'The emission of light from the sun .'], dtype='<U190'), array(['take', 'I used to take The Sunday Times .', 'Take action .'],
      dtype='<U190')] ['False', 'True', 'True', 'True', 'False']
prediction: False
213 107 46 155
round: 589, dev_data: ('play', 'The Democrats still have some cards to play before they will concede the electoral victory .', 'He is playing his cards close to his chest .'), dev_label: True
[array(['scene',
       'The most moving scene is the final one , where he realizes he has wasted his whole life .',
       'The first act has three scenes .'], dtype='<U190'), array(['break',
       'There was a break in the action when a player was hurt .',
       'He was up two breaks in the second set .'], dtype='<U190'), array(['carry', 'These pipes carry waste water into the river .',
       'Amanda carried the package to New York from home .'],
      dtype='<U190'), array(['picture', 'The political picture is favorable .',
       'The dictionary had many pictures .'], dtype='<U190'), array(['corner', 'A piano was in one corner of the room .',
       'The corners of the wire mesh were reinforced with little blobs of solder .'],
      dtype='<U190')] ['True', 'False', 'True', 'False', 'False']
prediction: False
213 107 47 155
round: 590, dev_data: ('alleviator', 'Blessed is he who is an alleviator of suffering .', 'Aspirin is an alleviator of headaches .'), dev_label: True
[array(['masticate', 'Masticate rubber .',
       'The cow stood , quietly masticating its cud .'], dtype='<U190'), array(['cut',
       'The Vietnamese cut a lot of timber while they occupied Cambodia .',
       'Cut recording tape .'], dtype='<U190'), array(['work', 'Do you want to work after the age of 60 ?',
       'Is your husband working again ?'], dtype='<U190'), array(['finish',
       'When the finish is too thin it is difficult to apply evenly .',
       'The boat had a metallic finish .'], dtype='<U190'), array(['luck',
       'Gilbert had some bad luck yesterday — he got pick - pocketed and lost fifty dollars .',
       "I could n't believe my luck when I found a fifty dollar bill on the street ."],
      dtype='<U190')] ['False', 'False', 'True', 'True', 'True']
prediction: True
214 107 47 155
round: 591, dev_data: ('involvement', 'He escaped involvement in the accident .', 'There was additional involvement of the liver and spleen .'), dev_label: True
[array(['degree', 'A remarkable degree of frankness .',
       'There are 360 degrees in a circle .'], dtype='<U190'), array(['song', 'The song of bullets was in the air .',
       'The song of the wind .'], dtype='<U190'), array(['end',
       'Start at the beginning and go on until you come to the end .',
       'The so-called glorious experiment came to an inglorious end .'],
      dtype='<U190'), array(['roll', "I want to get there early ; let 's roll .",
       'The cameras were rolling .'], dtype='<U190'), array(['position',
       'Chief of Staff is the second-highest position in the army .',
       'Atheists do not enjoy a favorable position in American life .'],
      dtype='<U190')] ['False', 'True', 'False', 'True', 'True']
prediction: False
214 107 48 155
round: 592, dev_data: ('catch', 'If you leave now you might catch him .', 'Did you catch that allusion ?'), dev_label: False
[array(['comfort', 'His friendship was a comfort .',
       "A padded chair was one of the room 's few comforts ."],
      dtype='<U190'), array(['time', "That 's three times he 's made the same mistake .",
       "When was the last time we went out ? I do n't remember ."],
      dtype='<U190'), array(['train', 'A train of thought .',
       "Unfortunately , the leading bridesmaid stepped on the bride 's train as they were walking down the aisle ."],
      dtype='<U190'), array(['draw', 'Draw pulp from the fruit .', 'Draw blood and pus .'],
      dtype='<U190'), array(['view', 'He changed seat to get a complete view of the stage .',
       'He tried to get a better view of it .'], dtype='<U190')] ['True', 'True', 'False', 'False', 'True']
prediction: False
214 107 48 156
round: 593, dev_data: ('communication', 'The node had established communication with the network , but had as yet sent no data .', 'A secret passageway provided communication between the two rooms .'), dev_label: False
[array(['noise',
       'During the firework display that ended the gala the noise reached 98 decibels .',
       'He enjoyed the street noises .'], dtype='<U190'), array(['think', 'I think she is pretty , contrary to most people .',
       'I think that he is her boyfriend .'], dtype='<U190'), array(['number', 'The number of parameters is small .',
       'In English the subject and the verb must agree in number .'],
      dtype='<U190'), array(['drop', 'Drop a lawsuit .',
       'They dropped her after she had a child out of wedlock .'],
      dtype='<U190'), array(['place', 'He overstepped his place .',
       'He put the lamp back in its place .'], dtype='<U190')] ['True', 'True', 'False', 'False', 'False']
prediction: False
214 107 48 157
round: 594, dev_data: ('walk', 'The patient can not walk yet .', 'Walk with God .'), dev_label: False
[array(['construction', 'He had worked in construction all his life .',
       'Their main business is home construction .'], dtype='<U190'), array(['conduct', 'She can not conduct modern pieces .',
       'Bernstein conducted Mahler like no other conductor .'],
      dtype='<U190'), array(['seize', 'Birds of prey often seize small mammals .',
       'To seize smuggled goods .'], dtype='<U190'), array(['run', "Do n't run that software unless you have permission . ' .",
       'The dogs are running deer .'], dtype='<U190'), array(['round',
       "The total is $ 25,715 but to keep the figures simple , I 'll round it down to $ 25,000 .",
       'Ninety-five rounds up to one hundred .'], dtype='<U190')] ['True', 'True', 'False', 'False', 'True']
prediction: False
214 107 48 158
round: 595, dev_data: ('approach', 'He lost the hole when his approach rolled over the green .', 'The approach of winter .'), dev_label: False
[array(['smell', 'Smell out corruption .', 'I smell trouble .'],
      dtype='<U190'), array(['read', 'Read the advertisement .',
       'Have you read Salman Rushdie ?'], dtype='<U190'), array(['gold', 'She has a heart of gold .',
       'The child was as good as gold .'], dtype='<U190'), array(['break',
       'There was a break in the action when a player was hurt .',
       'He was up two breaks in the second set .'], dtype='<U190'), array(['make', 'To make like a deer caught in the headlights .',
       'This wool makes into a nice sweater .'], dtype='<U190')] ['True', 'True', 'True', 'False', 'False']
prediction: False
214 107 48 159
round: 596, dev_data: ('truth', 'He told the truth .', 'They debated the truth of the proposition .'), dev_label: False
[array(['newspaper', 'He read his newspaper at breakfast .',
       'Murdoch owns many newspapers .'], dtype='<U190'), array(['field', 'Oil field .', 'He longed for the fields of his youth .'],
      dtype='<U190'), array(['stretch',
       'Cats stretch with equal ease and agility beyond the point that breaks a man on the rack .',
       'I always stretch my muscles before exercising .'], dtype='<U190'), array(['chain', 'This led to an unfortunate chain of events .',
       'The chain of command .'], dtype='<U190'), array(['feeling', 'The surface had a greasy feeling .',
       'The wool on my arm produced a strange feeling .'], dtype='<U190')] ['False', 'True', 'True', 'True', 'True']
prediction: True
214 108 48 159
round: 597, dev_data: ('constituent', 'The animal constituent of plankton .', 'Needs continued support by constituents to be re-elected .'), dev_label: False
[array(['degree', 'A remarkable degree of frankness .',
       'There are 360 degrees in a circle .'], dtype='<U190'), array(['implement', 'Implement a procedure .',
       "It 's a good thought , but it will be a difficult thing to implement ."],
      dtype='<U190'), array(['degree', 'A remarkable degree of frankness .',
       'Most humans have a field of vision of almost 180 degrees .'],
      dtype='<U190'), array(['go', 'These ugly billboards have to go !',
       'The day went well until I got your call .'], dtype='<U190'), array(['come', 'Your wish will come true .', 'The water came to a boil .'],
      dtype='<U190')] ['False', 'False', 'False', 'False', 'True']
prediction: False
214 108 48 160
round: 598, dev_data: ('demand', 'The automobile reduced the demand for buggywhips .', 'The demand exceeded the supply .'), dev_label: True
[array(['accept', 'Accept students for graduate study .',
       'I can not accept your invitation .'], dtype='<U190'), array(['range', 'We hiked through the Andes mountain range .',
       'The valley was between two ranges of hills .'], dtype='<U190'), array(['ride', 'I ride to work in a bus .',
       'She rode a wave of popularity .'], dtype='<U190'), array(['part', 'The part of his hair was slightly to the left .',
       'His part was right in the middle .'], dtype='<U190'), array(['fill', 'The mixer returned to the plant for another fill .',
       'He ate his fill of potatoes .'], dtype='<U190')] ['False', 'True', 'False', 'True', 'False']
prediction: True
215 108 48 160
round: 599, dev_data: ('smolder', 'The remains of the bonfire were left to smolder for hours .', 'A smoldering fire .'), dev_label: True
[array(['crash',
       'The crash occurred during a thunderstorm and the system has been down ever since .',
       'His crash through the window .'], dtype='<U190'), array(['run', "I 'm not ready to run a marathon .",
       'Let the dogs run free .'], dtype='<U190'), array(['use', 'We only use Spanish at home .',
       "He does n't know how to use a computer ."], dtype='<U190'), array(['scene', 'The crazy lady made a scene in the grocery store .',
       'He painted scenes from everyday life .'], dtype='<U190'), array(['light', 'Hey , buddy , you got a light ?',
       'Although he saw it in a different light , he still did not understand .'],
      dtype='<U190')] ['False', 'False', 'True', 'False', 'False']
prediction: True
216 108 48 160
round: 600, dev_data: ('place', 'Place a bet .', 'He placed the glass on the table .'), dev_label: False
[array(['hit', 'We hit Detroit by noon .',
       'I have to hit the MAC machine before the weekend starts .'],
      dtype='<U190'), array(['address', 'He failed in his manner of address to the captain .',
       'A man of pleasing or insinuating address .'], dtype='<U190'), array(['turn', 'Turn the clay on the wheel .',
       'She turned to her relatives for help .'], dtype='<U190'), array(['effect',
       'The new law will come into effect on the first day of next year .',
       'The law is still in effect .'], dtype='<U190'), array(['hold', 'I hold with those who say life is sacred .',
       "Hold all calls to the President 's office while he is in a meeting ."],
      dtype='<U190')] ['True', 'True', 'False', 'True', 'False']
prediction: True
216 109 48 160
round: 601, dev_data: ('manage', "The young violinist did n't manage her bow very well .", "She managed her parents ' affairs after they got too old ."), dev_label: False
[array(['poison', 'Poison the atmosphere in the office .',
       "Poison someone 's mind ."], dtype='<U190'), array(['hold', 'He can hold his liquor .',
       'To carry well , i.e. to hold the head high , with arching neck .'],
      dtype='<U190'), array(['lift', 'He gave me a lift to the bus station .',
       'He gave me a lift home .'], dtype='<U190'), array(['turn', 'The strong man could turn an iron bar .',
       'Turn the earth in the Spring .'], dtype='<U190'), array(['life', "While there 's life there 's hope .",
       'Life depends on many chemical and physical processes .'],
      dtype='<U190')] ['True', 'False', 'True', 'False', 'True']
prediction: False
216 109 48 161
round: 602, dev_data: ('iceberg', 'Iceberg is still the most popular lettuce .', 'The Titanic hit an iceberg and sank .'), dev_label: False
[array(['roam', 'The cattle roam across the prairie .',
       'The gypsies roamed the woods .'], dtype='<U190'), array(['line', 'To line the shelves .', "Line one 's pockets ."],
      dtype='<U190'), array(['spot',
       'For our anniversary we went back to the same spot where we first met .',
       'A bald spot .'], dtype='<U190'), array(['play',
       "I 've practiced the piano off and on , and I still ca n't play very well .",
       'Can you play on this old recorder ?'], dtype='<U190'), array(['canvas', 'The movie demanded a dramatic canvas of sound .',
       'The crowded canvas of history .'], dtype='<U190')] ['True', 'True', 'False', 'True', 'True']
prediction: False
216 109 48 162
round: 603, dev_data: ('demand', 'I demand to see the manager .', 'The boss demanded that he be fired immediately .'), dev_label: True
[array(['break', 'I had to break a $ 100 bill just to buy the candy .',
       'Someone broke in while I was on vacation .'], dtype='<U190'), array(['land', 'The plane is about to land .',
       'The ship landed in Pearl Harbor .'], dtype='<U190'), array(['post', 'He occupied a post in the treasury .',
       'A pair of posts marked the goal .'], dtype='<U190'), array(['pull', 'Pull the string gently .', 'Pull the rope .'],
      dtype='<U190'), array(['property', 'Charm is his most endearing property .',
       'A study of the physical properties of atomic particles .'],
      dtype='<U190')] ['False', 'True', 'False', 'True', 'True']
prediction: True
217 109 48 162
round: 604, dev_data: ('react', 'The hydrogen and the oxygen react .', 'She reacts negatively to everything I say .'), dev_label: False
[array(['baron',
       'A “ robber baron ” or “ robber knight ” is an historic term and title of disdain .',
       'An oil baron .'], dtype='<U190'), array(['take', 'I take aspirin every day to thin my blood .',
       'Hitler took the Baltic Republics .'], dtype='<U190'), array(['majority',
       'Those opposing the building plans were in the majority , so the building project was canceled .',
       'The majority agreed that the new proposal was the best .'],
      dtype='<U190'), array(['touch', "Do n't touch my CDs !",
       "She did n't touch her food all night ."], dtype='<U190'), array(['give', 'Give a divorce .', 'The wall gave in .'], dtype='<U190')] ['True', 'False', 'True', 'False', 'False']
prediction: True
217 110 48 162
round: 605, dev_data: ('symbol', 'The lamb is the symbol of meekness or patience .', 'The lion is the symbol of courage .'), dev_label: True
[array(['shoulder', 'The car pulled off onto the shoulder .',
       'He stopped the car on the shoulder of the highway to change the flat tire .'],
      dtype='<U190'), array(['leave', "Leave your child the nurse 's care .",
       'At her death , she left behind her husband and 11 cats .'],
      dtype='<U190'), array(['take', 'We take the Times every day .', 'Take action .'],
      dtype='<U190'), array(['system',
       'They had to devise a system that did not depend on cooperation .',
       'The body has a system of organs for digestion .'], dtype='<U190'), array(['follow', 'Teenagers follow their friends in everything .',
       'Follow these simple rules .'], dtype='<U190')] ['True', 'False', 'False', 'False', 'False']
prediction: False
217 110 49 162
round: 606, dev_data: ('identification', 'Identification of the gun was an important clue .', "The thief 's identification was followed quickly by his arrest ."), dev_label: True
[array(['raise', 'Raise from the dead .', 'Raise a protest .'],
      dtype='<U190'), array(['mirror',
       'I had a look in the mirror to see if the blood had come off my face .',
       'We could see the lorry in the mirror , so decided to change lanes .'],
      dtype='<U190'), array(['tell', 'Please tell me how to do it .',
       'Ellen told Helen about the situation .'], dtype='<U190'), array(['unit', 'A unit of wheat is a bushel .',
       'He was a member of a special police unit .'], dtype='<U190'), array(['stretch', 'Stretch the imagination .',
       'I always stretch my muscles before exercising .'], dtype='<U190')] ['False', 'True', 'True', 'False', 'False']
prediction: True
218 110 49 162
round: 607, dev_data: ('pig', 'After the ill-advised trade , the investor was stuck with worthless options for 10,000 tons of iron pig .', 'The conveyor carried the pigs from the smelter to the freight cars .'), dev_label: True
[array(['voice', 'The voice of the law .',
       'Conservatism has many voices .'], dtype='<U190'), array(['grain', 'Sand of a fine grain .', 'A stone of coarse grain .'],
      dtype='<U190'), array(['write', 'Please write to me every week .',
       'Your son has been writing on the wall .'], dtype='<U190'), array(['be', 'I may be an hour .', 'When will the meeting be ?'],
      dtype='<U190'), array(['inventory',
       'They stopped selling in exact sizes in order to reduce inventory .',
       'They carried a vast inventory of hardware .'], dtype='<U190')] ['True', 'True', 'False', 'False', 'True']
prediction: False
218 110 50 162
round: 608, dev_data: ('slice', "A slice of the company 's revenue .", 'A slice of bread .'), dev_label: False
[array(['break',
       "If the new teacher wo n't break , we 'll add some stress .",
       'The clouds broke after the heavy downpour .'], dtype='<U190'), array(['trial', 'He had a fair trial and the jury found him guilty .',
       'The trials for the semifinals began yesterday .'], dtype='<U190'), array(['check', 'Check the brakes .', 'Check out the engine .'],
      dtype='<U190'), array(['turn', 'Turn the dial to 10 .', 'Turn the heat down .'],
      dtype='<U190'), array(['theater',
       'His grandfather was in the Pacific theater during the war .',
       'He served in the Vietnam theater for three years .'],
      dtype='<U190')] ['False', 'False', 'True', 'True', 'True']
prediction: False
218 110 50 163
round: 609, dev_data: ('work', 'Work the body onto the flatbed truck .', 'He is working his servants hard .'), dev_label: False
[array(['treat', 'Treat an oil spill .', 'Treat the lawn with chemicals .'],
      dtype='<U190'), array(['head', '200 head of cattle and 50 head of horses .',
       'A head of steam .'], dtype='<U190'), array(['field', 'A crop circle was made in a corn field .',
       'There were some cows grazing in a field .'], dtype='<U190'), array(['degree', 'He earned his degree at Princeton summa cum laude .',
       'Water boils at 100 degrees Celsius .'], dtype='<U190'), array(['eye', 'He tried to catch her eye .',
       "The thread would n't go through the eye ."], dtype='<U190')] ['True', 'False', 'True', 'False', 'False']
prediction: True
218 111 50 163
round: 610, dev_data: ('pick', 'Pick flowers .', 'Pick mushrooms .'), dev_label: True
[array(['work', 'This dough does not work easily .',
       'My wife never worked .'], dtype='<U190'), array(['beam', 'To beam forth light .',
       'The fire beamed on their faces .'], dtype='<U190'), array(['breathe', 'I can breathe better when the air is clean .',
       'Paul breathed a deep breath .'], dtype='<U190'), array(['quality',
       'Membership of this golf club is limited to those of quality and wealth .',
       'This school is well-known for having teachers of high quality .'],
      dtype='<U190'), array(['image',
       'The number 6 is the image of 3 under f that is defined as f(x ) = 2*x .',
       'The image of f(x) = x^2 is the set of all non - negative real numbers if the domain of the function is the set of all real numbers .'],
      dtype='<U190')] ['False', 'True', 'True', 'False', 'True']
prediction: True
219 111 50 163
round: 611, dev_data: ('smear', 'Smear the wall with paint .', 'She smeared her lips with lipstick .'), dev_label: True
[array(['go', "His knowledge does n't go very far .",
       'This property goes all the way to the state line .'],
      dtype='<U190'), array(['block',
       'Anne Boleyn placed her head on the block and awaited her execution .',
       'The pyramids were built with large stone blocks .'], dtype='<U190'), array(['line', 'Drop me a line when you get there .',
       "They attacked the enemy 's line ."], dtype='<U190'), array(['propagate', 'Propagate sound or light through air .',
       'Sound and light propagate in this medium .'], dtype='<U190'), array(['raise', 'Raise an army .', "Raise your ` o ' ."], dtype='<U190')] ['True', 'True', 'False', 'False', 'False']
prediction: True
220 111 50 163
round: 612, dev_data: ('gesture', 'The middle-finger gesture is really a nonverbal swear .', 'This Web browser can be controlled with mouse gestures .'), dev_label: True
[array(['one', 'This is the one I ordered .', 'He is the best one .'],
      dtype='<U190'), array(['drive', 'Drive the game .', 'He drives a bread truck .'],
      dtype='<U190'), array(['academy', 'A riding academy .',
       'The American Academy of Arts and Sciences .'], dtype='<U190'), array(['lob', 'Lob the tennis ball .',
       'The guard lobbed a pass just over the defender .'], dtype='<U190'), array(['hold', "Hold one 's nose .",
       "Hold the bridge against the enemy 's attacks ."], dtype='<U190')] ['True', 'False', 'False', 'True', 'False']
prediction: True
221 111 50 163
round: 613, dev_data: ('charge', "The wrestler 's charge carried him past his adversary .", 'The battle began with a cavalry charge .'), dev_label: True
[array(['weakness', 'His weakness increased as he became older .',
       'He has a weakness for chocolate .'], dtype='<U190'), array(['round',
       "The total is $ 25,715 but to keep the figures simple , I 'll round it down to $ 25,000 .",
       'Ninety-five rounds up to one hundred .'], dtype='<U190'), array(['face', 'Dew dripped from the face of the leaf .',
       'Put a big sign on each face of the building that can be seen from the road .'],
      dtype='<U190'), array(['carry', 'To carry the war from Greece into Asia .',
       'The jar carries wine .'], dtype='<U190'), array(['connect',
       'Operator , could you connect me to the Raffles in Singapore ?',
       'The local train does not connect with the Amtrak train .'],
      dtype='<U190')] ['False', 'True', 'True', 'False', 'False']
prediction: False
221 111 51 163
round: 614, dev_data: ('discovery', "The defense argued that the plaintiff 's discovery was inadequate .", 'The purpose of the voyage was discovery .'), dev_label: False
[array(['dog', 'The dog barked all night .',
       'The dogs were too hot to touch .'], dtype='<U190'), array(['admit', 'We can not admit non-members into our club building .',
       'They were admitted into his house .'], dtype='<U190'), array(['make', 'How much do you make a month in your new job ?',
       'She makes more than he does , and works longer hours than he does , but she still does most of the house-cleaning .'],
      dtype='<U190'), array(['baby', 'Baby rabbits .', 'When is your baby due ?'], dtype='<U190'), array(['dwelling', 'The old house served as a dwelling for Albert .',
       'I was doing dwelling in the cave .'], dtype='<U190')] ['False', 'True', 'True', 'True', 'True']
prediction: False
221 111 51 164
round: 615, dev_data: ('contribution', 'I am proud of my contribution in advancing the project .', 'He expected his contribution to be repaid with interest .'), dev_label: False
[array(['fringe', 'Her fringe is so long it covers her eyes .',
       'Interference fringe .'], dtype='<U190'), array(['conflict',
       'The familiar conflict between Republicans and Democrats .',
       'His conflict of interest made him ineligible for the post .'],
      dtype='<U190'), array(['locate',
       'Our sense of sight enables us to locate objects in space .',
       'Can you locate your cousins in the Midwest ?'], dtype='<U190'), array(['spill', 'Spill the milk .',
       'The former employee spilled all the details .'], dtype='<U190'), array(['hit', 'We hit Detroit by noon .', 'Jones hit for the pitcher .'],
      dtype='<U190')] ['False', 'False', 'False', 'False', 'True']
prediction: False
221 111 51 165
round: 616, dev_data: ('manner', 'What manner of man are you ?', 'Her dignified manner .'), dev_label: False
[array(['imbalance', 'A hormonal imbalance .',
       'The growing imbalances between the rich and poor first lead to more crime .'],
      dtype='<U190'), array(['rearrange', 'Please rearrange these files .',
       'Rearrange the furniture in my room .'], dtype='<U190'), array(['snap', 'To snap a fastener .', 'The lock snapped shut .'],
      dtype='<U190'), array(['order', 'IBM received an order for a hundred computers .',
       'The machine is now in working order .'], dtype='<U190'), array(['poison', 'We used a poison to kill the weeds .',
       'The poison of fascism .'], dtype='<U190')] ['True', 'True', 'False', 'False', 'False']
prediction: False
221 111 51 166
round: 617, dev_data: ('value', 'Value the jewelry and art work in the estate .', 'The dealer valued the book .'), dev_label: True
[array(['implication',
       'He was suspected of implication in several robberies .',
       'The expectation was spread both by word and by implication .'],
      dtype='<U190'), array(['make', "Do n't make this into a big deal .",
       'Make yourself clear .'], dtype='<U190'), array(['didacticism',
       'The didacticism of the 19th century gave birth to many great museums .',
       'The didacticism expected in books for the young .'], dtype='<U190'), array(['make', 'What do you make of his remarks ?', 'Make a dress .'],
      dtype='<U190'), array(['luck', 'Bad luck caused his downfall .',
       'Gilbert had some bad luck yesterday — he got pick - pocketed and lost fifty dollars .'],
      dtype='<U190')] ['False', 'True', 'True', 'False', 'True']
prediction: True
222 111 51 166
round: 618, dev_data: ('accept', 'To accept the report of a committee .', 'The cow accepted the bull .'), dev_label: False
[array(['charge', 'This cartridge has a powder charge of 50 grains .',
       'The newspaper published charges that Jones was guilty of drunken driving .'],
      dtype='<U190'), array(['time', 'It took more than half my time .',
       "I did n't have time to finish ."], dtype='<U190'), array(['catch', "Catch one 's breath .", 'The fire caught .'],
      dtype='<U190'), array(['prise',
       '2004 : Most people used pliers , scissors , rubber gloves and knives to try to prise open products . — BBC News .',
       '1919 : I think he must have been trying to prise open that box yonder when he was attacked . — Sax Rohmer , The Quest of the Sacred Slipper .'],
      dtype='<U190'), array(['church',
       'This building used to be a church before being converted into a library .',
       'There is a lovely little church in the valley .'], dtype='<U190')] ['False', 'True', 'False', 'True', 'True']
prediction: False
222 111 51 167
round: 619, dev_data: ('fend', 'The youngsters had to fend for themselves after their parents died .', 'The mountain climbers had to fend against the ice and snow .'), dev_label: False
[array(['use', 'Use your head !',
       'Use the plastic bags to store the food .'], dtype='<U190'), array(['lob', 'Lob the tennis ball .',
       'The tennis player lobbed the ball , which was a costly mistake .'],
      dtype='<U190'), array(['air', 'The program was on the air from 9 til midnight .',
       'There was a tension in the air which made me suspect an approaching storm .'],
      dtype='<U190'), array(['canvas', 'The movie demanded a dramatic canvas of sound .',
       'The crowded canvas of history .'], dtype='<U190'), array(['number', 'She refused to give them her Social Security number .',
       'She preferred the black nylon number .'], dtype='<U190')] ['True', 'True', 'False', 'True', 'False']
prediction: True
222 112 51 167
round: 620, dev_data: ('hour', 'The hour grows late and I must go home .', 'The hour is getting late .'), dev_label: True
[array(['draw', 'Draw water for a bath .', 'Draw parallels .'],
      dtype='<U190'), array(['foot', 'Armored from head to foot .',
       'Curled up on the foot of the bed .'], dtype='<U190'), array(['post', "If you hurry you 'll catch the post .",
       'Is there any post for me ?'], dtype='<U190'), array(['be', 'When will the meeting be ?',
       'The dog was drowned by the boy .'], dtype='<U190'), array(['lift', 'Lift the box onto the table .', 'I lifted the books .'],
      dtype='<U190')] ['False', 'False', 'False', 'True', 'True']
prediction: True
223 112 51 167
round: 621, dev_data: ('whiff', 'Whiff a pipe .', 'The gust of air whiffed away the clouds .'), dev_label: False
[array(['language',
       'Language sets homo sapiens apart from all other animals .',
       'The language introduced is standard throughout the text .'],
      dtype='<U190'), array(['thing', "I could n't tell what the thing was .",
       'She has a thing about him .'], dtype='<U190'), array(['shot', 'He wanted a shot at the champion .',
       'I caught him with a solid shot to the chin .'], dtype='<U190'), array(['operation', 'They paid taxes on every stage of the operation .',
       'They had to consolidate their operations .'], dtype='<U190'), array(['leave', 'She was granted leave to speak .',
       'The applicant now seeks leave to appeal and , if leave be granted , to appeal against these sentences .'],
      dtype='<U190')] ['False', 'False', 'False', 'True', 'True']
prediction: False
223 112 51 168
round: 622, dev_data: ('runoff', 'The runoff of nitrates is poisoning the lake .', 'When there is very heavy rainfall on California hillsides over a prolonged period , there is almost always ensuing surface runoff .'), dev_label: True
[array(['do', 'Will $ 100 do ?', 'We did 6 miles on our hike every day .'],
      dtype='<U190'), array(['hearing', 'His hearing was impaired .',
       "My hearing is n't what it used to be , but I still heard that noise ."],
      dtype='<U190'), array(['hegemony',
       'To say they have priority is not to say they have complete hegemony .',
       'The hegemony of a single member state is not incompatible with a genuine confederation .'],
      dtype='<U190'), array(['point', 'Life has lost its point .',
       'What is the point of discussing it ?'], dtype='<U190'), array(['burn', 'He watched the house burn .', 'The sun burned his face .'],
      dtype='<U190')] ['False', 'True', 'True', 'False', 'False']
prediction: True
224 112 51 168
round: 623, dev_data: ('trouble', 'What is the trouble ?', 'The troubles in Northern Ireland .'), dev_label: True
[array(['interest', 'In the common interest .', 'An interest in music .'],
      dtype='<U190'), array(['move',
       'I move to repel the rule regarding obligatory school uniform .',
       'He moved his hand slightly to the right .'], dtype='<U190'), array(['faith', 'They broke faith with their investors .',
       'Keep the faith .'], dtype='<U190'), array(['leak', 'A leak in a roof .', 'He had to clean up the leak .'],
      dtype='<U190'), array(['call', 'Take two aspirin and call me in the morning .',
       'I tried to call you all night .'], dtype='<U190')] ['False', 'False', 'True', 'True', 'True']
prediction: False
224 112 52 168
round: 624, dev_data: ('hear', 'We must hear the expert before we make a decision .', 'I heard a sound from outside the window .'), dev_label: True
[array(['bit', "I 'd like a big bit of cake , please .",
       'There are 8 bits in a byte .'], dtype='<U190'), array(['drill', "Do n't drill here , there 's a gas pipe .",
       'Drill a small hole to start the screw in the right direction .'],
      dtype='<U190'), array(['footage',
       'They had stock footage of lightning , tornados , and hurricanes .',
       'He edited the news footage .'], dtype='<U190'), array(['piece', 'It was a nice piece of work .',
       'It is down the road a piece .'], dtype='<U190'), array(['see', 'I want to see results .',
       "The 1960 's saw the rebellion of the younger generation against established traditions ."],
      dtype='<U190')] ['False', 'True', 'True', 'False', 'True']
prediction: True
225 112 52 168
round: 625, dev_data: ('demonstration', 'The lecturer shot off a pistol as a demonstration of the startle response .', 'The lecture was accompanied by dramatic demonstrations .'), dev_label: True
[array(['order', 'Order a work stoppage .', 'Order me some flowers .'],
      dtype='<U190'), array(['life', 'The oceans are teeming with life .', 'Social life .'],
      dtype='<U190'), array(['leave', 'Might I beg leave to accompany you ?',
       'The applicant now seeks leave to appeal and , if leave be granted , to appeal against these sentences .'],
      dtype='<U190'), array(['audit',
       'To audit the accounts of a treasure , or of parties who have a suit depending in court .',
       'Audit accounts and tax returns .'], dtype='<U190'), array(['hand', 'On the one hand ... , but on the other hand ...',
       'All hands on deck .'], dtype='<U190')] ['True', 'False', 'True', 'True', 'False']
prediction: True
226 112 52 168
round: 626, dev_data: ('compass', 'This writer attempts more than his talents can compass .', 'We compassed the earth .'), dev_label: False
[array(['carry', 'You must carry your camping gear .',
       'Amanda carried the package from home .'], dtype='<U190'), array(['product', 'That store offers a variety of products .',
       'That store offers a variety of products .'], dtype='<U190'), array(['see', 'Now I see !', 'I want to see whether she speaks French .'],
      dtype='<U190'), array(['station', 'The train pulled into the station .',
       'He started looking for a gas station .'], dtype='<U190'), array(['bed', 'Slices of hard-boiled egg on a bed of spinach .',
       'Lake bed .'], dtype='<U190')] ['True', 'True', 'False', 'True', 'False']
prediction: False
226 112 52 169
round: 627, dev_data: ('see', 'Do you see what I mean ?', 'See that the curtains are closed .'), dev_label: False
[array(['shock', 'He was numb with shock .',
       'The old car needed a new set of shocks .'], dtype='<U190'), array(['case',
       'For English , a compositor will ordinarily have two such cases , the upper case containing the capitals and the lower case containing the small letters .',
       'A typical case was the suburban housewife described by a marriage counselor .'],
      dtype='<U190'), array(['end', 'He came to a bad end .',
       'The so-called glorious experiment came to an inglorious end .'],
      dtype='<U190'), array(['shot', 'He wanted a shot at the champion .',
       'I caught him with a solid shot to the chin .'], dtype='<U190'), array(['head', 'A head of cauliflower .', 'A head of lettuce .'],
      dtype='<U190')] ['False', 'False', 'True', 'False', 'True']
prediction: True
226 113 52 169
round: 628, dev_data: ('arrange', 'Arrange my schedule .', 'Arrange the books on the shelves in chronological order .'), dev_label: False
[array(['pull', 'Pull a bank robbery .', 'Pull a chicken .'], dtype='<U190'), array(['see', "Let 's see -- which movie should we see tonight ?",
       'See whether you can come tomorrow .'], dtype='<U190'), array(['application', 'It is a job requiring serious application .',
       'December 31 is the deadline for MBA applications .'],
      dtype='<U190'), array(['baseball', 'He played baseball in high school .',
       'There was a baseball game on every empty lot .'], dtype='<U190'), array(['image',
       'The image of f(x ) = x^2 is the set of all non-negative real numbers if the domain of the function is the set of all real numbers .',
       'The number 6 is the image of 3 under f that is defined as f(x ) = 2*x .'],
      dtype='<U190')] ['False', 'True', 'False', 'True', 'True']
prediction: True
226 114 52 169
round: 629, dev_data: ('contact', 'The wire must not contact the metal cover .', 'The surfaces contact at this point .'), dev_label: True
[array(['marriage', 'A long and happy marriage .',
       'You should enter marriage for love .'], dtype='<U190'), array(['beat', 'Beat the subway fare .', 'Beat the table with his shoe .'],
      dtype='<U190'), array(['point', 'At that point I had to leave .', 'To fall off a point .'],
      dtype='<U190'), array(['theater',
       'His grandfather was in the Pacific theater during the war .',
       'He served in the Vietnam theater for three years .'],
      dtype='<U190'), array(['touch', 'The cooling touch of the night air .',
       'This piano has a wonderful touch .'], dtype='<U190')] ['True', 'False', 'False', 'True', 'False']
prediction: True
227 114 52 169
round: 630, dev_data: ('quest', 'A quest for diamonds .', 'A quest for wealth .'), dev_label: False
[array(['audience', 'Every artist needs an audience .',
       'He requested an audience with the king .'], dtype='<U190'), array(['water', "They were sitting by the water 's edge .",
       'First you have to cut off the water .'], dtype='<U190'), array(['one',
       'He has the one but will need a two and three to go with it .',
       'They had lunch at one .'], dtype='<U190'), array(['agonist', 'When bending the elbow the biceps are the agonist .',
       'When bending the elbow the biceps are the agonist .'],
      dtype='<U190'), array(['mire', 'Caught in the mire of poverty .',
       'The country is still trying to climb out of the mire left by its previous president .'],
      dtype='<U190')] ['False', 'False', 'True', 'True', 'True']
prediction: True
227 115 52 169
round: 631, dev_data: ('edition', 'They issued a limited edition of Bach recordings .', 'The boy is a younger edition of his father .'), dev_label: False
[array(['end', 'He came to a bad end .',
       "One end of the box was marked ` This side up ' ."], dtype='<U190'), array(['drive', 'Drive the forest .',
       'She is driving away at her doctoral thesis .'], dtype='<U190'), array(['cot',
       'A roller cot ( the clothing of a drawing roller in a spinning frame ) .',
       'A cot for a sore finger .'], dtype='<U190'), array(['drop', 'He had a drop too much to drink .',
       'A drop of each sample was analyzed .'], dtype='<U190'), array(['slip', "He 's a mere slip of a lad .",
       "She could n't hurt a fly , young slip of a girl that she is ."],
      dtype='<U190')] ['False', 'False', 'True', 'True', 'True']
prediction: False
227 115 52 170
round: 632, dev_data: ('fundus', 'The fundus of the stomach .', 'The uterine fundus .'), dev_label: True
[array(['song',
       'Thomas listened to his favorite song on the radio yesterday .',
       'A successful musical must have at least three good songs .'],
      dtype='<U190'), array(['snap', 'Snap your fingers .', 'Bullets snapped past us .'],
      dtype='<U190'), array(['third', 'A distant third .',
       'He answered the first question willingly , the second reluctantly , and the third with resentment .'],
      dtype='<U190'), array(['surgery', "He read the warning in the doctor 's surgery .",
       'I dropped in on the surgery as I was passing to show the doctor my hemorrhoids .'],
      dtype='<U190'), array(['have', 'How many cars does she have ?', 'Have an assistant .'],
      dtype='<U190')] ['True', 'False', 'True', 'True', 'False']
prediction: True
228 115 52 170
round: 633, dev_data: ('grind', 'Grind the spices in a mortar .', 'Grind a lens .'), dev_label: False
[array(['age', 'It was replaced because of its age .',
       "We 've known each other for ages ."], dtype='<U190'), array(['back', 'The train backed into the station .', 'The wind backed .'],
      dtype='<U190'), array(['get', "We 'll get them !",
       'Get me those books over there , please .'], dtype='<U190'), array(['pay', 'Pay a visit .',
       'He paid off the loan three months early .'], dtype='<U190'), array(['unit', 'A unit of wheat is a bushel .',
       'The centimetre is a unit of length .'], dtype='<U190')] ['False', 'True', 'False', 'False', 'True']
prediction: False
228 115 52 171
round: 634, dev_data: ('trim', 'Trim the christmas tree .', 'Trim a shop window .'), dev_label: True
[array(['canvas', 'The movie demanded a dramatic canvas of sound .',
       'The boxer picked himself up off the canvas .'], dtype='<U190'), array(['excuse', 'A poor excuse for an automobile .',
       'He had to get his mother to write an excuse for him .'],
      dtype='<U190'), array(['drill', 'Drill for oil .',
       "Do n't drill here , there 's a gas pipe ."], dtype='<U190'), array(['take', 'I take aspirin every day to thin my blood .',
       'Hitler took the Baltic Republics .'], dtype='<U190'), array(['bit', 'I gave him a bit of my mind .', 'A bit of lint .'],
      dtype='<U190')] ['False', 'False', 'True', 'False', 'True']
prediction: True
229 115 52 171
round: 635, dev_data: ('overhaul', 'You should overhaul your car engine .', 'Overhaul the health care system .'), dev_label: True
[array(['body',
       'Penny was in the scullery , pressing the body of her new dress .',
       'Heavenly body .'], dtype='<U190'), array(['time',
       'The judge leniently granted a sentence with no hard time .',
       'He is not living at home because he is doing time .'],
      dtype='<U190'), array(['opinion', 'He asked for a poll of public opinion .',
       'His opinions appeared frequently on the editorial page .'],
      dtype='<U190'), array(['raise', 'To raise somebody to office .',
       'Chew with your mouth shut — were you raised in a barn ?'],
      dtype='<U190'), array(['life', 'He could no longer cope with the complexities of life .',
       'Get a life .'], dtype='<U190')] ['False', 'True', 'False', 'True', 'False']
prediction: True
230 115 52 171
round: 636, dev_data: ('change', 'Ask the janitor to come and change the lightbulb .', 'After a brisk walk , I washed up and changed my shirt .'), dev_label: True
[array(['pull', 'Pull a bank robbery .', 'Pull a chicken .'], dtype='<U190'), array(['evil', 'Attempts to explain the origin of evil in the world .',
       "Do n't go giving me evils !"], dtype='<U190'), array(['refine', 'Refine paper stock .', 'Refine pig iron .'],
      dtype='<U190'), array(['spell', 'He cast a spell to cure warts .',
       'He whispered a spell as he moved his hands .'], dtype='<U190'), array(['act', 'The breaks of my new car act quickly .',
       'The dog acts ferocious , but he is really afraid of people .'],
      dtype='<U190')] ['False', 'True', 'True', 'True', 'False']
prediction: False
230 115 53 171
round: 637, dev_data: ('populate', 'Populate the forest with deer and wild boar for hunting .', 'Deer are populating the woods .'), dev_label: False
[array(['run', 'She got a run in her stocking .',
       'I have a run in my stocking .'], dtype='<U190'), array(['reaction',
       'When I last tried to eat strawberries I had a terrible allergic reaction .',
       'A bad reaction to the medicine .'], dtype='<U190'), array(['turn', 'The strong man could turn an iron bar .',
       'Turn the earth in the Spring .'], dtype='<U190'), array(['day', 'My day began early this morning .',
       'It was a busy day on the stock exchange .'], dtype='<U190'), array(['unit', 'He was a member of a special police unit .',
       'The reduced the number of units and installations .'],
      dtype='<U190')] ['True', 'True', 'False', 'True', 'True']
prediction: True
230 116 53 171
round: 638, dev_data: ('function', 'Price is a function of supply and demand .', 'Height is a function of age .'), dev_label: True
[array(['lay', 'To lay a tax on land .', "This hen does n't lay ."],
      dtype='<U190'), array(['carnival',
       'We all got to ride the merry-go-round when the brought their carnival to town .',
       'When the carnival came to town , every one wanted some cotton candy .'],
      dtype='<U190'), array(['size', "I do n't think we have the red one in your size .",
       'He wears a size 13 shoe .'], dtype='<U190'), array(['do', 'All you ever do is surf the Internet .',
       "A ' B ' grade does n't suffice to get me into medical school ."],
      dtype='<U190'), array(['open', 'Vermont will open elk hunting season next week .',
       'An opportunity opened up .'], dtype='<U190')] ['False', 'True', 'True', 'False', 'False']
prediction: True
231 116 53 171
round: 639, dev_data: ('brandish', 'Brandish a sword .', 'He brandished his sword at the pirates .'), dev_label: False
[array(['time', 'Okay , but this is the last time . No more after that !',
       "That 's three times he 's made the same mistake ."], dtype='<U190'), array(['call',
       "He heard the phone ringing but did n't want to take the call .",
       'She reported several anonymous calls .'], dtype='<U190'), array(['play', 'I used to play with trucks as a little girl .',
       'The kids were playing outside all day .'], dtype='<U190'), array(['build', 'Build a reputation .', 'Build detergents .'],
      dtype='<U190'), array(['view', 'He changed seat to get a complete view of the stage .',
       'He tried to get a better view of it .'], dtype='<U190')] ['True', 'True', 'True', 'False', 'True']
prediction: True
231 117 53 171
round: 640, dev_data: ('outdoors', 'He wanted to get outdoors a little .', 'She loves the outdoors .'), dev_label: True
[array(['beat', 'The drums beat all night .', 'Beat the rhythm .'],
      dtype='<U190'), array(['misery',
       'The misery and wretchedness of those slums is intolerable .',
       'She was exhausted by her misery and grief .'], dtype='<U190'), array(['see', 'I want to see results .',
       "You 'll see a lot of cheating in this school ."], dtype='<U190'), array(['hit', 'The thermometer hit 100 degrees .', 'I hit the jackpot .'],
      dtype='<U190'), array(['image', 'The company tried to project an altruistic image .',
       'Although her popular image was contrived it served to inspire music and pageantry .'],
      dtype='<U190')] ['False', 'False', 'True', 'True', 'True']
prediction: True
232 117 53 171
round: 641, dev_data: ('line', 'To line a copy book .', 'Trees line the riverbank .'), dev_label: False
[array(['play', 'I used to play with trucks as a little girl .',
       'They played long and hard .'], dtype='<U190'), array(['tap', 'Tap beer in a bar .',
       'Tap an M3 thread all the way through the hole .'], dtype='<U190'), array(['crack', 'To crack a whip .',
       'Registrations cracked through the 30,000 mark in the county .'],
      dtype='<U190'), array(['industry',
       'American industry is making increased use of computers to control production .',
       'Frugality and industry are still regarded as virtues .'],
      dtype='<U190'), array(['head', '200 head of cattle .',
       '12 head of big cattle and 14 head of branded calves .'],
      dtype='<U190')] ['True', 'False', 'False', 'False', 'True']
prediction: False
232 117 53 172
round: 642, dev_data: ('satellite', 'A spent upper stage is a derelict satellite .', 'The Moon is a natural satellite of the Earth .'), dev_label: True
[array(['pain', 'The pain of loneliness .',
       'That kid is a terrible pain .'], dtype='<U190'), array(['close', 'Close with the enemy .', 'Close the door .'],
      dtype='<U190'), array(['place', 'He overstepped his place .',
       'It is really not my place to say what is right and wrong in this case .'],
      dtype='<U190'), array(['scratch', "Do n't scratch your insect bites !",
       'The lovers scratched their names into the bark of the tree .'],
      dtype='<U190'), array(['read', "The gauge read ` empty ' .", 'Read the advertisement .'],
      dtype='<U190')] ['False', 'False', 'True', 'False', 'False']
prediction: True
233 117 53 172
round: 643, dev_data: ('reform', 'Reform your conduct .', 'The Church reformed me .'), dev_label: True
[array(['brim', 'Brim a cup to good fellowship .',
       'The room brimmed with people .'], dtype='<U190'), array(['ease', 'They put it into containers for ease of transportation .',
       'A life of luxury and ease .'], dtype='<U190'), array(['degree', 'Murder in the second degree .',
       'He earned his degree at Princeton summa cum laude .'],
      dtype='<U190'), array(['drop', 'He had a drop too much to drink .',
       'A drop of each sample was analyzed .'], dtype='<U190'), array(['mine', 'This diamond comes from a mine in South Africa .',
       'Most coal and ore comes from open-pit mines nowadays .'],
      dtype='<U190')] ['False', 'False', 'False', 'True', 'True']
prediction: False
233 117 54 172
round: 644, dev_data: ('study', 'He knocked lightly on the closed door of the study .', 'Anthropology is the study of human beings .'), dev_label: False
[array(['field', 'Gold field .', 'He longed for the fields of his youth .'],
      dtype='<U190'), array(['purchase', "$ 50 wo n't even purchase a dress .",
       'Carmen purchased a dress for $ 50 .'], dtype='<U190'), array(['despite',
       'The despite in which outsiders were held is legendary .',
       'She wanted neither favor nor despite .'], dtype='<U190'), array(['role',
       'The role of women has changed significantly in the last century .',
       'What is your role on the team ?'], dtype='<U190'), array(['bar', 'It was an excellent kick but the ball hit the bar .',
       'The orchestra omitted the last twelve bars of the song .'],
      dtype='<U190')] ['True', 'True', 'False', 'True', 'False']
prediction: False
233 117 54 173
round: 645, dev_data: ('age', "Age has n't slowed him down at all .", 'Old age is not for sissies .'), dev_label: True
[array(['catch', 'Catch fire .',
       'The trees caught quickly in the dry wind .'], dtype='<U190'), array(['lot', 'A lot of money .', 'He bought a lot on the lake .'],
      dtype='<U190'), array(['foot', 'Curled up on the foot of the bed .',
       'The foot of the page .'], dtype='<U190'), array(['remember', 'Remember me in your prayers .',
       'Remember to call your mother every day !'], dtype='<U190'), array(['baby', 'When is your baby due ?',
       'The baby of the Supreme Court .'], dtype='<U190')] ['True', 'False', 'True', 'False', 'False']
prediction: True
234 117 54 173
round: 646, dev_data: ('version', 'His version of the fight was different from mine .', 'An experimental version of the night fighter .'), dev_label: False
[array(['business',
       'They did nearly a million dollars of business over the long weekend .',
       'Business is good today .'], dtype='<U190'), array(['make', 'Make clay into bricks .', 'Make lead into gold .'],
      dtype='<U190'), array(['pack', 'To pack fish .', 'Crowds packed the stands .'],
      dtype='<U190'), array(['gold', 'She has a heart of gold .',
       'The child was as good as gold .'], dtype='<U190'), array(['extension',
       'Good extension comes from a combination of training and native ability .',
       'Extension of the program to all in need .'], dtype='<U190')] ['True', 'True', 'True', 'True', 'False']
prediction: True
234 118 54 173
round: 647, dev_data: ('pump', 'Pump the gas pedal .', "I 've pumped over 1000 gallons of water in the last ten minutes ."), dev_label: True
[array(['taste', 'She enjoyed her brief taste of independence .',
       'His cold deprived him of his sense of taste .'], dtype='<U190'), array(['head', 'Matters came to a head yesterday .',
       "I 've got to go to the head ."], dtype='<U190'), array(['building', 'My sister lives in that apartment building .',
       'There was a three-story building on the corner .'], dtype='<U190'), array(['image',
       'The image of f(x ) = x^2 is the set of all non-negative real numbers if the domain of the function is the set of all real numbers .',
       'The number 6 is the image of 3 under f that is defined as f(x ) = 2*x .'],
      dtype='<U190'), array(['call', 'We could always call on a friend .', 'Call roll .'],
      dtype='<U190')] ['False', 'False', 'True', 'True', 'False']
prediction: True
235 118 54 173
round: 648, dev_data: ('cattle', 'So many head of cattle .', 'Do you want to raise cattle ?'), dev_label: True
[array(['burn', 'He watched the house burn .', 'The sun burned his face .'],
      dtype='<U190'), array(['mother', 'The lioness was a mother of four cubs .',
       'Necessity is the mother of invention .'], dtype='<U190'), array(['fall', 'Fall into a trap .',
       'She fell to pieces after she lost her work .'], dtype='<U190'), array(['drive', 'Drive a golf ball .', 'He drives a bread truck .'],
      dtype='<U190'), array(['circus', 'The circus will be in town next week .',
       'He ran away from home to join the circus .'], dtype='<U190')] ['False', 'False', 'True', 'False', 'True']
prediction: True
236 118 54 173
round: 649, dev_data: ('fly', 'All nations fly their flags in front of the U.N.', 'The pilot flew to Cuba .'), dev_label: False
[array(['shtik', 'He played a shtik Beethoven .',
       'Play it straight with no shtik .'], dtype='<U190'), array(['toy', "To toy with a piece of food on one 's plate .",
       'Figo is toying with the English defence .'], dtype='<U190'), array(['carry', 'These pipes carry waste water into the river .',
       'This paper carries a restaurant review .'], dtype='<U190'), array(['head', '12 head of big cattle and 14 head of branded calves .',
       'The office was full of secret heads .'], dtype='<U190'), array(['lift', 'Some actresses have more than one face lift .',
       'Take the lift to the fourth floor .'], dtype='<U190')] ['False', 'True', 'False', 'False', 'False']
prediction: False
236 118 54 174
round: 650, dev_data: ('shipment', "We 're expecting another shipment of oranges tomorrow .", 'Shipment of hazardous waste on this route is strictly prohibited .'), dev_label: False
[array(['deal', "He 's a master of the business deal .",
       'We need to finalise the deal with Henderson by midnight .'],
      dtype='<U190'), array(['halt', 'Halt the presses .', 'Halt the engines .'], dtype='<U190'), array(['block', 'Block the wheels of a car .', 'Block his election .'],
      dtype='<U190'), array(['withholding',
       'There were allegations of the withholding of evidence .',
       'I resented his withholding permission .'], dtype='<U190'), array(['face', 'They climbed the north face of the mountain .',
       'Put a big sign on each face of the building that can be seen from the road .'],
      dtype='<U190')] ['True', 'True', 'False', 'True', 'True']
prediction: True
236 119 54 174
round: 651, dev_data: ('shake', "Do n't shake your fist at me !", 'These stories shook the community .'), dev_label: False
[array(['turn', 'Turn the heat down .',
       'This milk has turned ; it smells awful .'], dtype='<U190'), array(['pull', 'Pull a horse .', 'Pull weeds .'], dtype='<U190'), array(['ground', 'Ground the electrical connections for safety reasons .',
       'The storm grounded the ship .'], dtype='<U190'), array(['loan', 'He got a loan of five thousand pounds .',
       'All loans from the library , whether books or audio material , must be returned within two weeks .'],
      dtype='<U190'), array(['grain', 'There was a grain of truth in what he said .',
       'We stored a thousand tons of grain for the winter .'],
      dtype='<U190')] ['False', 'False', 'False', 'True', 'False']
prediction: False
236 119 54 175
round: 652, dev_data: ('bone', 'I had to bone up on my Latin verbs before the final exam .', 'Bone the turkey before roasting it .'), dev_label: False
[array(['business', 'We do business all over the world .',
       "He bought his brother 's business ."], dtype='<U190'), array(['go', 'These ugly billboards have to go !',
       'The day went well until I got your call .'], dtype='<U190'), array(['land', 'He made it the law of the land .',
       "There 's no work on the land any more ."], dtype='<U190'), array(['burn', 'Burn garbage .', 'The car burns only Diesel oil .'],
      dtype='<U190'), array(['marriage', 'A long and happy marriage .',
       'Their marriage was conducted in the chapel .'], dtype='<U190')] ['False', 'False', 'False', 'True', 'False']
prediction: False
236 119 54 176





round: 653, dev_data: ('start', 'To start a stream of water .', 'We simply could not start the engine .'), dev_label: True
[array(['liking', "I 've always had a liking for reading .",
       'She developed a liking for gin .'], dtype='<U190'), array(['impact', "His friend 's opinion had an impact on his decision .",
       "Our choice of concrete will have a tremendous impact on the building 's mechanical performance ."],
      dtype='<U190'), array(['break', 'Can you break a hundred-dollar bill for me ?',
       'The dam broke .'], dtype='<U190'), array(['day', 'My day began early this morning .',
       'It was a busy day on the stock exchange .'], dtype='<U190'), array(['communicate', 'Communicate a disease .',
       'He communicated his anxieties to the psychiatrist .'],
      dtype='<U190')] ['True', 'True', 'False', 'True', 'False']
prediction: False
236 119 55 176
round: 654, dev_data: ('pulse', 'Pulse waves .', 'A transmitter pulsed by an electronic tube .'), dev_label: True
[array(['deal', 'A deal of trouble .',
       'He rose to prominence through a series of shady deals .'],
      dtype='<U190'), array(['break', 'Break into tears .', 'The blade broke her skin .'],
      dtype='<U190'), array(['describe',
       'The feeling is difficult to describe , but not unpleasant .',
       'He described what we should do .'], dtype='<U190'), array(['sign', 'The hunters found deer sign at the end of the trail .',
       'Those clouds show signs of raining soon .'], dtype='<U190'), array(['emission', 'The emission of heat from a fire .',
       'The emission of light from the sun .'], dtype='<U190')] ['False', 'False', 'True', 'True', 'True']
prediction: True
237 119 55 176
round: 655, dev_data: ('foundation', 'The foundation of a new scientific society .', 'There is little foundation for his objections .'), dev_label: False
[array(['use', "I ca n't use this tool .",
       "He does n't know how to use a computer ."], dtype='<U190'), array(['build', 'Build up confidence .',
       'The contractor builds houses for $ 100 .'], dtype='<U190'), array(['history', 'A history of France .',
       "A critical time in the school 's history ."], dtype='<U190'), array(['bank', 'The pilot had to bank the aircraft .', 'Bank a fire .'],
      dtype='<U190'), array(['sense', 'Fortunately she had the good sense to run away .',
       "It 's common sense not to put metal objects in a microwave oven ."],
      dtype='<U190')] ['True', 'False', 'False', 'False', 'True']
prediction: False
237 119 55 177
round: 656, dev_data: ('material', 'The archives provided rich material for a definitive biography .', 'Coal is a hard black material .'), dev_label: False
[array(['play', 'Play safe .', 'Play fair .'], dtype='<U190'), array(['day', 'My day began early this morning .',
       'It was a busy day on the stock exchange .'], dtype='<U190'), array(['engagement',
       "We are enjoying a long engagement , but have n't yet set a date .",
       "The teacher tried to increase his students ' engagement in class activities ."],
      dtype='<U190'), array(['application', 'The application of indexes to tables of data .',
       'The iPhone application VR+ connects to major social networks .'],
      dtype='<U190'), array(['deal', 'Deal a blow to someone .',
       'I can deal with this crew of workers .'], dtype='<U190')] ['True', 'True', 'False', 'False', 'False']
prediction: True
237 120 55 177
round: 657, dev_data: ('foul', 'To foul the face or hands with mire .', "She 's fouled her diaper ."), dev_label: True
[array(['disposition', 'He has a happy disposition .',
       'I have little disposition now to do as you say .'], dtype='<U190'), array(['keep',
       "The family 's fortune waned and they could not keep their household staff .",
       'Keep count .'], dtype='<U190'), array(['top', 'He stared as she buttoned her top .',
       'I bought this top as it matches my jeans .'], dtype='<U190'), array(['head', '200 head of cattle and 50 head of horses .',
       'A head of steam .'], dtype='<U190'), array(['point', 'He missed the point of the joke .',
       "The cannibal 's teeth were filed to sharp points ."],
      dtype='<U190')] ['False', 'False', 'True', 'False', 'False']
prediction: False
237 120 56 177
round: 658, dev_data: ('buy', "I 'm going to buy my father something nice for his birthday .", 'She buys for the big department store .'), dev_label: True
[array(['night', 'From noon till night .',
       'They worked from morning to night .'], dtype='<U190'), array(['throw', 'Throw the car into reverse .',
       'Have , throw , or make a party .'], dtype='<U190'), array(['order', 'The machinery is out of order .',
       'Magnolias belong to the order Magnoliales .'], dtype='<U190'), array(['trade', 'Will you trade your precious watch for my earring ?',
       'The stock traded around $ 20 a share .'], dtype='<U190'), array(['get', "I ca n't get these boots off ( or on ) .",
       'That song gets me so depressed every time I hear it .'],
      dtype='<U190')] ['True', 'False', 'False', 'False', 'True']
prediction: True
238 120 56 177
round: 659, dev_data: ('coat', 'A second coat of paint .', 'When the dog shed its coat , it left hair all over the furniture and the carpet .'), dev_label: False
[array(['channel',
       'A channel is typically what you rent from a telephone company .',
       'The channel is created by bonding the signals from these four pairs .'],
      dtype='<U190'), array(['canvas', 'The movie demanded a dramatic canvas of sound .',
       'The boxer picked himself up off the canvas .'], dtype='<U190'), array(['follow', 'Follow the trail .', 'Follow a pattern .'],
      dtype='<U190'), array(['carry', 'Put down 5 and carry 2 .', 'I am carrying his child .'],
      dtype='<U190'), array(['gather', 'Gather the close family members .',
       'Be careful not to stretch or gather your knitting .'],
      dtype='<U190')] ['True', 'False', 'False', 'False', 'True']
prediction: False
238 120 56 178
round: 660, dev_data: ('resume', 'Resume a title .', "Resume one 's duties ."), dev_label: True
[array(['take', "I take it you 're not going ?",
       'How should I take this message ?'], dtype='<U190'), array(['light', "I 'm really seeing you in a different light today .",
       'The light of my life .'], dtype='<U190'), array(['year', 'I was born in the year 1950 .',
       'A normal year has 365 full days , but there are 366 days in a leap year .'],
      dtype='<U190'), array(['go', 'How did your interview go ?',
       'How fast does your new car go ?'], dtype='<U190'), array(['baby', 'Stop being a baby !',
       "Stand up for yourself - do n't be such a baby !"], dtype='<U190')] ['True', 'True', 'True', 'False', 'True']
prediction: True
239 120 56 178
round: 661, dev_data: ('answer', 'There is no simple answer to corruption .', 'The answers were in the back of the book .'), dev_label: True
[array(['footage',
       'They had stock footage of lightning , tornados , and hurricanes .',
       'He edited the news footage .'], dtype='<U190'), array(['stabilization',
       'Wage stabilization is necessary for industrial peace .',
       'Stabilization means that the product can be handled under atmospheric conditions .'],
      dtype='<U190'), array(['float', 'Float a ship .', 'The boat floated on the water .'],
      dtype='<U190'), array(['serve', 'We serve meals for the homeless .',
       "The President 's wisdom has served the country well ."],
      dtype='<U190'), array(['use', 'We only use Spanish at home .', 'Use your head !'],
      dtype='<U190')] ['True', 'True', 'False', 'False', 'True']
prediction: True
240 120 56 178
round: 662, dev_data: ('prize', 'We prize his creativity .', 'I prize these old photographs .'), dev_label: False
[array(['come', 'Come out of the closet !',
       'He comes from humble origins .'], dtype='<U190'), array(['hit', 'He tries to hit on women in bars .', 'He hit a home run .'],
      dtype='<U190'), array(['optimization',
       'To promote the optimization and diversification of agricultural products .',
       'In an optimization problem we seek values of the variables that lead to an optimal value of the function that is to be optimized .'],
      dtype='<U190'), array(['see',
       'I must see your passport before you can enter the country .',
       'See whether you can come tomorrow .'], dtype='<U190'), array(['break', 'Break an alibi .', 'The dam broke .'], dtype='<U190')] ['False', 'False', 'True', 'False', 'False']
prediction: True
240 121 56 178
round: 663, dev_data: ('deposit', 'Deposit the suitcase on the bench .', 'She deposits her paycheck every month .'), dev_label: False
[array(['school', 'The whole school turned out for the game .',
       "He did n't miss a single day of school ."], dtype='<U190'), array(['bevy', 'A bevy of young beach boys swarmed around him .',
       'He was surrounded by a bevy of beauties in bathing attire .'],
      dtype='<U190'), array(['choke', 'Choke a carburetor .',
       'The pirate choked the sailor to death .'], dtype='<U190'), array(['make', 'What do you make of his remarks ?', 'Make a mistake .'],
      dtype='<U190'), array(['apparition',
       'The sudden apparition of the Spaniards . – William H. Prescott .',
       'The apparition of Lawyer Clippurse occasioned much speculation in that portion of the world . – Sir W. Scott .'],
      dtype='<U190')] ['False', 'True', 'False', 'False', 'True']
prediction: False
240 121 56 179
round: 664, dev_data: ('graduate', 'Graduate a cylinder .', 'This school graduates 2,000 students each year .'), dev_label: False
[array(['conquer', 'Conquer your fears .', 'Conquer a country .'],
      dtype='<U190'), array(['order', 'It was on the order of a mile .', 'Law and order .'],
      dtype='<U190'), array(['quarter', "It 's a quarter til 4 .",
       'The wind is coming from that quarter .'], dtype='<U190'), array(['run', 'Run an errand .',
       'Who are these people running around in the building ?'],
      dtype='<U190'), array(['grace',
       "God 's grace is manifested in the salvation of sinners .",
       'There but for the grace of God go I .'], dtype='<U190')] ['True', 'False', 'False', 'False', 'True']
prediction: False
240 121 56 180
round: 665, dev_data: ('shade', 'The butterfly wings shade to yellow .', 'Shade your eyes when you step out into the bright sunlight .'), dev_label: False
[array(['section', 'There are three synagogues in the Jewish section .',
       'She got a job in the historical section of the Treasury .'],
      dtype='<U190'), array(['floor', 'The room has a wooden floor .',
       'They needed rugs to cover the bare floors .'], dtype='<U190'), array(['come', "He 's come a long way .", 'The shoes came untied .'],
      dtype='<U190'), array(['behalf', 'In your behalf .', 'Campaigning in his own behalf .'],
      dtype='<U190'), array(['work', 'She knows how to work the system .',
       'Is your husband working again ?'], dtype='<U190')] ['False', 'True', 'False', 'True', 'False']
prediction: False
240 121 56 181
round: 666, dev_data: ('point', 'Point a chimney .', 'He pointed to the empty parking space .'), dev_label: False
[array(['turn', 'Turn your palm this way .',
       'Turn the clay on the wheel .'], dtype='<U190'), array(['fix', 'Fix breakfast for the guests , please .',
       "That 'll fix him good !"], dtype='<U190'), array(['know', "She does n't know this composer .",
       'I know him under a different name .'], dtype='<U190'), array(['shoot', 'Shoot a goal .',
       'In my round of golf yesterday I shot a 76 .'], dtype='<U190'), array(['drop', 'Drop a hint .', 'Shop til you drop .'], dtype='<U190')] ['False', 'False', 'True', 'True', 'False']
prediction: False
240 121 56 182
round: 667, dev_data: ('lesson', 'The accident was a good lesson to me .', 'I hope this accident taught you a lesson !'), dev_label: True
[array(['hold', 'I hold with those who say life is sacred .',
       'She can hold an audience spellbound .'], dtype='<U190'), array(['sex', '( The believers ... those ... ) who abstain from sex .',
       'All you ever think about is sex .'], dtype='<U190'), array(['break', 'Twigs break off of those branches easily .',
       'Break a promise .'], dtype='<U190'), array(['stand', 'We had to stand for the entire performance !',
       'There stood on the corner a statue .'], dtype='<U190'), array(['strike', 'Strike a medal .', 'Strike coins .'], dtype='<U190')] ['False', 'True', 'False', 'True', 'True']
prediction: True
241 121 56 182
round: 668, dev_data: ('grace', 'A beautiful figure which she used in subtle movements of unparalleled grace .', 'The conception of grace developed alongside the conception of sin .'), dev_label: False
[array(['space', 'It all happened in the space of 10 minutes .',
       'They tested his ability to locate objects in space .'],
      dtype='<U190'), array(['fail', 'I fail to understand your motives .',
       'A number of banks failed that year .'], dtype='<U190'), array(['number', 'The number of parameters is small .',
       'He had a number of chores to do .'], dtype='<U190'), array(['mouth', "Open your mouth and say ' aah ' , directed the doctor .",
       'He stuffed his mouth with candy .'], dtype='<U190'), array(['snap', 'Snap your fingers .', 'Bullets snapped past us .'],
      dtype='<U190')] ['False', 'False', 'True', 'True', 'False']
prediction: False
241 121 56 183
round: 669, dev_data: ('negociate', 'Negociate securities .', 'The parties negociated all night .'), dev_label: False
[array(['peace',
       'Our lounge strives to maintain an environment of peace for the comfort of our customers .',
       'My boy , this peace is what all true warriors strive for .'],
      dtype='<U190'), array(['replace', 'The insurance will replace the lost income .',
       'We need to replace the secretary that left a month ago .'],
      dtype='<U190'), array(['pass', 'He had a pass for three days .',
       'It was not possible to complete the computation in a single pass .'],
      dtype='<U190'), array(['line', "I ca n't follow your line of reasoning .",
       'Toe the line .'], dtype='<U190'), array(['sale', 'They are having a clearance sale : 50 % off .',
       'They held a sale to reduce their inventory .'], dtype='<U190')] ['False', 'True', 'False', 'False', 'True']
prediction: False
241 121 56 184
round: 670, dev_data: ('toehold', 'American diplomacy provided a toehold on which to proceed toward peace talks .', 'His father gave him a toehold in the oil business .'), dev_label: True
[array(['convention', 'Political convention .',
       'The EU installed an inter-institutional Convention to draft a European constitution .'],
      dtype='<U190'), array(['resign',
       'He had no choice but to resign the game and let his opponent become the champion .',
       'The chairman resigned when he was found to have misappropriated funds .'],
      dtype='<U190'), array(['light', 'Put that light out !',
       'He stopped the car and turned off the lights .'], dtype='<U190'), array(['floor', 'Many sunken ships rest on the ocean floor .',
       'The floor of the pelvis .'], dtype='<U190'), array(['slowcoach', 'In England they call a slowpoke a slowcoach .',
       'Hey you slowcoaches in the back ! Get a move on !'], dtype='<U190')] ['True', 'False', 'True', 'True', 'True']
prediction: False
241 121 57 184
round: 671, dev_data: ('garden', 'Our garden is overgrown with weeds .', 'This house has a swimming pool , a tent , a swing set and a fountain in the garden .'), dev_label: True
[array(['stuff', 'Stuff a pillow with feathers .',
       'My nose is all stuffed .'], dtype='<U190'), array(['vicinity', 'The plane crashed in the vicinity of Asheville .',
       'There is a hurricane in the vicinity of the Bahamas .'],
      dtype='<U190'), array(['give', 'Give the orders .',
       "I 'm going to give my wife a necklace for her birthday ."],
      dtype='<U190'), array(['break', "Let 's break for lunch .",
       'A man broken by the terrible experience of near-death .'],
      dtype='<U190'), array(['develop', 'We must develop more potential customers .',
       'The embryo develops into a fetus .'], dtype='<U190')] ['False', 'True', 'False', 'False', 'False']
prediction: True
242 121 57 184
round: 672, dev_data: ('protection', 'They had no protection from the fallout .', 'The witnesses demanded police protection .'), dev_label: False
[array(['play', 'Play fair .', 'Play football .'], dtype='<U190'), array(['stock', 'They will cut round stock to 1-inch diameter .',
       'His stock was so high he could have been elected mayor .'],
      dtype='<U190'), array(['way', "Come this way and I 'll show you a shortcut .",
       'He said he was looking for the way out .'], dtype='<U190'), array(['ringing', 'The ringing of the telephone .',
       'The tintinnabulation that so voluminously swells from the ringing and the dinging of the bells "-- E. A. Poe .'],
      dtype='<U190'), array(['mount', 'Mount a theater production .', 'Mount a play .'],
      dtype='<U190')] ['False', 'False', 'True', 'True', 'True']
prediction: True
242 122 57 184
round: 673, dev_data: ('loosen', 'Loosen the tension on a rope .', 'Loosen the soil .'), dev_label: False
[array(['work', 'She knows how to work the system .',
       'Is your husband working again ?'], dtype='<U190'), array(['build', 'Build up confidence .',
       'The contractor builds houses for $ 100 .'], dtype='<U190'), array(['suffer', "I 've been suffering your insults for years .",
       'He suffered the penalty .'], dtype='<U190'), array(['bar', 'He bought a hot dog and a coke at the bar .',
       'The boat ran aground on a submerged bar in the river .'],
      dtype='<U190'), array(['action',
       'The United Nations must have the power to propose and organize action without being hobbled by irrelevant issues .',
       'Recent federal action undermined the segregationist position .'],
      dtype='<U190')] ['False', 'False', 'True', 'False', 'True']
prediction: True
242 123 57 184
round: 674, dev_data: ('discipline', 'He insisted on discipline among the troops .', 'The offenders deserved the harsh discipline they received .'), dev_label: False
[array(['run', 'Interest rates run from 5 to 10 percent .',
       'Our coach had us running plays for the whole practice .'],
      dtype='<U190'), array(['construct', 'Construct an argument .', 'Construct a proof .'],
      dtype='<U190'), array(['song', 'The song of the wind .',
       'Thomas listened to his favorite song on the radio yesterday .'],
      dtype='<U190'), array(['art', 'The art of conversation .', 'How great thou art !'],
      dtype='<U190'), array(['dog', 'The dog barked all night .',
       'The dogs were too hot to touch .'], dtype='<U190')] ['False', 'True', 'False', 'True', 'False']
prediction: True
242 124 57 184
round: 675, dev_data: ('waste', 'Waste heat .', 'Waste a joke on an unappreciative audience .'), dev_label: True
[array(['seat', 'The seat of these trousers is almost worn through .',
       'The seat of his pants was worn through .'], dtype='<U190'), array(['ball', 'A ball of fire .', 'A ball of twine .'], dtype='<U190'), array(['school', 'The school was built in 1932 .',
       'Our children attend a public school in our neighborhood .'],
      dtype='<U190'), array(['pay', 'Does she pay you for the work you are doing ?',
       'Pay attention .'], dtype='<U190'), array(['history', 'A history of France .',
       "A critical time in the school 's history ."], dtype='<U190')] ['True', 'True', 'False', 'False', 'False']
prediction: False
242 124 58 184
round: 676, dev_data: ('act', 'You should act like an adult .', "He 's acting strangely - I think there 's something wrong with him ."), dev_label: True
[array(['assimilate',
       'The teacher paused in her lecture to allow the students to assimilate what she had said .',
       'This country assimilates immigrants very quickly .'],
      dtype='<U190'), array(['law', 'There is a law against kidnapping .',
       'By law , one is not allowed to own a wallaby in New York City .'],
      dtype='<U190'), array(['start', 'To start a stream of water .', 'Start a new job .'],
      dtype='<U190'), array(['reaction', 'A bad reaction to the medicine .',
       'The announcement of the verdict brought a violent reaction .'],
      dtype='<U190'), array(['pay', 'Pay a call .', "You 'll pay for this !"], dtype='<U190')] ['False', 'False', 'False', 'True', 'False']
prediction: True
243 124 58 184
round: 677, dev_data: ('card', 'They have to card anybody who looks 21 or younger .', "I heard you do n't get carded at the other liquor store ."), dev_label: True
[array(['find', 'My son went to Berkeley to find himself .',
       'The arrow found its mark .'], dtype='<U190'), array(['patch', 'A patch of bad weather .', 'A patch of clouds .'],
      dtype='<U190'), array(['see',
       'I must see your passport before you can enter the country .',
       'See whether you can come tomorrow .'], dtype='<U190'), array(['origin', 'Mineral origin .', 'Vegetable origins .'], dtype='<U190'), array(['life',
       'It was a heavy play and the actors tried in vain to give life to it .',
       'The life of this milk carton may be thousands of years in this landfill .'],
      dtype='<U190')] ['False', 'False', 'False', 'True', 'False']
prediction: True
244 124 58 184
round: 678, dev_data: ('evoke', 'Evoke sympathy .', 'This remark evoked sadness .'), dev_label: False
[array(['catch', 'Ears open to catch every sound .', 'Catch a glimpse .'],
      dtype='<U190'), array(['life', "She 's my love , my life .",
       'He could no longer cope with the complexities of life .'],
      dtype='<U190'), array(['add', 'To add numbers .',
       'This paper will add to her reputation .'], dtype='<U190'), array(['shell', 'Shell the legumes .', 'Shell mussels .'], dtype='<U190'), array(['back', 'His back was nicely tanned .',
       "They pinned a ` kick me ' sign on his back ."], dtype='<U190')] ['True', 'False', 'False', 'True', 'False']
prediction: True
244 125 58 184
round: 679, dev_data: ('blanket', 'The city woke under a thick blanket of fog .', 'There was a blanket of snow .'), dev_label: False
[array(['persuasion', 'I am not of your persuasion .',
       'It is his persuasion that abortion should never be condoned .'],
      dtype='<U190'), array(['home', 'Deliver the package to my home .',
       "He does n't have a home to go to ."], dtype='<U190'), array(['business', 'A racially integrated business concern .',
       'We do business all over the world .'], dtype='<U190'), array(['stick', 'The policy so far is all stick and no carrot .',
       'The recipe calls for half a stick of butter .'], dtype='<U190'), array(['break', 'Nobody can break out -- this prison is high security .',
       'They broke into my car and stole my radio !'], dtype='<U190')] ['True', 'True', 'False', 'False', 'False']
prediction: True
244 126 58 184
round: 680, dev_data: ('inundate', 'The Dutch would sometimes inundate the land to hinder the Spanish army .', 'The basement was inundated after the storm .'), dev_label: False
[array(['side', 'He never left my side .',
       'They always sat on the right side of the church .'], dtype='<U190'), array(['field', 'He planted a field of wheat .',
       'There were some cows grazing in a field .'], dtype='<U190'), array(['word', 'I give you my word that I will be there on time .',
       'He gave his word .'], dtype='<U190'), array(['development', 'What a revolting development !',
       'Recent developments in Iraq .'], dtype='<U190'), array(['course', 'The course of the river .',
       'He took a course in basket weaving .'], dtype='<U190')] ['True', 'True', 'True', 'True', 'False']
prediction: True
244 127 58 184
round: 681, dev_data: ('lump', 'A lump of coal .', 'Do you want one lump or two with your coffee ?'), dev_label: False
[array(['school', 'The school was built in 1932 .',
       'Our children attend a public school in our neighborhood .'],
      dtype='<U190'), array(['cut', 'Cut orders .', 'Cut a caper .'], dtype='<U190'), array(['operation', 'A multinational operation .',
       'They had to consolidate their operations .'], dtype='<U190'), array(['immolate', 'Immolate the valuables at the temple .',
       'The Aztecs immolated human victims .'], dtype='<U190'), array(['throw', 'Throw the car into reverse .',
       'She threw a beautiful teapot .'], dtype='<U190')] ['False', 'False', 'True', 'True', 'False']
prediction: True
244 128 58 184
round: 682, dev_data: ('snag', 'Snag a bargain .', 'I snagged my stocking .'), dev_label: False
[array(['connect',
       'The new railroad will connect the northern part of the state to the southern part .',
       'Can you connect the two loudspeakers ?'], dtype='<U190'), array(['return', 'In return we gave them as good as we got .',
       'His gross income was enough that he had to file a tax return .'],
      dtype='<U190'), array(['hold', 'Hold your tongue .',
       'About a dozen animals were held inside the stockade .'],
      dtype='<U190'), array(['text',
       "They handed out the printed text of the mayor 's speech .",
       'There were more than a thousand words of text .'], dtype='<U190'), array(['offer', 'Offer prayers to the gods .', 'He offered his opinion .'],
      dtype='<U190')] ['True', 'False', 'False', 'True', 'False']
prediction: False
244 128 58 185
round: 683, dev_data: ('hollow', 'He built himself a cabin in a hollow high up in the Appalachians .', 'Hunger had caused the hollows in their cheeks .'), dev_label: False
[array(['dig', 'Dig salt .', 'Dig out a channel .'], dtype='<U190'), array(['reflection',
       'After careful reflection , I have decided not to vote for that proposition .',
       'He studied his reflection in the mirror .'], dtype='<U190'), array(['earth', 'Earth the circuit .',
       'That noise is because the amplifier is not properly earthed .'],
      dtype='<U190'), array(['narrowness',
       'The attraction of the book is precisely its narrowness of focus .',
       'The problem with achievement tests is the narrowness they impose on students .'],
      dtype='<U190'), array(['play', "This speech did n't play well with the American public .",
       'His remarks played to the suspicions of the committee .'],
      dtype='<U190')] ['False', 'False', 'True', 'True', 'True']
prediction: False
244 128 58 186
round: 684, dev_data: ('do', 'What makes her do this way ?', "Do n't behave like a fool ."), dev_label: True
[array(['face', 'Why the sad face ?',
       'I wish I had seen the look on his face when he got the news .'],
      dtype='<U190'), array(['connect',
       'The telephone company finally put in lines to connect the towns in this area .',
       'Did you finally connect with your long-lost cousin ?'],
      dtype='<U190'), array(['performance', 'They admired his performance under stress .',
       'They listened to ten different performances .'], dtype='<U190'), array(['reply', 'Please reply to my letter .',
       'He replied that he was not sure .'], dtype='<U190'), array(['resolution',
       'Printing at higher resolution will cause a reduction in performance .',
       'The resolution of an equation .'], dtype='<U190')] ['False', 'False', 'False', 'True', 'False']
prediction: True
245 128 58 186
round: 685, dev_data: ('network', 'A network of canals .', 'Retirement meant dropping out of a whole network of people who had been part of my life .'), dev_label: False
[array(['charge', 'This cartridge has a powder charge of 50 grains .',
       'The newspaper published charges that Jones was guilty of drunken driving .'],
      dtype='<U190'), array(['face',
       'Put a big sign on each face of the building that can be seen from the road .',
       'She wanted to wipe him off the face of the earth .'],
      dtype='<U190'), array(['keep', 'I keep my specimens under glass to protect them .',
       'Keep smiling .'], dtype='<U190'), array(['touch', "I would n't touch her with a ten-foot pole .",
       "The local Mafia wo n't touch gambling ."], dtype='<U190'), array(['snap', 'If you bend it too much , it will snap .',
       'She snapped a picture of the President .'], dtype='<U190')] ['False', 'True', 'True', 'True', 'False']
prediction: True
245 129 58 186
round: 686, dev_data: ('tad', 'A tad too expensive .', 'Not a tad of difference .'), dev_label: True
[array(['break', 'Break down a proof .', 'Break an alibi .'], dtype='<U190'), array(['stage', 'It set the stage for peaceful negotiations .',
       'He clambered up onto the stage and got the actors to help him into the box .'],
      dtype='<U190'), array(['drag',
       'He took a drag on his cigarette and expelled the smoke slowly .',
       'He performed in drag .'], dtype='<U190'), array(['give', 'Give a yelp .', 'Give a gulp .'], dtype='<U190'), array(['get', "She did n't get to Chicago until after midnight .",
       'The blow got him in the back .'], dtype='<U190')] ['True', 'False', 'False', 'True', 'False']
prediction: True
246 129 58 186
round: 687, dev_data: ('avert', 'Avert a strike .', 'How can the danger be averted ?'), dev_label: True
[array(['rub', 'Rub my hands .', 'Rub oil into her skin .'], dtype='<U190'), array(['round', 'There was a round of applause .',
       'They brought us a round of drinks about every thirty minutes .'],
      dtype='<U190'), array(['perversion',
       'Perversion also shows up in kinky telephone cords .',
       'The tendrils of the plant exhibited perversion .'], dtype='<U190'), array(['carry', 'These pipes carry waste water into the river .',
       'Amanda carried the package from home .'], dtype='<U190'), array(['line',
       'The answer to the comprehension question can be found in the third line of the accompanying text .',
       'A nice line of shoes .'], dtype='<U190')] ['True', 'False', 'True', 'True', 'False']
prediction: True
247 129 58 186
round: 688, dev_data: ('receive', 'These aspects of civilization do not find expression or receive an interpretation .', 'His movie received a good review .'), dev_label: True
[array(['get', "I ca n't get these boots off ( or on ) .",
       'Get me those books over there , please .'], dtype='<U190'), array(['trust', 'We can trust in God .',
       'In God We Trust - written on denominations of US currency .'],
      dtype='<U190'), array(['play', 'Play football .', 'Play cards .'], dtype='<U190'), array(['thing', 'This thing has got to end .',
       'It is a remarkable thing .'], dtype='<U190'), array(['hand', "I did n't hold a good hand all evening .",
       'Objections were voiced on every hand .'], dtype='<U190')] ['True', 'True', 'True', 'True', 'False']
prediction: True
248 129 58 186
round: 689, dev_data: ('inwardness', "The sensitiveness of James 's characters , their seeming inwardness .", 'Inwardness is what an Englishman quite simply has , painlessly , as a birthright .'), dev_label: True
[array(['interest', 'Victorian furniture is an interest of mine .',
       'He counts reading among his interests .'], dtype='<U190'), array(['be', 'I shall be writing to you soon .',
       'We liked to chat while we were eating .'], dtype='<U190'), array(['charge', 'Can I charge this purchase ?', 'Charge a conductor .'],
      dtype='<U190'), array(['reenactment',
       "They 're going to the Civil War battle reenactment this weekend .",
       'The reenactment of the battle of Princeton .'], dtype='<U190'), array(['see', 'He is blind -- he can not see .', 'I saw him laughing .'],
      dtype='<U190')] ['True', 'True', 'False', 'True', 'True']
prediction: True
249 129 58 186
round: 690, dev_data: ('cure', 'Cure pickles .', 'The smoke and heat cures the meat .'), dev_label: True
[array(['drop', 'He had a drop too much to drink .',
       'There is not a drop of pity in that man .'], dtype='<U190'), array(['draw', 'To draw a memorial , a deed , or bill of exchange .',
       "The deed was drawn in the lawyer 's office ."], dtype='<U190'), array(['number', 'He had a number of chores to do .',
       'It was one of the best numbers he ever did .'], dtype='<U190'), array(['see', 'You have to be a good observer to see all the details .',
       'I saw him laughing .'], dtype='<U190'), array(['mouth', 'The jar had a wide mouth .',
       'They built a fire at the mouth of the cave .'], dtype='<U190')] ['True', 'True', 'False', 'True', 'False']
prediction: True
250 129 58 186
round: 691, dev_data: ('speculation', 'He knew the stock was a speculation when he bought it .', 'Speculations about the outcome of the election .'), dev_label: False
[array(['repair',
       'One can never fully repair the suffering and losses of the Jews in the Third Reich .',
       'He repaired to his cabin in the woods .'], dtype='<U190'), array(['room', 'Room to pass .',
       "There was n't that much elbow room in the aircraft ."],
      dtype='<U190'), array(['take', 'Tomorrow the doctor will take the cast off her arm .',
       'He took off his shoes .'], dtype='<U190'), array(['work',
       "The voting process does n't work as well as people thought .",
       'The medicine works only if you take it with a lot of water .'],
      dtype='<U190'), array(['nomination', 'The Republican nomination for Governor .',
       'His nomination was hotly protested .'], dtype='<U190')] ['False', 'True', 'True', 'True', 'False']
prediction: True
250 130 58 186
round: 692, dev_data: ('minute', 'He ran a 4 minute mile .', 'You have twenty minutes to complete the test .'), dev_label: True
[array(['book', 'He used a large book as a doorstop .',
       'Many readers find the first book of A Tale of Two Cities to be confusing .'],
      dtype='<U190'), array(['language',
       'Language sets homo sapiens apart from all other animals .',
       'The language introduced is standard throughout the text .'],
      dtype='<U190'), array(['treat', 'She was tempted to treat the whole affair as a joke .',
       'I treated his advances as a joke .'], dtype='<U190'), array(['support',
       'They gave him emotional support during difficult times .',
       'His support kept the family together .'], dtype='<U190'), array(['feel', 'My cold is gone -- I feel fine today .',
       'She felt tired after the long hike .'], dtype='<U190')] ['False', 'False', 'True', 'True', 'True']
prediction: True
251 130 58 186
round: 693, dev_data: ('dereliction', 'The new soldier did not clean his cabin and was scolded for dereliction and disobedience .', 'What he did was a terrible dereliction of duty .'), dev_label: True
[array(['fire',
       'There was a fire at the school last night and the whole place burned down .',
       'We sat around the fire singing songs and telling stories .'],
      dtype='<U190'), array(['leak', 'One of the tires developed a leak .',
       'The leaks by Chelsea Manning showed the secrets of the US military .'],
      dtype='<U190'), array(['slowcoach', 'In England they call a slowpoke a slowcoach .',
       'Hey you slowcoaches in the back ! Get a move on !'], dtype='<U190'), array(['stay', 'Stay alone .', 'Stay put in the corner here !'],
      dtype='<U190'), array(['furniture',
       'They had too much furniture for the small apartment .',
       'A chair is furniture . Sofas are also furniture .'], dtype='<U190')] ['False', 'False', 'True', 'False', 'True']
prediction: True
252 130 58 186
round: 694, dev_data: ('interpretation', 'The report included his interpretation of the forensic evidence .', 'The edict was subject to many interpretations .'), dev_label: False
[array(['space', 'Write your name in the space provided .',
       'It all happened in the space of 10 minutes .'], dtype='<U190'), array(['spend', 'I spend my pocket money in two days .',
       'I spent the time worrying about the future .'], dtype='<U190'), array(['give', "Give one 's talents to a good cause .",
       'Can you give me lessons ?'], dtype='<U190'), array(['feeder', 'A bark feeder .', 'A mud feeder .'], dtype='<U190'), array(['play', 'Play the stock market .', 'Play cards .'], dtype='<U190')] ['False', 'False', 'False', 'True', 'False']
prediction: True
252 131 58 186
round: 695, dev_data: ('administer', 'Administer the last unction .', 'Administer an exam .'), dev_label: False
[array(['gather', 'Gather some stones .',
       'If you want to emphasise the shape , it is possible to gather the waistline .'],
      dtype='<U190'), array(['slack',
       'Suddenly they were in a slack and the water was motionless .',
       'A gradual slack in output .'], dtype='<U190'), array(['leave', "She did n't leave until midnight .",
       'Leave the flowers that you see in the park behind .'],
      dtype='<U190'), array(['coverage',
       "Do n't go to lunch if we do n't have enough coverage for the help-desk phones .",
       "The dictionary 's coverage of standard English is excellent ."],
      dtype='<U190'), array(['face', "He 's always stuffing his face with chips .",
       'Dew dripped from the face of the leaf .'], dtype='<U190')] ['False', 'False', 'False', 'True', 'False']
prediction: True
252 132 58 186
round: 696, dev_data: ('juncture', "We 're at a crucial juncture in our relationship .", 'At that juncture he had no idea what to do .'), dev_label: True
[array(['lead', 'A good lead for a job .',
       "They did n't follow our lead ."], dtype='<U190'), array(['serve', 'They serve a restricted role on the bench .',
       'He had served in financial planning positions .'], dtype='<U190'), array(['finish',
       'When the finish is too thin it is difficult to apply evenly .',
       'The boat had a metallic finish .'], dtype='<U190'), array(['sectarianism', 'He condemned religious sectarianism .',
       'They were discussing sectarianism between Shias and Sunnis .'],
      dtype='<U190'), array(['drop', 'There is not a drop of pity in that man .',
       'Put three drops of oil into the mixture .'], dtype='<U190')] ['False', 'True', 'True', 'True', 'True']
prediction: True
253 132 58 186
round: 697, dev_data: ('vow', 'The old hermit , up in the mountains , took a vow of silence .', 'They took vows of poverty .'), dev_label: True
[array(['kill', 'Kill a motion .', 'These new shoes are killing me !'],
      dtype='<U190'), array(['language',
       'The language introduced is standard throughout the text .',
       'The gift of language .'], dtype='<U190'), array(['paste', 'Paste the sign on the wall .',
       'Cut and paste the sentence in the text .'], dtype='<U190'), array(['air',
       'There was a tension in the air which made me suspect an approaching storm .',
       'A smell of chemicals in the air .'], dtype='<U190'), array(['escape', 'He made his escape from the mental hospital .',
       'The prisoners made their escape by digging a tunnel .'],
      dtype='<U190')] ['False', 'True', 'True', 'True', 'True']
prediction: True
254 132 58 186
round: 698, dev_data: ('boil', 'Add the noodles when the water comes to the boil .', 'They brought the water to a boil .'), dev_label: True
[array(['stretch', 'A stretch of clear water .',
       'He did a stretch in the federal penitentiary .'], dtype='<U190'), array(['know', 'We know this movie .',
       'This flower is known as a Peruvian Lily .'], dtype='<U190'), array(['stick', 'To stick an apple on a fork .',
       'He stuck the cloth with the needle .'], dtype='<U190'), array(['break', "My daughter 's fancy wedding is going to break me !",
       'He broke the glass plate .'], dtype='<U190'), array(['fire',
       'Hold your fire until you can see the whites of their eyes .',
       'Barbecue over an open fire .'], dtype='<U190')] ['False', 'True', 'True', 'False', 'False']
prediction: True
255 132 58 186
round: 699, dev_data: ('spike', 'The seismograph showed a sharp spike in response to the temblor .', 'The second baseman sharpened his spikes before every game .'), dev_label: False
[array(['call', 'I would not call her beautiful .',
       'Take two aspirin and call me in the morning .'], dtype='<U190'), array(['world', 'He sailed around the world .',
       'All the world loves a lover .'], dtype='<U190'), array(['corner', 'Standing on the corner watching all the girls go by .',
       'In many corners of the world they still practice slavery .'],
      dtype='<U190'), array(['roam', 'The cattle roam across the prairie .',
       'The gypsies roamed the woods .'], dtype='<U190'), array(['take', 'Take steps .', 'Shall we take a guide in Rome ?'],
      dtype='<U190')] ['False', 'False', 'False', 'True', 'False']
prediction: False
255 132 58 187
round: 700, dev_data: ('puff', 'Puff a cigar .', 'He huffed and puffed as he made his way up the mountain .'), dev_label: False
[array(['system', 'The system consists of a motor and a small computer .',
       'He bought a new stereo system .'], dtype='<U190'), array(['leave', 'She wants to leave .',
       "The president 's remarks left us speechless ."], dtype='<U190'), array(['shoot', 'Shoot a movie .', 'He shot seventeen stills .'],
      dtype='<U190'), array(['play', 'Play sports .', 'Play cards .'], dtype='<U190'), array(['mouth', 'The jar had a wide mouth .',
       'They built a fire at the mouth of the cave .'], dtype='<U190')] ['True', 'False', 'True', 'True', 'False']
prediction: False
255 132 58 188
round: 701, dev_data: ('demand', 'I demand an explanation .', 'I demand an immediate explanation .'), dev_label: True
[array(['stay', 'Stay alone .', 'Stay put in the corner here !'],
      dtype='<U190'), array(['go', 'Can I go now ?', "It 's your turn ; go ."], dtype='<U190'), array(['pay', 'Pay up , please !', 'She offered to pay the bill .'],
      dtype='<U190'), array(['exercise', 'Some parents exercise their infants .',
       'This puzzle will exercise your mind .'], dtype='<U190'), array(['rustle', 'Rustle cattle .',
       'The dry leaves were rustling in the breeze .'], dtype='<U190')] ['False', 'True', 'True', 'True', 'False']
prediction: True
256 132 58 188
round: 702, dev_data: ('meet', 'Meet a need .', 'My proposal met with much opposition .'), dev_label: False
[array(['door', 'Education is the door to success .',
       'We closed the door to Haitian immigrants .'], dtype='<U190'), array(['spread', 'I spread the rice grains evenly over the floor .',
       'He spread fertilizer over the lawn .'], dtype='<U190'), array(['war',
       'The " war on drugs " is a campaign against the use of narcotic drugs .',
       'The war against crime .'], dtype='<U190'), array(['shape', 'Shape the dough .', 'Shape a figure .'], dtype='<U190'), array(['center',
       "It is a center 's responsibility to get the football to the quarterback .",
       'His stories made him the center of the party .'], dtype='<U190')] ['True', 'True', 'True', 'False', 'False']
prediction: True
256 133 58 188
round: 703, dev_data: ('synthesize', 'His operas synthesize music and drama in perfect harmony .', 'The liver synthesizes vitamins .'), dev_label: True
[array(['osculate', 'These two surfaces osculate .',
       'One curve osculates the other .'], dtype='<U190'), array(['change', 'She brought a change in her overnight bag .',
       'The product is undergoing a change in order to improve it .'],
      dtype='<U190'), array(['break', 'Can you break a hundred-dollar bill for me ?',
       'The wholesaler broke the container loads into palettes and boxes for local retailers .'],
      dtype='<U190'), array(['prise',
       '2004 : Most people used pliers , scissors , rubber gloves and knives to try to prise open products . — BBC News .',
       '1919 : I think he must have been trying to prise open that box yonder when he was attacked . — Sax Rohmer , The Quest of the Sacred Slipper .'],
      dtype='<U190'), array(['keep', 'Keep potatoes fresh .', 'Keep notes .'], dtype='<U190')] ['True', 'False', 'True', 'True', 'False']
prediction: False
256 133 59 188
round: 704, dev_data: ('flagship', 'It is their flagship newspaper .', "The retail company 's store in London is their flagship ."), dev_label: True
[array(['unionize',
       'My uncle got roughed up by some corporate thugs after they caught him trying to unionize their workers .',
       'The company laid off all the workers when they tried to unionize .'],
      dtype='<U190'), array(['stand', 'Can you stand the bookshelf up ?',
       'He stood the broom in a corner and took a break .'], dtype='<U190'), array(['charge', 'The child was a charge of the nanny .',
       'The teacher led her charges across the street .'], dtype='<U190'), array(['title', 'A good title to an estate , or an imperfect title .',
       'His title to fame .'], dtype='<U190'), array(['year', 'This Chinese year is the year of the Rooster .',
       'She is 4 years old .'], dtype='<U190')] ['True', 'True', 'True', 'False', 'True']
error
round: 704, dev_data: ('flagship', 'It is their flagship newspaper .', "The retail company 's store in London is their flagship ."), dev_label: True
[array(['suffer', "I 've been suffering your insults for years .",
       'Many saints suffered martyrdom .'], dtype='<U190'), array(['make', 'He will make a fine father .', 'He makes a great host .'],
      dtype='<U190'), array(['save',
       "Let 's save the packaging in case we need to send the product back .",
       'This will save money .'], dtype='<U190'), array(['follow', 'Teenagers follow their friends in everything .',
       'Follow these simple rules .'], dtype='<U190'), array(['smother', 'Smother a yawn .',
       'The butter cream smothered the cake .'], dtype='<U190')] ['True', 'True', 'False', 'False', 'False']
prediction: True
257 133 59 188
round: 705, dev_data: ('stringer', 'A second stringer .', 'A first stringer .'), dev_label: True
[array(['snorter', "The maths problem is a real snorter , is n't it ?",
       'The problem was a real snorter .'], dtype='<U190'), array(['unit',
       'After the battle the soldier had trouble rejoining his unit .',
       'The coach said the offensive unit did a good job .'],
      dtype='<U190'), array(['stage',
       'The stage pulled into town carrying the payroll for the mill and three ladies .',
       'At what stage are the social sciences ?'], dtype='<U190'), array(['taproot', 'The taproot of his resentment .',
       'Genius and insanity spring from the same taproot .'],
      dtype='<U190'), array(['variety', 'The range and variety of his work is amazing .',
       'Varieties are frequently recognized in botany .'], dtype='<U190')] ['True', 'True', 'False', 'True', 'False']
prediction: True
258 133 59 188
round: 706, dev_data: ('thing', "I could n't tell what the thing was .", 'Things are going well .'), dev_label: False
[array(['catch', 'Catch fire .', 'Catch the mood .'], dtype='<U190'), array(['world', 'The world of insects .', 'The outdoor world .'],
      dtype='<U190'), array(['floor',
       'The pit floor showed where a ring of post holes had been .',
       'The room has a wooden floor .'], dtype='<U190'), array(['costume', 'He won the prize for best costume .',
       'We wore gorilla costumes to the party .'], dtype='<U190'), array(['job', 'He gave it up as a bad job .',
       'She did an outstanding job as Ophelia .'], dtype='<U190')] ['True', 'True', 'False', 'True', 'True']
prediction: False
258 133 59 189
round: 707, dev_data: ('carrier', 'The bonds were transmitted by carrier .', 'Refrigerated carriers have revolutionized the grocery business .'), dev_label: False
[array(['ground', 'Ground the electrical connections for safety reasons .',
       'The storm grounded the ship .'], dtype='<U190'), array(['product',
       "We 've got to sell a lot of product by the end of the month .",
       'That store offers a variety of products .'], dtype='<U190'), array(['court', 'The girls were playing in the court .',
       'The house was built around an inner court .'], dtype='<U190'), array(['use',
       'We can use this mathematical formula to solve the problem .',
       "He does n't know how to use a computer ."], dtype='<U190'), array(['stick', 'The policy so far is all stick and no carrot .',
       'The recipe calls for half a stick of butter .'], dtype='<U190')] ['False', 'True', 'True', 'True', 'False']
prediction: True
258 134 59 189
round: 708, dev_data: ('foul', 'Foul the water .', 'Jones fouled for strike one .'), dev_label: False
[array(['work', 'Work the metal .', 'The salesman works the Midwest .'],
      dtype='<U190'), array(['support',
       'The president no longer has the support of his own party .',
       'They developed a scheme of mutual support .'], dtype='<U190'), array(['floor', 'The room has a wooden floor .',
       'We spread our sleeping bags on the dry floor of the tent .'],
      dtype='<U190'), array(['complexion', 'A liberal political complexion .',
       'He altered the complexion of his times .'], dtype='<U190'), array(['insulate', 'Ceramic can be used to insulate power lines .',
       'We had his bedroom insulated before winter came .'], dtype='<U190')] ['False', 'True', 'True', 'True', 'True']
prediction: False
258 134 59 190
round: 709, dev_data: ('ping', "I 'll ping my accountant -- April 15 is nearing .", 'My car was pinging until my last oil change .'), dev_label: False
[array(['play', 'Play a hooked fish .',
       'He played $ 20 on the new horse .'], dtype='<U190'), array(['hit', 'We were hit by really bad weather .',
       'He hit .300 in the past season .'], dtype='<U190'), array(['fatigue', 'Political fatigue .',
       'The American public is experiencing scandal fatigue .'],
      dtype='<U190'), array(['do', 'Do nothing .', 'Will $ 100 do ?'], dtype='<U190'), array(['detach', 'Detach a regiment .',
       'His retina detached and he had to be rushed into surgery .'],
      dtype='<U190')] ['False', 'False', 'True', 'False', 'False']
prediction: False
258 134 59 191
round: 710, dev_data: ('receive', 'Receive letters from the front .', 'The lady is receiving Sunday morning .'), dev_label: False
[array(['spring', 'The emerging buds were a sure sign of spring .',
       'You can visit me in the spring , when the weather is bearable .'],
      dtype='<U190'), array(['fall', 'Fall prey to an imposter .',
       'Her hair fell across her forehead .'], dtype='<U190'), array(['model', 'He is the very model of a modern major general .',
       'A model of clarity .'], dtype='<U190'), array(['focus', 'Please focus the image .',
       "You 'll need to focus the microscope carefully in order to capture the full detail of this surface ."],
      dtype='<U190'), array(['break', 'Break a circuit .', 'Break a promise .'], dtype='<U190')] ['True', 'False', 'True', 'True', 'False']
prediction: False
258 134 59 192
round: 711, dev_data: ('rule', "Rule one 's temper .", 'Rule the margins .'), dev_label: False
[array(['scale', 'The Holocaust was insanity on an enormous scale .',
       'There are some who question the scale of our ambitions .'],
      dtype='<U190'), array(['drink', 'Can I buy you a drink ?', 'I asked for a hot drink .'],
      dtype='<U190'), array(['go', "Let 's go this way for a while .",
       'Her money went on clothes .'], dtype='<U190'), array(['stay', 'Stay alone .', 'I can only stay for an hour .'],
      dtype='<U190'), array(['lift', 'Take the lift to the fourth floor .',
       'He responded with a lift of his eyebrow .'], dtype='<U190')] ['True', 'True', 'False', 'True', 'False']
prediction: False
258 134 59 193
round: 712, dev_data: ('contrast', 'The students contrast considerably in their artistic abilities .', "The middle school teacher contrasted her best student 's work with that of her weakest student ."), dev_label: False
[array(['beat', 'Beat the cream .', 'Beat the egg whites .'], dtype='<U190'), array(['offset', "I 'll offset the time difference locally .",
       'Offset deposits and withdrawals .'], dtype='<U190'), array(['hyponym', 'Dog is a hyponym of animal .',
       'British is a hyponym of European .'], dtype='<U190'), array(['respect', 'Out of respect for his privacy .',
       'She lost all respect for him .'], dtype='<U190'), array(['hearing', 'His hearing was impaired .',
       "My hearing is n't what it used to be , but I still heard that noise ."],
      dtype='<U190')] ['True', 'True', 'True', 'False', 'True']
prediction: True
258 135 59 193
round: 713, dev_data: ('tier', 'Tier upon tier of huge casks .', 'A three tier wedding cake .'), dev_label: True
[array(['process', 'Events now in process .', 'The process of thinking .'],
      dtype='<U190'), array(['shot', "His parting shot was ` drop dead ' .",
       'I caught him with a solid shot to the chin .'], dtype='<U190'), array(['drill', 'Drill a hole into the wall .', 'Drill for oil .'],
      dtype='<U190'), array(['bar', 'It was an excellent kick but the ball hit the bar .',
       'The orchestra omitted the last twelve bars of the song .'],
      dtype='<U190'), array(['turn', 'Turn the heat down .',
       'This milk has turned ; it smells awful .'], dtype='<U190')] ['False', 'False', 'True', 'False', 'False']
prediction: True
259 135 59 193
round: 714, dev_data: ('stone', 'Her face was as hard as stone .', 'Stone is abundant in New England and there are many quarries .'), dev_label: False
[array(['faith', 'They broke faith with their investors .',
       'Keep the faith .'], dtype='<U190'), array(['find', 'I can not find my gloves !',
       'Did you find your glasses ?'], dtype='<U190'), array(['range', 'A piano has a greater range than the human voice .',
       'He answered a range of questions .'], dtype='<U190'), array(['connection',
       'The connection between church and state is inescapable .',
       'The connection between overeating and obesity .'], dtype='<U190'), array(['think', 'I think he is very smart .',
       'Think what a scene it must have been !'], dtype='<U190')] ['True', 'True', 'False', 'True', 'False']
prediction: False
259 135 59 194
round: 715, dev_data: ('zero', 'The temperature outside is ten degrees below zero .', 'The electromagnetic field does not drop all of the way to zero before a reversal .'), dev_label: False
[array(['drink', "No thanks , I do n't drink .",
       "You 've been drinking , have n't you ?"], dtype='<U190'), array(['refer', 'Refer a patient to a specialist .',
       'Christians refer to the mother of Jesus as the Virgin Mary .'],
      dtype='<U190'), array(['head', '200 head of cattle and 50 head of horses .',
       'At five years of age this head of cattle is worth perhaps $ 40 .'],
      dtype='<U190'), array(['avoid', 'Her former friends now avoid her .',
       'He avoided his nagging .'], dtype='<U190'), array(['strike', 'Strike a balance .', 'Strike a bargain .'],
      dtype='<U190')] ['True', 'False', 'True', 'True', 'True']
prediction: False
259 135 59 195
round: 716, dev_data: ('consolidation', 'The defendants asked for a consolidation of the actions against them .', 'A consolidation of two corporations .'), dev_label: True
[array(['believe',
       'Should we believe a publication like the National Enquirer ?',
       'You can not believe this man .'], dtype='<U190'), array(['cup', 'The cup of her bra .',
       'Bees filled the waxen cups with honey .'], dtype='<U190'), array(['life', "While there 's life there 's hope .",
       'He gave up on life .'], dtype='<U190'), array(['come', 'Come out of the closet !', 'He came through the door .'],
      dtype='<U190'), array(['outwardness',
       'What is the origin of the outwardness of our sensations of sound , smell , or taste .',
       'The outwardness of the world .'], dtype='<U190')] ['True', 'True', 'True', 'True', 'False']
prediction: True
260 135 59 195
round: 717, dev_data: ('commit', 'Commit a random act of kindness .', 'She committed herself to the work of God .'), dev_label: False
[array(['blip', 'Renewed jitters in the wake of a blip in retail sales .',
       "You ca n't react to the day-to-day blips ."], dtype='<U190'), array(['develop', 'We must develop more potential customers .',
       'We develop the leaders for the future .'], dtype='<U190'), array(['channel',
       'A channel is typically what you rent from a telephone company .',
       'The channel is created by bonding the signals from these four pairs .'],
      dtype='<U190'), array(['raise', 'To raise your walking stick to defend yourself .',
       'Raise a shout .'], dtype='<U190'), array(['cast', 'Cast a warm light .', 'Cast a vote .'], dtype='<U190')] ['True', 'False', 'True', 'False', 'False']
prediction: False
260 135 59 196
round: 718, dev_data: ('erase', 'Please erase the formula on the blackboard -- it is wrong !', 'Her painful memories seemingly erased completely .'), dev_label: True
[array(['keep', 'I can not keep track of all my employees .',
       'I keep my specimens under glass to protect them .'], dtype='<U190'), array(['rock', 'He threw a rock at me .',
       'Some fool has thrown a rock through my window .'], dtype='<U190'), array(['region', 'Here we enter the region of opinion .',
       'The farming regions of France .'], dtype='<U190'), array(['business', 'Show me where the business was today .',
       'Government and business could not agree .'], dtype='<U190'), array(['change', 'She brought a change in her overnight bag .',
       'The product is undergoing a change in order to improve it .'],
      dtype='<U190')] ['False', 'True', 'False', 'False', 'False']
prediction: True
261 135 59 196
round: 719, dev_data: ('sawmill', 'He brought his portable sawmill and turned the old beams into interesting flooring .', 'The sawmill sells lumber to carpenters and sawdust to gardeners .'), dev_label: True
[array(['shed', 'Shed your clothes .',
       'He shed his image as a pushy boss .'], dtype='<U190'), array(['connect',
       'The new railroad will connect the northern part of the state to the southern part .',
       'Our computers connected .'], dtype='<U190'), array(['attack', 'Open to attack by the elements .',
       'The film was sensitive to attack by acids .'], dtype='<U190'), array(['reaction', 'A bad reaction to the medicine .',
       'The announcement of the verdict brought a violent reaction .'],
      dtype='<U190'), array(['feel', 'I feel that we need to try harder .',
       'I felt my way cautiously through the dangerous business maneuver .'],
      dtype='<U190')] ['True', 'True', 'True', 'True', 'False']
prediction: True
262 135 59 196
round: 720, dev_data: ('embarrassment', 'An embarrassment of riches .', 'The outcome of the vote was an embarrassment for the liberals .'), dev_label: False
[array(['check', 'Check your luggage before boarding .',
       'She checked for an instant and missed a step .'], dtype='<U190'), array(['save', 'This move will save money .',
       "Where did I save that document ? I ca n't find it on the desktop ."],
      dtype='<U190'), array(['agree', "The two stories do n't agree in many details .",
       'They agreed with her how to do it .'], dtype='<U190'), array(['time', 'Okay , but this is the last time . No more after that !',
       'He called four times .'], dtype='<U190'), array(['play', 'Play fair .', 'Play football .'], dtype='<U190')] ['False', 'False', 'False', 'True', 'False']
prediction: False
262 135 59 197
round: 721, dev_data: ('view', 'View a problem .', 'He viewed the painting and praised the artist for his masterpiece .'), dev_label: True
[array(['cover', 'Does my policy cover accidental loss ?',
       'Cover the meat with a lot of gravy .'], dtype='<U190'), array(['crack', 'Crack a joke .',
       'The performance was fine until he cracked that dead baby joke .'],
      dtype='<U190'), array(['cut', 'The football player cut to his left to evade a tackle .',
       'The car cut to the left at the intersection .'], dtype='<U190'), array(['flap', 'He wrote on the flap of the envelope .',
       'The flap of a wing .'], dtype='<U190'), array(['take', 'Take vengeance .', 'Take steps .'], dtype='<U190')] ['False', 'True', 'True', 'True', 'True']
prediction: True
263 135 59 197
round: 722, dev_data: ('sincerity', 'His sincerity inspired belief .', 'They demanded some proof of my sincerity .'), dev_label: True
[array(['shtik', 'He played a shtik Beethoven .',
       'Play it straight with no shtik .'], dtype='<U190'), array(['day', 'My day began early this morning .',
       'It was a busy day on the stock exchange .'], dtype='<U190'), array(['render', 'Render fat in a casserole .',
       'They had to render the estate .'], dtype='<U190'), array(['speak', 'They speak a strange dialect .',
       "Although I do n't speak Chinese I managed to talk with the villagers using signs and gestures ."],
      dtype='<U190'), array(['line',
       'The line of soldiers advanced with their bayonets fixed .',
       'They were arrayed in line of battle .'], dtype='<U190')] ['False', 'True', 'False', 'True', 'True']
prediction: True
264 135 59 197
round: 723, dev_data: ('hair', 'He combed his hair .', 'In the western world , women usually have long hair while men usually have short hair .'), dev_label: True
[array(['stay', 'Stay alone .', 'The judge stayed the execution order .'],
      dtype='<U190'), array(['boy', 'She made the boy brush his teeth every night .',
       'Most soldiers are only boys in uniform .'], dtype='<U190'), array(['swing', 'The party went with a swing .',
       'He took a wild swing at my head .'], dtype='<U190'), array(['empathize', 'You really have to empathize .',
       "You 've really got to empathize with what they want ."],
      dtype='<U190'), array(['time',
       'The judge leniently granted a sentence with no hard time .',
       'He is not living at home because he is doing time .'],
      dtype='<U190')] ['False', 'True', 'False', 'True', 'True']
prediction: True
265 135 59 197
round: 724, dev_data: ('issue', "She found an old issue of the magazine in her dentist 's waiting room .", 'Politicians never discuss the real issues .'), dev_label: False
[array(['foot', 'Armored from head to foot .', 'The swiftest of foot .'],
      dtype='<U190'), array(['fire',
       'There was a fire at the school last night and the whole place burned down .',
       'We sat around the fire singing songs and telling stories .'],
      dtype='<U190'), array(['system',
       'They had to devise a system that did not depend on cooperation .',
       'The body has a system of organs for digestion .'], dtype='<U190'), array(['inventory',
       'They stopped selling in exact sizes in order to reduce inventory .',
       'They carried a vast inventory of hardware .'], dtype='<U190'), array(['treat',
       'I like to treat myself to a day at a spa when I am depressed .',
       'Treat the infection with antibiotics .'], dtype='<U190')] ['False', 'False', 'False', 'True', 'False']
prediction: False
265 135 59 198
round: 725, dev_data: ('square', 'Square the wood with a file .', 'He squared his shoulders .'), dev_label: False
[array(['coverage',
       'Before laying sod on that clay , the ground needs two inches of coverage with topsoil .',
       "The dictionary 's coverage of standard English is excellent ."],
      dtype='<U190'), array(['point', 'They sailed south around the point .',
       'She scored three points .'], dtype='<U190'), array(['plane',
       'Any line joining two points on a plane lies wholly on that plane .',
       'The cabinetmaker used a plane for the finish work .'],
      dtype='<U190'), array(['metric', 'Convert all the measurements to metric units .',
       'It is easier to work in metric .'], dtype='<U190'), array(['carnival',
       'We all got to ride the merry-go-round when the brought their carnival to town .',
       'When the carnival came to town , every one wanted some cotton candy .'],
      dtype='<U190')] ['True', 'False', 'False', 'True', 'True']
prediction: False
265 135 59 199
round: 726, dev_data: ('concentrate', 'Population tends to concentrate in cities .', 'These groups concentrate in the inner cities .'), dev_label: True
[array(['break', 'I had to break a $ 100 bill just to buy the candy .',
       'His voice is breaking -- he should no longer sing in the choir .'],
      dtype='<U190'), array(['return', "A return to one 's question .",
       'The return of spring .'], dtype='<U190'), array(['tell', 'I want to tell a story .', 'Tell what happened .'],
      dtype='<U190'), array(['meet', 'The company agrees to meet the cost of any repairs .',
       'This proposal meets my requirements .'], dtype='<U190'), array(['key', 'Some students had stolen the key to the final exam .',
       'He spoke in a low key .'], dtype='<U190')] ['False', 'False', 'True', 'True', 'False']
prediction: True
266 135 59 199
round: 727, dev_data: ('leap', 'Leap into fame .', 'The child leapt across the puddle .'), dev_label: False
[array(['post', 'He occupied a post in the treasury .', 'Sent via post .'],
      dtype='<U190'), array(['carry',
       'To carry well , i.e. to hold the head high , with arching neck .',
       'He carried himself upright .'], dtype='<U190'), array(['hegemony',
       "The consolidation of the United States ' hegemony over a new international economic system .",
       'The hegemony of a single member state is not incompatible with a genuine confederation .'],
      dtype='<U190'), array(['trust', 'We can not trust anyone who deceives us .',
       'In God We Trust - written on denominations of US currency .'],
      dtype='<U190'), array(['satisfaction',
       'The chef tasted the sauce with great satisfaction .',
       "He enjoyed the dish with great satisfaction . He 'll order it again the next time he arrives ."],
      dtype='<U190')] ['True', 'True', 'True', 'True', 'False']
prediction: False
266 135 59 200
round: 728, dev_data: ('relief', 'He enjoyed his relief from responsibility .', 'The contributions provided some relief for the victims .'), dev_label: False
[array(['reason',
       "If you do n't give me a reason to go with you , I wo n't .",
       'The reason that war was declared .'], dtype='<U190'), array(['opening', 'He slipped through an opening in the crowd .',
       'A salamander darted out of an opening in the rocks .'],
      dtype='<U190'), array(['come', 'Melons come from a vine .',
       'Understanding comes from experience .'], dtype='<U190'), array(['canvas', 'The movie demanded a dramatic canvas of sound .',
       'The boxer picked himself up off the canvas .'], dtype='<U190'), array(['summerize', 'Summerize a house .', 'Summerize your car .'],
      dtype='<U190')] ['True', 'True', 'True', 'False', 'True']
prediction: True
266 136 59 200
round: 729, dev_data: ('balance', 'Balance the two weights .', 'She has to balance work and her domestic duties .'), dev_label: True
[array(['seize', 'Birds of prey often seize small mammals .',
       'To seize smuggled goods .'], dtype='<U190'), array(['post', 'To post someone for cowardice .', 'Post a warning .'],
      dtype='<U190'), array(['block', 'Block an attack .',
       'The offensive linemen tried to block the blitz .'], dtype='<U190'), array(['top', 'He stared as she buttoned her top .',
       'I bought this top as it matches my jeans .'], dtype='<U190'), array(['declare', 'Declare dividends .', 'The President declared war .'],
      dtype='<U190')] ['False', 'True', 'True', 'True', 'False']
prediction: True
267 136 59 200
round: 730, dev_data: ('oxygenate', 'Oxygenate blood .', 'After we oxygenated the river , the fish returned .'), dev_label: True
[array(['coordinate', 'Coordinate our efforts .',
       'Coordinate the painters , masons , and plumbers .'], dtype='<U190'), array(['pull', 'The pull of the current .',
       'Iron fillings drawn by the pull of a magnet .'], dtype='<U190'), array(['support', 'His faith was all the support he needed .',
       'They developed a scheme of mutual support .'], dtype='<U190'), array(['cut', 'Cut a Ping-Pong ball .', 'Cut paper dolls .'],
      dtype='<U190'), array(['shed', 'The bill shed 50 pages of pork-barrel addons .',
       'Our dog sheds every Spring .'], dtype='<U190')] ['True', 'True', 'False', 'False', 'False']
prediction: True
268 136 59 200
round: 731, dev_data: ('flame', 'The sky seemed to flame in the Hawaiian sunset .', 'The person who posted an inflammatory message got flamed .'), dev_label: False
[array(['cover', "There 's a $ 15 cover tonight .",
       'Artillery provided cover fire for the withdrawal .'],
      dtype='<U190'), array(['form', 'He was at the top of his form .',
       'The team was off form last night .'], dtype='<U190'), array(['calendar', 'The club has a busy calendar this year .',
       'I have you on my calendar for next Monday .'], dtype='<U190'), array(['keep', 'Keep potatoes fresh .',
       'I can not keep track of all my employees .'], dtype='<U190'), array(['stand', 'We had to stand for the entire performance !',
       'On the pedestal stood a statue .'], dtype='<U190')] ['False', 'True', 'True', 'False', 'True']
prediction: False
268 136 59 201
round: 732, dev_data: ('weather', 'They were hoping for good weather .', 'Wooden garden furniture must be well oiled as it is continuously exposed to weather .'), dev_label: True
[array(['break', 'This play will either make or break the playwright .',
       'The figurine broke .'], dtype='<U190'), array(['series',
       'The Post Office issued a series commemorating famous American entertainers .',
       'His coin collection included the complete series of Indian-head pennies .'],
      dtype='<U190'), array(['carry', 'Carry the suitcases to the car .',
       'These pipes carry waste water into the river .'], dtype='<U190'), array(['portfolio',
       'I would like to introduce you to our portfolio of services .',
       'They were disappointed by the poor returns on their stock portfolio .'],
      dtype='<U190'), array(['pulp', 'Pulp fruit .', 'Pulp wood .'], dtype='<U190')] ['False', 'True', 'True', 'True', 'True']
prediction: False
268 136 60 201
round: 733, dev_data: ('extension', 'Files with the .txt extension usually contain text .', 'Most applications provide extensions for the files they create .'), dev_label: True
[array(['imbalance', 'A hormonal imbalance .',
       'The growing imbalances between the rich and poor first lead to more crime .'],
      dtype='<U190'), array(['action', 'A rifle action .',
       'The Union action of emancipating Southern slaves .'],
      dtype='<U190'), array(['patch', 'A cabbage patch .', 'A briar patch .'], dtype='<U190'), array(['design', 'Design a better mousetrap .',
       'She designed to go far in the world of business .'], dtype='<U190'), array(['serve', 'This table would serve very well .',
       'They serve a restricted role on the bench .'], dtype='<U190')] ['True', 'False', 'True', 'False', 'True']
prediction: True
269 136 60 201
round: 734, dev_data: ('balance', 'To balance a set of books .', 'This final payment , or credit , balances the account .'), dev_label: True
[array(['class',
       'Apologizing for losing your temper , even though you were badly provoked , showed real class .',
       "The class of ' 97 ."], dtype='<U190'), array(['make', 'Make an estimate .', 'Can you make me an omelette ?'],
      dtype='<U190'), array(['range', 'My students range from very bright to dull .',
       'The instruments ranged from tuba to cymbals .'], dtype='<U190'), array(['have', 'I have a house and a car .', 'Have an assistant .'],
      dtype='<U190'), array(['space', 'They tested his ability to locate objects in space .',
       'Functional analysis is best approached through a sound knowledge of Hilbert space theory .'],
      dtype='<U190')] ['False', 'False', 'True', 'False', 'True']
prediction: False
269 136 61 201
round: 735, dev_data: ('cut', 'He played the first cut on the cd .', 'He insisted that we give him the last cut before every deal .'), dev_label: False
[array(['stay', 'They had a nice stay in Paris .',
       'A lengthy hospital stay .'], dtype='<U190'), array(['keep', 'Keep food for a week in the pantry .',
       'She never keeps her promises .'], dtype='<U190'), array(['interpreter',
       'She was famous as an interpreter of Shakespearean roles .',
       'Programs written in the BASIC language are usually run through an interpreter , though some can be compiled .'],
      dtype='<U190'), array(['electrify', 'To electrify a limb , or the body .',
       'Electrify an appliance .'], dtype='<U190'), array(['burn', 'Burn a CD .', 'Witches were burned in Salem .'],
      dtype='<U190')] ['True', 'False', 'False', 'True', 'False']
prediction: False
269 136 61 202
round: 736, dev_data: ('disorder', 'The class was thrown into disorder when the teacher left the room .', 'The army tried to prevent disorder when claims the elections had been rigged grew stronger .'), dev_label: True
[array(['go', "The washing machine wo n't go unless it 's plugged in .",
       'These ugly billboards have to go !'], dtype='<U190'), array(['place', 'Do you want to come over to my place later ?',
       'Your place or mine ?'], dtype='<U190'), array(['line', 'He got out of line .', 'Toe the line .'], dtype='<U190'), array(['lift', "Lift one 's eyes .", 'Lift potatoes .'], dtype='<U190'), array(['develop', 'Develop the rook .',
       'Report the news as it develops .'], dtype='<U190')] ['False', 'True', 'True', 'False', 'False']
prediction: True
270 136 61 202
round: 737, dev_data: ('object', 'The sole object of her trip was to see her children .', 'It was full of rackets , balls and other objects .'), dev_label: False
[array(['lie', "Do n't lie to your parents .",
       'The book lies on the table .'], dtype='<U190'), array(['furniture', 'A chair is furniture . Sofas are also furniture .',
       'The woman does not even have one stick of furniture moved in yet .'],
      dtype='<U190'), array(['hit', 'The temperature could hit 110 F tomorrow .',
       'The movie hits theaters in December .'], dtype='<U190'), array(['trial', 'He called each flip of the coin a new trial .',
       'In the experimental trials the amount of carbon was measured separately .'],
      dtype='<U190'), array(['section', 'There are three synagogues in the Jewish section .',
       'She got a job in the historical section of the Treasury .'],
      dtype='<U190')] ['False', 'True', 'True', 'True', 'False']
prediction: False
270 136 61 203
round: 738, dev_data: ('part', 'The first violin part in this concerto is very challenging .', 'He tried to sing the tenor part .'), dev_label: True
[array(['fire',
       'In warfare , whoever opens fire first has a greater chance of victory .',
       'Surrender fires the cold skepticism .'], dtype='<U190'), array(['drift', "Do n't drift from the set course .",
       'The stock market drifted upward .'], dtype='<U190'), array(['hold', 'Hold your temper .',
       'The book holds in store much valuable advise .'], dtype='<U190'), array(['fall', 'Fall into a trap .', 'Fall prey to an imposter .'],
      dtype='<U190'), array(['excitement',
       'He could hardly conceal his excitement when she agreed .',
       'His face was flushed with excitement and his hands trembled .'],
      dtype='<U190')] ['False', 'False', 'False', 'True', 'False']
prediction: True
271 136 61 203
round: 739, dev_data: ('appeal', 'An appeal to raise money for starving children .', 'Their appeal was denied in the superior court .'), dev_label: False
[array(['refine', 'Refine oil .', 'Refine paper stock .'], dtype='<U190'), array(['fall', 'Fall into a trap .', 'She fell ill .'], dtype='<U190'), array(['leach', 'Leach the soil .',
       'The fertilizer leached into the ground .'], dtype='<U190'), array(['run', 'The team enjoyed a brief run of victories .',
       'Yesterday we did a run of 12,000 units .'], dtype='<U190'), array(['play', 'Play the stock market .', 'Play cards .'], dtype='<U190')] ['True', 'True', 'False', 'False', 'False']
prediction: False
271 136 61 204
round: 740, dev_data: ('draft', 'I have to revise the first draft of my term paper .', 'They served beer on draft .'), dev_label: False
[array(['ghetto', 'The relative security of the gay ghetto .',
       'No escape from the ghetto of the typing pool .'], dtype='<U190'), array(['dresser', "He 's a meticulous dresser .",
       "She 's an elegant dresser ."], dtype='<U190'), array(['carry', 'These bonds carry warrants .',
       'This undertaking carries many dangers .'], dtype='<U190'), array(['opening', 'He slipped through an opening in the crowd .',
       'A salamander darted out of an opening in the rocks .'],
      dtype='<U190'), array(['voice', 'The wee small voice of conscience .',
       'The incessant voices of the artillery .'], dtype='<U190')] ['True', 'True', 'True', 'True', 'False']
prediction: False
271 136 61 205
round: 741, dev_data: ('plant', 'The police used a plant to trick the thieves .', 'He claimed that the evidence against him was a plant .'), dev_label: True
[array(['inhibit', 'Inhibit the action of the enzyme .',
       'Inhibit the rate of a chemical reaction .'], dtype='<U190'), array(['call', 'Call a football game .',
       "She was called into the director 's office ."], dtype='<U190'), array(['top', 'Only the top side of the box was painted .',
       'Put your books on top of the desk .'], dtype='<U190'), array(['see', 'He is blind -- he can not see .',
       'I saw their laughing and joking .'], dtype='<U190'), array(['start', 'To start a business .', 'Start a new job .'],
      dtype='<U190')] ['True', 'False', 'True', 'True', 'False']
prediction: True
272 136 61 205
round: 742, dev_data: ('wall', 'Competition was pushing them to the wall .', 'His back was to the wall .'), dev_label: True
[array(['stretch',
       'Cats stretch with equal ease and agility beyond the point that breaks a man on the rack .',
       'I stretched the rubber band until it almost broke .'],
      dtype='<U190'), array(['trust', 'The doctor-patient relationship is based on trust .',
       'He betrayed their trust .'], dtype='<U190'), array(['go', 'These ugly billboards have to go !',
       'This chair has got to go .'], dtype='<U190'), array(['drive', 'To drive sheep out of a field .',
       'Drive the cows into the barn .'], dtype='<U190'), array(['go', 'We should go farther in this matter .',
       'She went through a lot of trouble .'], dtype='<U190')] ['False', 'False', 'True', 'True', 'True']
prediction: False
272 136 62 205
round: 743, dev_data: ('space', "The first major milestone in space exploration was in 1957 , when the USSR 's Sputnik 1 orbited the Earth .", 'He said the space is the most important character in the alphabet .'), dev_label: False
[array(['work', "This old radio does n't work anymore .",
       'This pilot works the controls .'], dtype='<U190'), array(['block', 'The store is huge , occupying an entire city block .',
       'He lives in the next block .'], dtype='<U190'), array(['eye', 'He tried to catch her eye .',
       "The thread would n't go through the eye ."], dtype='<U190'), array(['head', 'A reduction in the assessment per head of sheep .',
       '200 head of cattle and 50 head of horses .'], dtype='<U190'), array(['session', 'A filming session .', 'A gossip session .'],
      dtype='<U190')] ['False', 'True', 'False', 'True', 'True']
prediction: False
272 136 62 206
round: 744, dev_data: ('ice', 'Look at the ice on that dame !', 'Americans like ice in their drinks .'), dev_label: False
[array(['side', 'It brought out his better side .',
       'They always sat on the right side of the church .'], dtype='<U190'), array(['trust', 'The doctor-patient relationship is based on trust .',
       'He betrayed their trust .'], dtype='<U190'), array(['process', 'Process a loan .', 'Process the applicants .'],
      dtype='<U190'), array(['care', "I do n't care .", 'We cared about the opera .'],
      dtype='<U190'), array(['control',
       'The control condition was inappropriate for the conclusions he wished to draw .',
       'I turned the controls over to her .'], dtype='<U190')] ['False', 'False', 'True', 'True', 'False']
prediction: False
272 136 62 207
round: 745, dev_data: ('outburst', 'The man let out an outburst of invective .', 'An outburst of heavy rain .'), dev_label: False
[array(['locate',
       'Our sense of sight enables us to locate objects in space .',
       'Can you locate your cousins in the Midwest ?'], dtype='<U190'), array(['defense', 'He offered a persuasive defense of the theory .',
       'The defense called for a mistrial .'], dtype='<U190'), array(['call', 'He was ejected for protesting the call .',
       'He placed a phone call to London .'], dtype='<U190'), array(['bank', 'He operated a bank of switches .',
       'A huge bank of earth .'], dtype='<U190'), array(['life',
       'He wanted to live his own life without interference from others .',
       'He hoped for a new life in Australia .'], dtype='<U190')] ['False', 'False', 'False', 'False', 'True']
prediction: False
272 136 62 208
round: 746, dev_data: ('fix', 'Fix breakfast for the guests , please .', 'Fix the variables .'), dev_label: False
[array(['raise', 'Raise a siege .', 'Raise a family .'], dtype='<U190'), array(['tape', 'He used a piece of tape for a belt .',
       'He wrapped a tape around the package .'], dtype='<U190'), array(['side', 'The patient was bleeding on the right side .',
       'He had a pain in his side .'], dtype='<U190'), array(['disperse', 'Disperse particles .',
       'The Jews are dispersed among all nations .'], dtype='<U190'), array(['face', "He 's always stuffing his face with chips .",
       'Dew dripped from the face of the leaf .'], dtype='<U190')] ['False', 'True', 'True', 'False', 'False']
prediction: False
272 136 62 209
round: 747, dev_data: ('pizza', 'He ate a whole pizza !', 'Should we cook a frozen pizza for dinner ?'), dev_label: True
[array(['stain',
       'People knew how to stain glass a beautiful blue in the middle ages .',
       'Stain this table a beautiful walnut color .'], dtype='<U190'), array(['clear', 'Clear a debt .', 'The sky cleared .'], dtype='<U190'), array(['line', 'A shared line .', 'A dedicated line .'], dtype='<U190'), array(['pack', 'Such odd-shaped items do not pack well .',
       'This singer always packs the concert halls .'], dtype='<U190'), array(['relationship',
       "He did n't want his wife to know of the relationship .",
       'The relationship between mothers and their children .'],
      dtype='<U190')] ['True', 'False', 'True', 'False', 'False']
prediction: True
273 136 62 209
round: 748, dev_data: ('bask', "To bask in someone 's favour .", 'The seals were basking in the sun .'), dev_label: False
[array(['quality',
       'A peasant is not allowed to fall in love with a lady of quality .',
       'Membership of this golf club is limited to those of quality and wealth .'],
      dtype='<U190'), array(['get', "We 'll get them !",
       'He got his arm broken in the scuffle .'], dtype='<U190'), array(['drink', 'The patient must drink several liters each day .',
       'He drank out of the goblet .'], dtype='<U190'), array(['give', "I 'm going to give my wife a necklace for her birthday .",
       'Give a course .'], dtype='<U190'), array(['spot', 'Night spot .', "A leopard 's spots ."], dtype='<U190')] ['True', 'False', 'True', 'False', 'False']
prediction: False
273 136 62 210
round: 749, dev_data: ('run', 'Run amok .', 'Run riot .'), dev_label: True
[array(['wave', 'She asked the hairdresser to wave her hair .',
       'She waved her gun .'], dtype='<U190'), array(['range', 'We hiked through the Andes mountain range .',
       'The valley was between two ranges of hills .'], dtype='<U190'), array(['use', 'Use the plastic bags to store the food .',
       'We can use this mathematical formula to solve the problem .'],
      dtype='<U190'), array(['be', 'I shall be writing to you soon .',
       'This building is three hundred years old .'], dtype='<U190'), array(['admit', 'To admit evidence in the trial of a cause .',
       'We can not admit non-members into our club building .'],
      dtype='<U190')] ['False', 'True', 'True', 'True', 'True']
prediction: True
274 136 62 210
round: 750, dev_data: ('cream', "The cream of England 's young men were killed in the Great War .", 'The cream of a collection of books or pictures .'), dev_label: True
[array(['connect',
       'The new railroad will connect the northern part of the state to the southern part .',
       'Our computers connected .'], dtype='<U190'), array(['sale', 'He celebrated after the sale of company .',
       'The salesman faxed the sales agreement to his home office .'],
      dtype='<U190'), array(['grate', "Grate one 's teeth in anger .", 'To grate a window .'],
      dtype='<U190'), array(['job', 'It is always a job to contact him .',
       "Estimates of the city 's loss on that job ranged as high as a million dollars ."],
      dtype='<U190'), array(['silence', 'He gestured for silence .',
       'There was a shocked silence .'], dtype='<U190')] ['True', 'True', 'False', 'False', 'True']
prediction: False
274 136 63 210
round: 751, dev_data: ('channel', 'A satellite TV channel .', 'They offer more than one hundred channels .'), dev_label: True
[array(['stuff', 'What is all that stuff on your bedroom floor ?',
       "You do n't have the stuff to be a United States Marine ."],
      dtype='<U190'), array(['receptiveness',
       'This receptiveness is the key feature in oestral behavior , enabling natural mating to occur .',
       "He was testing the government 's receptiveness to reform ."],
      dtype='<U190'), array(['crunch', 'A financial crunch .', 'An end-of-the year crunch .'],
      dtype='<U190'), array(['piece', "He 's packin ' a piece !",
       'He needed a piece of granite .'], dtype='<U190'), array(['run', 'She got a run in her stocking .',
       'I have a run in my stocking .'], dtype='<U190')] ['False', 'True', 'True', 'False', 'True']
prediction: True
275 136 63 210
round: 752, dev_data: ('negate', 'The investigation tending to negate any supernatural influences .', 'A pessimism that always negates .'), dev_label: False
[array(['grain', 'Sand of a fine grain .', 'A stone of coarse grain .'],
      dtype='<U190'), array(['hand', 'A ranch hand .', 'Her hands are really strong .'],
      dtype='<U190'), array(['take', 'Take the gun from your pocket .',
       'The test grader takes off a point for every misspelled word .'],
      dtype='<U190'), array(['catch', 'Did you catch that allusion ?',
       "I have to catch a train at 7 o'clock ."], dtype='<U190'), array(['drop', 'He had a drop too much to drink .',
       'There is not a drop of pity in that man .'], dtype='<U190')] ['True', 'False', 'True', 'False', 'True']
prediction: True
275 137 63 210
round: 753, dev_data: ('navel', 'The Incas believed that Cuzco was the navel of the universe .', 'Within the navel of this hideous wood , / Immured in cypress shades , a sorcerer dwells . — Milton .'), dev_label: True
[array(['burn', 'Burn garbage .', 'She was burning with anger .'],
      dtype='<U190'), array(['cover', 'Cover her face with a handkerchief .',
       'The period covered the turn of the century .'], dtype='<U190'), array(['pack', 'Pack the books into the boxes .', 'To pack fish .'],
      dtype='<U190'), array(['hold', 'Hold your tongue .', 'He can hold his liquor .'],
      dtype='<U190'), array(['advance', 'Can you advance me some money ?',
       "To advance one 's interests ."], dtype='<U190')] ['False', 'False', 'True', 'False', 'False']
prediction: True
276 137 63 210
round: 754, dev_data: ('resolution', 'It was his unshakeable resolution to finish the work .', "He always wrote down his New Year 's resolutions ."), dev_label: False
[array(['bar', 'It was an excellent kick but the ball hit the bar .',
       'The orchestra omitted the last twelve bars of the song .'],
      dtype='<U190'), array(['model',
       'The computer weather model did not correctly predict the path of the hurricane .',
       'A model of clarity .'], dtype='<U190'), array(['narrowness',
       'The attraction of the book is precisely its narrowness of focus .',
       "Frustrated by the narrowness of people 's horizons ."],
      dtype='<U190'), array(['carry', 'These pipes carry waste water into the river .',
       'This train is carrying nuclear waste .'], dtype='<U190'), array(['work', 'This dough does not work easily .',
       'He could not work the math problem .'], dtype='<U190')] ['False', 'False', 'True', 'True', 'False']
prediction: False
276 137 63 211
round: 755, dev_data: ('guard', "Guard my possessions while I 'm away .", 'There would be men guarding the horses .'), dev_label: False
[array(['roll', 'Roll your hair around your finger .',
       "The President 's convoy rolled past the crowds ."], dtype='<U190'), array(['baby', 'It was great to feel my baby moving about inside .',
       'I felt healthy and very feminine carrying the baby .'],
      dtype='<U190'), array(['line', 'There is a narrow line between sanity and insanity .',
       'He got out of line .'], dtype='<U190'), array(['trade', 'They are accused of conspiring to constrain trade .',
       'Venice was an important center of trade with the East .'],
      dtype='<U190'), array(['head', 'The head of the list .', 'The head of the stairs .'],
      dtype='<U190')] ['False', 'True', 'False', 'True', 'True']
prediction: True
276 138 63 211
round: 756, dev_data: ('subscription', 'I have a monthly subscription to The Daily Telegraph newspaper .', 'My library subscription is about to expire .'), dev_label: True
[array(['puddle', 'Puddle iron .', 'Puddle young plants .'], dtype='<U190'), array(['chair',
       'He put his coat over the back of the chair and sat down .',
       'All I need to weather a snowstorm is hot coffee , a warm fire , a good book and a comfortable chair .'],
      dtype='<U190'), array(['stone', 'He must have a heart of stone .', 'A peach stone .'],
      dtype='<U190'), array(['region', 'In the abdominal region .', 'The temperate regions .'],
      dtype='<U190'), array(['drop', 'He had a drop too much to drink .',
       'A drop of 57 points on the Dow Jones index .'], dtype='<U190')] ['False', 'True', 'False', 'False', 'False']
prediction: True
277 138 63 211
round: 757, dev_data: ('stimulate', "This herbal infusion does n't stimulate .", 'Coffee and tea stimulate me .'), dev_label: True
[array(['feel', 'She has a feel for music .',
       'He has a feel for animals .'], dtype='<U190'), array(['ground', 'Ground the electrical connections for safety reasons .',
       'The storm grounded the ship .'], dtype='<U190'), array(['foil', 'Foil your opponent .',
       'In this picture , the figures are foiled against the background .'],
      dtype='<U190'), array(['eyeball',
       'A good cook can often just eyeball the correct quantities of ingredients .',
       'Each geometric construction must be exact ; eyeballing it and getting close does not count .'],
      dtype='<U190'), array(['post', "If you hurry you 'll catch the post .",
       'This military post provides an important source of income for the town nearby .'],
      dtype='<U190')] ['True', 'False', 'False', 'True', 'False']
prediction: True
278 138 63 211
round: 758, dev_data: ('catcher', 'A catcher needs a lot of protective equipment .', 'A catcher plays behind the plate .'), dev_label: True
[array(['verify', 'Verify a claim .',
       'Please verify that the doors are closed .'], dtype='<U190'), array(['licking', 'Our football team took a licking last night .',
       'They suffered a convincing licking .'], dtype='<U190'), array(['range', 'Range of motion .',
       'The army maintains a missile range in the desert .'],
      dtype='<U190'), array(['get', 'What did you get at the toy store ?', 'Get someone mad .'],
      dtype='<U190'), array(['get', 'You need to get permission to leave early .',
       'He got 5 years in prison .'], dtype='<U190')] ['True', 'True', 'False', 'False', 'True']
prediction: True
279 138 63 211
round: 759, dev_data: ('piracy', 'Air piracy .', 'How shoud the international community respond to Somali piracy ?'), dev_label: True
[array(['mother', 'The lioness was a mother of four cubs .',
       'The mother of three children .'], dtype='<U190'), array(['mode', 'Their nomadic mode of existence .',
       'Switched from keyboard to voice mode .'], dtype='<U190'), array(['lot', 'Has a happy lot .', 'Lots of people think so .'],
      dtype='<U190'), array(['set', 'Set the table .',
       'Set the dogs on the scent of the missing children .'],
      dtype='<U190'), array(['gather', 'Gather the close family members .',
       'If you want to emphasise the shape , it is possible to gather the waistline .'],
      dtype='<U190')] ['True', 'False', 'False', 'False', 'True']
prediction: True
280 138 63 211
round: 760, dev_data: ('chuck', 'This food ′s gone off - you′d better chuck it .', 'Chuck these old notes .'), dev_label: True
[array(['define', 'I define myself as a techno-anarchist .',
       "Define ` sadness ' ."], dtype='<U190'), array(['ditch', 'Ditch a plane .', 'Ditch a car .'], dtype='<U190'), array(['run', 'The assembly line was on a 12-hour run .',
       "I 'm having a run of bad luck ."], dtype='<U190'), array(['cut', "If you cut then I 'll deal .",
       'The employer wants to cut back health benefits .'], dtype='<U190'), array(['shake', "Shake one 's head .", 'He was shaken from his dreams .'],
      dtype='<U190')] ['False', 'True', 'True', 'False', 'False']
prediction: True
281 138 63 211
round: 761, dev_data: ('sewer', 'A sewer of fine gowns .', 'All that work went down the sewer .'), dev_label: False
[array(['drift', "Do n't drift from the set course .",
       'The stock market drifted upward .'], dtype='<U190'), array(['charge', 'He was arrested on a charge of larceny .',
       'The charges against the estate .'], dtype='<U190'), array(['strike', "We must strike the enemy 's oil fields .",
       'A hammer strikes against the bell of a clock .'], dtype='<U190'), array(['pull', 'The pull of the moon .',
       'Iron fillings drawn by the pull of a magnet .'], dtype='<U190'), array(['play', 'Play sports .',
       'Pele played for the Brazilian teams in many important matches .'],
      dtype='<U190')] ['False', 'False', 'False', 'True', 'True']
prediction: False
281 138 63 212
round: 762, dev_data: ('snapshot', 'He carried a snapshot of his daughter .', "My snapshots have n't been developed yet ."), dev_label: True
[array(['transform', 'The alchemists sought to transform lead into gold .',
       'This experience transformed her completely .'], dtype='<U190'), array(['spin',
       "One of the planet 's moons has a slower spin than the others .",
       'He took the new car for a spin .'], dtype='<U190'), array(['fall', 'Fall prey to an imposter .', 'They fell out of favor .'],
      dtype='<U190'), array(['ground', 'Ground the electrical connections for safety reasons .',
       'The storm grounded the ship .'], dtype='<U190'), array(['draw',
       'At the start of their turn , each player must draw a card .',
       'The session was drawn to a close .'], dtype='<U190')] ['True', 'False', 'True', 'False', 'False']
prediction: True
282 138 63 212
round: 763, dev_data: ('say', 'What does this painting say ?', 'Did his face say anything about how he felt ?'), dev_label: True
[array(['bankruptcy', 'Moral bankruptcy .', 'Intellectual bankruptcy .'],
      dtype='<U190'), array(['turn', 'Turn the corner .', 'The water turned into ice .'],
      dtype='<U190'), array(['fall', 'Fall asleep .',
       'She fell to pieces after she lost her work .'], dtype='<U190'), array(['turn',
       "The hillside behind our house is n't generally much to look at , but once all the trees turn it 's gorgeous .",
       'Turn cartwheels .'], dtype='<U190'), array(['float', 'Float a ship .',
       'The government floated the ruble for a few months .'],
      dtype='<U190')] ['True', 'False', 'True', 'False', 'False']
prediction: True
283 138 63 212
round: 764, dev_data: ('see', 'The artist must first learn to see .', 'See whether it works .'), dev_label: False
[array(['rub', 'Rub oil into her skin .',
       'The cat rubbed itself against my leg .'], dtype='<U190'), array(['appearance',
       'A person makes his appearance as an historian , an artist , or an orator .',
       'His sudden appearance surprised me .'], dtype='<U190'), array(['foulness', 'His display of foulness deserved severe punishment .',
       'He understood the foulness of sin .'], dtype='<U190'), array(['be', 'When will the meeting be ?',
       'The postman has been today , but my tickets have still not yet come .'],
      dtype='<U190'), array(['voice',
       "O Marcus , I am warm'd ; my heart Leaps at the trumpet 's voice .",
       'A shrill voice sounded behind us .'], dtype='<U190')] ['True', 'False', 'True', 'True', 'False']
prediction: True
283 139 63 212
round: 765, dev_data: ('face', 'Shut your face !', "He 's always stuffing his face with chips ."), dev_label: True
[array(['relationship',
       "He did n't want his wife to know of the relationship .",
       'The relationship between mothers and their children .'],
      dtype='<U190'), array(['make', "He did n't make the choir after his voice changed .",
       'He made twenty bucks playing poker last night .'], dtype='<U190'), array(['break', 'Can you break a hundred-dollar bill for me ?',
       'The dam broke .'], dtype='<U190'), array(['range', 'We hiked through the Andes mountain range .',
       'The plains lay just beyond the mountain range .'], dtype='<U190'), array(['turn', 'Turn the clay on the wheel .',
       'Turn the legs of the table .'], dtype='<U190')] ['False', 'True', 'False', 'True', 'True']
prediction: False
283 139 64 212
round: 766, dev_data: ('tune', 'To tune a piano or a violin .', 'My piano needs to be tuned .'), dev_label: True
[array(['beg', "I beg your pardon . I did n't mean to cause offence .",
       'I begged for her to do it .'], dtype='<U190'), array(['catch', "Catch one 's breath .", 'Catch some sleep .'],
      dtype='<U190'), array(['get', 'What do you get when you add up these numbers ?',
       'I got a computer from my parents for my birthday .'],
      dtype='<U190'), array(['movement',
       'The succession of flashing lights gave an illusion of movement .',
       'The labor movement has been struggling in America since the passage of the Taft-Hartley act in 1947 .'],
      dtype='<U190'), array(['look', 'He went out to have a look .',
       'He gave it a good looking at .'], dtype='<U190')] ['True', 'True', 'False', 'False', 'True']
prediction: True
284 139 64 212
round: 767, dev_data: ('appreciate', 'Do you appreciate the full meaning of this letter ?', 'To test the power of bees to appreciate color .'), dev_label: True
[array(['text', 'He wants to reconstruct the original text .',
       "They handed out the printed text of the mayor 's speech ."],
      dtype='<U190'), array(['copy', 'The clone was a copy of its ancestor .',
       'Please bring me the copies of those reports .'], dtype='<U190'), array(['play', "Let 's play like I am mommy .",
       'Play cowboy and Indians .'], dtype='<U190'), array(['opinion', 'He asked for a poll of public opinion .',
       'His opinions appeared frequently on the editorial page .'],
      dtype='<U190'), array(['employ', 'He was in the employ of the city .',
       'The school district has six thousand teachers in its employ .'],
      dtype='<U190')] ['True', 'True', 'True', 'False', 'True']
prediction: False
284 139 65 212
round: 768, dev_data: ('reach', 'Can he reach ?', 'The water reached the doorstep .'), dev_label: False
[array(['quota', 'All the salesmen met their quota for the month .',
       'The quota for Japanese imports was negotiated .'], dtype='<U190'), array(['lift', 'He gave me a lift to the bus station .',
       'He gave me a lift home .'], dtype='<U190'), array(['beat', 'Beat on the door .', 'The sun was beating down on us .'],
      dtype='<U190'), array(['place',
       'A political system with no place for the less prominent groups .',
       'He has a special place in my thoughts .'], dtype='<U190'), array(['credit', 'I give you credit for owning up to your mistake .',
       'Give her credit for trying .'], dtype='<U190')] ['False', 'True', 'False', 'True', 'True']
prediction: True
284 140 65 212
round: 769, dev_data: ('memory', 'He can do it from memory .', 'Memory is a facility common to all animals .'), dev_label: True
[array(['volunteer', 'To volunteer for doing the dishes .',
       'He volunteered the information .'], dtype='<U190'), array(['fire', 'Put the kettle on the fire .',
       'Barbecue over an open fire .'], dtype='<U190'), array(['buy', "I 'm not going to buy your stupid excuses anymore !",
       'Carmen bought a dress from Diana .'], dtype='<U190'), array(['see', 'Can you see the bird in that tree ?',
       'I saw their laughing and joking .'], dtype='<U190'), array(['vote',
       'The Supreme Court upheld the principle of one person , one vote .',
       'There were only 17 votes in favor of the motion .'], dtype='<U190')] ['True', 'True', 'False', 'True', 'True']
prediction: False
284 140 66 212
round: 770, dev_data: ('hit', 'One boy hit the other .', 'He hit her hard in the face .'), dev_label: True
[array(['class',
       'Apologizing for losing your temper , even though you were badly provoked , showed real class .',
       "The class of ' 97 ."], dtype='<U190'), array(['cover', 'Does my policy cover accidental loss ?',
       'The female covers the eggs .'], dtype='<U190'), array(['throw', 'Throw the car into reverse .',
       'The horse threw its inexperienced rider .'], dtype='<U190'), array(['make', "Make a mess in one 's office .",
       "She 'll make a fine president ."], dtype='<U190'), array(['lift', 'Lift the box onto the table .',
       'I lifted the books onto the table .'], dtype='<U190')] ['False', 'False', 'False', 'False', 'True']
prediction: True
285 140 66 212
round: 771, dev_data: ('sober', "She 's in no state to go home by herself , so make sure she does n't drink anything else , and she 'll soon sober up .", 'Keep him in bed until he sobers up .'), dev_label: True
[array(['top', 'I bought this top as it matches my jeans .',
       'A relief pitcher took over in the top of the fifth .'],
      dtype='<U190'), array(['open', 'Vermont will open elk hunting season next week .',
       'An opportunity opened up .'], dtype='<U190'), array(['air', 'The flock of birds took to the air .',
       'There was a tension in the air which made me suspect an approaching storm .'],
      dtype='<U190'), array(['rack', "Rack one 's brains .", 'Rack a camera .'], dtype='<U190'), array(['play', 'Play sports .', 'Play cards .'], dtype='<U190')] ['False', 'False', 'True', 'False', 'True']
prediction: True
286 140 66 212
round: 772, dev_data: ('truncation', 'It is an obvious truncation of the verse .', 'They were sentenced to a truncation of their limbs .'), dev_label: True
[array(['survey',
       'Under his proud survey the city lies . -Sir John Denham .',
       'His survey of the battlefield was limited .'], dtype='<U190'), array(['pull', 'Pull your knees towards your chin .',
       'Pull the handle towards you .'], dtype='<U190'), array(['head', 'Under the head of minor Roman poets .',
       'They tracked him back toward the head of the stream .'],
      dtype='<U190'), array(['compass', 'Within the compass of an encircling wall .',
       'Within the compass of education .'], dtype='<U190'), array(['cover', 'The cover concealed their guns from enemy aircraft .',
       'The fox was flushed from its cover .'], dtype='<U190')] ['True', 'True', 'False', 'True', 'False']
prediction: False
286 140 67 212
round: 773, dev_data: ('analyze', 'Analyze a sonnet by Shakespeare .', 'The inspector analyzed the building .'), dev_label: True
[array(['marriage', 'A long and happy marriage .',
       'Their marriage was conducted in the chapel .'], dtype='<U190'), array(['baby', 'Baby rabbits .', 'When is your baby due ?'], dtype='<U190'), array(['set', 'Set these words in italics .', 'Set the tray down .'],
      dtype='<U190'), array(['truck', 'Truck fresh vegetables across the mountains .',
       "Amanda trucked the package to her mother 's house from Philadelphia ."],
      dtype='<U190'), array(['ping', 'Ping your machine in the office .',
       'The bugs pinged the lamp shade .'], dtype='<U190')] ['False', 'True', 'False', 'True', 'False']
prediction: True
287 140 67 212
round: 774, dev_data: ('remainder', '17 leaves a remainder of 2 when divided by 3 .', '11 divided by 2 is 5 remainder 1 .'), dev_label: True
[array(['give', 'Give homage .', 'She gave herself to many men .'],
      dtype='<U190'), array(['face',
       'I wish I had seen the look on his face when he got the news .',
       'He looked out at a roomful of faces .'], dtype='<U190'), array(['spring',
       'You can visit me in the spring , when the weather is bearable .',
       'Spring is the time of the year most species reproduce .'],
      dtype='<U190'), array(['call',
       "He heard the phone ringing but did n't want to take the call .",
       'I received several phone calls today .'], dtype='<U190'), array(['pull', 'Pull the string gently .',
       'Pull the handle towards you .'], dtype='<U190')] ['False', 'False', 'True', 'True', 'True']
prediction: True
288 140 67 212
round: 775, dev_data: ('experiment', 'Students experiment sexually .', 'The composer experimented with a new style .'), dev_label: True
[array(['dialect', 'The immigrants spoke an odd dialect of English .',
       'Dialects found in both Hangzhou and Shanghai belong to the Wu topolect .'],
      dtype='<U190'), array(['work', 'How does your idea work in practice ?',
       "The voting process does n't work as well as people thought ."],
      dtype='<U190'), array(['cover',
       'When the pot comes to a boil , cover it and reduce the heat to medium .',
       'The course covered all of Western Civilization .'], dtype='<U190'), array(['apply', 'Apply for a job .',
       'He applied for a leave of absence .'], dtype='<U190'), array(['development', 'What a revolting development !',
       'Recent developments in Iraq .'], dtype='<U190')] ['True', 'True', 'False', 'True', 'True']
prediction: False
288 140 68 212
round: 776, dev_data: ('wrench', 'Wrench a window off its hinges .', "Wrench one 's ankle ."), dev_label: False
[array(['bite', 'The bite of satire .',
       "I 'll have a quick bite to quiet my stomach until dinner ."],
      dtype='<U190'), array(['shift',
       "We 'll have to shift these boxes to the downtown office .",
       "Shift one 's attention ."], dtype='<U190'), array(['treat', 'She was tempted to treat the whole affair as a joke .',
       'I treated his advances as a joke .'], dtype='<U190'), array(['focus', 'Please focus on your studies and not on your hobbies .',
       'We focused on reading the book .'], dtype='<U190'), array(['cut', 'The football player cut to his left to evade a tackle .',
       'Cut a ticket .'], dtype='<U190')] ['False', 'True', 'True', 'True', 'False']
prediction: True
288 141 68 212
round: 777, dev_data: ('tenderness', 'He noted her extreme tenderness when he touched the bruise on her thigh .', 'The best results are generally obtained by inserting the needle into the point of maximum tenderness .'), dev_label: True
[array(['finish',
       'When the finish is too thin it is difficult to apply evenly .',
       "The car 's finish was so shiny and new ."], dtype='<U190'), array(['face', 'An angry face .',
       'Put a big sign on each face of the building that can be seen from the road .'],
      dtype='<U190'), array(['confidence', 'I have confidence in our team .',
       'Everyone trusted him with their confidences .'], dtype='<U190'), array(['tolerate',
       "I like the way he plays the guitar , but I ca n't tolerate his voice when he sings .",
       'He learned to tolerate the heat .'], dtype='<U190'), array(['corner', 'Standing on the corner watching all the girls go by .',
       'In many corners of the world they still practice slavery .'],
      dtype='<U190')] ['True', 'False', 'False', 'True', 'False']
prediction: True
289 141 68 212
round: 778, dev_data: ('honour', 'She swore on her honour .', 'His honour is at stake .'), dev_label: True
[array(['breath', 'He was fighting to his last breath .',
       'He took a deep breath and dived into the pool .'], dtype='<U190'), array(['appointment',
       'The appointment had to be approved by the whole committee .',
       'He erred by the appointment of unsuitable men .'], dtype='<U190'), array(['piece', 'It is not known who created this piece .',
       'I need to rest for a piece .'], dtype='<U190'), array(['accent', 'The name Cézanne is written with an acute accent .',
       'The room was decorated in shades of grey with distinctive red accents .'],
      dtype='<U190'), array(['top', 'Top the evening with champagne .',
       'Top and tail the carrots .'], dtype='<U190')] ['True', 'True', 'False', 'False', 'False']
prediction: True
290 141 68 212
round: 779, dev_data: ('lash', 'And big waves lash the frighted shores . — John Dryden .', 'The whale lashes the sea with its tail .'), dev_label: True
[array(['cover', "The grant does n't cover my salary .",
       'The second officer covered the top floor .'], dtype='<U190'), array(['run', 'I will run the sample .',
       "Do n't run that software unless you have permission . ' ."],
      dtype='<U190'), array(['pocket', 'The trapped miners found a pocket of air .',
       'The battle was won except for cleaning up pockets of resistance .'],
      dtype='<U190'), array(['shower', 'You should shower after vigorous exercise .',
       'He showered her with presents .'], dtype='<U190'), array(['life', 'City life .', 'Get a life .'], dtype='<U190')] ['False', 'True', 'False', 'False', 'True']
prediction: True
291 141 68 212
round: 780, dev_data: ('origin', 'Jupiter was the origin of the radiation .', 'He comes from good origins .'), dev_label: False
[array(['chain', 'A chain of ideas , one leading to the next .',
       'The third link of the silver chain needs to be resoldered .'],
      dtype='<U190'), array(['come', 'Come into contact with a terrorist group .',
       'Your wish will come true .'], dtype='<U190'), array(['life',
       'He wanted to live his own life without interference from others .',
       "She 's my love , my life ."], dtype='<U190'), array(['apology', 'He wrote a letter of apology to the hostess .',
       'The CEO made a public apology for the scandal , and promised full cooperation with the authorities .'],
      dtype='<U190'), array(['pop', 'Pop the pizza into the microwave oven .',
       'The man charged with murder popped a valium to calm his nerves .'],
      dtype='<U190')] ['True', 'True', 'False', 'True', 'False']
prediction: True
291 142 68 212
round: 781, dev_data: ('constitutionalize', 'A good way of exercising is to constitutionalize .', "A woman 's right to an abortion was constitutionalized in the 1970 's ."), dev_label: False
[array(['language', 'He uttered harsh language .', 'Sign language .'],
      dtype='<U190'), array(['admit', 'To admit evidence in the trial of a cause .',
       'We can not admit non-members into our club building .'],
      dtype='<U190'), array(['cut', 'The coach cut two players from the team .', 'Wayne cut .'],
      dtype='<U190'), array(['note', 'There was a note of gaiety in her manner .',
       'His notes were appended at the end of the article .'],
      dtype='<U190'), array(['break', 'This play will either make or break the playwright .',
       'The figurine broke .'], dtype='<U190')] ['True', 'True', 'False', 'False', 'False']
prediction: False
291 142 68 213
round: 782, dev_data: ('run', 'Run a subject .', 'Run a process .'), dev_label: True
[array(['stick', 'The policy so far is all stick and no carrot .',
       'The recipe calls for half a stick of butter .'], dtype='<U190'), array(['trace', 'Trace your path .',
       'Trace the outline of a figure in the sand .'], dtype='<U190'), array(['live', "He 's not expected to live for more than a few months .",
       'My grandfather lived until the end of war .'], dtype='<U190'), array(['furniture', 'A chair is furniture . Sofas are also furniture .',
       'The woman does not even have one stick of furniture moved in yet .'],
      dtype='<U190'), array(['line', 'Drop me a line when you get there .',
       "They attacked the enemy 's line ."], dtype='<U190')] ['False', 'False', 'True', 'True', 'False']
prediction: True
292 142 68 213
round: 783, dev_data: ('start', 'Who will start ?', 'I start at eight in the morning .'), dev_label: False
[array(['convention', 'Political convention .',
       'The EU installed an inter-institutional Convention to draft a European constitution .'],
      dtype='<U190'), array(['text',
       "They handed out the printed text of the mayor 's speech .",
       'There were more than a thousand words of text .'], dtype='<U190'), array(['grain', 'There was a grain of truth in what he said .',
       'We stored a thousand tons of grain for the winter .'],
      dtype='<U190'), array(['start', 'We simply could not start the engine .',
       'The rain started at 9:00 .'], dtype='<U190'), array(['time', 'We had a wonderful time at the party .',
       'The judge leniently granted a sentence with no hard time .'],
      dtype='<U190')] ['True', 'True', 'False', 'False', 'False']
prediction: True
292 143 68 213
round: 784, dev_data: ('warrant', 'I warrant this information .', 'The dealer warrants all the cars he sells .'), dev_label: True
[array(['set',
       "The subjects ' set led them to solve problems the familiar way and to overlook the simpler solution .",
       'His instructions deliberately gave them the wrong set .'],
      dtype='<U190'), array(['orbit', 'Electrons orbit the nucleus .',
       'The moon orbits around the Earth .'], dtype='<U190'), array(['pay', 'It will pay to wait .', 'To pay attention .'],
      dtype='<U190'), array(['play', 'It was all done in play .',
       'Rain stopped play in the 4th inning .'], dtype='<U190'), array(['normalize', 'Normalize relations with China .',
       'Normalize the temperature .'], dtype='<U190')] ['True', 'True', 'False', 'False', 'True']
prediction: True
293 143 68 213
round: 785, dev_data: ('enjoy', 'I plan to go travelling while I still enjoy good health .', 'Enjoy privileges .'), dev_label: True
[array(['way', 'If I had my way .', 'A lonely way of life .'],
      dtype='<U190'), array(['exhaust', "Exhaust one 's savings .",
       'This kind of work exhausts me .'], dtype='<U190'), array(['carry', 'He can not carry a tune .',
       'Amanda carried the package to New York .'], dtype='<U190'), array(['lift', 'Lift the box onto the table .', 'I lifted the books .'],
      dtype='<U190'), array(['line', "He has a smooth line but I did n't fall for it .",
       'A dedicated line .'], dtype='<U190')] ['False', 'False', 'False', 'True', 'False']
prediction: False
293 143 69 213
round: 786, dev_data: ('dig', 'Dig a hole .', 'My seven-year-old son always digs a hole in the middle of his mashed potatoes and fills it with gravy before he starts to eat them .'), dev_label: True
[array(['performance', 'They admired his performance under stress .',
       'They listened to ten different performances .'], dtype='<U190'), array(['sign', 'Those clouds show little sign of raining soon .',
       'They welcomed the signs of spring .'], dtype='<U190'), array(['flight', "The flight to Paris leaves at 7 o'clock tonight .",
       'Where is the departure gate for flight 747 ? / Go straight down and to the right .'],
      dtype='<U190'), array(['coverage',
       'The enemy fire is increasing – can we get some immediate coverage from those bunkers ?',
       'There are overlapping coverages on your insurance policies .'],
      dtype='<U190'), array(['make', 'How much do you make a month in your new job ?',
       'You have to spend money to make money !'], dtype='<U190')] ['False', 'True', 'True', 'True', 'True']
prediction: True
294 143 69 213
round: 787, dev_data: ('pop', 'Listen to the pop of a champagne cork .', 'Pop music , despite its commercial focus , includes many artistic gems .'), dev_label: False
[array(['trade', 'They are accused of conspiring to constrain trade .',
       'They rode the trade winds going west .'], dtype='<U190'), array(['stuff',
       "You do n't have the stuff to be a United States Marine .",
       'The trunk was full of stuff .'], dtype='<U190'), array(['back', 'Which horse are you backing in this race ?',
       'Back this enterprise .'], dtype='<U190'), array(['lightning', 'That tree was hit by lightning .',
       'The lightning was hot enough to melt the sand .'], dtype='<U190'), array(['development',
       'In chess your should take care of your development before moving your queen .',
       'After he saw the latest development he changed his mind and became a supporter .'],
      dtype='<U190')] ['False', 'False', 'True', 'True', 'True']
prediction: False
294 143 69 214
round: 788, dev_data: ('spin', 'He put some spin on the cue ball .', 'He gave the crank a spin .'), dev_label: False
[array(['back', 'The back of the dental chair was adjustable .',
       'He stood at the back of the stage .'], dtype='<U190'), array(['background', 'He is a lawyer with a sports background .',
       'The lawyer had a background in computer science .'], dtype='<U190'), array(['use', "He does n't know how to use a computer .",
       'Use this knife to slice the bread .'], dtype='<U190'), array(['cut', 'Would you please cut the cake ?', 'Cut a hole .'],
      dtype='<U190'), array(['shake', "I could n't shake the car that was following me .",
       'The bad news shook her hopes .'], dtype='<U190')] ['False', 'True', 'True', 'False', 'False']
prediction: True
294 144 69 214
round: 789, dev_data: ('ribbon', 'A steel or magnesium ribbon .', 'Sails torn to ribbons .'), dev_label: True
[array(['gob', 'He ′s always stuffing his gob with fast food .',
       "She 's got such a gob on her – she′s always gossiping about someone or other ."],
      dtype='<U190'), array(['control',
       'The control condition was inappropriate for the conclusions he wished to draw .',
       'I turned the controls over to her .'], dtype='<U190'), array(['cut', 'Cut a Ping-Pong ball .', 'Cut paper dolls .'],
      dtype='<U190'), array(['shed', 'Shed your clothes .',
       'He shed his image as a pushy boss .'], dtype='<U190'), array(['beat', "Beat one 's breast .",
       'The eagle beat its wings and soared high into the sky .'],
      dtype='<U190')] ['True', 'False', 'False', 'True', 'False']
prediction: True
295 144 69 214
round: 790, dev_data: ('tick', 'Indicate that you are willing to receive marketing material by putting a tick in the box .', 'He counted the ticks of the clock .'), dev_label: False
[array(['mean', 'You never understand what I mean !',
       'Happiness means everything .'], dtype='<U190'), array(['unit', 'Change per unit volume .',
       'The dollar is the United States unit of currency .'],
      dtype='<U190'), array(['smile', 'He always puts a smile on my face .',
       "She 's got a perfect smile ."], dtype='<U190'), array(['end', 'He came to a bad end .', 'No one wanted to play end .'],
      dtype='<U190'), array(['order', 'Order ruled in the streets .', 'Law and order .'],
      dtype='<U190')] ['False', 'True', 'True', 'False', 'True']
prediction: False
295 144 69 215




